            --------------------------------------------------------
                             AMBER SQM VERSION 19
 
                                     By
              Ross C. Walker, Michael F. Crowley, Scott Brozell,
                         Tim Giese, Andreas W. Goetz,
                        Tai-Sung Lee and David A. Case
 
            --------------------------------------------------------
 

--------------------------------------------------------------------------------
  QM CALCULATION INFO
--------------------------------------------------------------------------------

| QMMM: Citation for AMBER QMMM Run:
| QMMM: R.C. Walker, M.F. Crowley and D.A. Case, J. COMP. CHEM. 29:1019, 2008

QMMM: SINGLET STATE CALCULATION
QMMM: RHF CALCULATION, NO. OF DOUBLY OCCUPIED LEVELS = 21

| QMMM: *** Selected Hamiltonian *** 
| QMMM: AM1         

| QMMM: *** Parameter sets in use ***
| QMMM: S : M.J.S.DEWAR et al. INORG. CHEM., 29, 3881, (1990)
| QMMM: O : M.J.S.DEWAR et al. JACS, 107, 3902, (1985)
| QMMM: N : M.J.S.DEWAR et al. JACS, 107, 3902, (1985)
| QMMM: C : M.J.S.DEWAR et al. JACS, 107, 3902, (1985)
| QMMM: H : M.J.S.DEWAR et al. JACS, 107, 3902, (1985)

| QMMM: *** SCF convergence criteria ***
| QMMM: Energy change                :  0.1D-09 kcal/mol
| QMMM: Error matrix |FP-PF|         :  0.1D+00 au
| QMMM: Density matrix change        :  0.5D-06
| QMMM: Maximum number of SCF cycles :     1000

| QMMM: *** Diagonalization Routine Information ***
| QMMM: Pseudo diagonalizations are allowed.
| QMMM: Auto diagonalization routine selection is in use.
| QMMM:
| QMMM: Timing diagonalization routines:
| QMMM:                              norbs =       35
| QMMM:    diag iterations used for timing =       20
| QMMM:
| QMMM:              Internal diag routine = 0.003631 seconds
| QMMM:                 Dspev diag routine = 0.004808 seconds
| QMMM:                Dspevd diag routine = 0.004078 seconds
| QMMM:                Dspevx diag routine = 0.016079 seconds
| QMMM:                 Dsyev diag routine = 0.004202 seconds
| QMMM:                Dsyevd diag routine = 0.003707 seconds
| QMMM:                Dsyevr diag routine = 0.004598 seconds
| QMMM:
| QMMM:                Pseudo diag routine = 0.000754 seconds
| QMMM:
| QMMM: Using internal diagonalization routine (diag_routine=1).

  QMMM: QM Region Cartesian Coordinates (*=link atom) 
  QMMM: QM_NO.   MM_NO.  ATOM         X         Y         Z
  QMMM:     1        1      S        2.2270    1.1230    0.0440
  QMMM:     2        2      O       -1.3650    1.1720    0.9120
  QMMM:     3        3      O       -1.1770    0.4960   -1.2450
  QMMM:     4        4      N       -0.4350   -1.9830    0.1590
  QMMM:     5        5      C        0.1260   -0.6590    0.4340
  QMMM:     6        6      C        1.4920   -0.5190   -0.2400
  QMMM:     7        7      C       -0.8690    0.3720   -0.0650
  QMMM:     8        8      H        0.2370   -0.5510    1.5200
  QMMM:     9        9      H        2.1890   -1.2700    0.1480
  QMMM:    10       10      H        1.4160   -0.6630   -1.3230
  QMMM:    11       11      H       -1.2940   -2.1080    0.6950
  QMMM:    12       12      H        0.2090   -2.7020    0.4860
  QMMM:    13       13      H        1.3390    1.8240   -0.6760
  QMMM:    14       14      H       -1.9920    1.8370    0.5570

--------------------------------------------------------------------------------
  RESULTS
--------------------------------------------------------------------------------

      iter         sqm energy              rms gradient
      ----    -------------------    -----------------------
xmin    10      -91.6957 kcal/mol        1.1157 kcal/(mol*A)
xmin    20      -92.9956 kcal/mol        0.9785 kcal/(mol*A)
xmin    30      -93.4177 kcal/mol        0.9746 kcal/(mol*A)
xmin    40      -93.6379 kcal/mol        0.3091 kcal/(mol*A)
xmin    50      -93.8416 kcal/mol        0.1825 kcal/(mol*A)
xmin    60      -93.9455 kcal/mol        0.4216 kcal/(mol*A)
xmin    70      -93.9676 kcal/mol        0.0745 kcal/(mol*A)
xmin    80      -93.9713 kcal/mol        0.0636 kcal/(mol*A)
xmin    90      -93.9742 kcal/mol        0.0352 kcal/(mol*A)
xmin   100      -93.9755 kcal/mol        0.0717 kcal/(mol*A)
xmin   110      -93.9760 kcal/mol        0.0117 kcal/(mol*A)
xmin   120      -93.9761 kcal/mol        0.0130 kcal/(mol*A)
xmin   130      -93.9761 kcal/mol        0.0074 kcal/(mol*A)
xmin   140      -93.9762 kcal/mol        0.0058 kcal/(mol*A)
xmin   150      -93.9762 kcal/mol        0.0019 kcal/(mol*A)
xmin   160      -93.9762 kcal/mol        0.0010 kcal/(mol*A)
  ... geometry converged !
 
 Final MO eigenvalues (eV):
 -41.1280  -37.0445  -36.8188  -30.8635  -26.3827  -21.7079  -19.2234  -19.0548
 -18.1602  -17.2692  -16.7777  -15.7972  -15.1380  -14.3326  -14.0359  -13.3457
 -12.6837  -11.9876  -11.4915  -10.4520   -9.2097    0.6160    0.7517    1.6555
   1.7776    2.9583    3.0707    3.3034    3.7490    4.0354    4.2034    4.9505
   5.3367    5.7152    6.3281

 Heat of formation   =        -93.97617113 kcal/mol  (       -4.07511258 eV)

 Total SCF energy    =     -35136.37139430 kcal/mol  (    -1523.62739666 eV)
 Electronic energy   =    -132393.45402644 kcal/mol  (    -5741.01097205 eV)
 Core-core repulsion =      97257.08263214 kcal/mol  (     4217.38357539 eV)
 
    Atomic Charges for Step       1 :
  Atom    Element       Mulliken Charge
     1      S                 -0.024
     2      O                 -0.316
     3      O                 -0.361
     4      N                 -0.343
     5      C                 -0.011
     6      C                 -0.260
     7      C                  0.308
     8      H                  0.103
     9      H                  0.132
    10      H                  0.135
    11      H                  0.170
    12      H                  0.161
    13      H                  0.056
    14      H                  0.249
 Total Mulliken Charge =      -0.000
 
                  X        Y        Z     TOTAL  
  QM DIPOLE    -0.927   -0.975    1.859    2.295
 
 Final Structure

  QMMM: QM Region Cartesian Coordinates (*=link atom) 
  QMMM: QM_NO.   MM_NO.  ATOM         X         Y         Z
  QMMM:     1        1      S        2.4750    0.8266   -0.2258
  QMMM:     2        2      O       -1.9479    0.5187    0.7299
  QMMM:     3        3      O       -0.7814    1.1702   -1.0355
  QMMM:     4        4      N       -0.3779   -1.8741    0.6190
  QMMM:     5        5      C        0.2049   -0.5510    0.4716
  QMMM:     6        6      C        1.4125   -0.5596   -0.4728
  QMMM:     7        7      C       -0.8353    0.4323   -0.0495
  QMMM:     8        8      H        0.5467   -0.1180    1.4672
  QMMM:     9        9      H        2.0581   -1.4517   -0.2704
  QMMM:    10       10      H        1.0618   -0.6165   -1.5319
  QMMM:    11       11      H       -1.2033   -1.8306    1.1842
  QMMM:    12       12      H        0.2883   -2.4987    1.0265
  QMMM:    13       13      H        1.7706    1.7617   -0.8517
  QMMM:    14       14      H       -2.5691    1.1597    0.3452

           --------- Calculation Completed ----------

