            --------------------------------------------------------
                             AMBER SQM VERSION 19
 
                                     By
              Ross C. Walker, Michael F. Crowley, Scott Brozell,
                         Tim Giese, Andreas W. Goetz,
                        Tai-Sung Lee and David A. Case
 
            --------------------------------------------------------
 

--------------------------------------------------------------------------------
  QM CALCULATION INFO
--------------------------------------------------------------------------------

| QMMM: Citation for AMBER QMMM Run:
| QMMM: R.C. Walker, M.F. Crowley and D.A. Case, J. COMP. CHEM. 29:1019, 2008

QMMM: SINGLET STATE CALCULATION
QMMM: RHF CALCULATION, NO. OF DOUBLY OCCUPIED LEVELS = 34

| QMMM: *** Selected Hamiltonian *** 
| QMMM: AM1         

| QMMM: *** Parameter sets in use ***
| QMMM: O : M.J.S.DEWAR et al. JACS, 107, 3902, (1985)
| QMMM: N : M.J.S.DEWAR et al. JACS, 107, 3902, (1985)
| QMMM: C : M.J.S.DEWAR et al. JACS, 107, 3902, (1985)
| QMMM: H : M.J.S.DEWAR et al. JACS, 107, 3902, (1985)

| QMMM: *** SCF convergence criteria ***
| QMMM: Energy change                :  0.1D-09 kcal/mol
| QMMM: Error matrix |FP-PF|         :  0.1D+00 au
| QMMM: Density matrix change        :  0.5D-06
| QMMM: Maximum number of SCF cycles :     1000

| QMMM: *** Diagonalization Routine Information ***
| QMMM: Pseudo diagonalizations are allowed.
| QMMM: Auto diagonalization routine selection is in use.
| QMMM:
| QMMM: Timing diagonalization routines:
| QMMM:                              norbs =       60
| QMMM:    diag iterations used for timing =       15
| QMMM:
| QMMM:              Internal diag routine = 0.010640 seconds
| QMMM:                 Dspev diag routine = 0.012416 seconds
| QMMM:                Dspevd diag routine = 0.007481 seconds
| QMMM:                Dspevx diag routine = 0.033914 seconds
| QMMM:                 Dsyev diag routine = 0.009928 seconds
| QMMM:                Dsyevd diag routine = 0.004499 seconds
| QMMM:                Dsyevr diag routine = 0.006505 seconds
| QMMM:
| QMMM:                Pseudo diag routine = 0.002394 seconds
| QMMM:
| QMMM: Using dsyevd routine (diag_routine=6).

  QMMM: QM Region Cartesian Coordinates (*=link atom) 
  QMMM: QM_NO.   MM_NO.  ATOM         X         Y         Z
  QMMM:     1        1      O       -0.4590    2.7180    0.0000
  QMMM:     2        2      O       -2.4700   -1.5250   -0.0000
  QMMM:     3        3      N       -0.1460   -1.4090    0.0000
  QMMM:     4        4      N       -1.4930    0.6040   -0.0000
  QMMM:     5        5      N        2.1380    1.2470   -0.0000
  QMMM:     6        6      N        2.2770   -0.9780    0.0000
  QMMM:     7        7      C        0.9680   -0.5800   -0.0000
  QMMM:     8        8      C        0.8540    0.7840   -0.0010
  QMMM:     9        9      C       -0.3850    1.4930   -0.0010
  QMMM:    10       10      C       -1.4420   -0.8370   -0.0000
  QMMM:    11       11      C        0.0270   -2.8570    0.0000
  QMMM:    12       12      C       -2.8290    1.1900    0.0010
  QMMM:    13       13      C        2.9590    0.1490    0.0010
  QMMM:    14       14      H        2.4320    2.2150    0.0000
  QMMM:    15       15      H        0.5850   -3.1480   -0.8950
  QMMM:    16       16      H       -0.9350   -3.3750    0.0010
  QMMM:    17       17      H        0.5850   -3.1480    0.8950
  QMMM:    18       18      H       -2.8040    2.2830    0.0010
  QMMM:    19       19      H       -3.3650    0.8410    0.8890
  QMMM:    20       20      H       -3.3670    0.8410   -0.8860
  QMMM:    21       21      H        4.0360    0.2410    0.0010

--------------------------------------------------------------------------------
  RESULTS
--------------------------------------------------------------------------------

      iter         sqm energy              rms gradient
      ----    -------------------    -----------------------
xmin    10        4.2875 kcal/mol        0.1657 kcal/(mol*A)
xmin    20        4.2828 kcal/mol        0.0425 kcal/(mol*A)
xmin    30        4.2828 kcal/mol        0.0014 kcal/(mol*A)
  ... geometry converged !
 
 Final MO eigenvalues (eV):
 -42.3682  -40.4644  -39.1192  -36.8449  -35.6757  -33.2960  -31.0277  -28.0207
 -27.4567  -24.3268  -23.9430  -22.6493  -20.7184  -19.3048  -18.4040  -17.5587
 -17.1314  -16.8024  -16.2011  -15.7550  -15.5564  -15.2493  -15.1020  -14.1027
 -13.6554  -13.3402  -13.1817  -12.4820  -12.0171  -11.7506  -11.3745  -10.8994
 -10.4995   -9.0818   -0.3812    0.3588    0.7076    1.0474    1.2980    1.6984
   2.0839    2.7148    3.0799    3.3245    3.7152    3.9870    4.1273    4.1309
   4.2237    4.2327    4.4043    4.4209    4.5854    4.9279    5.1711    5.5796
   5.8041    6.0511    6.2701    6.7659

 Heat of formation   =          4.28275246 kcal/mol  (        0.18571408 eV)

 Total SCF energy    =     -57035.35835669 kcal/mol  (    -2473.23873018 eV)
 Electronic energy   =    -291884.98535714 kcal/mol  (   -12657.08275258 eV)
 Core-core repulsion =     234849.62700045 kcal/mol  (    10183.84402239 eV)
 
    Atomic Charges for Step       1 :
  Atom    Element       Mulliken Charge
     1      O                 -0.349
     2      O                 -0.360
     3      N                 -0.233
     4      N                 -0.313
     5      N                 -0.153
     6      N                 -0.158
     7      C                  0.079
     8      C                 -0.243
     9      C                  0.399
    10      C                  0.405
    11      C                 -0.065
    12      C                 -0.075
    13      C                 -0.040
    14      H                  0.278
    15      H                  0.093
    16      H                  0.124
    17      H                  0.093
    18      H                  0.121
    19      H                  0.094
    20      H                  0.094
    21      H                  0.209
 Total Mulliken Charge =      -0.000
 
                  X        Y        Z     TOTAL  
  QM DIPOLE     3.173    0.757   -0.001    3.262
 
 Final Structure

  QMMM: QM Region Cartesian Coordinates (*=link atom) 
  QMMM: QM_NO.   MM_NO.  ATOM         X         Y         Z
  QMMM:     1        1      O       -0.5287    2.7214   -0.0003
  QMMM:     2        2      O       -2.4402   -1.4948    0.0014
  QMMM:     3        3      N       -0.1338   -1.4296    0.0001
  QMMM:     4        4      N       -1.5079    0.6184    0.0005
  QMMM:     5        5      N        2.1855    1.2954   -0.0009
  QMMM:     6        6      N        2.3549   -0.9969   -0.0005
  QMMM:     7        7      C        0.9985   -0.6303   -0.0002
  QMMM:     8        8      C        0.8830    0.7968   -0.0004
  QMMM:     9        9      C       -0.3948    1.4846   -0.0001
  QMMM:    10       10      C       -1.4022   -0.7976    0.0008
  QMMM:    11       11      C       -0.0210   -2.8643    0.0010
  QMMM:    12       12      C       -2.8470    1.1604    0.0010
  QMMM:    13       13      C        3.0259    0.1877   -0.0010
  QMMM:    14       14      H        2.4267    2.2529   -0.0012
  QMMM:    15       15      H        0.5430   -3.1959   -0.9116
  QMMM:    16       16      H       -1.0451   -3.3245   -0.0013
  QMMM:    17       17      H        0.5385   -3.1952    0.9167
  QMMM:    18       18      H       -2.7971    2.2812    0.0010
  QMMM:    19       19      H       -3.3959    0.8029    0.9128
  QMMM:    20       20      H       -3.3965    0.8029   -0.9104
  QMMM:    21       21      H        4.1201    0.2735   -0.0013

           --------- Calculation Completed ----------

