            --------------------------------------------------------
                             AMBER SQM VERSION 19
 
                                     By
              Ross C. Walker, Michael F. Crowley, Scott Brozell,
                         Tim Giese, Andreas W. Goetz,
                        Tai-Sung Lee and David A. Case
 
            --------------------------------------------------------
 

--------------------------------------------------------------------------------
  QM CALCULATION INFO
--------------------------------------------------------------------------------

| QMMM: Citation for AMBER QMMM Run:
| QMMM: R.C. Walker, M.F. Crowley and D.A. Case, J. COMP. CHEM. 29:1019, 2008

QMMM: SINGLET STATE CALCULATION
QMMM: RHF CALCULATION, NO. OF DOUBLY OCCUPIED LEVELS = 47

| QMMM: *** Selected Hamiltonian *** 
| QMMM: AM1         

| QMMM: *** Parameter sets in use ***
| QMMM: O : M.J.S.DEWAR et al. JACS, 107, 3902, (1985)
| QMMM: N : M.J.S.DEWAR et al. JACS, 107, 3902, (1985)
| QMMM: C : M.J.S.DEWAR et al. JACS, 107, 3902, (1985)
| QMMM: H : M.J.S.DEWAR et al. JACS, 107, 3902, (1985)

| QMMM: *** SCF convergence criteria ***
| QMMM: Energy change                :  0.1D-09 kcal/mol
| QMMM: Error matrix |FP-PF|         :  0.1D+00 au
| QMMM: Density matrix change        :  0.5D-06
| QMMM: Maximum number of SCF cycles :     1000

| QMMM: *** Diagonalization Routine Information ***
| QMMM: Pseudo diagonalizations are allowed.
| QMMM: Auto diagonalization routine selection is in use.
| QMMM:
| QMMM: Timing diagonalization routines:
| QMMM:                              norbs =       82
| QMMM:    diag iterations used for timing =       15
| QMMM:
| QMMM:              Internal diag routine = 0.023204 seconds
| QMMM:                 Dspev diag routine = 0.022492 seconds
| QMMM:                Dspevd diag routine = 0.013093 seconds
| QMMM:                Dspevx diag routine = 0.062721 seconds
| QMMM:                 Dsyev diag routine = 0.022373 seconds
| QMMM:                Dsyevd diag routine = 0.012587 seconds
| QMMM:                Dsyevr diag routine = 0.015432 seconds
| QMMM:
| QMMM:                Pseudo diag routine = 0.008432 seconds
| QMMM:
| QMMM: Using dsyevd routine (diag_routine=6).

  QMMM: QM Region Cartesian Coordinates (*=link atom) 
  QMMM: QM_NO.   MM_NO.  ATOM         X         Y         Z
  QMMM:     1        1      O        1.6020   -0.1760   -0.9950
  QMMM:     2        2      O        3.8150    1.6190    0.1250
  QMMM:     3        3      O        2.3210   -2.8550   -0.6010
  QMMM:     4        4      O       -1.1690    2.8170   -0.3790
  QMMM:     5        5      O       -4.3540   -0.4440    0.2280
  QMMM:     6        6      N       -0.4500    0.6040   -0.1850
  QMMM:     7        7      N       -2.7470    1.1810   -0.0750
  QMMM:     8        8      C        3.0350    0.5910    0.7310
  QMMM:     9        9      C        0.9440    0.9090   -0.3250
  QMMM:    10       10      C        1.6420    1.1060    1.0110
  QMMM:    11       11      C        2.7930   -0.5330   -0.2670
  QMMM:    12       12      C        2.5460   -1.8780    0.4030
  QMMM:    13       13      C       -0.8230   -0.7220   -0.0080
  QMMM:    14       14      C       -1.4270    1.6210   -0.2250
  QMMM:    15       15      C       -2.0870   -1.1400    0.1350
  QMMM:    16       16      C       -3.1740   -0.1270    0.1030
  QMMM:    17       17      C       -2.4670   -2.5740    0.3250
  QMMM:    18       18      H        3.5640    0.2620    1.6310
  QMMM:    19       19      H        1.0680    1.8010   -0.9510
  QMMM:    20       20      H        1.1740    0.4980    1.7940
  QMMM:    21       21      H        1.6070    2.1520    1.3310
  QMMM:    22       22      H        3.6020   -0.6190   -1.0010
  QMMM:    23       23      H        1.6940   -1.8680    1.0870
  QMMM:    24       24      H        3.4320   -2.1780    0.9730
  QMMM:    25       25      H       -0.0420   -1.4640    0.0070
  QMMM:    26       26      H        3.8970    2.3410    0.7720
  QMMM:    27       27      H       -3.4680    1.8960   -0.1010
  QMMM:    28       28      H        2.1810   -3.7040   -0.1470
  QMMM:    29       29      H       -2.9920   -2.7070    1.2760
  QMMM:    30       30      H       -1.5920   -3.2320    0.3330
  QMMM:    31       31      H       -3.1240   -2.9050   -0.4850

--------------------------------------------------------------------------------
  RESULTS
--------------------------------------------------------------------------------

      iter         sqm energy              rms gradient
      ----    -------------------    -----------------------
xmin    10     -188.9628 kcal/mol        0.9332 kcal/(mol*A)
xmin    20     -189.8550 kcal/mol        0.5405 kcal/(mol*A)
xmin    30     -190.3653 kcal/mol        0.5471 kcal/(mol*A)
xmin    40     -190.6942 kcal/mol        0.1465 kcal/(mol*A)
xmin    50     -190.7286 kcal/mol        0.0691 kcal/(mol*A)
xmin    60     -190.7346 kcal/mol        0.0248 kcal/(mol*A)
xmin    70     -190.7351 kcal/mol        0.0211 kcal/(mol*A)
xmin    80     -190.7356 kcal/mol        0.0146 kcal/(mol*A)
xmin    90     -190.7366 kcal/mol        0.0070 kcal/(mol*A)
xmin   100     -190.7373 kcal/mol        0.0184 kcal/(mol*A)
xmin   110     -190.7375 kcal/mol        0.0096 kcal/(mol*A)
xmin   120     -190.7381 kcal/mol        0.0278 kcal/(mol*A)
xmin   130     -190.7385 kcal/mol        0.0184 kcal/(mol*A)
xmin   140     -190.7386 kcal/mol        0.0066 kcal/(mol*A)
xmin   150     -190.7386 kcal/mol        0.0033 kcal/(mol*A)
xmin   160     -190.7388 kcal/mol        0.0157 kcal/(mol*A)
xmin   170     -190.7389 kcal/mol        0.0021 kcal/(mol*A)
xmin   180     -190.7389 kcal/mol        0.0063 kcal/(mol*A)
xmin   190     -190.7389 kcal/mol        0.0010 kcal/(mol*A)
xmin   200     -190.7389 kcal/mol        0.0033 kcal/(mol*A)
xmin   210     -190.7389 kcal/mol        0.0024 kcal/(mol*A)
xmin   220     -190.7389 kcal/mol        0.0010 kcal/(mol*A)
xmin   230     -190.7389 kcal/mol        0.0015 kcal/(mol*A)
  ... geometry converged !
 
 Final MO eigenvalues (eV):
 -42.1536  -40.8792  -38.9216  -38.4428  -38.0274  -36.9714  -34.6925  -34.0011
 -32.4220  -31.1868  -27.6512  -26.2651  -25.1410  -24.3073  -22.7775  -22.4859
 -19.6585  -19.4758  -19.0157  -18.6095  -18.1332  -17.9165  -17.5922  -17.0424
 -16.4822  -16.3184  -15.8447  -15.8263  -15.1677  -14.9072  -14.5645  -14.4116
 -14.2661  -14.1268  -13.7727  -13.4145  -13.3792  -13.0373  -12.5495  -12.3607
 -11.9349  -11.7472  -11.5903  -11.4429  -11.1043  -11.0355   -9.3173   -0.0467
   0.5835    0.7280    1.7561    1.9819    2.1761    2.3887    2.7589    2.8846
   3.0408    3.1550    3.2707    3.3813    3.4695    3.5739    3.6265    3.6904
   3.8050    3.9961    4.0417    4.1750    4.2368    4.2897    4.5022    4.6511
   4.7806    4.8579    4.9833    5.1285    5.3904    5.6278    5.6912    6.0004
   6.3207    6.8395

 Heat of formation   =       -190.73895227 kcal/mol  (       -8.27106163 eV)

 Total SCF energy    =     -80476.87932551 kcal/mol  (    -3489.73935760 eV)
 Electronic energy   =    -479696.25972122 kcal/mol  (   -20801.19074287 eV)
 Core-core repulsion =     399219.38039571 kcal/mol  (    17311.45138527 eV)
 
    Atomic Charges for Step       1 :
  Atom    Element       Mulliken Charge
     1      O                 -0.248
     2      O                 -0.316
     3      O                 -0.317
     4      O                 -0.380
     5      O                 -0.336
     6      N                 -0.294
     7      N                 -0.364
     8      C                  0.004
     9      C                  0.169
    10      C                 -0.226
    11      C                  0.021
    12      C                 -0.044
    13      C                  0.041
    14      C                  0.395
    15      C                 -0.245
    16      C                  0.354
    17      C                 -0.150
    18      H                  0.091
    19      H                  0.141
    20      H                  0.128
    21      H                  0.124
    22      H                  0.154
    23      H                  0.070
    24      H                  0.079
    25      H                  0.201
    26      H                  0.210
    27      H                  0.265
    28      H                  0.204
    29      H                  0.090
    30      H                  0.079
    31      H                  0.098
 Total Mulliken Charge =       0.000
 
                  X        Y        Z     TOTAL  
  QM DIPOLE     3.742   -1.008    2.167    4.441
 
 Final Structure

  QMMM: QM Region Cartesian Coordinates (*=link atom) 
  QMMM: QM_NO.   MM_NO.  ATOM         X         Y         Z
  QMMM:     1        1      O        1.7395   -0.1649   -1.0900
  QMMM:     2        2      O        4.1332    1.2742    0.6523
  QMMM:     3        3      O        2.0960   -2.7735   -0.2816
  QMMM:     4        4      O       -1.0521    2.6170    0.2634
  QMMM:     5        5      O       -4.2072   -0.6696    0.7494
  QMMM:     6        6      N       -0.3925    0.4350   -0.2067
  QMMM:     7        7      N       -2.6383    0.9662    0.5257
  QMMM:     8        8      C        2.8464    0.7166    0.8508
  QMMM:     9        9      C        0.9216    0.9224   -0.6499
  QMMM:    10       10      C        1.7219    1.6719    0.4393
  QMMM:    11       11      C        2.7295   -0.4905   -0.1050
  QMMM:    12       12      C        2.3407   -1.7507    0.6674
  QMMM:    13       13      C       -0.7653   -0.8934   -0.3351
  QMMM:    14       14      C       -1.3496    1.4030    0.1934
  QMMM:    15       15      C       -2.0187   -1.3335   -0.0273
  QMMM:    16       16      C       -3.0402   -0.3804    0.4373
  QMMM:    17       17      C       -2.4209   -2.7485   -0.1443
  QMMM:    18       18      H        2.7391    0.4021    1.9244
  QMMM:    19       19      H        0.7533    1.5666   -1.5640
  QMMM:    20       20      H        1.0871    1.9663    1.3095
  QMMM:    21       21      H        2.1422    2.6064   -0.0113
  QMMM:    22       22      H        3.6740   -0.6602   -0.6914
  QMMM:    23       23      H        1.4098   -1.5746    1.2721
  QMMM:    24       24      H        3.1836   -2.0329    1.3526
  QMMM:    25       25      H        0.0296   -1.5812   -0.7016
  QMMM:    26       26      H        4.1758    2.0791    1.1833
  QMMM:    27       27      H       -3.2940    1.6619    0.8107
  QMMM:    28       28      H        2.0691   -3.6037    0.2092
  QMMM:    29       29      H       -2.6720   -3.1601    0.8660
  QMMM:    30       30      H       -1.6054   -3.3654   -0.5942
  QMMM:    31       31      H       -3.3354   -2.8336   -0.7844

           --------- Calculation Completed ----------

