            --------------------------------------------------------
                             AMBER SQM VERSION 19
 
                                     By
              Ross C. Walker, Michael F. Crowley, Scott Brozell,
                         Tim Giese, Andreas W. Goetz,
                        Tai-Sung Lee and David A. Case
 
            --------------------------------------------------------
 

--------------------------------------------------------------------------------
  QM CALCULATION INFO
--------------------------------------------------------------------------------

| QMMM: Citation for AMBER QMMM Run:
| QMMM: R.C. Walker, M.F. Crowley and D.A. Case, J. COMP. CHEM. 29:1019, 2008

QMMM: SINGLET STATE CALCULATION
QMMM: RHF CALCULATION, NO. OF DOUBLY OCCUPIED LEVELS = 27

| QMMM: *** Selected Hamiltonian *** 
| QMMM: AM1         

| QMMM: *** Parameter sets in use ***
| QMMM: O : M.J.S.DEWAR et al. JACS, 107, 3902, (1985)
| QMMM: N : M.J.S.DEWAR et al. JACS, 107, 3902, (1985)
| QMMM: C : M.J.S.DEWAR et al. JACS, 107, 3902, (1985)
| QMMM: H : M.J.S.DEWAR et al. JACS, 107, 3902, (1985)

| QMMM: *** SCF convergence criteria ***
| QMMM: Energy change                :  0.1D-09 kcal/mol
| QMMM: Error matrix |FP-PF|         :  0.1D+00 au
| QMMM: Density matrix change        :  0.5D-06
| QMMM: Maximum number of SCF cycles :     1000

| QMMM: *** Diagonalization Routine Information ***
| QMMM: Pseudo diagonalizations are allowed.
| QMMM: Auto diagonalization routine selection is in use.
| QMMM:
| QMMM: Timing diagonalization routines:
| QMMM:                              norbs =       49
| QMMM:    diag iterations used for timing =       20
| QMMM:
| QMMM:              Internal diag routine = 0.007576 seconds
| QMMM:                 Dspev diag routine = 0.009398 seconds
| QMMM:                Dspevd diag routine = 0.007153 seconds
| QMMM:                Dspevx diag routine = 0.029122 seconds
| QMMM:                 Dsyev diag routine = 0.008463 seconds
| QMMM:                Dsyevd diag routine = 0.006733 seconds
| QMMM:                Dsyevr diag routine = 0.007431 seconds
| QMMM:
| QMMM:                Pseudo diag routine = 0.001770 seconds
| QMMM:
| QMMM: Using dsyevd routine (diag_routine=6).

  QMMM: QM Region Cartesian Coordinates (*=link atom) 
  QMMM: QM_NO.   MM_NO.  ATOM         X         Y         Z
  QMMM:     1        1      O        1.1030   -1.2860    1.2670
  QMMM:     2        2      O        1.5540   -1.0510   -0.9430
  QMMM:     3        3      N        1.7310    1.7540    0.0120
  QMMM:     4        4      C       -1.8020    0.1910   -0.4090
  QMMM:     5        5      C       -0.5640    1.0790   -0.6490
  QMMM:     6        6      C        0.6250    0.8410    0.2950
  QMMM:     7        7      C       -2.3420    0.3180    1.0160
  QMMM:     8        8      C       -1.4510   -1.2720   -0.6980
  QMMM:     9        9      C        1.1460   -0.5750    0.1090
  QMMM:    10       10      H       -2.5820    0.5080   -1.1110
  QMMM:    11       11      H       -0.2440    0.9570   -1.6940
  QMMM:    12       12      H       -0.8800    2.1270   -0.5530
  QMMM:    13       13      H        0.3270    0.9880    1.3370
  QMMM:    14       14      H       -1.6490   -0.0800    1.7630
  QMMM:    15       15      H       -2.5450    1.3660    1.2610
  QMMM:    16       16      H       -3.2830   -0.2350    1.1150
  QMMM:    17       17      H       -0.8590   -1.3870   -1.6110
  QMMM:    18       18      H       -0.9910   -1.7960    0.1400
  QMMM:    19       19      H       -2.3870   -1.8170   -0.8820
  QMMM:    20       20      H        1.4150    2.7160    0.1370
  QMMM:    21       21      H        1.9990    1.6790   -0.9690
  QMMM:    22       22      H        1.4350   -2.2010    1.1460

--------------------------------------------------------------------------------
  RESULTS
--------------------------------------------------------------------------------

      iter         sqm energy              rms gradient
      ----    -------------------    -----------------------
xmin    10     -118.2568 kcal/mol        0.3949 kcal/(mol*A)
xmin    20     -118.4646 kcal/mol        1.0989 kcal/(mol*A)
xmin    30     -118.5590 kcal/mol        0.0776 kcal/(mol*A)
xmin    40     -118.5974 kcal/mol        0.1630 kcal/(mol*A)
xmin    50     -118.6034 kcal/mol        0.0423 kcal/(mol*A)
xmin    60     -118.6071 kcal/mol        0.0228 kcal/(mol*A)
xmin    70     -118.6078 kcal/mol        0.0475 kcal/(mol*A)
xmin    80     -118.6112 kcal/mol        0.0435 kcal/(mol*A)
xmin    90     -118.6156 kcal/mol        0.0196 kcal/(mol*A)
xmin   100     -118.6250 kcal/mol        0.1033 kcal/(mol*A)
xmin   110     -118.6373 kcal/mol        0.3895 kcal/(mol*A)
xmin   120     -118.6545 kcal/mol        0.3397 kcal/(mol*A)
xmin   130     -118.6659 kcal/mol        0.1561 kcal/(mol*A)
xmin   140     -118.6711 kcal/mol        0.1114 kcal/(mol*A)
xmin   150     -118.6856 kcal/mol        0.1606 kcal/(mol*A)
xmin   160     -118.6979 kcal/mol        0.1897 kcal/(mol*A)
xmin   170     -118.7110 kcal/mol        0.2005 kcal/(mol*A)
xmin   180     -118.7242 kcal/mol        0.1660 kcal/(mol*A)
xmin   190     -118.7364 kcal/mol        0.1122 kcal/(mol*A)
xmin   200     -118.7430 kcal/mol        0.0760 kcal/(mol*A)
xmin   210     -118.7163 kcal/mol        0.3671 kcal/(mol*A)
xmin   220     -118.7463 kcal/mol        0.2044 kcal/(mol*A)
xmin   230     -118.7522 kcal/mol        0.0577 kcal/(mol*A)
xmin   240     -118.7557 kcal/mol        0.0597 kcal/(mol*A)
xmin   250     -118.7570 kcal/mol        0.0360 kcal/(mol*A)
xmin   260     -118.7597 kcal/mol        0.0209 kcal/(mol*A)
xmin   270     -118.7608 kcal/mol        0.0600 kcal/(mol*A)
xmin   280     -118.7613 kcal/mol        0.0222 kcal/(mol*A)
xmin   290     -118.7618 kcal/mol        0.0246 kcal/(mol*A)
xmin   300     -118.7622 kcal/mol        0.0078 kcal/(mol*A)
xmin   310     -118.7625 kcal/mol        0.0167 kcal/(mol*A)
xmin   320     -118.7626 kcal/mol        0.0082 kcal/(mol*A)
xmin   330     -118.7627 kcal/mol        0.0093 kcal/(mol*A)
xmin   340     -118.7627 kcal/mol        0.0045 kcal/(mol*A)
xmin   350     -118.7627 kcal/mol        0.0021 kcal/(mol*A)
xmin   360     -118.7628 kcal/mol        0.0018 kcal/(mol*A)
xmin   370     -118.7628 kcal/mol        0.0071 kcal/(mol*A)
xmin   380     -118.7628 kcal/mol        0.0021 kcal/(mol*A)
xmin   390     -118.7628 kcal/mol        0.0022 kcal/(mol*A)
xmin   400     -118.7628 kcal/mol        0.0005 kcal/(mol*A)
  ... geometry converged !
 
 Final MO eigenvalues (eV):
 -40.9559  -38.0671  -36.5699  -35.1993  -29.2374  -28.0085  -26.2534  -22.0690
 -20.2531  -19.1982  -18.0909  -17.0914  -16.0944  -15.7436  -15.3120  -15.1060
 -14.6969  -14.0162  -13.4769  -13.0751  -12.6856  -12.3536  -12.0636  -11.9760
 -11.7484  -11.3815  -10.2364    1.0740    2.0889    3.1529    3.3665    3.5362
   3.6922    3.8192    3.9175    4.1344    4.2721    4.3830    4.4026    4.5414
   4.7121    4.7432    4.9153    4.9968    5.0535    5.2517    5.6151    5.8807
   6.6988

 Heat of formation   =       -118.76279403 kcal/mol  (       -5.14994120 eV)

 Total SCF energy    =     -41433.78100900 kcal/mol  (    -1796.70356919 eV)
 Electronic energy   =    -196302.06310244 kcal/mol  (    -8512.29621883 eV)
 Core-core repulsion =     154868.28209344 kcal/mol  (     6715.59264964 eV)
 
    Atomic Charges for Step       1 :
  Atom    Element       Mulliken Charge
     1      O                 -0.308
     2      O                 -0.365
     3      N                 -0.334
     4      C                 -0.104
     5      C                 -0.193
     6      C                 -0.018
     7      C                 -0.212
     8      C                 -0.221
     9      C                  0.316
    10      H                  0.088
    11      H                  0.104
    12      H                  0.085
    13      H                  0.135
    14      H                  0.077
    15      H                  0.072
    16      H                  0.078
    17      H                  0.078
    18      H                  0.086
    19      H                  0.078
    20      H                  0.157
    21      H                  0.157
    22      H                  0.242
 Total Mulliken Charge =      -0.000
 
                  X        Y        Z     TOTAL  
  QM DIPOLE    -2.170    0.995    0.246    2.400
 
 Final Structure

  QMMM: QM Region Cartesian Coordinates (*=link atom) 
  QMMM: QM_NO.   MM_NO.  ATOM         X         Y         Z
  QMMM:     1        1      O        1.4094   -1.5613    0.7930
  QMMM:     2        2      O        1.9916   -0.8106   -1.2099
  QMMM:     3        3      N        1.5667    1.7573    0.3899
  QMMM:     4        4      C       -1.8151    0.1721   -0.4159
  QMMM:     5        5      C       -0.5166    0.8873   -0.7527
  QMMM:     6        6      C        0.6258    0.6614    0.2560
  QMMM:     7        7      C       -2.4394    0.6907    0.8624
  QMMM:     8        8      C       -1.6428   -1.3297   -0.3567
  QMMM:     9        9      C        1.3944   -0.5863   -0.1548
  QMMM:    10       10      H       -2.5296    0.4031   -1.2610
  QMMM:    11       11      H       -0.1730    0.5601   -1.7706
  QMMM:    12       12      H       -0.7376    1.9873   -0.8130
  QMMM:    13       13      H        0.1837    0.4779    1.2821
  QMMM:    14       14      H       -1.8498    0.3775    1.7574
  QMMM:    15       15      H       -2.4975    1.8055    0.8466
  QMMM:    16       16      H       -3.4740    0.2836    0.9719
  QMMM:    17       17      H       -1.2179   -1.7106   -1.3167
  QMMM:    18       18      H       -0.9524   -1.6168    0.4747
  QMMM:    19       19      H       -2.6293   -1.8229   -0.1830
  QMMM:    20       20      H        1.0866    2.5867    0.6784
  QMMM:    21       21      H        2.0424    1.9291   -0.4748
  QMMM:    22       22      H        1.9305   -2.3175    0.4758

           --------- Calculation Completed ----------

