            --------------------------------------------------------
                             AMBER SQM VERSION 19
 
                                     By
              Ross C. Walker, Michael F. Crowley, Scott Brozell,
                         Tim Giese, Andreas W. Goetz,
                        Tai-Sung Lee and David A. Case
 
            --------------------------------------------------------
 

--------------------------------------------------------------------------------
  QM CALCULATION INFO
--------------------------------------------------------------------------------

| QMMM: Citation for AMBER QMMM Run:
| QMMM: R.C. Walker, M.F. Crowley and D.A. Case, J. COMP. CHEM. 29:1019, 2008

QMMM: SINGLET STATE CALCULATION
QMMM: RHF CALCULATION, NO. OF DOUBLY OCCUPIED LEVELS = 44

| QMMM: *** Selected Hamiltonian *** 
| QMMM: AM1         

| QMMM: *** Parameter sets in use ***
| QMMM: S : M.J.S.DEWAR et al. INORG. CHEM., 29, 3881, (1990)
| QMMM: O : M.J.S.DEWAR et al. JACS, 107, 3902, (1985)
| QMMM: C : M.J.S.DEWAR et al. JACS, 107, 3902, (1985)
| QMMM: H : M.J.S.DEWAR et al. JACS, 107, 3902, (1985)

| QMMM: *** SCF convergence criteria ***
| QMMM: Energy change                :  0.1D-09 kcal/mol
| QMMM: Error matrix |FP-PF|         :  0.1D+00 au
| QMMM: Density matrix change        :  0.5D-06
| QMMM: Maximum number of SCF cycles :     1000

| QMMM: *** Diagonalization Routine Information ***
| QMMM: Pseudo diagonalizations are allowed.
| QMMM: Auto diagonalization routine selection is in use.
| QMMM:
| QMMM: Timing diagonalization routines:
| QMMM:                              norbs =       78
| QMMM:    diag iterations used for timing =       15
| QMMM:
| QMMM:              Internal diag routine = 0.017404 seconds
| QMMM:                 Dspev diag routine = 0.020003 seconds
| QMMM:                Dspevd diag routine = 0.012061 seconds
| QMMM:                Dspevx diag routine = 0.058255 seconds
| QMMM:                 Dsyev diag routine = 0.021014 seconds
| QMMM:                Dsyevd diag routine = 0.012473 seconds
| QMMM:                Dsyevr diag routine = 0.014066 seconds
| QMMM:
| QMMM:                Pseudo diag routine = 0.007359 seconds
| QMMM:
| QMMM: Using dspevd routine (diag_routine=3).

  QMMM: QM Region Cartesian Coordinates (*=link atom) 
  QMMM: QM_NO.   MM_NO.  ATOM         X         Y         Z
  QMMM:     1        1      S       -0.0020    1.6160    0.0000
  QMMM:     2        2      O       -0.0240    2.3470   -1.2590
  QMMM:     3        3      O        0.0600    2.3460    1.2600
  QMMM:     4        4      O       -4.7900   -1.8260    0.0050
  QMMM:     5        5      O        4.7800   -1.8340   -0.0050
  QMMM:     6        6      C       -1.4200    0.5970    0.0010
  QMMM:     7        7      C        1.4350    0.5790   -0.0010
  QMMM:     8        8      C       -1.9860    0.1900    1.2100
  QMMM:     9        9      C        1.9790    0.1870   -1.2090
  QMMM:    10       10      C       -1.9880    0.1900   -1.2070
  QMMM:    11       11      C        1.9810    0.1860    1.2070
  QMMM:    12       12      C       -3.1180   -0.6250    1.2110
  QMMM:    13       13      C        3.1100   -0.6290   -1.2110
  QMMM:    14       14      C       -3.1200   -0.6250   -1.2050
  QMMM:    15       15      C        3.1120   -0.6300    1.2050
  QMMM:    16       16      C       -3.6850   -1.0320    0.0030
  QMMM:    17       17      C        3.6760   -1.0380   -0.0030
  QMMM:    18       18      H       -1.5560    0.4900    2.1610
  QMMM:    19       19      H        1.5470    0.4890   -2.1590
  QMMM:    20       20      H       -1.5610    0.4870   -2.1600
  QMMM:    21       21      H        1.5520    0.4840    2.1580
  QMMM:    22       22      H       -3.5530   -0.9400    2.1550
  QMMM:    23       23      H        3.5390   -0.9420   -2.1590
  QMMM:    24       24      H       -3.5520   -0.9370   -2.1530
  QMMM:    25       25      H        3.5480   -0.9470    2.1490
  QMMM:    26       26      H       -5.0470   -2.0100   -0.9150
  QMMM:    27       27      H        5.0350   -2.0180   -0.9250

--------------------------------------------------------------------------------
  RESULTS
--------------------------------------------------------------------------------

      iter         sqm energy              rms gradient
      ----    -------------------    -----------------------
xmin    10      -99.9429 kcal/mol        1.2969 kcal/(mol*A)
xmin    20     -100.1328 kcal/mol        1.6217 kcal/(mol*A)
xmin    30     -100.1528 kcal/mol        0.6259 kcal/(mol*A)
xmin    40     -100.2312 kcal/mol        0.0221 kcal/(mol*A)
xmin    50     -100.2320 kcal/mol        0.0166 kcal/(mol*A)
xmin    60     -100.2324 kcal/mol        0.0055 kcal/(mol*A)
xmin    70     -100.2327 kcal/mol        0.0068 kcal/(mol*A)
xmin    80     -100.2328 kcal/mol        0.0074 kcal/(mol*A)
xmin    90     -100.2329 kcal/mol        0.0032 kcal/(mol*A)
xmin   100     -100.2329 kcal/mol        0.0037 kcal/(mol*A)
xmin   110     -100.2329 kcal/mol        0.0024 kcal/(mol*A)
xmin   120     -100.2329 kcal/mol        0.0018 kcal/(mol*A)
  ... geometry converged !
 
 Final MO eigenvalues (eV):
 -40.7980  -40.7201  -38.1737  -37.9510  -37.8326  -36.8892  -32.1886  -32.1006
 -31.6620  -30.9852  -24.7691  -24.3215  -24.2805  -23.8003  -20.2837  -19.6714
 -19.5366  -19.1161  -18.2232  -17.5809  -17.3631  -16.0736  -15.7651  -15.7355
 -15.6079  -15.5965  -15.2182  -14.9682  -14.7361  -14.6902  -14.1844  -14.1296
 -13.4757  -13.1014  -12.6790  -12.6663  -12.4213  -12.3757  -12.1706  -11.9204
 -10.3742  -10.3353  -10.0264   -9.7300   -0.6408   -0.3950   -0.0473    0.0031
   0.0310    2.0909    2.1082    2.4509    2.4553    2.7993    3.0329    3.2244
   3.3079    3.3563    3.4845    3.6992    3.7586    3.7587    3.8122    4.0957
   4.1300    4.2984    4.4459    4.4642    4.6059    4.7220    4.7589    4.7855
   4.7910    4.8800    5.2882    5.2893    5.7774    5.7776

 Heat of formation   =       -100.23294530 kcal/mol  (       -4.34642666 eV)

 Total SCF energy    =     -72618.11550663 kcal/mol  (    -3148.95778616 eV)
 Electronic energy   =    -410454.00353313 kcal/mol  (   -17798.62120173 eV)
 Core-core repulsion =     337835.88802650 kcal/mol  (    14649.66341557 eV)
 
    Atomic Charges for Step       1 :
  Atom    Element       Mulliken Charge
     1      S                  2.900
     2      O                 -0.943
     3      O                 -0.939
     4      O                 -0.241
     5      O                 -0.241
     6      C                 -0.858
     7      C                 -0.858
     8      C                  0.015
     9      C                  0.024
    10      C                  0.024
    11      C                  0.015
    12      C                 -0.185
    13      C                 -0.244
    14      C                 -0.244
    15      C                 -0.185
    16      C                  0.142
    17      C                  0.142
    18      H                  0.155
    19      H                  0.154
    20      H                  0.154
    21      H                  0.155
    22      H                  0.160
    23      H                  0.142
    24      H                  0.142
    25      H                  0.160
    26      H                  0.226
    27      H                  0.226
 Total Mulliken Charge =      -0.000
 
                  X        Y        Z     TOTAL  
  QM DIPOLE    -0.005   -5.258   -2.328    5.751
 
 Final Structure

  QMMM: QM Region Cartesian Coordinates (*=link atom) 
  QMMM: QM_NO.   MM_NO.  ATOM         X         Y         Z
  QMMM:     1        1      S       -0.0002    1.7172   -0.0209
  QMMM:     2        2      O       -0.0000    2.4398   -1.2275
  QMMM:     3        3      O        0.0007    2.4495    1.1785
  QMMM:     4        4      O       -4.5582   -1.9399    0.0706
  QMMM:     5        5      O        4.5520   -1.9471    0.0678
  QMMM:     6        6      C       -1.2961    0.6540   -0.0177
  QMMM:     7        7      C        1.2939    0.6519   -0.0185
  QMMM:     8        8      C       -1.8437    0.1947    1.1903
  QMMM:     9        9      C        1.8783    0.2300   -1.2199
  QMMM:    10       10      C       -1.8818    0.2328   -1.2188
  QMMM:    11       11      C        1.8415    0.1916    1.1892
  QMMM:    12       12      C       -2.9290   -0.6680    1.2144
  QMMM:    13       13      C        2.9648   -0.6349   -1.2311
  QMMM:    14       14      C       -2.9696   -0.6303   -1.2293
  QMMM:    15       15      C        2.9254   -0.6728    1.2126
  QMMM:    16       16      C       -3.4913   -1.0844   -0.0068
  QMMM:    17       17      C        3.4864   -1.0900   -0.0089
  QMMM:    18       18      H       -1.4052    0.5441    2.1429
  QMMM:    19       19      H        1.4722    0.6080   -2.1759
  QMMM:    20       20      H       -1.4756    0.6101   -2.1750
  QMMM:    21       21      H        1.4040    0.5416    2.1421
  QMMM:    22       22      H       -3.3582   -1.0262    2.1607
  QMMM:    23       23      H        3.4147   -0.9555   -2.1811
  QMMM:    24       24      H       -3.4205   -0.9503   -2.1790
  QMMM:    25       25      H        3.3545   -1.0318    2.1587
  QMMM:    26       26      H       -4.8588   -2.1357   -0.8301
  QMMM:    27       27      H        4.8518   -2.1434   -0.8331

           --------- Calculation Completed ----------

