            --------------------------------------------------------
                             AMBER SQM VERSION 19
 
                                     By
              Ross C. Walker, Michael F. Crowley, Scott Brozell,
                         Tim Giese, Andreas W. Goetz,
                        Tai-Sung Lee and David A. Case
 
            --------------------------------------------------------
 

--------------------------------------------------------------------------------
  QM CALCULATION INFO
--------------------------------------------------------------------------------

| QMMM: Citation for AMBER QMMM Run:
| QMMM: R.C. Walker, M.F. Crowley and D.A. Case, J. COMP. CHEM. 29:1019, 2008

QMMM: SINGLET STATE CALCULATION
QMMM: RHF CALCULATION, NO. OF DOUBLY OCCUPIED LEVELS = 44

| QMMM: *** Selected Hamiltonian *** 
| QMMM: AM1         

| QMMM: *** Parameter sets in use ***
| QMMM: O : M.J.S.DEWAR et al. JACS, 107, 3902, (1985)
| QMMM: C : M.J.S.DEWAR et al. JACS, 107, 3902, (1985)
| QMMM: H : M.J.S.DEWAR et al. JACS, 107, 3902, (1985)

| QMMM: *** SCF convergence criteria ***
| QMMM: Energy change                :  0.1D-09 kcal/mol
| QMMM: Error matrix |FP-PF|         :  0.1D+00 au
| QMMM: Density matrix change        :  0.5D-06
| QMMM: Maximum number of SCF cycles :     1000

| QMMM: *** Diagonalization Routine Information ***
| QMMM: Pseudo diagonalizations are allowed.
| QMMM: Auto diagonalization routine selection is in use.
| QMMM:
| QMMM: Timing diagonalization routines:
| QMMM:                              norbs =       84
| QMMM:    diag iterations used for timing =       15
| QMMM:
| QMMM:              Internal diag routine = 0.027236 seconds
| QMMM:                 Dspev diag routine = 0.024060 seconds
| QMMM:                Dspevd diag routine = 0.013793 seconds
| QMMM:                Dspevx diag routine = 0.066105 seconds
| QMMM:                 Dsyev diag routine = 0.024883 seconds
| QMMM:                Dsyevd diag routine = 0.013894 seconds
| QMMM:                Dsyevr diag routine = 0.016009 seconds
| QMMM:
| QMMM:                Pseudo diag routine = 0.009688 seconds
| QMMM:
| QMMM: Using dspevd routine (diag_routine=3).

  QMMM: QM Region Cartesian Coordinates (*=link atom) 
  QMMM: QM_NO.   MM_NO.  ATOM         X         Y         Z
  QMMM:     1        1      O        4.7040    1.7340   -0.1080
  QMMM:     2        2      O       -4.6730    1.7600    0.1080
  QMMM:     3        3      C        0.0070   -1.3900   -0.0000
  QMMM:     4        4      C        1.2480   -0.5640   -0.0290
  QMMM:     5        5      C       -1.2910   -0.5160    0.0290
  QMMM:     6        6      C       -0.1390   -2.3590    1.2340
  QMMM:     7        7      C        0.0270   -2.3630   -1.2320
  QMMM:     8        8      C        1.4700    0.3250   -1.0800
  QMMM:     9        9      C       -1.4470    0.3330    1.0800
  QMMM:    10       10      C        2.1870   -0.6810    0.9960
  QMMM:    11       11      C       -2.1700   -0.6690   -0.9970
  QMMM:    12       12      C        2.6320    1.0970   -1.1070
  QMMM:    13       13      C       -2.6040    1.1110    1.1060
  QMMM:    14       14      C        3.3490    0.0910    0.9700
  QMMM:    15       15      C       -3.3260    0.1100   -0.9700
  QMMM:    16       16      C        3.5710    0.9810   -0.0820
  QMMM:    17       17      C       -3.5440    1.0000    0.0810
  QMMM:    18       18      H        0.6710   -3.0980    1.2560
  QMMM:    19       19      H       -0.1300   -1.8290    2.1930
  QMMM:    20       20      H       -1.0830   -2.9170    1.1870
  QMMM:    21       21      H        0.9350   -2.9800   -1.2090
  QMMM:    22       22      H       -0.8220   -3.0580   -1.2280
  QMMM:    23       23      H        0.0420   -1.8360   -2.1930
  QMMM:    24       24      H        0.7520    0.4370   -1.8880
  QMMM:    25       25      H       -0.7220    0.4340    1.8790
  QMMM:    26       26      H        2.0640   -1.3570    1.8350
  QMMM:    27       27      H       -2.0560   -1.3370   -1.8390
  QMMM:    28       28      H        2.7930    1.7870   -1.9310
  QMMM:    29       29      H       -2.7610    1.8020    1.9300
  QMMM:    30       30      H        4.0770   -0.0040    1.7700
  QMMM:    31       31      H       -4.0550    0.0200   -1.7720
  QMMM:    32       32      H        4.6930    2.2920   -0.9050
  QMMM:    33       33      H       -4.6590    2.3170    0.9050

--------------------------------------------------------------------------------
  RESULTS
--------------------------------------------------------------------------------

      iter         sqm energy              rms gradient
      ----    -------------------    -----------------------
xmin    10      -48.3001 kcal/mol        0.2165 kcal/(mol*A)
xmin    20      -48.3708 kcal/mol        0.2969 kcal/(mol*A)
xmin    30      -48.4043 kcal/mol        0.0615 kcal/(mol*A)
xmin    40      -48.4178 kcal/mol        0.1974 kcal/(mol*A)
xmin    50      -48.4325 kcal/mol        0.2027 kcal/(mol*A)
xmin    60      -48.4393 kcal/mol        0.1078 kcal/(mol*A)
xmin    70      -48.4453 kcal/mol        0.0683 kcal/(mol*A)
xmin    80      -48.4503 kcal/mol        0.0493 kcal/(mol*A)
xmin    90      -48.3848 kcal/mol        0.2683 kcal/(mol*A)
xmin   100      -48.4142 kcal/mol        0.2477 kcal/(mol*A)
xmin   110      -48.4277 kcal/mol        0.0785 kcal/(mol*A)
xmin   120      -48.4370 kcal/mol        0.0520 kcal/(mol*A)
xmin   130      -48.4434 kcal/mol        0.0822 kcal/(mol*A)
xmin   140      -48.4498 kcal/mol        0.0689 kcal/(mol*A)
xmin   150      -48.4524 kcal/mol        0.0318 kcal/(mol*A)
xmin   160      -48.4531 kcal/mol        0.0108 kcal/(mol*A)
xmin   170      -48.4533 kcal/mol        0.0096 kcal/(mol*A)
xmin   180      -48.4536 kcal/mol        0.0134 kcal/(mol*A)
xmin   190      -48.4538 kcal/mol        0.0117 kcal/(mol*A)
xmin   200      -48.4538 kcal/mol        0.0031 kcal/(mol*A)
xmin   210      -48.4538 kcal/mol        0.0026 kcal/(mol*A)
xmin   220      -48.4538 kcal/mol        0.0044 kcal/(mol*A)
xmin   230      -48.4538 kcal/mol        0.0015 kcal/(mol*A)
xmin   240      -48.4538 kcal/mol        0.0027 kcal/(mol*A)
  ... geometry converged !
 
 Final MO eigenvalues (eV):
 -40.9729  -40.0228  -38.8179  -37.1521  -35.2689  -31.8018  -31.6502  -29.8434
 -29.2639  -27.9544  -24.6294  -23.3621  -23.1939  -22.9906  -20.4821  -18.9893
 -18.9821  -17.3745  -17.1920  -16.8807  -15.6794  -15.3075  -15.2261  -15.0756
 -14.9990  -14.7765  -14.6793  -14.3619  -14.2951  -13.5628  -13.4551  -13.4002
 -12.9770  -12.6604  -12.3651  -12.3019  -12.0598  -11.8411  -11.7094  -11.4213
  -9.8407   -9.8184   -9.0804   -8.8274    0.3680    0.4613    0.4711    0.4901
   2.7725    2.7808    3.0386    3.0434    3.5196    3.6434    3.8181    3.8440
   3.8661    3.8673    4.0626    4.1159    4.2845    4.2970    4.3836    4.4754
   4.5177    4.6303    4.7272    4.7526    4.7998    4.8271    4.9264    5.0036
   5.0623    5.0867    5.2624    5.2989    5.4139    5.4442    5.6449    5.7334
   5.8117    5.8845    6.3274    6.3379

 Heat of formation   =        -48.45382477 kcal/mol  (       -2.10111551 eV)

 Total SCF energy    =     -64140.69931647 kcal/mol  (    -2781.34943482 eV)
 Electronic energy   =    -402510.69333068 kcal/mol  (   -17454.17342399 eV)
 Core-core repulsion =     338369.99401421 kcal/mol  (    14672.82398917 eV)
 
    Atomic Charges for Step       1 :
  Atom    Element       Mulliken Charge
     1      O                 -0.252
     2      O                 -0.252
     3      C                  0.035
     4      C                 -0.100
     5      C                 -0.100
     6      C                 -0.204
     7      C                 -0.204
     8      C                 -0.083
     9      C                 -0.083
    10      C                 -0.096
    11      C                 -0.096
    12      C                 -0.211
    13      C                 -0.211
    14      C                 -0.160
    15      C                 -0.160
    16      C                  0.076
    17      C                  0.076
    18      H                  0.077
    19      H                  0.078
    20      H                  0.082
    21      H                  0.082
    22      H                  0.077
    23      H                  0.078
    24      H                  0.139
    25      H                  0.139
    26      H                  0.137
    27      H                  0.137
    28      H                  0.134
    29      H                  0.134
    30      H                  0.149
    31      H                  0.149
    32      H                  0.217
    33      H                  0.217
 Total Mulliken Charge =       0.000
 
                  X        Y        Z     TOTAL  
  QM DIPOLE     0.003    0.339   -0.000    0.339
 
 Final Structure

  QMMM: QM Region Cartesian Coordinates (*=link atom) 
  QMMM: QM_NO.   MM_NO.  ATOM         X         Y         Z
  QMMM:     1        1      O        4.6579    1.7530   -0.0167
  QMMM:     2        2      O       -4.6438    1.8202    0.0151
  QMMM:     3        3      C       -0.0166   -1.4821   -0.0001
  QMMM:     4        4      C        1.2218   -0.6180    0.0228
  QMMM:     5        5      C       -1.2423   -0.6002   -0.0233
  QMMM:     6        6      C       -0.1170   -2.3838    1.2302
  QMMM:     7        7      C        0.0709   -2.3857   -1.2299
  QMMM:     8        8      C        1.3779    0.3602   -0.9705
  QMMM:     9        9      C       -1.3842    0.3806    0.9695
  QMMM:    10       10      C        2.2310   -0.7747    0.9797
  QMMM:    11       11      C       -2.2536   -0.7427   -0.9802
  QMMM:    12       12      C        2.5097    1.1671   -1.0126
  QMMM:    13       13      C       -2.5043    1.2037    1.0113
  QMMM:    14       14      C        3.3723    0.0220    0.9568
  QMMM:    15       15      C       -3.3833    0.0705   -0.9576
  QMMM:    16       16      C        3.5091    0.9951   -0.0442
  QMMM:    17       17      C       -3.5061    1.0458    0.0430
  QMMM:    18       18      H        0.7264   -3.1147    1.2479
  QMMM:    19       19      H       -0.0963   -1.7763    2.1662
  QMMM:    20       20      H       -1.0769   -2.9538    1.1991
  QMMM:    21       21      H        1.0225   -2.9695   -1.1985
  QMMM:    22       22      H       -0.7831   -3.1043   -1.2473
  QMMM:    23       23      H        0.0590   -1.7784   -2.1662
  QMMM:    24       24      H        0.5867    0.4951   -1.7249
  QMMM:    25       25      H       -0.5911    0.5044    1.7239
  QMMM:    26       26      H        2.1415   -1.5348    1.7710
  QMMM:    27       27      H       -2.1751   -1.5043   -1.7712
  QMMM:    28       28      H        2.6197    1.9310   -1.7947
  QMMM:    29       29      H       -2.6033    1.9695    1.7930
  QMMM:    30       30      H        4.1651   -0.1000    1.7077
  QMMM:    31       31      H       -4.1778   -0.0404   -1.7086
  QMMM:    32       32      H        4.6204    2.3757   -0.7570
  QMMM:    33       33      H       -4.5973    2.4427    0.7551

           --------- Calculation Completed ----------

