            --------------------------------------------------------
                             AMBER SQM VERSION 19
 
                                     By
              Ross C. Walker, Michael F. Crowley, Scott Brozell,
                         Tim Giese, Andreas W. Goetz,
                        Tai-Sung Lee and David A. Case
 
            --------------------------------------------------------
 

--------------------------------------------------------------------------------
  QM CALCULATION INFO
--------------------------------------------------------------------------------

| QMMM: Citation for AMBER QMMM Run:
| QMMM: R.C. Walker, M.F. Crowley and D.A. Case, J. COMP. CHEM. 29:1019, 2008

QMMM: SINGLET STATE CALCULATION
QMMM: RHF CALCULATION, NO. OF DOUBLY OCCUPIED LEVELS = 23

| QMMM: *** Selected Hamiltonian *** 
| QMMM: AM1         

| QMMM: *** Parameter sets in use ***
| QMMM: O : M.J.S.DEWAR et al. JACS, 107, 3902, (1985)
| QMMM: N : M.J.S.DEWAR et al. JACS, 107, 3902, (1985)
| QMMM: C : M.J.S.DEWAR et al. JACS, 107, 3902, (1985)
| QMMM: H : M.J.S.DEWAR et al. JACS, 107, 3902, (1985)

| QMMM: *** SCF convergence criteria ***
| QMMM: Energy change                :  0.1D-09 kcal/mol
| QMMM: Error matrix |FP-PF|         :  0.1D+00 au
| QMMM: Density matrix change        :  0.5D-06
| QMMM: Maximum number of SCF cycles :     1000

| QMMM: *** Diagonalization Routine Information ***
| QMMM: Pseudo diagonalizations are allowed.
| QMMM: Auto diagonalization routine selection is in use.
| QMMM:
| QMMM: Timing diagonalization routines:
| QMMM:                              norbs =       41
| QMMM:    diag iterations used for timing =       20
| QMMM:
| QMMM:              Internal diag routine = 0.004866 seconds
| QMMM:                 Dspev diag routine = 0.006178 seconds
| QMMM:                Dspevd diag routine = 0.005221 seconds
| QMMM:                Dspevx diag routine = 0.020483 seconds
| QMMM:                 Dsyev diag routine = 0.005813 seconds
| QMMM:                Dsyevd diag routine = 0.004787 seconds
| QMMM:                Dsyevr diag routine = 0.005943 seconds
| QMMM:
| QMMM:                Pseudo diag routine = 0.001424 seconds
| QMMM:
| QMMM: Using dsyevd routine (diag_routine=6).

  QMMM: QM Region Cartesian Coordinates (*=link atom) 
  QMMM: QM_NO.   MM_NO.  ATOM         X         Y         Z
  QMMM:     1        1      O        2.1620   -0.9510   -0.1120
  QMMM:     2        2      O        1.5690    1.2160   -0.4950
  QMMM:     3        3      N       -0.7810    0.9310    0.7770
  QMMM:     4        4      C        0.0830   -0.2480    0.7250
  QMMM:     5        5      C       -0.7240   -1.3170   -0.0030
  QMMM:     6        6      C       -1.9890   -0.6110   -0.4750
  QMMM:     7        7      C       -1.6500    0.8640   -0.3930
  QMMM:     8        8      C        1.3290    0.1150   -0.0240
  QMMM:     9        9      H        0.3620   -0.5520    1.7390
  QMMM:    10       10      H       -0.9870   -2.1430    0.6670
  QMMM:    11       11      H       -0.1920   -1.7410   -0.8620
  QMMM:    12       12      H       -2.2800   -0.9160   -1.4850
  QMMM:    13       13      H       -2.8190   -0.8490    0.2020
  QMMM:    14       14      H       -1.1200    1.1930   -1.2940
  QMMM:    15       15      H       -2.5420    1.4830   -0.2690
  QMMM:    16       16      H       -0.2510    1.8000    0.8020
  QMMM:    17       17      H        2.9840   -0.7340   -0.6010

--------------------------------------------------------------------------------
  RESULTS
--------------------------------------------------------------------------------

      iter         sqm energy              rms gradient
      ----    -------------------    -----------------------
xmin    10      -99.6821 kcal/mol        0.7946 kcal/(mol*A)
xmin    20     -100.2583 kcal/mol        0.3425 kcal/(mol*A)
xmin    30     -100.3814 kcal/mol        0.2328 kcal/(mol*A)
xmin    40     -100.4078 kcal/mol        0.0859 kcal/(mol*A)
xmin    50     -100.4213 kcal/mol        0.1029 kcal/(mol*A)
xmin    60     -100.4323 kcal/mol        0.0791 kcal/(mol*A)
xmin    70     -100.4365 kcal/mol        0.0473 kcal/(mol*A)
xmin    80     -100.4371 kcal/mol        0.0598 kcal/(mol*A)
xmin    90     -100.4378 kcal/mol        0.0514 kcal/(mol*A)
xmin   100     -100.4381 kcal/mol        0.0236 kcal/(mol*A)
xmin   110     -100.4384 kcal/mol        0.0616 kcal/(mol*A)
xmin   120     -100.4385 kcal/mol        0.0127 kcal/(mol*A)
xmin   130     -100.4386 kcal/mol        0.0120 kcal/(mol*A)
xmin   140     -100.4386 kcal/mol        0.0061 kcal/(mol*A)
xmin   150     -100.4386 kcal/mol        0.0088 kcal/(mol*A)
xmin   160     -100.4387 kcal/mol        0.0026 kcal/(mol*A)
xmin   170     -100.4387 kcal/mol        0.0019 kcal/(mol*A)
xmin   180     -100.4387 kcal/mol        0.0020 kcal/(mol*A)
  ... geometry converged !
 
 Final MO eigenvalues (eV):
 -41.1673  -38.9531  -36.6737  -31.7095  -30.8486  -24.7739  -22.1727  -21.3862
 -18.9745  -18.4833  -17.3060  -16.1357  -15.9095  -14.6373  -14.5226  -14.1271
 -13.1825  -12.9937  -12.6606  -12.4324  -11.9618  -11.3966   -9.8239    0.9000
   1.9644    2.9448    3.2823    3.3910    3.5531    3.8789    3.8862    4.1361
   4.3337    4.4979    4.5319    4.6272    4.7814    5.1112    5.5534    6.0659
   6.5126

 Heat of formation   =       -100.43867193 kcal/mol  (       -4.35534764 eV)

 Total SCF energy    =     -37198.77384929 kcal/mol  (    -1613.05987812 eV)
 Electronic energy   =    -155882.80912217 kcal/mol  (    -6759.58584286 eV)
 Core-core repulsion =     118684.03527288 kcal/mol  (     5146.52596474 eV)
 
    Atomic Charges for Step       1 :
  Atom    Element       Mulliken Charge
     1      O                 -0.311
     2      O                 -0.366
     3      N                 -0.276
     4      C                 -0.022
     5      C                 -0.161
     6      C                 -0.177
     7      C                 -0.089
     8      C                  0.282
     9      H                  0.138
    10      H                  0.101
    11      H                  0.100
    12      H                  0.089
    13      H                  0.095
    14      H                  0.077
    15      H                  0.099
    16      H                  0.176
    17      H                  0.245
 Total Mulliken Charge =      -0.000
 
                  X        Y        Z     TOTAL  
  QM DIPOLE    -0.972   -1.638   -0.572    1.989
 
 Final Structure

  QMMM: QM Region Cartesian Coordinates (*=link atom) 
  QMMM: QM_NO.   MM_NO.  ATOM         X         Y         Z
  QMMM:     1        1      O        2.2538   -1.1141    0.1611
  QMMM:     2        2      O        1.9532    0.9315   -0.6299
  QMMM:     3        3      N       -0.6771    1.1062    0.6110
  QMMM:     4        4      C        0.0995   -0.1336    0.6374
  QMMM:     5        5      C       -0.7141   -1.2538   -0.0526
  QMMM:     6        6      C       -1.9338   -0.5713   -0.6566
  QMMM:     7        7      C       -1.9004    0.8806   -0.1539
  QMMM:     8        8      C        1.4678   -0.0152   -0.0038
  QMMM:     9        9      H        0.2742   -0.3928    1.7234
  QMMM:    10       10      H       -1.0155   -2.0158    0.7073
  QMMM:    11       11      H       -0.1022   -1.7718   -0.8304
  QMMM:    12       12      H       -1.8945   -0.5993   -1.7731
  QMMM:    13       13      H       -2.8771   -1.0759   -0.3357
  QMMM:    14       14      H       -1.9946    1.5961   -1.0151
  QMMM:    15       15      H       -2.7619    1.0701    0.5444
  QMMM:    16       16      H       -0.1389    1.8628    0.2279
  QMMM:    17       17      H        3.1157   -0.9637   -0.2624

           --------- Calculation Completed ----------

