            --------------------------------------------------------
                             AMBER SQM VERSION 19
 
                                     By
              Ross C. Walker, Michael F. Crowley, Scott Brozell,
                         Tim Giese, Andreas W. Goetz,
                        Tai-Sung Lee and David A. Case
 
            --------------------------------------------------------
 

--------------------------------------------------------------------------------
  QM CALCULATION INFO
--------------------------------------------------------------------------------

| QMMM: Citation for AMBER QMMM Run:
| QMMM: R.C. Walker, M.F. Crowley and D.A. Case, J. COMP. CHEM. 29:1019, 2008

QMMM: SINGLET STATE CALCULATION
QMMM: RHF CALCULATION, NO. OF DOUBLY OCCUPIED LEVELS = 53

| QMMM: *** Selected Hamiltonian *** 
| QMMM: AM1         

| QMMM: *** Parameter sets in use ***
| QMMM: O : M.J.S.DEWAR et al. JACS, 107, 3902, (1985)
| QMMM: N : M.J.S.DEWAR et al. JACS, 107, 3902, (1985)
| QMMM: C : M.J.S.DEWAR et al. JACS, 107, 3902, (1985)
| QMMM: H : M.J.S.DEWAR et al. JACS, 107, 3902, (1985)

| QMMM: *** SCF convergence criteria ***
| QMMM: Energy change                :  0.1D-09 kcal/mol
| QMMM: Error matrix |FP-PF|         :  0.1D+00 au
| QMMM: Density matrix change        :  0.5D-06
| QMMM: Maximum number of SCF cycles :     1000

| QMMM: *** Diagonalization Routine Information ***
| QMMM: Pseudo diagonalizations are allowed.
| QMMM: Auto diagonalization routine selection is in use.
| QMMM:
| QMMM: Timing diagonalization routines:
| QMMM:                              norbs =       98
| QMMM:    diag iterations used for timing =       15
| QMMM:
| QMMM:              Internal diag routine = 0.034909 seconds
| QMMM:                 Dspev diag routine = 0.035844 seconds
| QMMM:                Dspevd diag routine = 0.019903 seconds
| QMMM:                Dspevx diag routine = 0.091266 seconds
| QMMM:                 Dsyev diag routine = 0.035763 seconds
| QMMM:                Dsyevd diag routine = 0.017602 seconds
| QMMM:                Dsyevr diag routine = 0.022682 seconds
| QMMM:
| QMMM:                Pseudo diag routine = 0.014981 seconds
| QMMM:
| QMMM: Using dsyevd routine (diag_routine=6).

  QMMM: QM Region Cartesian Coordinates (*=link atom) 
  QMMM: QM_NO.   MM_NO.  ATOM         X         Y         Z
  QMMM:     1        1      O       -1.0830   -1.5380   -0.3660
  QMMM:     2        2      O       -3.5750   -2.7560   -0.5620
  QMMM:     3        3      O        4.9780   -0.8560   -0.5230
  QMMM:     4        4      N       -3.5770    0.7580    0.6080
  QMMM:     5        5      N        6.2520    0.9130    0.2040
  QMMM:     6        6      C       -3.7960   -0.3850   -0.2690
  QMMM:     7        7      C       -3.3600   -1.7000    0.3790
  QMMM:     8        8      C       -3.9470    2.0010   -0.0540
  QMMM:     9        9      C       -1.8900   -1.7110    0.7950
  QMMM:    10       10      C       -3.7520    3.1670    0.9100
  QMMM:    11       11      C       -3.1200    2.1930   -1.3220
  QMMM:    12       12      C        0.1140   -0.8950   -0.1920
  QMMM:    13       13      C        2.5460    0.4090    0.1580
  QMMM:    14       14      C        0.6500   -0.1460   -1.2340
  QMMM:    15       15      C        0.7820   -0.9980    1.0230
  QMMM:    16       16      C        1.8700    0.5080   -1.0580
  QMMM:    17       17      C        2.0020   -0.3440    1.1980
  QMMM:    18       18      C        3.8490    1.1090    0.3460
  QMMM:    19       19      C        5.0570    0.2710   -0.0400
  QMMM:    20       20      H       -3.2480   -0.3030   -1.2130
  QMMM:    21       21      H       -4.8580   -0.4580   -0.5400
  QMMM:    22       22      H       -3.9800   -1.9100    1.2590
  QMMM:    23       23      H       -5.0100    1.9760   -0.3260
  QMMM:    24       24      H       -4.1170    0.6420    1.4640
  QMMM:    25       25      H       -1.7290   -0.9300    1.5470
  QMMM:    26       26      H       -1.6440   -2.6870    1.2300
  QMMM:    27       27      H       -4.3600    3.0390    1.8130
  QMMM:    28       28      H       -4.0510    4.1120    0.4420
  QMMM:    29       29      H       -2.7040    3.2620    1.2180
  QMMM:    30       30      H       -3.2260    3.2200   -1.6920
  QMMM:    31       31      H       -2.0520    2.0240   -1.1420
  QMMM:    32       32      H       -3.4470    1.5440   -2.1400
  QMMM:    33       33      H       -4.5220   -2.7640   -0.7810
  QMMM:    34       34      H        0.1270   -0.0660   -2.1820
  QMMM:    35       35      H        0.4100   -1.6000    1.8470
  QMMM:    36       36      H        2.2840    1.0900   -1.8780
  QMMM:    37       37      H        2.5230   -0.4360    2.1480
  QMMM:    38       38      H        3.9610    1.4170    1.3940
  QMMM:    39       39      H        3.8690    2.0330   -0.2460
  QMMM:    40       40      H        7.1380    0.4670   -0.0090
  QMMM:    41       41      H        6.2940    1.8460    0.6020

--------------------------------------------------------------------------------
  RESULTS
--------------------------------------------------------------------------------

      iter         sqm energy              rms gradient
      ----    -------------------    -----------------------
xmin    10     -114.2615 kcal/mol        0.9060 kcal/(mol*A)
xmin    20     -113.1895 kcal/mol        5.8235 kcal/(mol*A)
xmin    30     -114.7134 kcal/mol        0.6426 kcal/(mol*A)
xmin    40     -114.9983 kcal/mol        0.6848 kcal/(mol*A)
xmin    50     -115.2084 kcal/mol        0.9303 kcal/(mol*A)
xmin    60     -115.5399 kcal/mol        0.8225 kcal/(mol*A)
xmin    70     -116.0747 kcal/mol        0.8282 kcal/(mol*A)
xmin    80     -116.9048 kcal/mol        2.2624 kcal/(mol*A)
xmin    90     -117.6521 kcal/mol        0.5923 kcal/(mol*A)
xmin   100     -118.0193 kcal/mol        1.0154 kcal/(mol*A)
xmin   110     -118.3095 kcal/mol        0.2834 kcal/(mol*A)
xmin   120     -118.5713 kcal/mol        0.6136 kcal/(mol*A)
xmin   130     -118.7409 kcal/mol        0.2359 kcal/(mol*A)
xmin   140     -118.9436 kcal/mol        0.4145 kcal/(mol*A)
xmin   150     -119.1205 kcal/mol        0.3096 kcal/(mol*A)
xmin   160     -119.3332 kcal/mol        0.9842 kcal/(mol*A)
xmin   170     -119.3999 kcal/mol        0.3646 kcal/(mol*A)
xmin   180     -119.4337 kcal/mol        0.3272 kcal/(mol*A)
xmin   190     -119.4625 kcal/mol        0.1082 kcal/(mol*A)
xmin   200     -119.4830 kcal/mol        0.1146 kcal/(mol*A)
xmin   210     -119.4892 kcal/mol        0.1146 kcal/(mol*A)
xmin   220     -119.5032 kcal/mol        0.0559 kcal/(mol*A)
xmin   230     -119.5123 kcal/mol        0.0559 kcal/(mol*A)
xmin   240     -119.5147 kcal/mol        0.0927 kcal/(mol*A)
xmin   250     -119.5179 kcal/mol        0.0304 kcal/(mol*A)
xmin   260     -119.5221 kcal/mol        0.0385 kcal/(mol*A)
xmin   270     -119.5225 kcal/mol        0.0067 kcal/(mol*A)
xmin   280     -119.5227 kcal/mol        0.0107 kcal/(mol*A)
xmin   290     -119.5228 kcal/mol        0.0047 kcal/(mol*A)
xmin   300     -119.5228 kcal/mol        0.0049 kcal/(mol*A)
xmin   310     -119.5229 kcal/mol        0.0073 kcal/(mol*A)
xmin   320     -119.5229 kcal/mol        0.0056 kcal/(mol*A)
xmin   330     -119.5230 kcal/mol        0.0060 kcal/(mol*A)
xmin   340     -119.5230 kcal/mol        0.0087 kcal/(mol*A)
xmin   350     -119.5231 kcal/mol        0.0015 kcal/(mol*A)
xmin   360     -119.5231 kcal/mol        0.0018 kcal/(mol*A)
xmin   370     -119.5231 kcal/mol        0.0012 kcal/(mol*A)
xmin   380     -119.5231 kcal/mol        0.0012 kcal/(mol*A)
  ... geometry converged !
 
 Final MO eigenvalues (eV):
 -40.7963  -39.7306  -38.9568  -37.8892  -37.4588  -34.1527  -33.2349  -32.5452
 -31.8517  -30.1983  -27.9766  -27.7302  -26.2369  -23.7685  -22.9961  -21.7821
 -21.5083  -21.0505  -19.1765  -18.3788  -18.1020  -17.5402  -17.2771  -16.8721
 -16.6171  -16.3451  -16.0248  -15.8003  -15.4175  -15.1472  -14.8306  -14.6241
 -14.4326  -14.3514  -14.0151  -13.5020  -13.3834  -13.2864  -13.0878  -13.0121
 -12.7661  -12.6755  -12.4036  -12.1690  -11.8962  -11.8391  -11.7180  -11.1608
 -10.7539  -10.3865   -9.9867   -9.6543   -9.0044    0.2390    0.2888    1.6259
   2.2504    2.4748    2.6887    2.7607    3.1998    3.3434    3.5687    3.5823
   3.6422    3.6952    3.7100    3.8077    3.8933    3.9530    4.0348    4.0418
   4.0952    4.1646    4.2112    4.3757    4.4236    4.4387    4.4700    4.5160
   4.6201    4.6490    4.7093    4.7829    4.8709    4.9124    5.1004    5.1463
   5.2411    5.4680    5.6666    5.7043    5.8383    6.0544    6.1209    6.3257
   6.3537    7.2785

 Heat of formation   =       -119.52309262 kcal/mol  (       -5.18291022 eV)

 Total SCF energy    =     -80054.81553053 kcal/mol  (    -3471.43729806 eV)
 Electronic energy   =    -514714.03472513 kcal/mol  (   -22319.67541412 eV)
 Core-core repulsion =     434659.21919459 kcal/mol  (    18848.23811607 eV)
 
    Atomic Charges for Step       1 :
  Atom    Element       Mulliken Charge
     1      O                 -0.200
     2      O                 -0.317
     3      O                 -0.380
     4      N                 -0.303
     5      N                 -0.427
     6      C                 -0.105
     7      C                  0.033
     8      C                 -0.018
     9      C                 -0.015
    10      C                 -0.221
    11      C                 -0.207
    12      C                  0.095
    13      C                 -0.128
    14      C                 -0.157
    15      C                 -0.206
    16      C                 -0.087
    17      C                 -0.099
    18      C                 -0.140
    19      C                  0.299
    20      H                  0.124
    21      H                  0.043
    22      H                  0.078
    23      H                  0.058
    24      H                  0.152
    25      H                  0.100
    26      H                  0.092
    27      H                  0.070
    28      H                  0.083
    29      H                  0.087
    30      H                  0.072
    31      H                  0.086
    32      H                  0.081
    33      H                  0.202
    34      H                  0.152
    35      H                  0.140
    36      H                  0.141
    37      H                  0.133
    38      H                  0.115
    39      H                  0.126
    40      H                  0.225
    41      H                  0.223
 Total Mulliken Charge =       0.000
 
                  X        Y        Z     TOTAL  
  QM DIPOLE    -6.057   -0.334    2.274    6.479
 
 Final Structure

  QMMM: QM Region Cartesian Coordinates (*=link atom) 
  QMMM: QM_NO.   MM_NO.  ATOM         X         Y         Z
  QMMM:     1        1      O       -0.8012   -0.6286   -0.2193
  QMMM:     2        2      O       -2.7110   -2.6851   -0.0406
  QMMM:     3        3      O        6.6766    0.1416   -0.9313
  QMMM:     4        4      N       -4.0157    0.7201    0.6414
  QMMM:     5        5      N        5.3706   -1.2079    0.3518
  QMMM:     6        6      C       -3.6322   -0.4289   -0.1472
  QMMM:     7        7      C       -2.8481   -1.4682    0.6761
  QMMM:     8        8      C       -4.6136    1.7980   -0.1471
  QMMM:     9        9      C       -1.4338   -0.9915    1.0137
  QMMM:    10       10      C       -5.5525    2.6673    0.6908
  QMMM:    11       11      C       -3.5482    2.6957   -0.7787
  QMMM:    12       12      C        0.5137   -0.2261   -0.1210
  QMMM:    13       13      C        3.1774    0.6236   -0.1716
  QMMM:    14       14      C        1.1330    0.0659   -1.3528
  QMMM:    15       15      C        1.2224   -0.0923    1.0791
  QMMM:    16       16      C        2.4547    0.4889   -1.3661
  QMMM:    17       17      C        2.5497    0.3321    1.0426
  QMMM:    18       18      C        4.5863    1.0923   -0.1993
  QMMM:    19       19      C        5.6095   -0.0263   -0.3053
  QMMM:    20       20      H       -2.9736   -0.0812   -0.9937
  QMMM:    21       21      H       -4.5243   -0.9513   -0.6084
  QMMM:    22       22      H       -3.3770   -1.6840    1.6500
  QMMM:    23       23      H       -5.2307    1.3620   -0.9961
  QMMM:    24       24      H       -4.6370    0.4466    1.3798
  QMMM:    25       25      H       -1.4904   -0.0953    1.6848
  QMMM:    26       26      H       -0.8581   -1.8224    1.4991
  QMMM:    27       27      H       -6.3931    2.0632    1.1085
  QMMM:    28       28      H       -5.9808    3.4690    0.0431
  QMMM:    29       29      H       -5.0025    3.1480    1.5348
  QMMM:    30       30      H       -4.0518    3.4781   -1.3951
  QMMM:    31       31      H       -2.9354    3.1961    0.0082
  QMMM:    32       32      H       -2.8665    2.1058   -1.4367
  QMMM:    33       33      H       -3.5707   -2.8927   -0.4260
  QMMM:    34       34      H        0.5602   -0.0455   -2.2842
  QMMM:    35       35      H        0.7490   -0.3102    2.0461
  QMMM:    36       36      H        2.9414    0.7214   -2.3263
  QMMM:    37       37      H        3.1054    0.4450    1.9865
  QMMM:    38       38      H        4.8236    1.6729    0.7336
  QMMM:    39       39      H        4.7518    1.7771   -1.0750
  QMMM:    40       40      H        6.0044   -1.9599    0.2389
  QMMM:    41       41      H        4.4764   -1.3954    0.7290

           --------- Calculation Completed ----------

