            --------------------------------------------------------
                             AMBER SQM VERSION 19
 
                                     By
              Ross C. Walker, Michael F. Crowley, Scott Brozell,
                         Tim Giese, Andreas W. Goetz,
                        Tai-Sung Lee and David A. Case
 
            --------------------------------------------------------
 

--------------------------------------------------------------------------------
  QM CALCULATION INFO
--------------------------------------------------------------------------------

| QMMM: Citation for AMBER QMMM Run:
| QMMM: R.C. Walker, M.F. Crowley and D.A. Case, J. COMP. CHEM. 29:1019, 2008

QMMM: SINGLET STATE CALCULATION
QMMM: RHF CALCULATION, NO. OF DOUBLY OCCUPIED LEVELS = 36

| QMMM: *** Selected Hamiltonian *** 
| QMMM: AM1         

| QMMM: *** Parameter sets in use ***
| QMMM: O : M.J.S.DEWAR et al. JACS, 107, 3902, (1985)
| QMMM: C : M.J.S.DEWAR et al. JACS, 107, 3902, (1985)
| QMMM: H : M.J.S.DEWAR et al. JACS, 107, 3902, (1985)

| QMMM: *** SCF convergence criteria ***
| QMMM: Energy change                :  0.1D-09 kcal/mol
| QMMM: Error matrix |FP-PF|         :  0.1D+00 au
| QMMM: Density matrix change        :  0.5D-06
| QMMM: Maximum number of SCF cycles :     1000

| QMMM: *** Diagonalization Routine Information ***
| QMMM: Pseudo diagonalizations are allowed.
| QMMM: Auto diagonalization routine selection is in use.
| QMMM:
| QMMM: Timing diagonalization routines:
| QMMM:                              norbs =       60
| QMMM:    diag iterations used for timing =       15
| QMMM:
| QMMM:              Internal diag routine = 0.010632 seconds
| QMMM:                 Dspev diag routine = 0.012120 seconds
| QMMM:                Dspevd diag routine = 0.007252 seconds
| QMMM:                Dspevx diag routine = 0.033792 seconds
| QMMM:                 Dsyev diag routine = 0.010053 seconds
| QMMM:                Dsyevd diag routine = 0.004513 seconds
| QMMM:                Dsyevr diag routine = 0.006476 seconds
| QMMM:
| QMMM:                Pseudo diag routine = 0.002273 seconds
| QMMM:
| QMMM: Using dsyevd routine (diag_routine=6).

  QMMM: QM Region Cartesian Coordinates (*=link atom) 
  QMMM: QM_NO.   MM_NO.  ATOM         X         Y         Z
  QMMM:     1        1      O       -0.6680    1.1590    0.2570
  QMMM:     2        2      O       -0.8870   -2.4480   -0.3390
  QMMM:     3        3      O        1.8620   -2.0690    0.4700
  QMMM:     4        4      O        2.8610    0.5410   -0.4620
  QMMM:     5        5      O        1.1220    2.6550    0.2570
  QMMM:     6        6      O       -3.3740    0.9720   -0.1860
  QMMM:     7        7      C       -0.3730   -1.2470    0.2300
  QMMM:     8        8      C        1.0860   -1.0710   -0.1940
  QMMM:     9        9      C       -1.2210   -0.0620   -0.2370
  QMMM:    10       10      C        1.6080    0.3150    0.1840
  QMMM:    11       11      C        0.6390    1.4130   -0.2530
  QMMM:    12       12      C       -2.6550   -0.1580    0.2740
  QMMM:    13       13      H       -0.4250   -1.3520    1.3210
  QMMM:    14       14      H        1.2070   -1.2490   -1.2700
  QMMM:    15       15      H       -1.2550   -0.0100   -1.3340
  QMMM:    16       16      H        1.7950    0.3600    1.2640
  QMMM:    17       17      H        0.5970    1.5140   -1.3440
  QMMM:    18       18      H       -2.6920   -0.1530    1.3690
  QMMM:    19       19      H       -3.1560   -1.0580   -0.0920
  QMMM:    20       20      H       -0.8510   -2.3610   -1.3070
  QMMM:    21       21      H        1.4970   -2.9360    0.2200
  QMMM:    22       22      H        2.7160    0.4990   -1.4230
  QMMM:    23       23      H        1.4880    2.5030    1.1450
  QMMM:    24       24      H       -2.9190    1.7650    0.1440

--------------------------------------------------------------------------------
  RESULTS
--------------------------------------------------------------------------------

      iter         sqm energy              rms gradient
      ----    -------------------    -----------------------
xmin    10     -298.9694 kcal/mol        0.5078 kcal/(mol*A)
xmin    20     -299.2731 kcal/mol        0.2072 kcal/(mol*A)
xmin    30     -299.3464 kcal/mol        0.0907 kcal/(mol*A)
xmin    40     -299.3519 kcal/mol        0.0356 kcal/(mol*A)
xmin    50     -299.3536 kcal/mol        0.0095 kcal/(mol*A)
xmin    60     -299.3538 kcal/mol        0.0067 kcal/(mol*A)
xmin    70     -299.3538 kcal/mol        0.0019 kcal/(mol*A)
xmin    80     -299.3538 kcal/mol        0.0019 kcal/(mol*A)
  ... geometry converged !
 
 Final MO eigenvalues (eV):
 -42.1157  -39.5232  -39.1721  -37.9407  -37.1259  -36.8158  -32.0207  -30.9067
 -27.0664  -25.0402  -23.6584  -22.8118  -19.9792  -19.2476  -18.9360  -18.5910
 -18.1050  -17.4520  -17.1273  -16.7993  -16.1528  -15.6967  -15.3456  -14.8400
 -14.6020  -14.3176  -14.1487  -13.6810  -13.2353  -13.1128  -12.6077  -12.2172
 -11.7260  -11.5405  -11.1790  -10.7415    1.9538    2.4353    2.4623    2.6434
   2.7496    2.8837    3.0808    3.1410    3.2512    3.3975    3.4926    3.6045
   3.7793    3.8305    3.8472    3.9932    4.2622    4.3235    5.3565    5.5039
   5.7636    5.8447    5.9630    6.0718

 Heat of formation   =       -299.35378098 kcal/mol  (      -12.98095403 eV)

 Total SCF energy    =     -65915.25215446 kcal/mol  (    -2858.29982024 eV)
 Electronic energy   =    -327325.36737297 kcal/mol  (   -14193.89303903 eV)
 Core-core repulsion =     261410.11521851 kcal/mol  (    11335.59321879 eV)
 
    Atomic Charges for Step       1 :
  Atom    Element       Mulliken Charge
     1      O                 -0.308
     2      O                 -0.314
     3      O                 -0.305
     4      O                 -0.283
     5      O                 -0.292
     6      O                 -0.321
     7      C                 -0.039
     8      C                 -0.030
     9      C                 -0.033
    10      C                 -0.018
    11      C                  0.124
    12      C                 -0.012
    13      H                  0.145
    14      H                  0.072
    15      H                  0.093
    16      H                  0.144
    17      H                  0.117
    18      H                  0.084
    19      H                  0.123
    20      H                  0.204
    21      H                  0.217
    22      H                  0.199
    23      H                  0.219
    24      H                  0.214
 Total Mulliken Charge =       0.000
 
                  X        Y        Z     TOTAL  
  QM DIPOLE    -0.787   -1.204   -1.201    1.874
 
 Final Structure

  QMMM: QM Region Cartesian Coordinates (*=link atom) 
  QMMM: QM_NO.   MM_NO.  ATOM         X         Y         Z
  QMMM:     1        1      O       -0.5966    1.1749    0.2411
  QMMM:     2        2      O       -0.8991   -2.4528   -0.3160
  QMMM:     3        3      O        1.9159   -2.1114    0.1970
  QMMM:     4        4      O        2.9726    0.4887   -0.3138
  QMMM:     5        5      O        1.0425    2.6331    0.2925
  QMMM:     6        6      O       -3.4461    0.8717   -0.1991
  QMMM:     7        7      C       -0.3564   -1.2428    0.1751
  QMMM:     8        8      C        1.0931   -1.0815   -0.3157
  QMMM:     9        9      C       -1.1945   -0.0270   -0.2367
  QMMM:    10       10      C        1.6716    0.2559    0.1710
  QMMM:    11       11      C        0.7198    1.3941   -0.2634
  QMMM:    12       12      C       -2.5914   -0.0798    0.3921
  QMMM:    13       13      H       -0.3662   -1.3677    1.2955
  QMMM:    14       14      H        1.1163   -1.1212   -1.4428
  QMMM:    15       15      H       -1.2814    0.0220   -1.3587
  QMMM:    16       16      H        1.7885    0.2427    1.2912
  QMMM:    17       17      H        0.7163    1.5371   -1.3792
  QMMM:    18       18      H       -2.5174    0.0850    1.4992
  QMMM:    19       19      H       -3.0565   -1.0790    0.1767
  QMMM:    20       20      H       -1.0206   -2.3562   -1.2694
  QMMM:    21       21      H        1.4199   -2.9374    0.1011
  QMMM:    22       22      H        2.9547    0.3755   -1.2727
  QMMM:    23       23      H        0.9810    2.5555    1.2548
  QMMM:    24       24      H       -3.0639    1.7424   -0.0257

           --------- Calculation Completed ----------

