            --------------------------------------------------------
                             AMBER SQM VERSION 19
 
                                     By
              Ross C. Walker, Michael F. Crowley, Scott Brozell,
                         Tim Giese, Andreas W. Goetz,
                        Tai-Sung Lee and David A. Case
 
            --------------------------------------------------------
 

--------------------------------------------------------------------------------
  QM CALCULATION INFO
--------------------------------------------------------------------------------

| QMMM: Citation for AMBER QMMM Run:
| QMMM: R.C. Walker, M.F. Crowley and D.A. Case, J. COMP. CHEM. 29:1019, 2008

QMMM: SINGLET STATE CALCULATION
QMMM: RHF CALCULATION, NO. OF DOUBLY OCCUPIED LEVELS = 37

| QMMM: *** Selected Hamiltonian *** 
| QMMM: AM1         

| QMMM: *** Parameter sets in use ***
| QMMM: O : M.J.S.DEWAR et al. JACS, 107, 3902, (1985)
| QMMM: N : M.J.S.DEWAR et al. JACS, 107, 3902, (1985)
| QMMM: C : M.J.S.DEWAR et al. JACS, 107, 3902, (1985)
| QMMM: H : M.J.S.DEWAR et al. JACS, 107, 3902, (1985)

| QMMM: *** SCF convergence criteria ***
| QMMM: Energy change                :  0.1D-09 kcal/mol
| QMMM: Error matrix |FP-PF|         :  0.1D+00 au
| QMMM: Density matrix change        :  0.5D-06
| QMMM: Maximum number of SCF cycles :     1000

| QMMM: *** Diagonalization Routine Information ***
| QMMM: Pseudo diagonalizations are allowed.
| QMMM: Auto diagonalization routine selection is in use.
| QMMM:
| QMMM: Timing diagonalization routines:
| QMMM:                              norbs =       66
| QMMM:    diag iterations used for timing =       15
| QMMM:
| QMMM:              Internal diag routine = 0.012338 seconds
| QMMM:                 Dspev diag routine = 0.013832 seconds
| QMMM:                Dspevd diag routine = 0.008685 seconds
| QMMM:                Dspevx diag routine = 0.040090 seconds
| QMMM:                 Dsyev diag routine = 0.009563 seconds
| QMMM:                Dsyevd diag routine = 0.005990 seconds
| QMMM:                Dsyevr diag routine = 0.008105 seconds
| QMMM:
| QMMM:                Pseudo diag routine = 0.003251 seconds
| QMMM:
| QMMM: Using dsyevd routine (diag_routine=6).

  QMMM: QM Region Cartesian Coordinates (*=link atom) 
  QMMM: QM_NO.   MM_NO.  ATOM         X         Y         Z
  QMMM:     1        1      O        0.4700    2.5690    0.0010
  QMMM:     2        2      O       -3.1270   -0.4440   -0.0000
  QMMM:     3        3      N       -0.9690   -1.3120    0.0000
  QMMM:     4        4      N        2.2180    0.1410   -0.0000
  QMMM:     5        5      N       -1.3480    1.0800   -0.0000
  QMMM:     6        6      N        1.4120   -1.9370    0.0000
  QMMM:     7        7      C        0.8580    0.2590   -0.0010
  QMMM:     8        8      C        0.3900   -1.0260   -0.0000
  QMMM:     9        9      C        0.0310    1.4220   -0.0010
  QMMM:    10       10      C       -1.9060   -0.2490   -0.0000
  QMMM:    11       11      C        2.5030   -1.2000    0.0000
  QMMM:    12       12      C       -1.4280   -2.6960    0.0010
  QMMM:    13       13      C        3.1930    1.2060    0.0000
  QMMM:    14       14      C       -2.2970    2.1880    0.0010
  QMMM:    15       15      H        3.5160   -1.5790    0.0010
  QMMM:    16       16      H       -1.0450   -3.1970   -0.8940
  QMMM:    17       17      H       -2.5190   -2.7600    0.0010
  QMMM:    18       18      H       -1.0450   -3.1960    0.8960
  QMMM:    19       19      H        4.1990    0.7800    0.0000
  QMMM:    20       20      H        3.0470    1.8090   -0.8990
  QMMM:    21       21      H        3.0470    1.8080    0.9000
  QMMM:    22       22      H       -1.8090    3.1650   -0.0000
  QMMM:    23       23      H       -2.9320    2.1030    0.8880
  QMMM:    24       24      H       -2.9350    2.1020   -0.8850

--------------------------------------------------------------------------------
  RESULTS
--------------------------------------------------------------------------------

      iter         sqm energy              rms gradient
      ----    -------------------    -----------------------
xmin    10        8.6774 kcal/mol        0.0949 kcal/(mol*A)
xmin    20        8.6767 kcal/mol        0.0031 kcal/(mol*A)
xmin    30        8.6767 kcal/mol        0.0041 kcal/(mol*A)
xmin    40        8.6767 kcal/mol        0.0005 kcal/(mol*A)
xmin    50        8.6767 kcal/mol        0.0095 kcal/(mol*A)
xmin    60        8.6570 kcal/mol        0.1314 kcal/(mol*A)
xmin    70        8.5523 kcal/mol        0.4090 kcal/(mol*A)
xmin    80        8.3047 kcal/mol        0.3150 kcal/(mol*A)
xmin    90        8.2237 kcal/mol        0.3227 kcal/(mol*A)
xmin   100        8.1856 kcal/mol        0.1497 kcal/(mol*A)
xmin   110        8.1801 kcal/mol        0.0348 kcal/(mol*A)
xmin   120        8.1753 kcal/mol        0.0300 kcal/(mol*A)
xmin   130        8.1735 kcal/mol        0.0374 kcal/(mol*A)
xmin   140        8.1733 kcal/mol        0.0085 kcal/(mol*A)
xmin   150        8.1732 kcal/mol        0.0067 kcal/(mol*A)
xmin   160        8.1732 kcal/mol        0.0155 kcal/(mol*A)
xmin   170        8.1731 kcal/mol        0.0090 kcal/(mol*A)
xmin   180        8.1731 kcal/mol        0.0033 kcal/(mol*A)
xmin   190        8.1731 kcal/mol        0.0015 kcal/(mol*A)
  ... geometry converged !
 
 Final MO eigenvalues (eV):
 -42.3966  -40.5230  -39.0934  -36.9733  -35.6690  -34.5219  -31.3140  -28.2693
 -27.7782  -27.3157  -24.2885  -23.7507  -21.9490  -20.1158  -19.2201  -18.0419
 -17.6234  -16.9411  -16.7254  -16.4610  -16.1505  -15.6023  -15.2522  -15.0207
 -14.4396  -14.0343  -13.7113  -13.6115  -13.2876  -13.1435  -12.2027  -11.6728
 -11.5963  -11.3194  -10.7391  -10.4341   -8.9624   -0.3484    0.3845    0.7619
   1.1017    1.2520    1.7107    2.1301    2.7820    3.0960    3.2261    3.3541
   3.5730    3.8537    3.8917    4.0790    4.1752    4.2437    4.2618    4.4312
   4.4452    4.4834    4.6230    5.0149    5.2456    5.5654    5.8897    6.1283
   6.3147    6.8113

 Heat of formation   =          8.17311106 kcal/mol  (        0.35441269 eV)

 Total SCF energy    =     -60618.32102961 kcal/mol  (    -2628.60765056 eV)
 Electronic energy   =    -330638.64721929 kcal/mol  (   -14337.56763450 eV)
 Core-core repulsion =     270020.32618968 kcal/mol  (    11708.95998394 eV)
 
    Atomic Charges for Step       1 :
  Atom    Element       Mulliken Charge
     1      O                 -0.358
     2      O                 -0.362
     3      N                 -0.233
     4      N                 -0.104
     5      N                 -0.312
     6      N                 -0.159
     7      C                 -0.240
     8      C                  0.077
     9      C                  0.402
    10      C                  0.405
    11      C                 -0.045
    12      C                 -0.065
    13      C                 -0.089
    14      C                 -0.075
    15      H                  0.208
    16      H                  0.092
    17      H                  0.123
    18      H                  0.093
    19      H                  0.094
    20      H                  0.094
    21      H                  0.145
    22      H                  0.120
    23      H                  0.094
    24      H                  0.094
 Total Mulliken Charge =       0.000
 
                  X        Y        Z     TOTAL  
  QM DIPOLE     3.561   -0.181   -0.101    3.567
 
 Final Structure

  QMMM: QM Region Cartesian Coordinates (*=link atom) 
  QMMM: QM_NO.   MM_NO.  ATOM         X         Y         Z
  QMMM:     1        1      O        0.4125    2.5961    0.0561
  QMMM:     2        2      O       -3.0944   -0.4188    0.0738
  QMMM:     3        3      N       -0.9772   -1.3332   -0.0062
  QMMM:     4        4      N        2.2851    0.1490   -0.0568
  QMMM:     5        5      N       -1.3544    1.1003    0.0658
  QMMM:     6        6      N        1.4538   -1.9984   -0.0889
  QMMM:     7        7      C        0.8908    0.2540   -0.0164
  QMMM:     8        8      C        0.3870   -1.0874   -0.0369
  QMMM:     9        9      C        0.0202    1.4145    0.0367
  QMMM:    10       10      C       -1.8589   -0.2265    0.0455
  QMMM:    11       11      C        2.5667   -1.2156   -0.0991
  QMMM:    12       12      C       -1.4811   -2.6811   -0.0272
  QMMM:    13       13      C        3.2238    1.2241   -0.0552
  QMMM:    14       14      C       -2.3380    2.1572    0.1189
  QMMM:    15       15      H        3.5919   -1.6049   -0.1367
  QMMM:    16       16      H       -1.1374   -3.1945   -0.9649
  QMMM:    17       17      H       -2.6032   -2.6662    0.0044
  QMMM:    18       18      H       -1.0866   -3.2420    0.8620
  QMMM:    19       19      H        3.8983    1.1375    0.8390
  QMMM:    20       20      H        3.8460    1.1860   -0.9898
  QMMM:    21       21      H        2.6720    2.2040   -0.0134
  QMMM:    22       22      H       -1.8195    3.1519    0.1336
  QMMM:    23       23      H       -2.9644    2.0399    1.0433
  QMMM:    24       24      H       -3.0089    2.0901   -0.7787

           --------- Calculation Completed ----------

