            --------------------------------------------------------
                             AMBER SQM VERSION 19
 
                                     By
              Ross C. Walker, Michael F. Crowley, Scott Brozell,
                         Tim Giese, Andreas W. Goetz,
                        Tai-Sung Lee and David A. Case
 
            --------------------------------------------------------
 

--------------------------------------------------------------------------------
  QM CALCULATION INFO
--------------------------------------------------------------------------------

| QMMM: Citation for AMBER QMMM Run:
| QMMM: R.C. Walker, M.F. Crowley and D.A. Case, J. COMP. CHEM. 29:1019, 2008

QMMM: SINGLET STATE CALCULATION
QMMM: RHF CALCULATION, NO. OF DOUBLY OCCUPIED LEVELS = 48

| QMMM: *** Selected Hamiltonian *** 
| QMMM: AM1         

| QMMM: *** Parameter sets in use ***
| QMMM: O : M.J.S.DEWAR et al. JACS, 107, 3902, (1985)
| QMMM: C : M.J.S.DEWAR et al. JACS, 107, 3902, (1985)
| QMMM: H : M.J.S.DEWAR et al. JACS, 107, 3902, (1985)

| QMMM: *** SCF convergence criteria ***
| QMMM: Energy change                :  0.1D-09 kcal/mol
| QMMM: Error matrix |FP-PF|         :  0.1D+00 au
| QMMM: Density matrix change        :  0.5D-06
| QMMM: Maximum number of SCF cycles :     1000

| QMMM: *** Diagonalization Routine Information ***
| QMMM: Pseudo diagonalizations are allowed.
| QMMM: Auto diagonalization routine selection is in use.
| QMMM:
| QMMM: Timing diagonalization routines:
| QMMM:                              norbs =       90
| QMMM:    diag iterations used for timing =       15
| QMMM:
| QMMM:              Internal diag routine = 0.026981 seconds
| QMMM:                 Dspev diag routine = 0.028707 seconds
| QMMM:                Dspevd diag routine = 0.016055 seconds
| QMMM:                Dspevx diag routine = 0.077351 seconds
| QMMM:                 Dsyev diag routine = 0.028548 seconds
| QMMM:                Dsyevd diag routine = 0.014671 seconds
| QMMM:                Dsyevr diag routine = 0.018327 seconds
| QMMM:
| QMMM:                Pseudo diag routine = 0.011708 seconds
| QMMM:
| QMMM: Using dsyevd routine (diag_routine=6).

  QMMM: QM Region Cartesian Coordinates (*=link atom) 
  QMMM: QM_NO.   MM_NO.  ATOM         X         Y         Z
  QMMM:     1        1      O        4.2050   -2.4800    0.2880
  QMMM:     2        2      O       -1.6050    1.7490    1.7880
  QMMM:     3        3      O        2.1010   -2.1840   -0.4980
  QMMM:     4        4      C        3.3680   -0.2160    0.2000
  QMMM:     5        5      C        2.1960    0.6220   -0.1860
  QMMM:     6        6      C        0.9730    0.4540    0.4630
  QMMM:     7        7      C       -0.0870    1.2420    0.0820
  QMMM:     8        8      C        2.3240    1.5740   -1.1980
  QMMM:     9        9      C        3.8090   -0.0360    1.6670
  QMMM:    10       10      C        0.0050    2.1890   -0.9110
  QMMM:    11       11      C        1.2280    2.3570   -1.5600
  QMMM:    12       12      C       -1.3980    1.0620    0.7770
  QMMM:    13       13      C        3.1360   -1.7110   -0.0490
  QMMM:    14       14      C       -2.4080    0.1270    0.3070
  QMMM:    15       15      C       -2.1690   -0.6430   -0.8320
  QMMM:    16       16      C       -3.6150   -0.0000    0.9940
  QMMM:    17       17      C       -3.1370   -1.5400   -1.2820
  QMMM:    18       18      C       -4.5830   -0.8980    0.5430
  QMMM:    19       19      C       -4.3440   -1.6680   -0.5950
  QMMM:    20       20      H        4.2200    0.0560   -0.4370
  QMMM:    21       21      H        0.8580   -0.2820    1.2540
  QMMM:    22       22      H        3.2690    1.7180   -1.7140
  QMMM:    23       23      H        3.9470    1.0250    1.9020
  QMMM:    24       24      H        3.0700   -0.4440    2.3650
  QMMM:    25       25      H        4.7590   -0.5450    1.8620
  QMMM:    26       26      H       -0.8450    2.8010   -1.1960
  QMMM:    27       27      H        1.3270    3.0990   -2.3480
  QMMM:    28       28      H       -1.2440   -0.5770   -1.3960
  QMMM:    29       29      H       -3.8260    0.5880    1.8840
  QMMM:    30       30      H       -2.9510   -2.1400   -2.1690
  QMMM:    31       31      H       -5.5230   -0.9970    1.0790
  QMMM:    32       32      H       -5.0980   -2.3660   -0.9460
  QMMM:    33       33      H        4.0360   -3.4320    0.1260

--------------------------------------------------------------------------------
  RESULTS
--------------------------------------------------------------------------------

      iter         sqm energy              rms gradient
      ----    -------------------    -----------------------
xmin    10      -78.1676 kcal/mol        0.9233 kcal/(mol*A)
xmin    20      -78.4353 kcal/mol        0.5077 kcal/(mol*A)
xmin    30      -78.5862 kcal/mol        0.3546 kcal/(mol*A)
xmin    40      -78.9819 kcal/mol        0.8697 kcal/(mol*A)
xmin    50      -79.2333 kcal/mol        1.0164 kcal/(mol*A)
xmin    60      -79.4501 kcal/mol        0.1887 kcal/(mol*A)
xmin    70      -79.5168 kcal/mol        0.0490 kcal/(mol*A)
xmin    80      -79.5441 kcal/mol        0.0670 kcal/(mol*A)
xmin    90      -79.5468 kcal/mol        0.0230 kcal/(mol*A)
xmin   100      -79.5500 kcal/mol        0.1685 kcal/(mol*A)
xmin   110      -79.5580 kcal/mol        0.0475 kcal/(mol*A)
xmin   120      -79.5608 kcal/mol        0.0552 kcal/(mol*A)
xmin   130      -79.6186 kcal/mol        0.3204 kcal/(mol*A)
xmin   140      -79.6863 kcal/mol        0.3137 kcal/(mol*A)
xmin   150      -79.8000 kcal/mol        0.2709 kcal/(mol*A)
xmin   160      -79.8555 kcal/mol        0.1164 kcal/(mol*A)
xmin   170      -79.9396 kcal/mol        0.5414 kcal/(mol*A)
xmin   180      -80.0442 kcal/mol        0.2168 kcal/(mol*A)
xmin   190      -80.1095 kcal/mol        0.1519 kcal/(mol*A)
xmin   200      -80.1229 kcal/mol        0.3777 kcal/(mol*A)
xmin   210      -80.1700 kcal/mol        0.2371 kcal/(mol*A)
xmin   220      -80.1897 kcal/mol        0.1147 kcal/(mol*A)
xmin   230      -80.2057 kcal/mol        0.0532 kcal/(mol*A)
xmin   240      -80.2223 kcal/mol        0.0743 kcal/(mol*A)
xmin   250      -80.2320 kcal/mol        0.1714 kcal/(mol*A)
xmin   260      -80.2370 kcal/mol        0.0887 kcal/(mol*A)
xmin   270      -80.2388 kcal/mol        0.0435 kcal/(mol*A)
xmin   280      -80.2401 kcal/mol        0.0467 kcal/(mol*A)
xmin   290      -80.2407 kcal/mol        0.0169 kcal/(mol*A)
xmin   300      -80.2411 kcal/mol        0.0093 kcal/(mol*A)
xmin   310      -80.2416 kcal/mol        0.0170 kcal/(mol*A)
xmin   320      -80.2417 kcal/mol        0.0057 kcal/(mol*A)
xmin   330      -80.2417 kcal/mol        0.0074 kcal/(mol*A)
xmin   340      -80.2418 kcal/mol        0.0107 kcal/(mol*A)
xmin   350      -80.2419 kcal/mol        0.0019 kcal/(mol*A)
xmin   360      -80.2419 kcal/mol        0.0015 kcal/(mol*A)
  ... geometry converged !
 
 Final MO eigenvalues (eV):
 -41.3604  -40.6265  -39.3978  -38.2897  -36.7139  -35.4094  -33.0319  -31.6092
 -31.2255  -30.5557  -26.4063  -25.9816  -23.9674  -23.5997  -23.0963  -21.3963
 -20.3680  -19.1524  -18.2032  -17.8424  -17.4825  -16.7674  -16.5609  -16.3670
 -15.9881  -15.6846  -15.1272  -15.0714  -14.9210  -14.6350  -14.4583  -14.1572
 -14.0445  -13.4498  -13.3319  -13.1218  -12.9594  -12.6171  -12.5580  -12.5090
 -12.2626  -11.9949  -11.5409  -10.6781  -10.0537   -9.9195   -9.8220   -9.7848
  -0.5133    0.0295    0.1368    0.4414    0.9013    1.4749    2.0407    2.5284
   2.8394    2.9220    3.1927    3.4018    3.6711    3.7181    3.7462    3.8332
   3.9298    3.9578    3.9969    4.0260    4.1336    4.1581    4.2525    4.3434
   4.3715    4.4606    4.6016    4.6182    4.7558    4.8649    4.9832    5.0791
   5.1062    5.1928    5.2524    5.3539    5.4472    5.5271    5.6418    5.9147
   6.5016    6.5191

 Heat of formation   =        -80.24192541 kcal/mol  (       -3.47955099 eV)

 Total SCF energy    =     -73848.81046717 kcal/mol  (    -3202.32472430 eV)
 Electronic energy   =    -464284.28893520 kcal/mol  (   -20132.87753936 eV)
 Core-core repulsion =     390435.47846803 kcal/mol  (    16930.55281506 eV)
 
    Atomic Charges for Step       1 :
  Atom    Element       Mulliken Charge
     1      O                 -0.315
     2      O                 -0.293
     3      O                 -0.361
     4      C                 -0.052
     5      C                 -0.102
     6      C                 -0.074
     7      C                 -0.146
     8      C                 -0.092
     9      C                 -0.210
    10      C                 -0.071
    11      C                 -0.145
    12      C                  0.309
    13      C                  0.310
    14      C                 -0.152
    15      C                 -0.084
    16      C                 -0.078
    17      C                 -0.137
    18      C                 -0.145
    19      C                 -0.103
    20      H                  0.127
    21      H                  0.162
    22      H                  0.137
    23      H                  0.094
    24      H                  0.097
    25      H                  0.086
    26      H                  0.154
    27      H                  0.140
    28      H                  0.143
    29      H                  0.150
    30      H                  0.139
    31      H                  0.136
    32      H                  0.134
    33      H                  0.243
 Total Mulliken Charge =       0.000
 
                  X        Y        Z     TOTAL  
  QM DIPOLE     2.500   -1.369   -0.372    2.874
 
 Final Structure

  QMMM: QM Region Cartesian Coordinates (*=link atom) 
  QMMM: QM_NO.   MM_NO.  ATOM         X         Y         Z
  QMMM:     1        1      O        3.5636   -2.2092   -1.2223
  QMMM:     2        2      O       -2.2233    2.6259    0.2828
  QMMM:     3        3      O        1.6167   -2.3888   -0.1901
  QMMM:     4        4      C        3.0266   -0.3904    0.2539
  QMMM:     5        5      C        2.0835    0.6886   -0.1778
  QMMM:     6        6      C        0.7160    0.5957    0.1061
  QMMM:     7        7      C       -0.1522    1.6247   -0.2696
  QMMM:     8        8      C        2.5764    1.8102   -0.8542
  QMMM:     9        9      C        3.0557   -0.5345    1.7653
  QMMM:    10       10      C        0.3532    2.7526   -0.9320
  QMMM:    11       11      C        1.7111    2.8369   -1.2297
  QMMM:    12       12      C       -1.5976    1.5803    0.0543
  QMMM:    13       13      C        2.6319   -1.7092   -0.3622
  QMMM:    14       14      C       -2.2695    0.2640    0.0994
  QMMM:    15       15      C       -1.8621   -0.7990   -0.7147
  QMMM:    16       16      C       -3.3660    0.0971    0.9577
  QMMM:    17       17      C       -2.5368   -2.0179   -0.6619
  QMMM:    18       18      C       -4.0321   -1.1252    1.0129
  QMMM:    19       19      C       -3.6180   -2.1836    0.2037
  QMMM:    20       20      H        4.0675   -0.1406   -0.1071
  QMMM:    21       21      H        0.3293   -0.3006    0.6222
  QMMM:    22       22      H        3.6493    1.8855   -1.0893
  QMMM:    23       23      H        3.3179    0.4452    2.2315
  QMMM:    24       24      H        2.0572   -0.8599    2.1464
  QMMM:    25       25      H        3.8189   -1.2923    2.0648
  QMMM:    26       26      H       -0.3341    3.5696   -1.2056
  QMMM:    27       27      H        2.1035    3.7187   -1.7577
  QMMM:    28       28      H       -1.0080   -0.6744   -1.3988
  QMMM:    29       29      H       -3.6960    0.9443    1.5800
  QMMM:    30       30      H       -2.2088   -2.8510   -1.3011
  QMMM:    31       31      H       -4.8873   -1.2527    1.6927
  QMMM:    32       32      H       -4.1448   -3.1485    0.2471
  QMMM:    33       33      H        3.2562   -3.0573   -1.5827

           --------- Calculation Completed ----------

