            --------------------------------------------------------
                             AMBER SQM VERSION 19
 
                                     By
              Ross C. Walker, Michael F. Crowley, Scott Brozell,
                         Tim Giese, Andreas W. Goetz,
                        Tai-Sung Lee and David A. Case
 
            --------------------------------------------------------
 

--------------------------------------------------------------------------------
  QM CALCULATION INFO
--------------------------------------------------------------------------------

| QMMM: Citation for AMBER QMMM Run:
| QMMM: R.C. Walker, M.F. Crowley and D.A. Case, J. COMP. CHEM. 29:1019, 2008

QMMM: SINGLET STATE CALCULATION
QMMM: RHF CALCULATION, NO. OF DOUBLY OCCUPIED LEVELS = 83

| QMMM: *** Selected Hamiltonian *** 
| QMMM: AM1         

| QMMM: *** Parameter sets in use ***
| QMMM: O : M.J.S.DEWAR et al. JACS, 107, 3902, (1985)
| QMMM: C : M.J.S.DEWAR et al. JACS, 107, 3902, (1985)
| QMMM: H : M.J.S.DEWAR et al. JACS, 107, 3902, (1985)

| QMMM: *** SCF convergence criteria ***
| QMMM: Energy change                :  0.1D-09 kcal/mol
| QMMM: Error matrix |FP-PF|         :  0.1D+00 au
| QMMM: Density matrix change        :  0.5D-06
| QMMM: Maximum number of SCF cycles :     1000

| QMMM: *** Diagonalization Routine Information ***
| QMMM: Pseudo diagonalizations are allowed.
| QMMM: Auto diagonalization routine selection is in use.
| QMMM:
| QMMM: Timing diagonalization routines:
| QMMM:                              norbs =      164
| QMMM:    diag iterations used for timing =        5
| QMMM:
| QMMM:              Internal diag routine = 0.049741 seconds
| QMMM:                 Dspev diag routine = 0.048963 seconds
| QMMM:                Dspevd diag routine = 0.022184 seconds
| QMMM:                Dspevx diag routine = 0.095591 seconds
| QMMM:                 Dsyev diag routine = 0.047091 seconds
| QMMM:                Dsyevd diag routine = 0.013908 seconds
| QMMM:                Dsyevr diag routine = 0.019537 seconds
| QMMM:
| QMMM:                Pseudo diag routine = 0.024040 seconds
| QMMM: Pseudo diagonalization appears to be slower than regular
| QMMM: diagonalization. Setting pseudo_diag=0 for optimum performance.
| QMMM:
| QMMM: Using dsyevd routine (diag_routine=6).

  QMMM: QM Region Cartesian Coordinates (*=link atom) 
  QMMM: QM_NO.   MM_NO.  ATOM         X         Y         Z
  QMMM:     1        1      O        7.9590    0.2880    1.3190
  QMMM:     2        2      C       -0.5030    0.2290   -0.8790
  QMMM:     3        3      C        0.2460   -1.0010   -0.3280
  QMMM:     4        4      C        1.7620   -0.9340   -0.5430
  QMMM:     5        5      C        2.3260    0.3500    0.1320
  QMMM:     6        6      C       -1.9550   -0.1990   -0.5550
  QMMM:     7        7      C       -0.0050    1.4570   -0.1050
  QMMM:     8        8      C        3.8850    0.4860   -0.0960
  QMMM:     9        9      C       -0.5260   -2.1840   -0.9030
  QMMM:    10       10      C        1.5180    1.6260   -0.2340
  QMMM:    11       11      C       -1.9880   -1.6990   -0.9330
  QMMM:    12       12      C        2.4480   -2.1800    0.0350
  QMMM:    13       13      C       -3.0650    0.6040   -1.2170
  QMMM:    14       14      C       -0.3130    0.4520   -2.4010
  QMMM:    15       15      C        4.5890   -0.8600    0.1300
  QMMM:    16       16      C        4.4380    1.5270    0.9230
  QMMM:    17       17      C        3.9270   -2.0280    0.1980
  QMMM:    18       18      C        4.2050    0.9570   -1.5350
  QMMM:    19       19      C        6.0920   -0.8350    0.2870
  QMMM:    20       20      C        5.9630    1.5710    1.0140
  QMMM:    21       21      C       -4.4430    0.0260   -0.8280
  QMMM:    22       22      C        6.5380    0.1940    1.3220
  QMMM:    23       23      C       -2.9380    2.0840   -0.8450
  QMMM:    24       24      C       -4.6870   -0.0150    0.6850
  QMMM:    25       25      C       -6.0730   -0.5790    1.0800
  QMMM:    26       26      C       -7.2650    0.1090    0.3560
  QMMM:    27       27      C       -6.1960   -0.5520    2.6110
  QMMM:    28       28      C       -8.6100   -0.5180    0.7430
  QMMM:    29       29      C       -7.3280    1.6250    0.5660
  QMMM:    30       30      H        0.0880   -1.0380    0.7630
  QMMM:    31       31      H        1.9750   -0.9070   -1.6170
  QMMM:    32       32      H        2.1720    0.2110    1.2140
  QMMM:    33       33      H       -2.0560   -0.1290    0.5360
  QMMM:    34       34      H       -0.2590    1.3660    0.9590
  QMMM:    35       35      H       -0.4490    2.3890   -0.4540
  QMMM:    36       36      H       -0.4180   -3.0820   -0.2870
  QMMM:    37       37      H       -0.1860   -2.4330   -1.9140
  QMMM:    38       38      H        1.7420    1.9420   -1.2580
  QMMM:    39       39      H        1.8230    2.4540    0.4150
  QMMM:    40       40      H       -2.4050   -1.8670   -1.9320
  QMMM:    41       41      H       -2.5970   -2.2660   -0.2210
  QMMM:    42       42      H        2.2540   -3.0340   -0.6250
  QMMM:    43       43      H        2.0260   -2.4350    1.0150
  QMMM:    44       44      H       -2.9980    0.5260   -2.3100
  QMMM:    45       45      H       -0.7950    1.3760   -2.7340
  QMMM:    46       46      H        0.7390    0.5370   -2.6840
  QMMM:    47       47      H       -0.7320   -0.3640   -2.9970
  QMMM:    48       48      H        4.0480    1.3030    1.9250
  QMMM:    49       49      H        4.0810    2.5330    0.6720
  QMMM:    50       50      H        4.4780   -2.9470    0.3820
  QMMM:    51       51      H        3.7400    0.3110   -2.2870
  QMMM:    52       52      H        3.8610    1.9800   -1.7120
  QMMM:    53       53      H        5.2800    0.9590   -1.7430
  QMMM:    54       54      H        6.4840   -1.8190    0.5750
  QMMM:    55       55      H        6.5600   -0.6190   -0.6820
  QMMM:    56       56      H        6.3940    1.9630    0.0840
  QMMM:    57       57      H        6.2670    2.2790    1.7950
  QMMM:    58       58      H       -5.2020    0.6440   -1.3200
  QMMM:    59       59      H       -4.5630   -0.9820   -1.2420
  QMMM:    60       60      H        6.2250   -0.1190    2.3260
  QMMM:    61       61      H       -3.8860    2.6020   -1.0340
  QMMM:    62       62      H       -2.2050    2.5980   -1.4700
  QMMM:    63       63      H       -2.6990    2.2350    0.2120
  QMMM:    64       64      H       -3.9410   -0.6530    1.1710
  QMMM:    65       65      H       -4.5650    0.9870    1.1120
  QMMM:    66       66      H       -6.0840   -1.6370    0.7800
  QMMM:    67       67      H        8.3110   -0.5960    1.5210
  QMMM:    68       68      H       -7.1550   -0.0700   -0.7200
  QMMM:    69       69      H       -7.1010   -1.0620    2.9520
  QMMM:    70       70      H       -6.2100    0.4720    2.9980
  QMMM:    71       71      H       -5.3470   -1.0680    3.0740
  QMMM:    72       72      H       -8.5790   -1.6070    0.6350
  QMMM:    73       73      H       -9.4070   -0.1440    0.0910
  QMMM:    74       74      H       -8.8920   -0.2790    1.7730
  QMMM:    75       75      H       -8.1640    2.0540    0.0020
  QMMM:    76       76      H       -7.4770    1.8810    1.6200
  QMMM:    77       77      H       -6.4180    2.1220    0.2200

--------------------------------------------------------------------------------
  RESULTS
--------------------------------------------------------------------------------

      iter         sqm energy              rms gradient
      ----    -------------------    -----------------------
xmin    10     -136.1165 kcal/mol        0.3408 kcal/(mol*A)
xmin    20     -136.4700 kcal/mol        0.1782 kcal/(mol*A)
xmin    30     -136.5148 kcal/mol        0.0500 kcal/(mol*A)
xmin    40     -136.6972 kcal/mol        0.2051 kcal/(mol*A)
xmin    50     -136.9585 kcal/mol        0.1442 kcal/(mol*A)
xmin    60     -137.0142 kcal/mol        0.0960 kcal/(mol*A)
xmin    70     -137.0629 kcal/mol        0.0701 kcal/(mol*A)
xmin    80     -137.1021 kcal/mol        0.0815 kcal/(mol*A)
xmin    90     -137.1426 kcal/mol        0.0255 kcal/(mol*A)
xmin   100     -137.1493 kcal/mol        0.0353 kcal/(mol*A)
xmin   110     -137.1644 kcal/mol        0.0280 kcal/(mol*A)
xmin   120     -137.1672 kcal/mol        0.1060 kcal/(mol*A)
xmin   130     -137.1754 kcal/mol        0.0140 kcal/(mol*A)
xmin   140     -137.1763 kcal/mol        0.0068 kcal/(mol*A)
xmin   150     -137.1765 kcal/mol        0.0021 kcal/(mol*A)
xmin   160     -137.1765 kcal/mol        0.0006 kcal/(mol*A)
  ... geometry converged !
 
 Final MO eigenvalues (eV):
 -42.0812  -40.4661  -38.9312  -38.1497  -36.3928  -35.3616  -34.6499  -33.0424
 -32.1692  -31.5019  -30.1608  -29.3446  -28.9988  -27.7732  -27.6405  -27.2289
 -26.8352  -25.2887  -24.3874  -23.5216  -23.1859  -23.0046  -21.7481  -20.7187
 -20.4581  -19.6413  -19.2765  -18.8658  -18.1696  -17.6791  -16.8216  -16.5114
 -16.4197  -16.2205  -15.9422  -15.8669  -15.5408  -15.2891  -15.2067  -15.0099
 -14.8348  -14.5762  -14.4032  -14.2885  -14.0326  -13.9748  -13.8297  -13.7477
 -13.5798  -13.4706  -13.3622  -13.2785  -13.1263  -13.0558  -12.9682  -12.9245
 -12.8727  -12.6720  -12.6471  -12.6160  -12.4699  -12.3749  -12.2526  -12.0702
 -12.0620  -11.9170  -11.7772  -11.6898  -11.6239  -11.4616  -11.4022  -11.2822
 -11.2634  -11.1867  -11.0376  -10.9787  -10.9117  -10.8828  -10.7678  -10.7055
 -10.5566  -10.3400   -9.3441    1.1391    3.2550    3.3326    3.4232    3.5214
   3.5461    3.6104    3.6613    3.7735    3.8020    3.8666    3.9022    3.9373
   3.9674    4.0055    4.0438    4.1394    4.1510    4.1626    4.2054    4.2140
   4.2578    4.2910    4.3178    4.3721    4.3996    4.4105    4.4489    4.4709
   4.4971    4.5017    4.5591    4.5812    4.6143    4.6267    4.6283    4.6395
   4.6728    4.7077    4.7298    4.7478    4.7806    4.7877    4.8103    4.8482
   4.8629    4.8876    4.8929    4.9025    4.9332    4.9594    4.9818    5.0008
   5.0096    5.0328    5.0396    5.0538    5.0770    5.0852    5.0992    5.1231
   5.1402    5.1510    5.2025    5.2196    5.2280    5.2658    5.3057    5.3277
   5.3536    5.3820    5.4108    5.4563    5.4767    5.5155    5.5247    5.5570
   5.6488    5.7688    6.0071    6.3473

 Heat of formation   =       -137.17650814 kcal/mol  (       -5.94841976 eV)

 Total SCF energy    =    -105398.87139727 kcal/mol  (    -4570.43802946 eV)
 Electronic energy   =   -1055115.26679110 kcal/mol  (   -45753.23129054 eV)
 Core-core repulsion =     949716.39539383 kcal/mol  (    41182.79326108 eV)
 
    Atomic Charges for Step       1 :
  Atom    Element       Mulliken Charge
     1      O                 -0.328
     2      C                 -0.045
     3      C                 -0.104
     4      C                 -0.086
     5      C                 -0.088
     6      C                 -0.094
     7      C                 -0.144
     8      C                 -0.004
     9      C                 -0.153
    10      C                 -0.154
    11      C                 -0.156
    12      C                 -0.125
    13      C                 -0.094
    14      C                 -0.200
    15      C                 -0.097
    16      C                 -0.149
    17      C                 -0.163
    18      C                 -0.201
    19      C                 -0.158
    20      C                 -0.154
    21      C                 -0.155
    22      C                  0.034
    23      C                 -0.208
    24      C                 -0.157
    25      C                 -0.101
    26      C                 -0.104
    27      C                 -0.206
    28      C                 -0.208
    29      C                 -0.206
    30      H                  0.085
    31      H                  0.098
    32      H                  0.087
    33      H                  0.088
    34      H                  0.079
    35      H                  0.082
    36      H                  0.080
    37      H                  0.082
    38      H                  0.084
    39      H                  0.077
    40      H                  0.081
    41      H                  0.080
    42      H                  0.088
    43      H                  0.089
    44      H                  0.087
    45      H                  0.074
    46      H                  0.076
    47      H                  0.075
    48      H                  0.083
    49      H                  0.085
    50      H                  0.119
    51      H                  0.078
    52      H                  0.074
    53      H                  0.078
    54      H                  0.079
    55      H                  0.102
    56      H                  0.096
    57      H                  0.093
    58      H                  0.078
    59      H                  0.078
    60      H                  0.075
    61      H                  0.073
    62      H                  0.072
    63      H                  0.074
    64      H                  0.080
    65      H                  0.084
    66      H                  0.085
    67      H                  0.197
    68      H                  0.085
    69      H                  0.074
    70      H                  0.074
    71      H                  0.070
    72      H                  0.071
    73      H                  0.072
    74      H                  0.073
    75      H                  0.070
    76      H                  0.074
    77      H                  0.073
 Total Mulliken Charge =      -0.000
 
                  X        Y        Z     TOTAL  
  QM DIPOLE    -1.156   -0.992    0.124    1.529
 
 Final Structure

  QMMM: QM Region Cartesian Coordinates (*=link atom) 
  QMMM: QM_NO.   MM_NO.  ATOM         X         Y         Z
  QMMM:     1        1      O        7.9842    0.5723    1.0143
  QMMM:     2        2      C       -0.4489    0.1346   -0.7428
  QMMM:     3        3      C        0.3326   -1.0470   -0.1151
  QMMM:     4        4      C        1.8166   -0.9799   -0.4086
  QMMM:     5        5      C        2.3695    0.3243    0.1834
  QMMM:     6        6      C       -1.9049   -0.2795   -0.4147
  QMMM:     7        7      C        0.0585    1.3937   -0.0572
  QMMM:     8        8      C        3.8752    0.4924   -0.1259
  QMMM:     9        9      C       -0.4480   -2.2810   -0.5430
  QMMM:    10       10      C        1.5596    1.5426   -0.2468
  QMMM:    11       11      C       -1.9026   -1.8099   -0.6098
  QMMM:    12       12      C        2.5293   -2.1738    0.2098
  QMMM:    13       13      C       -3.0130    0.3937   -1.2124
  QMMM:    14       14      C       -0.2609    0.2314   -2.2467
  QMMM:    15       15      C        4.6107   -0.7982    0.1391
  QMMM:    16       16      C        4.4249    1.5909    0.7983
  QMMM:    17       17      C        3.9928   -1.9806    0.2783
  QMMM:    18       18      C        4.0987    0.8966   -1.5807
  QMMM:    19       19      C        6.0986   -0.7243    0.2018
  QMMM:    20       20      C        5.9302    1.7147    0.7523
  QMMM:    21       21      C       -4.3813   -0.1953   -0.8789
  QMMM:    22       22      C        6.5779    0.3891    1.1296
  QMMM:    23       23      C       -3.0254    1.8964   -1.0114
  QMMM:    24       24      C       -4.7923   -0.0194    0.5677
  QMMM:    25       25      C       -6.2310   -0.4626    0.8119
  QMMM:    26       26      C       -7.2291    0.6265    0.4089
  QMMM:    27       27      C       -6.4015   -0.8896    2.2552
  QMMM:    28       28      C       -8.5859    0.0257    0.0997
  QMMM:    29       29      C       -7.3677    1.7120    1.4552
  QMMM:    30       30      H        0.2172   -0.9603    1.0069
  QMMM:    31       31      H        1.9915   -0.9971   -1.5183
  QMMM:    32       32      H        2.2716    0.2356    1.3051
  QMMM:    33       33      H       -2.0791   -0.0533    0.6744
  QMMM:    34       34      H       -0.1847    1.3482    1.0367
  QMMM:    35       35      H       -0.4520    2.2988   -0.4771
  QMMM:    36       36      H       -0.3189   -3.1148    0.1887
  QMMM:    37       37      H       -0.1006   -2.6464   -1.5411
  QMMM:    38       38      H        1.7598    1.7704   -1.3268
  QMMM:    39       39      H        1.9019    2.4302    0.3491
  QMMM:    40       40      H       -2.3464   -2.0795   -1.6003
  QMMM:    41       41      H       -2.5190   -2.2962    0.1852
  QMMM:    42       42      H        2.2920   -3.0932   -0.3906
  QMMM:    43       43      H        2.1409   -2.3527    1.2507
  QMMM:    44       44      H       -2.8344    0.1881   -2.3080
  QMMM:    45       45      H       -0.8031    1.1237   -2.6444
  QMMM:    46       46      H        0.8169    0.3351   -2.5184
  QMMM:    47       47      H       -0.6611   -0.6841   -2.7466
  QMMM:    48       48      H        4.1058    1.3734    1.8519
  QMMM:    49       49      H        3.9743    2.5750    0.5039
  QMMM:    50       50      H        4.5734   -2.8984    0.4704
  QMMM:    51       51      H        3.4917    0.2572   -2.2649
  QMMM:    52       52      H        3.8113    1.9644   -1.7380
  QMMM:    53       53      H        5.1752    0.7867   -1.8569
  QMMM:    54       54      H        6.5270   -1.7012    0.5521
  QMMM:    55       55      H        6.5060   -0.5369   -0.8291
  QMMM:    56       56      H        6.2706    2.0141   -0.2728
  QMMM:    57       57      H        6.2717    2.5085    1.4657
  QMMM:    58       58      H       -5.1428    0.2923   -1.5451
  QMMM:    59       59      H       -4.3815   -1.2898   -1.1284
  QMMM:    60       60      H        6.3271    0.1281    2.1969
  QMMM:    61       61      H       -4.0082    2.3237   -1.3271
  QMMM:    62       62      H       -2.2249    2.3801   -1.6221
  QMMM:    63       63      H       -2.8550    2.1576    0.0611
  QMMM:    64       64      H       -4.1075   -0.6279    1.2175
  QMMM:    65       65      H       -4.6714    1.0535    0.8708
  QMMM:    66       66      H       -6.4331   -1.3618    0.1603
  QMMM:    67       67      H        8.3915   -0.2806    1.2039
  QMMM:    68       68      H       -6.8417    1.1060   -0.5367
  QMMM:    69       69      H       -7.4715   -1.1255    2.4701
  QMMM:    70       70      H       -6.0701   -0.0796    2.9491
  QMMM:    71       71      H       -5.7897   -1.8010    2.4620
  QMMM:    72       72      H       -8.5069   -0.7117   -0.7349
  QMMM:    73       73      H       -9.3014    0.8280   -0.2028
  QMMM:    74       74      H       -9.0011   -0.4970    0.9948
  QMMM:    75       75      H       -7.9792    2.5553    1.0519
  QMMM:    76       76      H       -7.8740    1.3189    2.3698
  QMMM:    77       77      H       -6.3660    2.1085    1.7481

           --------- Calculation Completed ----------

