            --------------------------------------------------------
                             AMBER SQM VERSION 19
 
                                     By
              Ross C. Walker, Michael F. Crowley, Scott Brozell,
                         Tim Giese, Andreas W. Goetz,
                        Tai-Sung Lee and David A. Case
 
            --------------------------------------------------------
 

--------------------------------------------------------------------------------
  QM CALCULATION INFO
--------------------------------------------------------------------------------

| QMMM: Citation for AMBER QMMM Run:
| QMMM: R.C. Walker, M.F. Crowley and D.A. Case, J. COMP. CHEM. 29:1019, 2008

QMMM: SINGLET STATE CALCULATION
QMMM: RHF CALCULATION, NO. OF DOUBLY OCCUPIED LEVELS = 25

| QMMM: *** Selected Hamiltonian *** 
| QMMM: AM1         

| QMMM: *** Parameter sets in use ***
| QMMM: N : M.J.S.DEWAR et al. JACS, 107, 3902, (1985)
| QMMM: C : M.J.S.DEWAR et al. JACS, 107, 3902, (1985)
| QMMM: H : M.J.S.DEWAR et al. JACS, 107, 3902, (1985)

| QMMM: *** SCF convergence criteria ***
| QMMM: Energy change                :  0.1D-09 kcal/mol
| QMMM: Error matrix |FP-PF|         :  0.1D+00 au
| QMMM: Density matrix change        :  0.5D-06
| QMMM: Maximum number of SCF cycles :     1000

| QMMM: *** Diagonalization Routine Information ***
| QMMM: Pseudo diagonalizations are allowed.
| QMMM: Auto diagonalization routine selection is in use.
| QMMM:
| QMMM: Timing diagonalization routines:
| QMMM:                              norbs =       45
| QMMM:    diag iterations used for timing =       20
| QMMM:
| QMMM:              Internal diag routine = 0.008574 seconds
| QMMM:                 Dspev diag routine = 0.010277 seconds
| QMMM:                Dspevd diag routine = 0.006934 seconds
| QMMM:                Dspevx diag routine = 0.025040 seconds
| QMMM:                 Dsyev diag routine = 0.006992 seconds
| QMMM:                Dsyevd diag routine = 0.005649 seconds
| QMMM:                Dsyevr diag routine = 0.006884 seconds
| QMMM:
| QMMM:                Pseudo diag routine = 0.001923 seconds
| QMMM:
| QMMM: Using dsyevd routine (diag_routine=6).

  QMMM: QM Region Cartesian Coordinates (*=link atom) 
  QMMM: QM_NO.   MM_NO.  ATOM         X         Y         Z
  QMMM:     1        1      N       -1.1990   -1.4000    0.0000
  QMMM:     2        2      N       -2.0750    0.6500    0.0000
  QMMM:     3        3      N        0.0340    1.8590   -0.0000
  QMMM:     4        4      N        2.0000    0.4150    0.0000
  QMMM:     5        5      N        1.8240   -1.9760    0.0000
  QMMM:     6        6      C       -0.1360   -0.5420    0.0000
  QMMM:     7        7      C       -0.7060    0.7240    0.0000
  QMMM:     8        8      C        1.2360   -0.7000    0.0000
  QMMM:     9        9      C       -2.3390   -0.6390    0.0000
  QMMM:    10       10      C        1.3610    1.6090    0.0000
  QMMM:    11       11      H       -1.1570   -2.4100   -0.0000
  QMMM:    12       12      H       -3.3220   -1.0860   -0.0000
  QMMM:    13       13      H        2.0030    2.4830   -0.0000
  QMMM:    14       14      H        2.8320   -2.0530    0.0000
  QMMM:    15       15      H        1.2500   -2.8080    0.0000

--------------------------------------------------------------------------------
  RESULTS
--------------------------------------------------------------------------------

      iter         sqm energy              rms gradient
      ----    -------------------    -----------------------
xmin    10       94.3702 kcal/mol        0.3048 kcal/(mol*A)
xmin    20       94.3475 kcal/mol        0.6533 kcal/(mol*A)
xmin    30       93.8912 kcal/mol        1.7564 kcal/(mol*A)
xmin    40       93.4713 kcal/mol        1.1233 kcal/(mol*A)
xmin    50       93.4038 kcal/mol        0.1098 kcal/(mol*A)
xmin    60       93.3995 kcal/mol        0.0743 kcal/(mol*A)
xmin    70       93.3989 kcal/mol        0.0287 kcal/(mol*A)
xmin    80       93.3988 kcal/mol        0.0081 kcal/(mol*A)
xmin    90       93.3988 kcal/mol        0.0012 kcal/(mol*A)
  ... geometry converged !
 
 Final MO eigenvalues (eV):
 -41.8660  -38.9144  -36.4468  -33.2457  -32.3531  -29.7154  -24.6190  -24.3280
 -22.4428  -19.9632  -18.8867  -17.9966  -17.2881  -16.2061  -15.5985  -15.5388
 -14.4720  -14.1019  -13.0749  -12.5316  -11.9374  -11.2949  -10.4627  -10.1305
  -9.2223   -0.4288    0.0039    1.1685    1.4029    2.1328    2.5878    2.6746
   3.0169    3.2936    3.5964    3.7112    4.2079    4.5222    4.7862    5.2979
   5.4641    5.6655    5.9247    6.1261    7.0443

 Heat of formation   =         93.39876126 kcal/mol  (        4.05007421 eV)

 Total SCF energy    =     -40169.91618776 kcal/mol  (    -1741.89827795 eV)
 Electronic energy   =    -178376.98128052 kcal/mol  (    -7735.00634320 eV)
 Core-core repulsion =     138207.06509277 kcal/mol  (     5993.10806525 eV)
 
    Atomic Charges for Step       1 :
  Atom    Element       Mulliken Charge
     1      N                 -0.219
     2      N                 -0.119
     3      N                 -0.127
     4      N                 -0.223
     5      N                 -0.316
     6      C                 -0.185
     7      C                  0.025
     8      C                  0.146
     9      C                 -0.020
    10      C                 -0.017
    11      H                  0.260
    12      H                  0.204
    13      H                  0.194
    14      H                  0.207
    15      H                  0.189
 Total Mulliken Charge =       0.000
 
                  X        Y        Z     TOTAL  
  QM DIPOLE     0.026   -5.848    0.783    5.900
 
 Final Structure

  QMMM: QM Region Cartesian Coordinates (*=link atom) 
  QMMM: QM_NO.   MM_NO.  ATOM         X         Y         Z
  QMMM:     1        1      N       -1.2364   -1.4613   -0.0125
  QMMM:     2        2      N       -2.1433    0.6620    0.0197
  QMMM:     3        3      N        0.0692    1.8821    0.0269
  QMMM:     4        4      N        2.0309    0.3973   -0.0088
  QMMM:     5        5      N        1.8257   -2.0080   -0.1327
  QMMM:     6        6      C       -0.1579   -0.5762   -0.0192
  QMMM:     7        7      C       -0.7283    0.7737    0.0124
  QMMM:     8        8      C        1.2612   -0.7281   -0.0268
  QMMM:     9        9      C       -2.3902   -0.6588   -0.0177
  QMMM:    10       10      C        1.3892    1.6034    0.0058
  QMMM:    11       11      H       -1.1881   -2.4253   -0.2096
  QMMM:    12       12      H       -3.3961   -1.1003   -0.0241
  QMMM:    13       13      H        2.0667    2.4848    0.0105
  QMMM:    14       14      H        2.8224   -2.0367   -0.0746
  QMMM:    15       15      H        1.3811   -2.6825    0.4507

           --------- Calculation Completed ----------

