            --------------------------------------------------------
                             AMBER SQM VERSION 19
 
                                     By
              Ross C. Walker, Michael F. Crowley, Scott Brozell,
                         Tim Giese, Andreas W. Goetz,
                        Tai-Sung Lee and David A. Case
 
            --------------------------------------------------------
 

--------------------------------------------------------------------------------
  QM CALCULATION INFO
--------------------------------------------------------------------------------

| QMMM: Citation for AMBER QMMM Run:
| QMMM: R.C. Walker, M.F. Crowley and D.A. Case, J. COMP. CHEM. 29:1019, 2008

QMMM: SINGLET STATE CALCULATION
QMMM: RHF CALCULATION, NO. OF DOUBLY OCCUPIED LEVELS = 80

| QMMM: *** Selected Hamiltonian *** 
| QMMM: AM1         

| QMMM: *** Parameter sets in use ***
| QMMM: O : M.J.S.DEWAR et al. JACS, 107, 3902, (1985)
| QMMM: C : M.J.S.DEWAR et al. JACS, 107, 3902, (1985)
| QMMM: H : M.J.S.DEWAR et al. JACS, 107, 3902, (1985)

| QMMM: *** SCF convergence criteria ***
| QMMM: Energy change                :  0.1D-09 kcal/mol
| QMMM: Error matrix |FP-PF|         :  0.1D+00 au
| QMMM: Density matrix change        :  0.5D-06
| QMMM: Maximum number of SCF cycles :     1000

| QMMM: *** Diagonalization Routine Information ***
| QMMM: Pseudo diagonalizations are allowed.
| QMMM: Auto diagonalization routine selection is in use.
| QMMM:
| QMMM: Timing diagonalization routines:
| QMMM:                              norbs =      158
| QMMM:    diag iterations used for timing =        5
| QMMM:
| QMMM:              Internal diag routine = 0.052112 seconds
| QMMM:                 Dspev diag routine = 0.044133 seconds
| QMMM:                Dspevd diag routine = 0.019742 seconds
| QMMM:                Dspevx diag routine = 0.088450 seconds
| QMMM:                 Dsyev diag routine = 0.042333 seconds
| QMMM:                Dsyevd diag routine = 0.012845 seconds
| QMMM:                Dsyevr diag routine = 0.018184 seconds
| QMMM:
| QMMM:                Pseudo diag routine = 0.021668 seconds
| QMMM: Pseudo diagonalization appears to be slower than regular
| QMMM: diagonalization. Setting pseudo_diag=0 for optimum performance.
| QMMM:
| QMMM: Using dsyevd routine (diag_routine=6).

  QMMM: QM Region Cartesian Coordinates (*=link atom) 
  QMMM: QM_NO.   MM_NO.  ATOM         X         Y         Z
  QMMM:     1        1      O        7.5000    1.5830   -0.3200
  QMMM:     2        2      C       -0.8180   -1.1080   -0.2030
  QMMM:     3        3      C       -0.1190   -0.4370    0.9960
  QMMM:     4        4      C        1.4070   -0.5650    0.9580
  QMMM:     5        5      C        1.9480    0.0600   -0.3610
  QMMM:     6        6      C       -2.2920   -0.8440    0.1890
  QMMM:     7        7      C       -0.3510   -0.3840   -1.4730
  QMMM:     8        8      C        3.5190   -0.0820   -0.4670
  QMMM:     9        9      C       -0.8720   -0.9820    2.2060
  QMMM:    10       10      C        1.1800   -0.4330   -1.6190
  QMMM:    11       11      C       -2.3230   -1.1290    1.7090
  QMMM:    12       12      C        2.0420    0.1300    2.1710
  QMMM:    13       13      C       -3.3510   -1.6210   -0.5810
  QMMM:    14       14      C       -0.5360   -2.6260   -0.3280
  QMMM:    15       15      C        4.1900    0.2690    0.8690
  QMMM:    16       16      C        4.0250    0.9000   -1.5650
  QMMM:    17       17      C        3.5100    0.3710    2.0240
  QMMM:    18       18      C        3.9300   -1.5260   -0.8430
  QMMM:    19       19      C        5.6820    0.5130    0.8480
  QMMM:    20       20      C        5.5420    1.0790   -1.6010
  QMMM:    21       21      C       -4.7870   -1.2760   -0.1340
  QMMM:    22       22      C        6.0800    1.5070   -0.2400
  QMMM:    23       23      C       -3.2110   -1.3510   -2.0840
  QMMM:    24       24      C       -5.1860    0.2030   -0.2340
  QMMM:    25       25      C       -6.5950    0.4920    0.2930
  QMMM:    26       26      C       -7.0210    1.9640    0.1270
  QMMM:    27       27      C       -6.9610    2.4320   -1.3280
  QMMM:    28       28      C       -6.1320    2.8610    0.9920
  QMMM:    29       29      H       -0.3420    0.6430    0.9620
  QMMM:    30       30      H        1.6830   -1.6250    1.0010
  QMMM:    31       31      H        1.7290    1.1380   -0.2920
  QMMM:    32       32      H       -2.4680    0.2320    0.0540
  QMMM:    33       33      H       -0.6680    0.6670   -1.4520
  QMMM:    34       34      H       -0.7590   -0.8150   -2.3870
  QMMM:    35       35      H       -0.8130   -0.3060    3.0650
  QMMM:    36       36      H       -0.4760   -1.9540    2.5210
  QMMM:    37       37      H        1.4680   -1.4580   -1.8670
  QMMM:    38       38      H        1.4580    0.1810   -2.4830
  QMMM:    39       39      H       -2.6870   -2.1380    1.9350
  QMMM:    40       40      H       -2.9830   -0.4200    2.2200
  QMMM:    41       41      H        1.8750   -0.4860    3.0640
  QMMM:    42       42      H        1.5600    1.0970    2.3600
  QMMM:    43       43      H       -3.2280   -2.6990   -0.4180
  QMMM:    44       44      H       -0.9840   -3.0470   -1.2330
  QMMM:    45       45      H        0.5320   -2.8510   -0.3830
  QMMM:    46       46      H       -0.9300   -3.1940    0.5200
  QMMM:    47       47      H        3.5740    1.8900   -1.4090
  QMMM:    48       48      H        3.6970    0.5660   -2.5570
  QMMM:    49       49      H        4.0370    0.6440    2.9340
  QMMM:    50       50      H        3.6100   -1.7870   -1.8570
  QMMM:    51       51      H        5.0150   -1.6690   -0.8220
  QMMM:    52       52      H        3.5010   -2.2630   -0.1550
  QMMM:    53       53      H        6.0430    0.8850    1.8160
  QMMM:    54       54      H        6.2090   -0.4370    0.6980
  QMMM:    55       55      H        6.0330    0.1540   -1.9290
  QMMM:    56       56      H        5.8090    1.8310   -2.3530
  QMMM:    57       57      H       -5.4970   -1.8730   -0.7220
  QMMM:    58       58      H       -4.9220   -1.6030    0.9040
  QMMM:    59       59      H        5.7050    2.5080    0.0050
  QMMM:    60       60      H       -3.0370   -0.2940   -2.3070
  QMMM:    61       61      H       -4.1280   -1.6410   -2.6110
  QMMM:    62       62      H       -2.4270   -1.9620   -2.5340
  QMMM:    63       63      H       -4.4750    0.8060    0.3360
  QMMM:    64       64      H       -5.1070    0.5080   -1.2820
  QMMM:    65       65      H        7.8280    1.8600    0.5520
  QMMM:    66       66      H       -6.6570    0.2080    1.3510
  QMMM:    67       67      H       -7.3120   -0.1420   -0.2430
  QMMM:    68       68      H       -8.0560    2.0550    0.4800
  QMMM:    69       69      H       -7.5100    1.7460   -1.9820
  QMMM:    70       70      H       -7.4210    3.4220   -1.4250
  QMMM:    71       71      H       -5.9350    2.5170   -1.6990
  QMMM:    72       72      H       -6.1070    2.5090    2.0290
  QMMM:    73       73      H       -6.5260    3.8840    1.0010
  QMMM:    74       74      H       -5.1040    2.9160    0.6210

--------------------------------------------------------------------------------
  RESULTS
--------------------------------------------------------------------------------

      iter         sqm energy              rms gradient
      ----    -------------------    -----------------------
xmin    10     -133.7510 kcal/mol        0.3453 kcal/(mol*A)
xmin    20     -133.8572 kcal/mol        0.0334 kcal/(mol*A)
xmin    30     -133.8619 kcal/mol        0.0036 kcal/(mol*A)
  ... geometry converged !
 
 Final MO eigenvalues (eV):
 -42.0780  -40.4501  -38.5948  -37.8494  -36.3164  -35.3605  -34.6674  -33.0229
 -31.7686  -31.2584  -29.9349  -29.2851  -27.7779  -27.6860  -27.2512  -26.8821
 -26.7240  -24.3964  -24.0842  -23.3124  -23.0067  -21.7478  -20.7186  -20.4579
 -19.9763  -19.3195  -18.8793  -18.1688  -17.6748  -16.7689  -16.4500  -16.3903
 -16.1670  -15.9690  -15.8347  -15.5933  -15.3321  -15.1934  -14.8815  -14.7370
 -14.5768  -14.4479  -14.2284  -14.0373  -13.8921  -13.8288  -13.6778  -13.4678
 -13.4270  -13.3320  -13.0977  -13.0324  -13.0017  -12.8928  -12.8554  -12.7539
 -12.6557  -12.5708  -12.3540  -12.3300  -12.1103  -12.0569  -11.9263  -11.8385
 -11.7919  -11.6996  -11.5344  -11.4200  -11.3928  -11.2883  -11.1969  -11.0013
 -10.9849  -10.9824  -10.9075  -10.7849  -10.7242  -10.5543  -10.3385   -9.3438
   1.1394    3.2563    3.3332    3.4251    3.5298    3.5469    3.6101    3.7415
   3.7892    3.8331    3.8580    3.8986    3.9428    3.9692    4.0424    4.0465
   4.1411    4.1491    4.1611    4.1889    4.2127    4.2589    4.2893    4.3266
   4.3680    4.4134    4.4664    4.4741    4.5028    4.5559    4.5729    4.5890
   4.6166    4.6291    4.6580    4.6772    4.6912    4.7097    4.7388    4.7508
   4.7793    4.8017    4.8141    4.8582    4.8634    4.8795    4.9021    4.9132
   4.9508    4.9625    4.9936    5.0148    5.0323    5.0393    5.0529    5.0706
   5.0754    5.1158    5.1238    5.1568    5.1863    5.2216    5.2378    5.2571
   5.3038    5.3224    5.3370    5.3544    5.3883    5.4116    5.4305    5.4919
   5.5172    5.5504    5.6492    5.7691    6.0074    6.3474

 Heat of formation   =       -133.86204145 kcal/mol  (       -5.80469370 eV)

 Total SCF energy    =    -101808.70389905 kcal/mol  (    -4414.75668440 eV)
 Electronic energy   =   -1003266.72348031 kcal/mol  (   -43504.90973853 eV)
 Core-core repulsion =     901458.01958127 kcal/mol  (    39090.15305413 eV)
 
    Atomic Charges for Step       1 :
  Atom    Element       Mulliken Charge
     1      O                 -0.328
     2      C                 -0.045
     3      C                 -0.104
     4      C                 -0.086
     5      C                 -0.088
     6      C                 -0.094
     7      C                 -0.144
     8      C                 -0.004
     9      C                 -0.153
    10      C                 -0.154
    11      C                 -0.156
    12      C                 -0.125
    13      C                 -0.094
    14      C                 -0.200
    15      C                 -0.097
    16      C                 -0.149
    17      C                 -0.163
    18      C                 -0.201
    19      C                 -0.158
    20      C                 -0.154
    21      C                 -0.155
    22      C                  0.034
    23      C                 -0.208
    24      C                 -0.159
    25      C                 -0.152
    26      C                 -0.105
    27      C                 -0.207
    28      C                 -0.207
    29      H                  0.085
    30      H                  0.098
    31      H                  0.087
    32      H                  0.088
    33      H                  0.079
    34      H                  0.082
    35      H                  0.080
    36      H                  0.082
    37      H                  0.084
    38      H                  0.077
    39      H                  0.081
    40      H                  0.080
    41      H                  0.088
    42      H                  0.089
    43      H                  0.086
    44      H                  0.074
    45      H                  0.076
    46      H                  0.075
    47      H                  0.083
    48      H                  0.085
    49      H                  0.119
    50      H                  0.074
    51      H                  0.078
    52      H                  0.078
    53      H                  0.079
    54      H                  0.102
    55      H                  0.096
    56      H                  0.093
    57      H                  0.077
    58      H                  0.078
    59      H                  0.075
    60      H                  0.074
    61      H                  0.073
    62      H                  0.072
    63      H                  0.082
    64      H                  0.083
    65      H                  0.197
    66      H                  0.077
    67      H                  0.076
    68      H                  0.081
    69      H                  0.073
    70      H                  0.071
    71      H                  0.074
    72      H                  0.072
    73      H                  0.071
    74      H                  0.074
 Total Mulliken Charge =       0.000
 
                  X        Y        Z     TOTAL  
  QM DIPOLE    -1.185    0.063    0.965    1.530
 
 Final Structure

  QMMM: QM Region Cartesian Coordinates (*=link atom) 
  QMMM: QM_NO.   MM_NO.  ATOM         X         Y         Z
  QMMM:     1        1      O        7.5897    1.2379   -0.3892
  QMMM:     2        2      C       -0.7610   -0.9160   -0.2386
  QMMM:     3        3      C       -0.0465   -0.2695    0.9749
  QMMM:     4        4      C        1.4510   -0.4923    0.9506
  QMMM:     5        5      C        2.0151    0.1436   -0.3279
  QMMM:     6        6      C       -2.2429   -0.6627    0.1340
  QMMM:     7        7      C       -0.2482   -0.1890   -1.4720
  QMMM:     8        8      C        3.5382   -0.0930   -0.4528
  QMMM:     9        9      C       -0.8434   -0.7511    2.1783
  QMMM:    10       10      C        1.2641   -0.3062   -1.5764
  QMMM:    11       11      C       -2.2781   -0.8787    1.6612
  QMMM:    12       12      C        2.0969    0.1415    2.1740
  QMMM:    13       13      C       -3.2911   -1.5022   -0.5830
  QMMM:    14       14      C       -0.4991   -2.4079   -0.3490
  QMMM:    15       15      C        4.2205    0.1874    0.8636
  QMMM:    16       16      C        4.0773    0.8716   -1.5214
  QMMM:    17       17      C        3.5608    0.2807    2.0277
  QMMM:    18       18      C        3.8420   -1.5297   -0.8687
  QMMM:    19       19      C        5.7054    0.3202    0.8371
  QMMM:    20       20      C        5.5863    0.8974   -1.5986
  QMMM:    21       21      C       -4.6907   -1.2412   -0.0331
  QMMM:    22       22      C        6.1746    1.2852   -0.2486
  QMMM:    23       23      C       -3.2676   -1.2813   -2.0828
  QMMM:    24       24      C       -5.1727    0.1824   -0.2176
  QMMM:    25       25      C       -6.6148    0.3236    0.2213
  QMMM:    26       26      C       -7.1632    1.7378    0.1073
  QMMM:    27       27      C       -7.1310    2.2431   -1.3192
  QMMM:    28       28      C       -6.4444    2.6991    1.0297
  QMMM:    29       29      H       -0.2120    0.8470    0.8992
  QMMM:    30       30      H        1.6775   -1.5927    0.9589
  QMMM:    31       31      H        1.8621    1.2581   -0.2277
  QMMM:    32       32      H       -2.4614    0.4200   -0.0838
  QMMM:    33       33      H       -0.5438    0.8916   -1.4194
  QMMM:    34       34      H       -0.7103   -0.6186   -2.3983
  QMMM:    35       35      H       -0.7745   -0.0263    3.0252
  QMMM:    36       36      H       -0.4608   -1.7371    2.5414
  QMMM:    37       37      H        1.5218   -1.3722   -1.8120
  QMMM:    38       38      H        1.6049    0.3179   -2.4450
  QMMM:    39       39      H       -2.6831   -1.8924    1.9045
  QMMM:    40       40      H       -2.9456   -0.1200    2.1378
  QMMM:    41       41      H        1.8599   -0.4824    3.0778
  QMMM:    42       42      H        1.6547    1.1605    2.3540
  QMMM:    43       43      H       -3.0669   -2.5909   -0.3855
  QMMM:    44       44      H       -0.9943   -2.8177   -1.2628
  QMMM:    45       45      H        0.5930   -2.6272   -0.4225
  QMMM:    46       46      H       -0.9029   -2.9391    0.5470
  QMMM:    47       47      H        3.7027    1.9060   -1.3003
  QMMM:    48       48      H        3.6715    0.5708   -2.5228
  QMMM:    49       49      H        4.1033    0.4864    2.9657
  QMMM:    50       50      H        3.5953   -1.6848   -1.9469
  QMMM:    51       51      H        4.9264   -1.7572   -0.7285
  QMMM:    52       52      H        3.2483   -2.2506   -0.2576
  QMMM:    53       53      H        6.0867    0.6759    1.8314
  QMMM:    54       54      H        6.1662   -0.6878    0.6493
  QMMM:    55       55      H        5.9834   -0.1064   -1.9006
  QMMM:    56       56      H        5.9181    1.6373   -2.3720
  QMMM:    57       57      H       -5.4047   -1.9395   -0.5473
  QMMM:    58       58      H       -4.7117   -1.4963    1.0596
  QMMM:    59       59      H        5.8663    2.3358    0.0182
  QMMM:    60       60      H       -3.1506   -0.1973   -2.3249
  QMMM:    61       61      H       -4.2169   -1.6462   -2.5452
  QMMM:    62       62      H       -2.4191   -1.8391   -2.5480
  QMMM:    63       63      H       -4.5277    0.8785    0.3812
  QMMM:    64       64      H       -5.0750    0.4772   -1.2956
  QMMM:    65       65      H        7.9614    1.4338    0.4784
  QMMM:    66       66      H       -6.7082   -0.0120    1.2887
  QMMM:    67       67      H       -7.2550   -0.3589   -0.3994
  QMMM:    68       68      H       -8.2442    1.6933    0.4326
  QMMM:    69       69      H       -7.6125    1.5055   -2.0051
  QMMM:    70       70      H       -7.6797    3.2127   -1.3959
  QMMM:    71       71      H       -6.0799    2.4084   -1.6583
  QMMM:    72       72      H       -6.4310    2.3023    2.0731
  QMMM:    73       73      H       -6.9620    3.6888    1.0314
  QMMM:    74       74      H       -5.3902    2.8570    0.6972

           --------- Calculation Completed ----------

