            --------------------------------------------------------
                             AMBER SQM VERSION 19
 
                                     By
              Ross C. Walker, Michael F. Crowley, Scott Brozell,
                         Tim Giese, Andreas W. Goetz,
                        Tai-Sung Lee and David A. Case
 
            --------------------------------------------------------
 

--------------------------------------------------------------------------------
  QM CALCULATION INFO
--------------------------------------------------------------------------------

| QMMM: Citation for AMBER QMMM Run:
| QMMM: R.C. Walker, M.F. Crowley and D.A. Case, J. COMP. CHEM. 29:1019, 2008

QMMM: SINGLET STATE CALCULATION
QMMM: RHF CALCULATION, NO. OF DOUBLY OCCUPIED LEVELS = 27

| QMMM: *** Selected Hamiltonian *** 
| QMMM: AM1         

| QMMM: *** Parameter sets in use ***
| QMMM: O : M.J.S.DEWAR et al. JACS, 107, 3902, (1985)
| QMMM: N : M.J.S.DEWAR et al. JACS, 107, 3902, (1985)
| QMMM: C : M.J.S.DEWAR et al. JACS, 107, 3902, (1985)
| QMMM: H : M.J.S.DEWAR et al. JACS, 107, 3902, (1985)

| QMMM: *** SCF convergence criteria ***
| QMMM: Energy change                :  0.1D-09 kcal/mol
| QMMM: Error matrix |FP-PF|         :  0.1D+00 au
| QMMM: Density matrix change        :  0.5D-06
| QMMM: Maximum number of SCF cycles :     1000

| QMMM: *** Diagonalization Routine Information ***
| QMMM: Pseudo diagonalizations are allowed.
| QMMM: Auto diagonalization routine selection is in use.
| QMMM:
| QMMM: Timing diagonalization routines:
| QMMM:                              norbs =       49
| QMMM:    diag iterations used for timing =       20
| QMMM:
| QMMM:              Internal diag routine = 0.009317 seconds
| QMMM:                 Dspev diag routine = 0.011030 seconds
| QMMM:                Dspevd diag routine = 0.007207 seconds
| QMMM:                Dspevx diag routine = 0.029068 seconds
| QMMM:                 Dsyev diag routine = 0.008475 seconds
| QMMM:                Dsyevd diag routine = 0.006717 seconds
| QMMM:                Dsyevr diag routine = 0.006478 seconds
| QMMM:
| QMMM:                Pseudo diag routine = 0.001762 seconds
| QMMM:
| QMMM: Using dsyevr routine (diag_routine=7).

  QMMM: QM Region Cartesian Coordinates (*=link atom) 
  QMMM: QM_NO.   MM_NO.  ATOM         X         Y         Z
  QMMM:     1        1      O        1.7320    1.0710   -1.2230
  QMMM:     2        2      O        2.2590    0.4780    0.9010
  QMMM:     3        3      N        0.6280   -1.6110    0.9260
  QMMM:     4        4      C       -0.8500   -0.1970   -0.5110
  QMMM:     5        5      C        0.5600   -0.8010   -0.2930
  QMMM:     6        6      C       -1.3280    0.7160    0.6420
  QMMM:     7        7      C       -1.8910   -1.2950   -0.7790
  QMMM:     8        8      C       -2.7050    1.3370    0.4490
  QMMM:     9        9      C        1.5950    0.3010   -0.1120
  QMMM:    10       10      H       -0.8060    0.4240   -1.4170
  QMMM:    11       11      H        0.8580   -1.4200   -1.1470
  QMMM:    12       12      H       -0.6100    1.5340    0.7760
  QMMM:    13       13      H       -1.3470    0.1600    1.5870
  QMMM:    14       14      H       -1.5240   -1.9960   -1.5370
  QMMM:    15       15      H       -2.1190   -1.8650    0.1270
  QMMM:    16       16      H       -2.8260   -0.8740   -1.1630
  QMMM:    17       17      H       -2.7680    1.8590   -0.5120
  QMMM:    18       18      H       -2.9030    2.0650    1.2420
  QMMM:    19       19      H       -3.4980    0.5850    0.4910
  QMMM:    20       20      H        0.4730   -1.0330    1.7500
  QMMM:    21       21      H        1.5630   -2.0060    1.0260
  QMMM:    22       22      H        2.4080    1.7710   -1.1010

--------------------------------------------------------------------------------
  RESULTS
--------------------------------------------------------------------------------

      iter         sqm energy              rms gradient
      ----    -------------------    -----------------------
xmin    10     -121.2022 kcal/mol        0.5676 kcal/(mol*A)
xmin    20     -121.6648 kcal/mol        0.6262 kcal/(mol*A)
xmin    30     -121.8290 kcal/mol        0.2499 kcal/(mol*A)
xmin    40     -121.8950 kcal/mol        0.0746 kcal/(mol*A)
xmin    50     -121.9246 kcal/mol        0.4430 kcal/(mol*A)
xmin    60     -121.9372 kcal/mol        0.1666 kcal/(mol*A)
xmin    70     -121.9397 kcal/mol        0.0251 kcal/(mol*A)
xmin    80     -121.9399 kcal/mol        0.0116 kcal/(mol*A)
xmin    90     -121.9399 kcal/mol        0.0071 kcal/(mol*A)
xmin   100     -121.9400 kcal/mol        0.0015 kcal/(mol*A)
xmin   110     -121.9400 kcal/mol        0.0032 kcal/(mol*A)
  ... geometry converged !
 
 Final MO eigenvalues (eV):
 -41.0520  -38.1948  -36.6539  -34.3803  -30.7780  -27.8554  -24.8084  -22.4067
 -20.5446  -18.9664  -17.8383  -17.6412  -16.3647  -15.8318  -15.3393  -14.9475
 -14.5196  -13.7395  -13.2847  -13.0911  -12.7563  -12.5021  -11.9869  -11.7569
 -11.6172  -11.5575  -10.2796    0.9331    2.0433    3.1196    3.3443    3.4716
   3.7144    3.8788    4.0825    4.2386    4.3291    4.4463    4.4686    4.7445
   4.8403    4.8740    4.8984    5.0728    5.0999    5.1793    5.7031    5.9321
   6.5572

 Heat of formation   =       -121.93999349 kcal/mol  (       -5.28771491 eV)

 Total SCF energy    =     -41436.95820846 kcal/mol  (    -1796.84134289 eV)
 Electronic energy   =    -195646.41724017 kcal/mol  (    -8483.86528078 eV)
 Core-core repulsion =     154209.45903170 kcal/mol  (     6687.02393789 eV)
 
    Atomic Charges for Step       1 :
  Atom    Element       Mulliken Charge
     1      O                 -0.311
     2      O                 -0.373
     3      N                 -0.325
     4      C                 -0.097
     5      C                 -0.009
     6      C                 -0.167
     7      C                 -0.205
     8      C                 -0.210
     9      C                  0.256
    10      H                  0.106
    11      H                  0.131
    12      H                  0.085
    13      H                  0.088
    14      H                  0.076
    15      H                  0.091
    16      H                  0.076
    17      H                  0.074
    18      H                  0.076
    19      H                  0.075
    20      H                  0.159
    21      H                  0.161
    22      H                  0.242
 Total Mulliken Charge =       0.000
 
                  X        Y        Z     TOTAL  
  QM DIPOLE    -0.735    0.152   -0.786    1.086
 
 Final Structure

  QMMM: QM Region Cartesian Coordinates (*=link atom) 
  QMMM: QM_NO.   MM_NO.  ATOM         X         Y         Z
  QMMM:     1        1      O        1.6145    1.0025   -1.4462
  QMMM:     2        2      O        2.1332    0.8918    0.7026
  QMMM:     3        3      N        0.6728   -1.6113    0.9612
  QMMM:     4        4      C       -0.9121   -0.2489   -0.4215
  QMMM:     5        5      C        0.5248   -0.7801   -0.2070
  QMMM:     6        6      C       -1.4075    0.5385    0.7825
  QMMM:     7        7      C       -1.8413   -1.3956   -0.7544
  QMMM:     8        8      C       -2.5122    1.4963    0.4151
  QMMM:     9        9      C        1.4747    0.4154   -0.2274
  QMMM:    10       10      H       -0.8598    0.4438   -1.3106
  QMMM:    11       11      H        0.7947   -1.4139   -1.1074
  QMMM:    12       12      H       -0.5513    1.1169    1.2247
  QMMM:    13       13      H       -1.7759   -0.1699    1.5712
  QMMM:    14       14      H       -1.4747   -1.9445   -1.6551
  QMMM:    15       15      H       -1.9083   -2.1164    0.0957
  QMMM:    16       16      H       -2.8653   -1.0041   -0.9691
  QMMM:    17       17      H       -2.1586    2.2387   -0.3408
  QMMM:    18       18      H       -2.8542    2.0524    1.3215
  QMMM:    19       19      H       -3.3866    0.9491   -0.0133
  QMMM:    20       20      H        0.3299   -1.1493    1.7812
  QMMM:    21       21      H        1.6332   -1.8592    1.0999
  QMMM:    22       22      H        2.2309    1.7510   -1.3807

           --------- Calculation Completed ----------

