            --------------------------------------------------------
                             AMBER SQM VERSION 19
 
                                     By
              Ross C. Walker, Michael F. Crowley, Scott Brozell,
                         Tim Giese, Andreas W. Goetz,
                        Tai-Sung Lee and David A. Case
 
            --------------------------------------------------------
 

--------------------------------------------------------------------------------
  QM CALCULATION INFO
--------------------------------------------------------------------------------

| QMMM: Citation for AMBER QMMM Run:
| QMMM: R.C. Walker, M.F. Crowley and D.A. Case, J. COMP. CHEM. 29:1019, 2008

QMMM: SINGLET STATE CALCULATION
QMMM: RHF CALCULATION, NO. OF DOUBLY OCCUPIED LEVELS = 35

| QMMM: *** Selected Hamiltonian *** 
| QMMM: AM1         

| QMMM: *** Parameter sets in use ***
| QMMM: O : M.J.S.DEWAR et al. JACS, 107, 3902, (1985)
| QMMM: N : M.J.S.DEWAR et al. JACS, 107, 3902, (1985)
| QMMM: C : M.J.S.DEWAR et al. JACS, 107, 3902, (1985)
| QMMM: H : M.J.S.DEWAR et al. JACS, 107, 3902, (1985)

| QMMM: *** SCF convergence criteria ***
| QMMM: Energy change                :  0.1D-09 kcal/mol
| QMMM: Error matrix |FP-PF|         :  0.1D+00 au
| QMMM: Density matrix change        :  0.5D-06
| QMMM: Maximum number of SCF cycles :     1000

| QMMM: *** Diagonalization Routine Information ***
| QMMM: Pseudo diagonalizations are allowed.
| QMMM: Auto diagonalization routine selection is in use.
| QMMM:
| QMMM: Timing diagonalization routines:
| QMMM:                              norbs =       63
| QMMM:    diag iterations used for timing =       15
| QMMM:
| QMMM:              Internal diag routine = 0.010884 seconds
| QMMM:                 Dspev diag routine = 0.012554 seconds
| QMMM:                Dspevd diag routine = 0.007757 seconds
| QMMM:                Dspevx diag routine = 0.037742 seconds
| QMMM:                 Dsyev diag routine = 0.009190 seconds
| QMMM:                Dsyevd diag routine = 0.004969 seconds
| QMMM:                Dsyevr diag routine = 0.007191 seconds
| QMMM:
| QMMM:                Pseudo diag routine = 0.002843 seconds
| QMMM:
| QMMM: Using dsyevd routine (diag_routine=6).

  QMMM: QM Region Cartesian Coordinates (*=link atom) 
  QMMM: QM_NO.   MM_NO.  ATOM         X         Y         Z
  QMMM:     1        1      O       -1.7730   -1.6310   -0.9930
  QMMM:     2        2      O        4.2180   -0.6350   -0.3950
  QMMM:     3        3      O       -3.4800   -1.1580    0.4230
  QMMM:     4        4      N       -3.2390    1.4950   -0.2350
  QMMM:     5        5      C       -1.0490    1.0210    0.7630
  QMMM:     6        6      C       -2.0480    0.6550   -0.3460
  QMMM:     7        7      C        0.3620    0.5770    0.4530
  QMMM:     8        8      C        0.7800   -0.6800    0.8550
  QMMM:     9        9      C        1.2080    1.4370   -0.2280
  QMMM:    10       10      C       -2.5200   -0.7850   -0.2380
  QMMM:    11       11      C        2.0830   -1.0890    0.5690
  QMMM:    12       12      C        2.5100    1.0280   -0.5140
  QMMM:    13       13      C        2.9480   -0.2350   -0.1160
  QMMM:    14       14      H       -1.3630    0.5950    1.7260
  QMMM:    15       15      H       -1.0320    2.1090    0.9190
  QMMM:    16       16      H       -1.6250    0.8140   -1.3450
  QMMM:    17       17      H        0.1160   -1.3510    1.3910
  QMMM:    18       18      H        0.8750    2.4220   -0.5440
  QMMM:    19       19      H       -2.9780    2.4740   -0.3490
  QMMM:    20       20      H       -3.6300    1.4190    0.7040
  QMMM:    21       21      H        2.4110   -2.0750    0.8850
  QMMM:    22       22      H        3.1790    1.6970   -1.0480
  QMMM:    23       23      H       -2.0910   -2.5570   -0.9280
  QMMM:    24       24      H        4.3490   -1.5340   -0.0470

--------------------------------------------------------------------------------
  RESULTS
--------------------------------------------------------------------------------

      iter         sqm energy              rms gradient
      ----    -------------------    -----------------------
xmin    10     -119.1615 kcal/mol        1.0318 kcal/(mol*A)
xmin    20     -119.5459 kcal/mol        1.2662 kcal/(mol*A)
xmin    30     -119.6842 kcal/mol        0.1524 kcal/(mol*A)
xmin    40     -119.8155 kcal/mol        0.2021 kcal/(mol*A)
xmin    50     -119.8975 kcal/mol        0.3920 kcal/(mol*A)
xmin    60     -119.9479 kcal/mol        0.2197 kcal/(mol*A)
xmin    70     -119.9682 kcal/mol        0.2150 kcal/(mol*A)
xmin    80     -119.9843 kcal/mol        0.1855 kcal/(mol*A)
xmin    90     -120.0223 kcal/mol        0.5998 kcal/(mol*A)
xmin   100     -120.0447 kcal/mol        0.2652 kcal/(mol*A)
xmin   110     -120.0559 kcal/mol        0.1226 kcal/(mol*A)
xmin   120     -120.0685 kcal/mol        0.1401 kcal/(mol*A)
xmin   130     -120.0791 kcal/mol        0.2071 kcal/(mol*A)
xmin   140     -120.0898 kcal/mol        0.0837 kcal/(mol*A)
xmin   150     -120.0952 kcal/mol        0.0908 kcal/(mol*A)
xmin   160     -119.9486 kcal/mol        2.8268 kcal/(mol*A)
xmin   170     -120.1062 kcal/mol        0.0769 kcal/(mol*A)
xmin   180     -120.1105 kcal/mol        0.0426 kcal/(mol*A)
xmin   190     -120.1122 kcal/mol        0.0512 kcal/(mol*A)
xmin   200     -120.1131 kcal/mol        0.0306 kcal/(mol*A)
xmin   210     -120.1136 kcal/mol        0.0213 kcal/(mol*A)
xmin   220     -120.1141 kcal/mol        0.0484 kcal/(mol*A)
xmin   230     -120.1143 kcal/mol        0.0382 kcal/(mol*A)
xmin   240     -120.1150 kcal/mol        0.0315 kcal/(mol*A)
xmin   250     -120.1152 kcal/mol        0.0152 kcal/(mol*A)
xmin   260     -120.1153 kcal/mol        0.0110 kcal/(mol*A)
xmin   270     -120.1153 kcal/mol        0.0016 kcal/(mol*A)
xmin   280     -120.1153 kcal/mol        0.0011 kcal/(mol*A)
xmin   290     -120.1153 kcal/mol        0.0012 kcal/(mol*A)
xmin   300     -120.1153 kcal/mol        0.0016 kcal/(mol*A)
xmin   310     -120.1153 kcal/mol        0.0009 kcal/(mol*A)
  ... geometry converged !
 
 Final MO eigenvalues (eV):
 -41.0328  -40.3305  -38.2231  -36.7786  -36.2430  -32.4763  -31.8338  -28.3976
 -25.9040  -23.9792  -22.6012  -21.1921  -19.3187  -19.0793  -18.1339  -17.2980
 -16.9649  -16.6677  -15.8899  -15.4096  -15.2463  -15.0208  -14.8062  -14.5369
 -14.1201  -13.8409  -13.0671  -12.7084  -12.5040  -12.3228  -12.0130  -11.4200
 -10.4596  -10.0236   -9.1182    0.1864    0.2707    1.0595    2.0679    2.5342
   2.8702    3.2191    3.3851    3.5667    3.6404    3.6972    3.8534    3.8995
   4.0534    4.1805    4.2731    4.4377    4.5622    4.8812    5.0594    5.1907
   5.2489    5.4260    5.5397    5.6602    5.8166    6.1674    6.6954

 Heat of formation   =       -120.11529335 kcal/mol  (       -5.20858997 eV)

 Total SCF energy    =     -57025.50260926 kcal/mol  (    -2472.81135290 eV)
 Electronic energy   =    -288205.98448869 kcal/mol  (   -12497.54930353 eV)
 Core-core repulsion =     231180.48187944 kcal/mol  (    10024.73795063 eV)
 
    Atomic Charges for Step       1 :
  Atom    Element       Mulliken Charge
     1      O                 -0.300
     2      O                 -0.250
     3      O                 -0.368
     4      N                 -0.335
     5      C                 -0.155
     6      C                 -0.016
     7      C                 -0.120
     8      C                 -0.080
     9      C                 -0.090
    10      C                  0.317
    11      C                 -0.212
    12      C                 -0.154
    13      C                  0.083
    14      H                  0.107
    15      H                  0.095
    16      H                  0.136
    17      H                  0.140
    18      H                  0.133
    19      H                  0.158
    20      H                  0.159
    21      H                  0.136
    22      H                  0.152
    23      H                  0.243
    24      H                  0.219
 Total Mulliken Charge =      -0.000
 
                  X        Y        Z     TOTAL  
  QM DIPOLE     1.216    0.726    1.237    1.880
 
 Final Structure

  QMMM: QM Region Cartesian Coordinates (*=link atom) 
  QMMM: QM_NO.   MM_NO.  ATOM         X         Y         Z
  QMMM:     1        1      O       -1.9987   -1.2241   -1.6401
  QMMM:     2        2      O        4.2075   -0.6782   -0.3534
  QMMM:     3        3      O       -2.8835   -1.4230    0.3843
  QMMM:     4        4      N       -3.2666    1.5461   -0.2270
  QMMM:     5        5      C       -1.0558    0.9805    0.8631
  QMMM:     6        6      C       -2.0290    0.7991   -0.3216
  QMMM:     7        7      C        0.3185    0.5149    0.5433
  QMMM:     8        8      C        0.8504   -0.6130    1.1768
  QMMM:     9        9      C        1.1051    1.2210   -0.3779
  QMMM:    10       10      C       -2.3523   -0.6819   -0.4465
  QMMM:    11       11      C        2.1470   -1.0382    0.8985
  QMMM:    12       12      C        2.4005    0.8135   -0.6708
  QMMM:    13       13      C        2.9195   -0.3228   -0.0265
  QMMM:    14       14      H       -1.4587    0.4288    1.7547
  QMMM:    15       15      H       -1.0131    2.0715    1.1307
  QMMM:    16       16      H       -1.5071    1.1290   -1.2711
  QMMM:    17       17      H        0.2405   -1.1741    1.9022
  QMMM:    18       18      H        0.6918    2.1112   -0.8768
  QMMM:    19       19      H       -3.0725    2.5232   -0.1334
  QMMM:    20       20      H       -3.8168    1.2356    0.5503
  QMMM:    21       21      H        2.5596   -1.9255    1.3985
  QMMM:    22       22      H        3.0231    1.3599   -1.3928
  QMMM:    23       23      H       -2.2334   -2.1671   -1.6529
  QMMM:    24       24      H        4.4350   -1.4733    0.1505

           --------- Calculation Completed ----------

