            --------------------------------------------------------
                             AMBER SQM VERSION 19
 
                                     By
              Ross C. Walker, Michael F. Crowley, Scott Brozell,
                         Tim Giese, Andreas W. Goetz,
                        Tai-Sung Lee and David A. Case
 
            --------------------------------------------------------
 

--------------------------------------------------------------------------------
  QM CALCULATION INFO
--------------------------------------------------------------------------------

| QMMM: Citation for AMBER QMMM Run:
| QMMM: R.C. Walker, M.F. Crowley and D.A. Case, J. COMP. CHEM. 29:1019, 2008

QMMM: SINGLET STATE CALCULATION
QMMM: RHF CALCULATION, NO. OF DOUBLY OCCUPIED LEVELS = 45

| QMMM: *** Selected Hamiltonian *** 
| QMMM: AM1         

| QMMM: *** Parameter sets in use ***
| QMMM: O : M.J.S.DEWAR et al. JACS, 107, 3902, (1985)
| QMMM: C : M.J.S.DEWAR et al. JACS, 107, 3902, (1985)
| QMMM: H : M.J.S.DEWAR et al. JACS, 107, 3902, (1985)

| QMMM: *** SCF convergence criteria ***
| QMMM: Energy change                :  0.1D-09 kcal/mol
| QMMM: Error matrix |FP-PF|         :  0.1D+00 au
| QMMM: Density matrix change        :  0.5D-06
| QMMM: Maximum number of SCF cycles :     1000

| QMMM: *** Diagonalization Routine Information ***
| QMMM: Pseudo diagonalizations are allowed.
| QMMM: Auto diagonalization routine selection is in use.
| QMMM:
| QMMM: Timing diagonalization routines:
| QMMM:                              norbs =       88
| QMMM:    diag iterations used for timing =       15
| QMMM:
| QMMM:              Internal diag routine = 0.025856 seconds
| QMMM:                 Dspev diag routine = 0.027009 seconds
| QMMM:                Dspevd diag routine = 0.014978 seconds
| QMMM:                Dspevx diag routine = 0.073560 seconds
| QMMM:                 Dsyev diag routine = 0.027626 seconds
| QMMM:                Dsyevd diag routine = 0.014844 seconds
| QMMM:                Dsyevr diag routine = 0.017320 seconds
| QMMM:
| QMMM:                Pseudo diag routine = 0.011278 seconds
| QMMM:
| QMMM: Using dsyevd routine (diag_routine=6).

  QMMM: QM Region Cartesian Coordinates (*=link atom) 
  QMMM: QM_NO.   MM_NO.  ATOM         X         Y         Z
  QMMM:     1        1      O        3.2480   -2.2010   -0.0370
  QMMM:     2        2      C       -1.9560    0.0340    0.1890
  QMMM:     3        3      C       -3.3170   -0.0600   -0.5060
  QMMM:     4        4      C       -0.7720   -0.0540   -0.7800
  QMMM:     5        5      C       -4.4630    0.0570    0.5030
  QMMM:     6        6      C        0.5870    0.1140   -0.0920
  QMMM:     7        7      C       -5.8230    0.0030   -0.1970
  QMMM:     8        8      C        1.7660    0.0130   -1.0680
  QMMM:     9        9      C       -7.0060    0.0840    0.7700
  QMMM:    10       10      C        3.1140    0.1630   -0.4100
  QMMM:    11       11      C       -8.3590    0.1020    0.0750
  QMMM:    12       12      C        3.7830   -0.9530    0.0710
  QMMM:    13       13      C        3.6650    1.4320   -0.2990
  QMMM:    14       14      C        5.0300   -0.7960    0.6780
  QMMM:    15       15      C        4.9110    1.5880    0.3070
  QMMM:    16       16      C        5.5930    0.4740    0.7960
  QMMM:    17       17      H       -1.8970    0.9820    0.7380
  QMMM:    18       18      H       -1.8710   -0.7680    0.9330
  QMMM:    19       19      H       -3.3900   -1.0130   -1.0420
  QMMM:    20       20      H       -3.4000    0.7390   -1.2520
  QMMM:    21       21      H       -0.8800    0.7190   -1.5500
  QMMM:    22       22      H       -0.8010   -1.0220   -1.2950
  QMMM:    23       23      H       -4.3940   -0.7570    1.2350
  QMMM:    24       24      H       -4.3760    1.0000    1.0560
  QMMM:    25       25      H        0.6160    1.0840    0.4190
  QMMM:    26       26      H        0.6920   -0.6510    0.6880
  QMMM:    27       27      H       -5.8990   -0.9270   -0.7750
  QMMM:    28       28      H       -5.8900    0.8280   -0.9160
  QMMM:    29       29      H        1.6580    0.7830   -1.8450
  QMMM:    30       30      H        1.7190   -0.9400   -1.6100
  QMMM:    31       31      H       -6.9130    0.9900    1.3810
  QMMM:    32       32      H       -6.9710   -0.7680    1.4590
  QMMM:    33       33      H       -9.1650    0.1600    0.8120
  QMMM:    34       34      H       -8.5040   -0.8050   -0.5190
  QMMM:    35       35      H       -8.4440    0.9670   -0.5920
  QMMM:    36       36      H        3.1410    2.3070   -0.6730
  QMMM:    37       37      H        5.5730   -1.6550    1.0620
  QMMM:    38       38      H        5.3500    2.5780    0.4000
  QMMM:    39       39      H        6.5640    0.5960    1.2680
  QMMM:    40       40      H        3.8610   -2.8450    0.3560

--------------------------------------------------------------------------------
  RESULTS
--------------------------------------------------------------------------------

      iter         sqm energy              rms gradient
      ----    -------------------    -----------------------
xmin    10      -82.6689 kcal/mol        0.2626 kcal/(mol*A)
xmin    20      -82.6937 kcal/mol        0.0407 kcal/(mol*A)
xmin    30      -82.6995 kcal/mol        0.0932 kcal/(mol*A)
xmin    40      -82.7045 kcal/mol        0.0264 kcal/(mol*A)
xmin    50      -82.7065 kcal/mol        0.0949 kcal/(mol*A)
xmin    60      -82.7087 kcal/mol        0.0750 kcal/(mol*A)
xmin    70      -82.7179 kcal/mol        0.0936 kcal/(mol*A)
xmin    80      -82.7224 kcal/mol        0.0280 kcal/(mol*A)
xmin    90      -82.7326 kcal/mol        0.0800 kcal/(mol*A)
xmin   100      -82.7361 kcal/mol        0.1114 kcal/(mol*A)
xmin   110      -82.7418 kcal/mol        0.0295 kcal/(mol*A)
xmin   120      -82.7479 kcal/mol        0.0953 kcal/(mol*A)
xmin   130      -82.7514 kcal/mol        0.0323 kcal/(mol*A)
xmin   140      -82.7565 kcal/mol        0.0186 kcal/(mol*A)
xmin   150      -82.7607 kcal/mol        0.0970 kcal/(mol*A)
xmin   160      -82.7617 kcal/mol        0.0256 kcal/(mol*A)
xmin   170      -82.7622 kcal/mol        0.0113 kcal/(mol*A)
xmin   180      -82.7625 kcal/mol        0.0328 kcal/(mol*A)
xmin   190      -82.7629 kcal/mol        0.0089 kcal/(mol*A)
xmin   200      -82.7635 kcal/mol        0.0342 kcal/(mol*A)
xmin   210      -82.7638 kcal/mol        0.0466 kcal/(mol*A)
xmin   220      -82.7643 kcal/mol        0.0515 kcal/(mol*A)
xmin   230      -82.7645 kcal/mol        0.0032 kcal/(mol*A)
xmin   240      -82.7646 kcal/mol        0.0112 kcal/(mol*A)
xmin   250      -82.7647 kcal/mol        0.0173 kcal/(mol*A)
xmin   260      -82.7648 kcal/mol        0.0034 kcal/(mol*A)
xmin   270      -82.7648 kcal/mol        0.0105 kcal/(mol*A)
xmin   280      -82.7649 kcal/mol        0.0079 kcal/(mol*A)
xmin   290      -82.7649 kcal/mol        0.0016 kcal/(mol*A)
xmin   300      -82.7650 kcal/mol        0.0035 kcal/(mol*A)
xmin   310      -82.7650 kcal/mol        0.0028 kcal/(mol*A)
xmin   320      -82.7650 kcal/mol        0.0021 kcal/(mol*A)
xmin   330      -82.7650 kcal/mol        0.0010 kcal/(mol*A)
xmin   340      -82.7650 kcal/mol        0.0009 kcal/(mol*A)
  ... geometry converged !
 
 Final MO eigenvalues (eV):
 -40.4059  -37.8300  -37.3942  -36.2383  -34.2302  -31.9611  -30.4878  -29.3297
 -26.7175  -24.2924  -23.4999  -22.2013  -21.6850  -21.2237  -21.1427  -18.9104
 -17.2997  -16.8752  -16.5214  -15.9606  -15.2822  -15.1854  -14.9887  -14.7862
 -14.7059  -14.3357  -14.1494  -13.9612  -13.5805  -13.1446  -12.8830  -12.6809
 -12.4452  -12.3679  -12.2001  -11.8566  -11.8244  -11.6859  -11.6159  -11.2733
 -11.1827  -11.0741  -11.0275   -9.6283   -8.9850    0.3954    0.5309    2.8047
   3.0255    3.5984    3.7122    3.7785    3.8263    3.8859    4.0169    4.0921
   4.1422    4.2520    4.2680    4.3472    4.3913    4.4743    4.5227    4.6054
   4.6309    4.6925    4.7559    4.7753    4.8212    4.8694    4.9041    5.0180
   5.0537    5.0974    5.1383    5.1725    5.2402    5.2509    5.2900    5.3122
   5.3676    5.3773    5.4096    5.4384    5.5422    5.6730    5.9025    6.3306


 Heat of formation   =        -82.76500697 kcal/mol  (       -3.58896002 eV)

 Total SCF energy    =     -59345.20049233 kcal/mol  (    -2573.40100136 eV)
 Electronic energy   =    -369626.22265793 kcal/mol  (   -16028.19577026 eV)
 Core-core repulsion =     310281.02216561 kcal/mol  (    13454.79476890 eV)
 
    Atomic Charges for Step       1 :
  Atom    Element       Mulliken Charge
     1      O                 -0.253
     2      C                 -0.157
     3      C                 -0.158
     4      C                 -0.158
     5      C                 -0.158
     6      C                 -0.153
     7      C                 -0.158
     8      C                 -0.117
     9      C                 -0.159
    10      C                 -0.091
    11      C                 -0.210
    12      C                  0.079
    13      C                 -0.099
    14      C                 -0.211
    15      C                 -0.162
    16      C                 -0.095
    17      H                  0.078
    18      H                  0.080
    19      H                  0.079
    20      H                  0.078
    21      H                  0.077
    22      H                  0.081
    23      H                  0.079
    24      H                  0.078
    25      H                  0.077
    26      H                  0.087
    27      H                  0.079
    28      H                  0.079
    29      H                  0.085
    30      H                  0.105
    31      H                  0.077
    32      H                  0.078
    33      H                  0.071
    34      H                  0.072
    35      H                  0.072
    36      H                  0.135
    37      H                  0.132
    38      H                  0.133
    39      H                  0.132
    40      H                  0.217
 Total Mulliken Charge =      -0.000
 
                  X        Y        Z     TOTAL  
  QM DIPOLE     0.887   -0.086    0.426    0.987
 
 Final Structure

  QMMM: QM Region Cartesian Coordinates (*=link atom) 
  QMMM: QM_NO.   MM_NO.  ATOM         X         Y         Z
  QMMM:     1        1      O        3.4392   -2.2866   -0.4077
  QMMM:     2        2      C       -1.9469    0.1402    0.2056
  QMMM:     3        3      C       -3.2824   -0.0438   -0.4828
  QMMM:     4        4      C       -0.7983   -0.1055   -0.7492
  QMMM:     5        5      C       -4.4312    0.2006    0.4721
  QMMM:     6        6      C        0.5364    0.0810   -0.0600
  QMMM:     7        7      C       -5.7666    0.0177   -0.2163
  QMMM:     8        8      C        1.6839   -0.1704   -1.0206
  QMMM:     9        9      C       -6.9166    0.2612    0.7378
  QMMM:    10       10      C        3.0047    0.0531   -0.3744
  QMMM:    11       11      C       -8.2484    0.0807    0.0565
  QMMM:    12       12      C        3.8707   -1.0194   -0.0797
  QMMM:    13       13      C        3.4273    1.3465   -0.0528
  QMMM:    14       14      C        5.1193   -0.7981    0.5203
  QMMM:    15       15      C        4.6661    1.5733    0.5444
  QMMM:    16       16      C        5.5103    0.5014    0.8306
  QMMM:    17       17      H       -1.8769    1.1809    0.6187
  QMMM:    18       18      H       -1.8710   -0.5658    1.0743
  QMMM:    19       19      H       -3.3521   -1.0845   -0.8963
  QMMM:    20       20      H       -3.3585    0.6624   -1.3512
  QMMM:    21       21      H       -0.8754    0.5987   -1.6193
  QMMM:    22       22      H       -0.8667   -1.1473   -1.1601
  QMMM:    23       23      H       -4.3555   -0.5063    1.3401
  QMMM:    24       24      H       -4.3610    1.2409    0.8864
  QMMM:    25       25      H        0.6094    1.1234    0.3485
  QMMM:    26       26      H        0.6140   -0.6233    0.8092
  QMMM:    27       27      H       -5.8369   -1.0224   -0.6310
  QMMM:    28       28      H       -5.8428    0.7248   -1.0840
  QMMM:    29       29      H        1.5870    0.5182   -1.9035
  QMMM:    30       30      H        1.6198   -1.2225   -1.4088
  QMMM:    31       31      H       -6.8435    1.3012    1.1530
  QMMM:    32       32      H       -6.8381   -0.4462    1.6054
  QMMM:    33       33      H       -9.0815    0.2644    0.7771
  QMMM:    34       34      H       -8.3498   -0.9576   -0.3425
  QMMM:    35       35      H       -8.3554    0.7945   -0.7958
  QMMM:    36       36      H        2.7634    2.1954   -0.2786
  QMMM:    37       37      H        5.7812   -1.6468    0.7424
  QMMM:    38       38      H        4.9771    2.5990    0.7889
  QMMM:    39       39      H        6.4883    0.6790    1.3017
  QMMM:    40       40      H        4.1374   -2.9102   -0.1604

           --------- Calculation Completed ----------

