            --------------------------------------------------------
                             AMBER SQM VERSION 19
 
                                     By
              Ross C. Walker, Michael F. Crowley, Scott Brozell,
                         Tim Giese, Andreas W. Goetz,
                        Tai-Sung Lee and David A. Case
 
            --------------------------------------------------------
 

--------------------------------------------------------------------------------
  QM CALCULATION INFO
--------------------------------------------------------------------------------

| QMMM: Citation for AMBER QMMM Run:
| QMMM: R.C. Walker, M.F. Crowley and D.A. Case, J. COMP. CHEM. 29:1019, 2008

QMMM: SINGLET STATE CALCULATION
QMMM: RHF CALCULATION, NO. OF DOUBLY OCCUPIED LEVELS = 26

| QMMM: *** Selected Hamiltonian *** 
| QMMM: AM1         

| QMMM: *** Parameter sets in use ***
| QMMM: O : M.J.S.DEWAR et al. JACS, 107, 3902, (1985)
| QMMM: N : M.J.S.DEWAR et al. JACS, 107, 3902, (1985)
| QMMM: C : M.J.S.DEWAR et al. JACS, 107, 3902, (1985)
| QMMM: H : M.J.S.DEWAR et al. JACS, 107, 3902, (1985)

| QMMM: *** SCF convergence criteria ***
| QMMM: Energy change                :  0.1D-09 kcal/mol
| QMMM: Error matrix |FP-PF|         :  0.1D+00 au
| QMMM: Density matrix change        :  0.5D-06
| QMMM: Maximum number of SCF cycles :     1000

| QMMM: *** Diagonalization Routine Information ***
| QMMM: Pseudo diagonalizations are allowed.
| QMMM: Auto diagonalization routine selection is in use.
| QMMM:
| QMMM: Timing diagonalization routines:
| QMMM:                              norbs =       43
| QMMM:    diag iterations used for timing =       20
| QMMM:
| QMMM:              Internal diag routine = 0.005016 seconds
| QMMM:                 Dspev diag routine = 0.006304 seconds
| QMMM:                Dspevd diag routine = 0.005252 seconds
| QMMM:                Dspevx diag routine = 0.022564 seconds
| QMMM:                 Dsyev diag routine = 0.006371 seconds
| QMMM:                Dsyevd diag routine = 0.005264 seconds
| QMMM:                Dsyevr diag routine = 0.006395 seconds
| QMMM:
| QMMM:                Pseudo diag routine = 0.001569 seconds
| QMMM:
| QMMM: Using internal diagonalization routine (diag_routine=1).

  QMMM: QM Region Cartesian Coordinates (*=link atom) 
  QMMM: QM_NO.   MM_NO.  ATOM         X         Y         Z
  QMMM:     1        1      O       -0.6610    1.5960    0.8950
  QMMM:     2        2      O        2.0100   -0.1570    1.1210
  QMMM:     3        3      O       -1.9740    0.9720   -0.8430
  QMMM:     4        4      O        2.2170    0.5660   -1.0220
  QMMM:     5        5      N       -1.8030   -1.6940    0.0970
  QMMM:     6        6      C       -0.7470   -0.7450    0.3520
  QMMM:     7        7      C        0.5030   -1.0780   -0.4680
  QMMM:     8        8      C       -1.2000    0.6760    0.0590
  QMMM:     9        9      C        1.6560   -0.1350   -0.1910
  QMMM:    10       10      H       -0.5150   -0.8000    1.4220
  QMMM:    11       11      H        0.2840   -1.0170   -1.5410
  QMMM:    12       12      H        0.8510   -2.0990   -0.2670
  QMMM:    13       13      H       -2.0700   -1.6720   -0.8870
  QMMM:    14       14      H       -2.6360   -1.4460    0.6290
  QMMM:    15       15      H       -0.9650    2.5040    0.6860
  QMMM:    16       16      H        2.7560    0.4520    1.3080

--------------------------------------------------------------------------------
  RESULTS
--------------------------------------------------------------------------------

      iter         sqm energy              rms gradient
      ----    -------------------    -----------------------
xmin    10     -192.3643 kcal/mol        1.6456 kcal/(mol*A)
xmin    20     -192.6295 kcal/mol        0.2988 kcal/(mol*A)
xmin    30     -192.6570 kcal/mol        0.1216 kcal/(mol*A)
xmin    40     -192.6646 kcal/mol        0.0970 kcal/(mol*A)
xmin    50     -192.6678 kcal/mol        0.0508 kcal/(mol*A)
xmin    60     -192.6705 kcal/mol        0.0776 kcal/(mol*A)
xmin    70     -192.6713 kcal/mol        0.0207 kcal/(mol*A)
xmin    80     -192.6716 kcal/mol        0.0231 kcal/(mol*A)
xmin    90     -192.6721 kcal/mol        0.0071 kcal/(mol*A)
xmin   100     -192.6722 kcal/mol        0.0074 kcal/(mol*A)
xmin   110     -192.6723 kcal/mol        0.0044 kcal/(mol*A)
xmin   120     -192.6723 kcal/mol        0.0101 kcal/(mol*A)
xmin   130     -192.6723 kcal/mol        0.0079 kcal/(mol*A)
xmin   140     -192.6724 kcal/mol        0.0021 kcal/(mol*A)
xmin   150     -192.6724 kcal/mol        0.0016 kcal/(mol*A)
xmin   160     -192.6724 kcal/mol        0.0036 kcal/(mol*A)
xmin   170     -192.6724 kcal/mol        0.0032 kcal/(mol*A)
xmin   180     -192.6724 kcal/mol        0.0017 kcal/(mol*A)
xmin   190     -192.6724 kcal/mol        0.0026 kcal/(mol*A)
xmin   200     -192.6724 kcal/mol        0.0010 kcal/(mol*A)
  ... geometry converged !
 
 Final MO eigenvalues (eV):
 -41.4642  -40.6626  -37.3318  -36.7707  -36.6208  -31.7807  -26.8152  -23.0787
 -21.7184  -19.4119  -19.1021  -18.2888  -18.1102  -17.1408  -16.4628  -16.1469
 -15.6143  -15.0472  -14.3656  -13.7734  -13.0332  -12.6960  -12.4989  -12.1828
 -11.7784  -10.6857    0.5925    0.8024    1.6926    1.9321    2.7583    3.0844
   3.2828    3.4695    3.7864    3.8852    4.2025    4.9241    5.0475    5.2922
   5.5752    6.2931    6.4029

 Heat of formation   =       -192.67240128 kcal/mol  (       -8.35490227 eV)

 Total SCF energy    =     -48402.41460855 kcal/mol  (    -2098.88619785 eV)
 Electronic energy   =    -193004.08846322 kcal/mol  (    -8369.28530693 eV)
 Core-core repulsion =     144601.67385467 kcal/mol  (     6270.39910909 eV)
 
    Atomic Charges for Step       1 :
  Atom    Element       Mulliken Charge
     1      O                 -0.305
     2      O                 -0.314
     3      O                 -0.361
     4      O                 -0.350
     5      N                 -0.330
     6      C                 -0.004
     7      C                 -0.156
     8      C                  0.251
     9      C                  0.308
    10      H                  0.154
    11      H                  0.130
    12      H                  0.148
    13      H                  0.165
    14      H                  0.166
    15      H                  0.248
    16      H                  0.248
 Total Mulliken Charge =      -0.000
 
                  X        Y        Z     TOTAL  
  QM DIPOLE    -0.651   -0.704    1.413    1.708
 
 Final Structure

  QMMM: QM Region Cartesian Coordinates (*=link atom) 
  QMMM: QM_NO.   MM_NO.  ATOM         X         Y         Z
  QMMM:     1        1      O       -0.6976    1.7153    0.6569
  QMMM:     2        2      O        1.9984   -0.3727    1.2262
  QMMM:     3        3      O       -2.1878    0.9819   -0.8109
  QMMM:     4        4      O        2.4378    0.5260   -0.7490
  QMMM:     5        5      N       -1.7339   -1.7319    0.1870
  QMMM:     6        6      C       -0.7441   -0.6907    0.3275
  QMMM:     7        7      C        0.4885   -0.9581   -0.5547
  QMMM:     8        8      C       -1.2842    0.6956   -0.0206
  QMMM:     9        9      C        1.6880   -0.1972   -0.0889
  QMMM:    10       10      H       -0.4097   -0.6669    1.4107
  QMMM:    11       11      H        0.2788   -0.6805   -1.6213
  QMMM:    12       12      H        0.7458   -2.0528   -0.5158
  QMMM:    13       13      H       -2.0930   -1.7694   -0.7473
  QMMM:    14       14      H       -2.4871   -1.5939    0.8310
  QMMM:    15       15      H       -1.0778    2.5637    0.3712
  QMMM:    16       16      H        2.7840    0.1546    1.4482

           --------- Calculation Completed ----------

