            --------------------------------------------------------
                             AMBER SQM VERSION 19
 
                                     By
              Ross C. Walker, Michael F. Crowley, Scott Brozell,
                         Tim Giese, Andreas W. Goetz,
                        Tai-Sung Lee and David A. Case
 
            --------------------------------------------------------
 

--------------------------------------------------------------------------------
  QM CALCULATION INFO
--------------------------------------------------------------------------------

| QMMM: Citation for AMBER QMMM Run:
| QMMM: R.C. Walker, M.F. Crowley and D.A. Case, J. COMP. CHEM. 29:1019, 2008

QMMM: SINGLET STATE CALCULATION
QMMM: RHF CALCULATION, NO. OF DOUBLY OCCUPIED LEVELS = 21

| QMMM: *** Selected Hamiltonian *** 
| QMMM: AM1         

| QMMM: *** Parameter sets in use ***
| QMMM: O : M.J.S.DEWAR et al. JACS, 107, 3902, (1985)
| QMMM: N : M.J.S.DEWAR et al. JACS, 107, 3902, (1985)
| QMMM: C : M.J.S.DEWAR et al. JACS, 107, 3902, (1985)
| QMMM: H : M.J.S.DEWAR et al. JACS, 107, 3902, (1985)

| QMMM: *** SCF convergence criteria ***
| QMMM: Energy change                :  0.1D-09 kcal/mol
| QMMM: Error matrix |FP-PF|         :  0.1D+00 au
| QMMM: Density matrix change        :  0.5D-06
| QMMM: Maximum number of SCF cycles :     1000

| QMMM: *** Diagonalization Routine Information ***
| QMMM: Pseudo diagonalizations are allowed.
| QMMM: Auto diagonalization routine selection is in use.
| QMMM:
| QMMM: Timing diagonalization routines:
| QMMM:                              norbs =       36
| QMMM:    diag iterations used for timing =       20
| QMMM:
| QMMM:              Internal diag routine = 0.003225 seconds
| QMMM:                 Dspev diag routine = 0.004276 seconds
| QMMM:                Dspevd diag routine = 0.003581 seconds
| QMMM:                Dspevx diag routine = 0.015386 seconds
| QMMM:                 Dsyev diag routine = 0.004490 seconds
| QMMM:                Dsyevd diag routine = 0.003860 seconds
| QMMM:                Dsyevr diag routine = 0.004777 seconds
| QMMM:
| QMMM:                Pseudo diag routine = 0.000938 seconds
| QMMM:
| QMMM: Using internal diagonalization routine (diag_routine=1).

  QMMM: QM Region Cartesian Coordinates (*=link atom) 
  QMMM: QM_NO.   MM_NO.  ATOM         X         Y         Z
  QMMM:     1        1      O        2.3260    0.9650    0.0000
  QMMM:     2        2      O       -2.2970    1.0230    0.0010
  QMMM:     3        3      N        0.0180    1.0200   -0.0000
  QMMM:     4        4      N        1.1640   -1.0220    0.0000
  QMMM:     5        5      C        1.2520    0.3630    0.0000
  QMMM:     6        6      C       -1.2320    0.4140   -0.0000
  QMMM:     7        7      C       -0.0270   -1.6960    0.0000
  QMMM:     8        8      C       -1.2050   -1.0680   -0.0000
  QMMM:     9        9      H        0.0380    2.0360   -0.0000
  QMMM:    10       10      H        2.0190   -1.5700    0.0000
  QMMM:    11       11      H       -2.1440   -1.6060   -0.0000
  QMMM:    12       12      H        0.0470   -2.7760    0.0000

--------------------------------------------------------------------------------
  RESULTS
--------------------------------------------------------------------------------

      iter         sqm energy              rms gradient
      ----    -------------------    -----------------------
xmin    10      -53.9408 kcal/mol        0.0079 kcal/(mol*A)
xmin    20      -53.9408 kcal/mol        0.0017 kcal/(mol*A)
  ... geometry converged !
 
 Final MO eigenvalues (eV):
 -41.4312  -38.8981  -37.3014  -34.6152  -31.8142  -25.5789  -24.4305  -20.6206
 -19.4599  -18.3387  -17.5890  -16.8689  -16.2277  -14.8907  -14.8111  -14.6336
 -13.4201  -12.0545  -11.3707  -11.1647   -9.9714   -0.3182    0.6507    0.7096
   1.7245    2.0727    2.7067    3.2940    3.9849    4.0561    4.6771    4.8315
   4.9502    5.7611    6.1959    6.7129

 Heat of formation   =        -53.94080239 kcal/mol  (       -2.33904871 eV)

 Total SCF energy    =     -37401.40290040 kcal/mol  (    -1621.84653313 eV)
 Electronic energy   =    -138604.69647834 kcal/mol  (    -6010.35065601 eV)
 Core-core repulsion =     101203.29357794 kcal/mol  (     4388.50412289 eV)
 
    Atomic Charges for Step       1 :
  Atom    Element       Mulliken Charge
     1      O                 -0.361
     2      O                 -0.330
     3      N                 -0.365
     4      N                 -0.319
     5      C                  0.394
     6      C                  0.353
     7      C                  0.048
     8      C                 -0.300
     9      H                  0.267
    10      H                  0.268
    11      H                  0.180
    12      H                  0.163
 Total Mulliken Charge =      -0.000
 
                  X        Y        Z     TOTAL  
  QM DIPOLE     0.992   -4.169    0.001    4.285
 
 Final Structure

  QMMM: QM Region Cartesian Coordinates (*=link atom) 
  QMMM: QM_NO.   MM_NO.  ATOM         X         Y         Z
  QMMM:     1        1      O        2.3178    0.9580   -0.0003
  QMMM:     2        2      O       -2.2817    1.0785   -0.0001
  QMMM:     3        3      N        0.0013    1.0529   -0.0002
  QMMM:     4        4      N        1.1867   -1.0528    0.0002
  QMMM:     5        5      C        1.2205    0.3615   -0.0001
  QMMM:     6        6      C       -1.2450    0.3955   -0.0000
  QMMM:     7        7      C       -0.0161   -1.7296    0.0004
  QMMM:     8        8      C       -1.2059   -1.0732    0.0003
  QMMM:     9        9      H        0.0402    2.0494   -0.0004
  QMMM:    10       10      H        2.0576   -1.5319    0.0003
  QMMM:    11       11      H       -2.1719   -1.5918    0.0004
  QMMM:    12       12      H        0.0557   -2.8336    0.0006

           --------- Calculation Completed ----------

