            --------------------------------------------------------
                             AMBER SQM VERSION 19
 
                                     By
              Ross C. Walker, Michael F. Crowley, Scott Brozell,
                         Tim Giese, Andreas W. Goetz,
                        Tai-Sung Lee and David A. Case
 
            --------------------------------------------------------
 

--------------------------------------------------------------------------------
  QM CALCULATION INFO
--------------------------------------------------------------------------------

| QMMM: Citation for AMBER QMMM Run:
| QMMM: R.C. Walker, M.F. Crowley and D.A. Case, J. COMP. CHEM. 29:1019, 2008

QMMM: SINGLET STATE CALCULATION
QMMM: RHF CALCULATION, NO. OF DOUBLY OCCUPIED LEVELS = 79

| QMMM: *** Selected Hamiltonian *** 
| QMMM: AM1         

| QMMM: *** Parameter sets in use ***
| QMMM: O : M.J.S.DEWAR et al. JACS, 107, 3902, (1985)
| QMMM: C : M.J.S.DEWAR et al. JACS, 107, 3902, (1985)
| QMMM: H : M.J.S.DEWAR et al. JACS, 107, 3902, (1985)

| QMMM: *** SCF convergence criteria ***
| QMMM: Energy change                :  0.1D-09 kcal/mol
| QMMM: Error matrix |FP-PF|         :  0.1D+00 au
| QMMM: Density matrix change        :  0.5D-06
| QMMM: Maximum number of SCF cycles :     1000

| QMMM: *** Diagonalization Routine Information ***
| QMMM: Pseudo diagonalizations are allowed.
| QMMM: Auto diagonalization routine selection is in use.
| QMMM:
| QMMM: Timing diagonalization routines:
| QMMM:                              norbs =      156
| QMMM:    diag iterations used for timing =        5
| QMMM:
| QMMM:              Internal diag routine = 0.038698 seconds
| QMMM:                 Dspev diag routine = 0.042598 seconds
| QMMM:                Dspevd diag routine = 0.019572 seconds
| QMMM:                Dspevx diag routine = 0.086059 seconds
| QMMM:                 Dsyev diag routine = 0.042798 seconds
| QMMM:                Dsyevd diag routine = 0.012644 seconds
| QMMM:                Dsyevr diag routine = 0.017671 seconds
| QMMM:
| QMMM:                Pseudo diag routine = 0.020894 seconds
| QMMM: Pseudo diagonalization appears to be slower than regular
| QMMM: diagonalization. Setting pseudo_diag=0 for optimum performance.
| QMMM:
| QMMM: Using dsyevd routine (diag_routine=6).

  QMMM: QM Region Cartesian Coordinates (*=link atom) 
  QMMM: QM_NO.   MM_NO.  ATOM         X         Y         Z
  QMMM:     1        1      O        7.6720   -0.5790    1.1900
  QMMM:     2        2      C       -0.7690    0.7580   -0.6530
  QMMM:     3        3      C       -0.1270   -0.6390   -0.5540
  QMMM:     4        4      C        1.3890   -0.6270   -0.7810
  QMMM:     5        5      C        2.0620    0.3170    0.2570
  QMMM:     6        6      C       -2.2520    0.3650   -0.4420
  QMMM:     7        7      C       -0.1670    1.6230    0.4630
  QMMM:     8        8      C        3.6260    0.3940    0.0390
  QMMM:     9        9      C       -0.9990   -1.5050   -1.4590
  QMMM:    10       10      C        1.3650    1.7030    0.3490
  QMMM:    11       11      C       -2.4130   -0.9210   -1.2850
  QMMM:    12       12      C        1.9680   -2.0450   -0.6600
  QMMM:    13       13      C       -3.2910    1.4260   -0.7740
  QMMM:    14       14      C       -0.5650    1.4500   -2.0240
  QMMM:    15       15      C        4.2130   -1.0030   -0.2060
  QMMM:    16       16      C        4.2690    0.9990    1.3230
  QMMM:    17       17      C        3.4540   -2.0730   -0.5010
  QMMM:    18       18      C        3.9820    1.2820   -1.1780
  QMMM:    19       19      C        5.7130   -1.1510   -0.0950
  QMMM:    20       20      C        5.7920    0.8890    1.3780
  QMMM:    21       21      C       -4.7350    0.9460   -0.5100
  QMMM:    22       22      C        6.2480   -0.5550    1.2040
  QMMM:    23       23      C       -3.0220    2.6950    0.0450
  QMMM:    24       24      C       -5.0510    0.5910    0.9500
  QMMM:    25       25      C       -6.4850    0.1860    1.1520
  QMMM:    26       26      C       -7.0430   -1.0280    0.9840
  QMMM:    27       27      C       -8.5120   -1.2300    1.2480
  QMMM:    28       28      C       -6.3220   -2.2680    0.5390
  QMMM:    29       29      H       -0.2850   -1.0170    0.4700
  QMMM:    30       30      H        1.6000   -0.2690   -1.7950
  QMMM:    31       31      H        1.8990   -0.1550    1.2400
  QMMM:    32       32      H       -2.3630    0.0780    0.6130
  QMMM:    33       33      H       -0.4250    1.2100    1.4470
  QMMM:    34       34      H       -0.5280    2.6510    0.4500
  QMMM:    35       35      H       -0.9660   -2.5610   -1.1710
  QMMM:    36       36      H       -0.6830   -1.4360   -2.5060
  QMMM:    37       37      H        1.6130    2.3160   -0.5220
  QMMM:    38       38      H        1.7410    2.2470    1.2230
  QMMM:    39       39      H       -2.8510   -0.7210   -2.2700
  QMMM:    40       40      H       -3.0670   -1.6370   -0.7740
  QMMM:    41       41      H        1.7000   -2.6180   -1.5560
  QMMM:    42       42      H        1.5280   -2.5710    0.1960
  QMMM:    43       43      H       -3.2420    1.6890   -1.8380
  QMMM:    44       44      H       -0.9660    2.4670   -2.0270
  QMMM:    45       45      H        0.4900    1.5370   -2.2970
  QMMM:    46       46      H       -1.0530    0.9080   -2.8410
  QMMM:    47       47      H        3.8640    0.4920    2.2100
  QMMM:    48       48      H        3.9980    2.0570    1.4240
  QMMM:    49       49      H        3.9260   -3.0420   -0.6430
  QMMM:    50       50      H        3.7250    2.3310   -1.0020
  QMMM:    51       51      H        5.0530    1.2660   -1.4060
  QMMM:    52       52      H        3.4620    0.9560   -2.0850
  QMMM:    53       53      H        6.0210   -2.2030   -0.1540
  QMMM:    54       54      H        6.1960   -0.6680   -0.9540
  QMMM:    55       55      H        6.2530    1.5270    0.6140
  QMMM:    56       56      H        6.1570    1.2760    2.3370
  QMMM:    57       57      H       -4.9530    0.0820   -1.1510
  QMMM:    58       58      H       -5.4280    1.7330   -0.8380
  QMMM:    59       59      H        5.9120   -1.1520    2.0610
  QMMM:    60       60      H       -2.7630    2.4790    1.0860
  QMMM:    61       61      H       -2.2460    3.3120   -0.4110
  QMMM:    62       62      H       -3.9130    3.3340    0.0620
  QMMM:    63       63      H       -4.8520    1.4450    1.6060
  QMMM:    64       64      H       -4.4010   -0.2160    1.3030
  QMMM:    65       65      H        7.9480   -1.5050    1.0830
  QMMM:    66       66      H       -7.1320    1.0050    1.4660
  QMMM:    67       67      H       -9.0100   -0.3100    1.5730
  QMMM:    68       68      H       -9.0160   -1.5770    0.3400
  QMMM:    69       69      H       -8.6560   -1.9790    2.0330
  QMMM:    70       70      H       -6.7670   -2.6540   -0.3830
  QMMM:    71       71      H       -5.2610   -2.0930    0.3420
  QMMM:    72       72      H       -6.3910   -3.0430    1.3090

--------------------------------------------------------------------------------
  RESULTS
--------------------------------------------------------------------------------

      iter         sqm energy              rms gradient
      ----    -------------------    -----------------------
xmin    10     -108.3997 kcal/mol        0.2255 kcal/(mol*A)
xmin    20     -108.6490 kcal/mol        0.0729 kcal/(mol*A)
xmin    30     -108.6940 kcal/mol        0.1253 kcal/(mol*A)
xmin    40     -108.7310 kcal/mol        0.0819 kcal/(mol*A)
xmin    50     -108.7561 kcal/mol        0.0683 kcal/(mol*A)
xmin    60     -108.7684 kcal/mol        0.1257 kcal/(mol*A)
xmin    70     -108.7862 kcal/mol        0.0265 kcal/(mol*A)
xmin    80     -108.7971 kcal/mol        0.0401 kcal/(mol*A)
xmin    90     -108.8124 kcal/mol        0.1279 kcal/(mol*A)
xmin   100     -108.8343 kcal/mol        0.1086 kcal/(mol*A)
xmin   110     -108.8818 kcal/mol        0.1330 kcal/(mol*A)
xmin   120     -108.9878 kcal/mol        0.1086 kcal/(mol*A)
xmin   130     -109.0548 kcal/mol        0.1289 kcal/(mol*A)
xmin   140     -109.1222 kcal/mol        0.0339 kcal/(mol*A)
xmin   150     -109.1633 kcal/mol        0.1824 kcal/(mol*A)
xmin   160     -109.1925 kcal/mol        0.0219 kcal/(mol*A)
xmin   170     -109.1999 kcal/mol        0.0256 kcal/(mol*A)
xmin   180     -109.2063 kcal/mol        0.0532 kcal/(mol*A)
xmin   190     -109.2086 kcal/mol        0.0223 kcal/(mol*A)
xmin   200     -109.2102 kcal/mol        0.0140 kcal/(mol*A)
xmin   210     -109.2110 kcal/mol        0.0090 kcal/(mol*A)
xmin   220     -109.2117 kcal/mol        0.0033 kcal/(mol*A)
xmin   230     -109.2119 kcal/mol        0.0018 kcal/(mol*A)
xmin   240     -109.2135 kcal/mol        0.0133 kcal/(mol*A)
xmin   250     -109.2162 kcal/mol        0.0154 kcal/(mol*A)
xmin   260     -109.2173 kcal/mol        0.0079 kcal/(mol*A)
xmin   270     -109.2174 kcal/mol        0.0012 kcal/(mol*A)
xmin   280     -109.2174 kcal/mol        0.0009 kcal/(mol*A)
xmin   290     -109.2174 kcal/mol        0.0010 kcal/(mol*A)
  ... geometry converged !
 
 Final MO eigenvalues (eV):
 -42.0862  -40.4535  -38.5305  -37.6584  -36.2966  -35.3678  -34.6948  -33.0411
 -31.8212  -31.3098  -29.9535  -29.2939  -28.1767  -27.7114  -27.2631  -26.9454
 -26.7821  -24.3996  -24.0021  -23.2856  -23.0085  -21.7175  -20.7252  -20.4512
 -19.3284  -18.9701  -18.8020  -18.1717  -17.6753  -16.7733  -16.4465  -16.3525
 -16.1434  -15.7482  -15.6340  -15.4245  -15.3200  -15.1096  -14.8695  -14.7211
 -14.5596  -14.4300  -14.3242  -13.9973  -13.8861  -13.8299  -13.6544  -13.4458
 -13.3959  -13.3029  -13.0619  -13.0406  -12.9875  -12.9260  -12.8777  -12.6615
 -12.5914  -12.5826  -12.4481  -12.3278  -12.2455  -12.0878  -11.9216  -11.7887
 -11.7463  -11.6494  -11.5957  -11.3981  -11.3280  -11.2227  -11.1373  -11.0025
 -10.9227  -10.8280  -10.7512  -10.5672  -10.3524   -9.3477   -9.2327    1.1355
   1.2212    3.2472    3.3271    3.4174    3.5225    3.5403    3.6049    3.7525
   3.8185    3.8965    3.9191    3.9485    3.9606    4.0398    4.1339    4.1400
   4.1567    4.1788    4.1808    4.2074    4.2520    4.2834    4.3281    4.3639
   4.4048    4.4525    4.4649    4.4811    4.4867    4.4971    4.5524    4.5836
   4.6033    4.6225    4.6584    4.6789    4.7042    4.7270    4.7588    4.7673
   4.7865    4.8055    4.8502    4.8573    4.8682    4.8928    4.9025    4.9539
   4.9690    4.9766    4.9914    5.0101    5.0232    5.0348    5.0431    5.0686
   5.1100    5.1167    5.1508    5.1849    5.2167    5.2474    5.2945    5.3022
   5.3478    5.3659    5.3964    5.4273    5.5068    5.5358    5.6311    5.7642
   5.8241    6.0034    6.0780    6.3446

 Heat of formation   =       -109.21740261 kcal/mol  (       -4.73602197 eV)

 Total SCF energy    =    -101154.22925411 kcal/mol  (    -4386.37653415 eV)
 Electronic energy   =    -979165.67015719 kcal/mol  (   -42459.80964213 eV)
 Core-core repulsion =     878011.44090308 kcal/mol  (    38073.43310798 eV)
 
    Atomic Charges for Step       1 :
  Atom    Element       Mulliken Charge
     1      O                 -0.328
     2      C                 -0.045
     3      C                 -0.104
     4      C                 -0.086
     5      C                 -0.088
     6      C                 -0.094
     7      C                 -0.144
     8      C                 -0.004
     9      C                 -0.153
    10      C                 -0.154
    11      C                 -0.157
    12      C                 -0.125
    13      C                 -0.095
    14      C                 -0.200
    15      C                 -0.097
    16      C                 -0.149
    17      C                 -0.163
    18      C                 -0.201
    19      C                 -0.158
    20      C                 -0.154
    21      C                 -0.153
    22      C                  0.034
    23      C                 -0.208
    24      C                 -0.130
    25      C                 -0.171
    26      C                 -0.118
    27      C                 -0.178
    28      C                 -0.181
    29      H                  0.085
    30      H                  0.098
    31      H                  0.087
    32      H                  0.087
    33      H                  0.078
    34      H                  0.082
    35      H                  0.080
    36      H                  0.082
    37      H                  0.084
    38      H                  0.078
    39      H                  0.082
    40      H                  0.081
    41      H                  0.088
    42      H                  0.089
    43      H                  0.087
    44      H                  0.074
    45      H                  0.076
    46      H                  0.075
    47      H                  0.083
    48      H                  0.085
    49      H                  0.119
    50      H                  0.074
    51      H                  0.078
    52      H                  0.078
    53      H                  0.079
    54      H                  0.102
    55      H                  0.096
    56      H                  0.093
    57      H                  0.080
    58      H                  0.079
    59      H                  0.075
    60      H                  0.074
    61      H                  0.073
    62      H                  0.074
    63      H                  0.088
    64      H                  0.088
    65      H                  0.197
    66      H                  0.121
    67      H                  0.076
    68      H                  0.080
    69      H                  0.080
    70      H                  0.078
    71      H                  0.080
    72      H                  0.081
 Total Mulliken Charge =       0.000
 
                  X        Y        Z     TOTAL  
  QM DIPOLE    -1.133   -0.822   -0.352    1.444
 
 Final Structure

  QMMM: QM Region Cartesian Coordinates (*=link atom) 
  QMMM: QM_NO.   MM_NO.  ATOM         X         Y         Z
  QMMM:     1        1      O        7.6580   -0.5402    1.1220
  QMMM:     2        2      C       -0.6979    0.7032   -0.6176
  QMMM:     3        3      C        0.0011   -0.6637   -0.8275
  QMMM:     4        4      C        1.4984   -0.5262   -1.0065
  QMMM:     5        5      C        2.0811    0.1167    0.2602
  QMMM:     6        6      C       -2.1843    0.2677   -0.6218
  QMMM:     7        7      C       -0.1671    1.2560    0.6960
  QMMM:     8        8      C        3.6052    0.3430    0.1297
  QMMM:     9        9      C       -0.8131   -1.3358   -1.9231
  QMMM:    10       10      C        1.3462    1.3948    0.6495
  QMMM:    11       11      C       -2.2409   -0.8302   -1.7043
  QMMM:    12       12      C        2.1287   -1.8928   -1.2318
  QMMM:    13       13      C       -3.2238    1.3543   -0.8592
  QMMM:    14       14      C       -0.4371    1.6778   -1.7528
  QMMM:    15       15      C        4.2701   -0.8882   -0.4353
  QMMM:    16       16      C        4.1607    0.6220    1.5356
  QMMM:    17       17      C        3.5947   -1.8725   -1.0470
  QMMM:    18       18      C        3.9118    1.5296   -0.7800
  QMMM:    19       19      C        5.7554   -0.9605   -0.3272
  QMMM:    20       20      C        5.6706    0.6538    1.5877
  QMMM:    21       21      C       -4.6304    0.7720   -0.9676
  QMMM:    22       22      C        6.2412   -0.6675    1.0899
  QMMM:    23       23      C       -3.1809    2.4259    0.2124
  QMMM:    24       24      C       -5.1090    0.0779    0.2909
  QMMM:    25       25      C       -6.5201   -0.3602    0.1802
  QMMM:    26       26      C       -7.2209   -0.8655    1.2083
  QMMM:    27       27      C       -8.6306   -1.2984    1.0559
  QMMM:    28       28      C       -6.6376   -1.0200    2.5626
  QMMM:    29       29      H       -0.1612   -1.2660    0.1162
  QMMM:    30       30      H        1.7226    0.1200   -1.8977
  QMMM:    31       31      H        1.9289   -0.6259    1.0974
  QMMM:    32       32      H       -2.3974   -0.1999    0.3799
  QMMM:    33       33      H       -0.4614    0.5733    1.5356
  QMMM:    34       34      H       -0.6173    2.2605    0.9067
  QMMM:    35       35      H       -0.7546   -2.4485   -1.8455
  QMMM:    36       36      H       -0.4372   -1.0445   -2.9352
  QMMM:    37       37      H        1.6052    2.2164   -0.0689
  QMMM:    38       38      H        1.7000    1.7175    1.6649
  QMMM:    39       39      H       -2.6506   -0.4179   -2.6598
  QMMM:    40       40      H       -2.9137   -1.6582   -1.3723
  QMMM:    41       41      H        1.8782   -2.2451   -2.2687
  QMMM:    42       42      H        1.6861   -2.6398   -0.5160
  QMMM:    43       43      H       -3.0028    1.8430   -1.8527
  QMMM:    44       44      H       -0.9204    2.6609   -1.5330
  QMMM:    45       45      H        0.6555    1.8564   -1.8957
  QMMM:    46       46      H       -0.8542    1.2785   -2.7092
  QMMM:    47       47      H        3.7851   -0.1679    2.2387
  QMMM:    48       48      H        3.7680    1.6096    1.8940
  QMMM:    49       49      H        4.1248   -2.7538   -1.4454
  QMMM:    50       50      H        3.6797    2.4905   -0.2602
  QMMM:    51       51      H        4.9938    1.5417   -1.0567
  QMMM:    52       52      H        3.3085    1.4737   -1.7172
  QMMM:    53       53      H        6.1238   -1.9748   -0.6371
  QMMM:    54       54      H        6.2168   -0.2139   -1.0297
  QMMM:    55       55      H        6.0699    1.4901    0.9571
  QMMM:    56       56      H        6.0144    0.8314    2.6394
  QMMM:    57       57      H       -4.6656    0.0458   -1.8224
  QMMM:    58       58      H       -5.3380    1.6081   -1.2160
  QMMM:    59       59      H        5.9313   -1.5043    1.7782
  QMMM:    60       60      H       -3.0575    1.9727    1.2257
  QMMM:    61       61      H       -2.3280    3.1247    0.0338
  QMMM:    62       62      H       -4.1253    3.0228    0.2047
  QMMM:    63       63      H       -4.9961    0.7689    1.1713
  QMMM:    64       64      H       -4.4616   -0.8195    0.4971
  QMMM:    65       65      H        8.0182   -1.3575    0.7592
  QMMM:    66       66      H       -6.9840   -0.2552   -0.8141
  QMMM:    67       67      H       -9.0096   -1.1167    0.0207
  QMMM:    68       68      H       -8.7221   -2.3912    1.2785
  QMMM:    69       69      H       -9.2828   -0.7412    1.7741
  QMMM:    70       70      H       -7.3195   -1.5943    3.2358
  QMMM:    71       71      H       -5.6573   -1.5573    2.5084
  QMMM:    72       72      H       -6.4537   -0.0149    3.0200

           --------- Calculation Completed ----------

