            --------------------------------------------------------
                             AMBER SQM VERSION 19
 
                                     By
              Ross C. Walker, Michael F. Crowley, Scott Brozell,
                         Tim Giese, Andreas W. Goetz,
                        Tai-Sung Lee and David A. Case
 
            --------------------------------------------------------
 

--------------------------------------------------------------------------------
  QM CALCULATION INFO
--------------------------------------------------------------------------------

| QMMM: Citation for AMBER QMMM Run:
| QMMM: R.C. Walker, M.F. Crowley and D.A. Case, J. COMP. CHEM. 29:1019, 2008

QMMM: SINGLET STATE CALCULATION
QMMM: RHF CALCULATION, NO. OF DOUBLY OCCUPIED LEVELS = 36

| QMMM: *** Selected Hamiltonian *** 
| QMMM: AM1         

| QMMM: *** Parameter sets in use ***
| QMMM: O : M.J.S.DEWAR et al. JACS, 107, 3902, (1985)
| QMMM: C : M.J.S.DEWAR et al. JACS, 107, 3902, (1985)
| QMMM: H : M.J.S.DEWAR et al. JACS, 107, 3902, (1985)

| QMMM: *** SCF convergence criteria ***
| QMMM: Energy change                :  0.1D-09 kcal/mol
| QMMM: Error matrix |FP-PF|         :  0.1D+00 au
| QMMM: Density matrix change        :  0.5D-06
| QMMM: Maximum number of SCF cycles :     1000

| QMMM: *** Diagonalization Routine Information ***
| QMMM: Pseudo diagonalizations are allowed.
| QMMM: Auto diagonalization routine selection is in use.
| QMMM:
| QMMM: Timing diagonalization routines:
| QMMM:                              norbs =       60
| QMMM:    diag iterations used for timing =       15
| QMMM:
| QMMM:              Internal diag routine = 0.009613 seconds
| QMMM:                 Dspev diag routine = 0.011354 seconds
| QMMM:                Dspevd diag routine = 0.007038 seconds
| QMMM:                Dspevx diag routine = 0.033849 seconds
| QMMM:                 Dsyev diag routine = 0.010074 seconds
| QMMM:                Dsyevd diag routine = 0.005182 seconds
| QMMM:                Dsyevr diag routine = 0.006482 seconds
| QMMM:
| QMMM:                Pseudo diag routine = 0.002277 seconds
| QMMM:
| QMMM: Using dsyevd routine (diag_routine=6).

  QMMM: QM Region Cartesian Coordinates (*=link atom) 
  QMMM: QM_NO.   MM_NO.  ATOM         X         Y         Z
  QMMM:     1        1      O       -0.6720    1.1270    0.0820
  QMMM:     2        2      O       -0.5980   -2.5240   -0.3180
  QMMM:     3        3      O        2.1890   -1.8650    0.0630
  QMMM:     4        4      O        1.8600    0.6420    1.2420
  QMMM:     5        5      O        0.9540    2.7790   -0.2880
  QMMM:     6        6      O       -3.3710    0.6630    0.0690
  QMMM:     7        7      C       -0.1410   -1.2570    0.1490
  QMMM:     8        8      C        1.2280   -0.9540   -0.4630
  QMMM:     9        9      C       -1.1580   -0.1780   -0.2480
  QMMM:    10       10      C        1.6510    0.4850   -0.1650
  QMMM:    11       11      C        0.5450    1.4490   -0.5950
  QMMM:    12       12      C       -2.4890   -0.3680    0.4720
  QMMM:    13       13      H       -0.0540   -1.3300    1.2400
  QMMM:    14       14      H        1.2000   -1.1110   -1.5480
  QMMM:    15       15      H       -1.3530   -0.2050   -1.3290
  QMMM:    16       16      H        2.6040    0.7230   -0.6480
  QMMM:    17       17      H        0.3770    1.4030   -1.6760
  QMMM:    18       18      H       -2.3690   -0.2990    1.5590
  QMMM:    19       19      H       -2.9470   -1.3310    0.2290
  QMMM:    20       20      H       -0.6810   -2.4750   -1.2850
  QMMM:    21       21      H        1.8730   -2.7640   -0.1290
  QMMM:    22       22      H        0.9950    0.6180    1.6850
  QMMM:    23       23      H        1.4610    2.7560    0.5410
  QMMM:    24       24      H       -2.9530    1.5120    0.2900

--------------------------------------------------------------------------------
  RESULTS
--------------------------------------------------------------------------------

      iter         sqm energy              rms gradient
      ----    -------------------    -----------------------
xmin    10     -300.6356 kcal/mol        0.6765 kcal/(mol*A)
xmin    20     -300.7710 kcal/mol        0.2681 kcal/(mol*A)
xmin    30     -300.8180 kcal/mol        0.0712 kcal/(mol*A)
xmin    40     -300.8200 kcal/mol        0.0315 kcal/(mol*A)
xmin    50     -300.8201 kcal/mol        0.0066 kcal/(mol*A)
xmin    60     -300.8202 kcal/mol        0.0020 kcal/(mol*A)
  ... geometry converged !
 
 Final MO eigenvalues (eV):
 -42.2542  -39.5373  -39.0963  -37.8004  -37.0626  -36.8041  -31.9894  -31.0569
 -27.3249  -25.0741  -23.7096  -22.3796  -20.0112  -19.2487  -19.0772  -18.5571
 -18.1529  -17.4396  -17.1263  -16.9488  -16.1528  -15.7275  -15.3965  -14.7940
 -14.6508  -14.2659  -14.0272  -13.7825  -13.2510  -13.1408  -12.6203  -12.1368
 -11.8264  -11.5990  -11.2400  -10.6915    2.0108    2.4080    2.4316    2.5878
   2.7843    2.8732    3.0127    3.1604    3.2831    3.3789    3.4472    3.6004
   3.7685    3.8171    3.8877    3.9515    4.2190    4.3219    5.3355    5.4999
   5.7260    5.7885    6.0322    6.0871

 Heat of formation   =       -300.82019387 kcal/mol  (      -13.04454247 eV)

 Total SCF energy    =     -65916.71856736 kcal/mol  (    -2858.36340867 eV)
 Electronic energy   =    -330596.13239792 kcal/mol  (   -14335.72405351 eV)
 Core-core repulsion =     264679.41383056 kcal/mol  (    11477.36064484 eV)
 
    Atomic Charges for Step       1 :
  Atom    Element       Mulliken Charge
     1      O                 -0.311
     2      O                 -0.313
     3      O                 -0.305
     4      O                 -0.299
     5      O                 -0.295
     6      O                 -0.321
     7      C                 -0.046
     8      C                 -0.029
     9      C                 -0.035
    10      C                 -0.018
    11      C                  0.121
    12      C                 -0.011
    13      H                  0.138
    14      H                  0.082
    15      H                  0.094
    16      H                  0.148
    17      H                  0.124
    18      H                  0.082
    19      H                  0.123
    20      H                  0.205
    21      H                  0.218
    22      H                  0.206
    23      H                  0.228
    24      H                  0.215
 Total Mulliken Charge =       0.000
 
                  X        Y        Z     TOTAL  
  QM DIPOLE    -0.367   -1.554   -1.277    2.044
 
 Final Structure

  QMMM: QM Region Cartesian Coordinates (*=link atom) 
  QMMM: QM_NO.   MM_NO.  ATOM         X         Y         Z
  QMMM:     1        1      O       -0.6212    1.1422    0.0948
  QMMM:     2        2      O       -0.6153   -2.5194   -0.2913
  QMMM:     3        3      O        2.1903   -1.8614    0.0230
  QMMM:     4        4      O        2.0634    0.6550    1.1636
  QMMM:     5        5      O        0.8558    2.7518   -0.1307
  QMMM:     6        6      O       -3.4543    0.5694   -0.0469
  QMMM:     7        7      C       -0.1591   -1.2430    0.1125
  QMMM:     8        8      C        1.2275   -0.9666   -0.4993
  QMMM:     9        9      C       -1.1445   -0.1317   -0.2701
  QMMM:    10       10      C        1.7084    0.4567   -0.1880
  QMMM:    11       11      C        0.5995    1.4576   -0.5813
  QMMM:    12       12      C       -2.4663   -0.2785    0.4917
  QMMM:    13       13      H       -0.0736   -1.3250    1.2338
  QMMM:    14       14      H        1.1677   -1.0938   -1.6182
  QMMM:    15       15      H       -1.3387   -0.1526   -1.3794
  QMMM:    16       16      H        2.6522    0.6825   -0.7592
  QMMM:    17       17      H        0.4472    1.5172   -1.6925
  QMMM:    18       18      H       -2.3054   -0.0598    1.5802
  QMMM:    19       19      H       -2.8575   -1.3225    0.3575
  QMMM:    20       20      H       -0.8256   -2.4730   -1.2330
  QMMM:    21       21      H        1.7955   -2.7447   -0.0128
  QMMM:    22       22      H        1.3703    0.2600    1.7077
  QMMM:    23       23      H        1.0689    2.6997    0.8142
  QMMM:    24       24      H       -3.1343    1.4761    0.0526

           --------- Calculation Completed ----------

