            --------------------------------------------------------
                             AMBER SQM VERSION 19
 
                                     By
              Ross C. Walker, Michael F. Crowley, Scott Brozell,
                         Tim Giese, Andreas W. Goetz,
                        Tai-Sung Lee and David A. Case
 
            --------------------------------------------------------
 

--------------------------------------------------------------------------------
  QM CALCULATION INFO
--------------------------------------------------------------------------------

| QMMM: Citation for AMBER QMMM Run:
| QMMM: R.C. Walker, M.F. Crowley and D.A. Case, J. COMP. CHEM. 29:1019, 2008

QMMM: SINGLET STATE CALCULATION
QMMM: RHF CALCULATION, NO. OF DOUBLY OCCUPIED LEVELS = 32

| QMMM: *** Selected Hamiltonian *** 
| QMMM: AM1         

| QMMM: *** Parameter sets in use ***
| QMMM: O : M.J.S.DEWAR et al. JACS, 107, 3902, (1985)
| QMMM: N : M.J.S.DEWAR et al. JACS, 107, 3902, (1985)
| QMMM: C : M.J.S.DEWAR et al. JACS, 107, 3902, (1985)
| QMMM: H : M.J.S.DEWAR et al. JACS, 107, 3902, (1985)

| QMMM: *** SCF convergence criteria ***
| QMMM: Energy change                :  0.1D-09 kcal/mol
| QMMM: Error matrix |FP-PF|         :  0.1D+00 au
| QMMM: Density matrix change        :  0.5D-06
| QMMM: Maximum number of SCF cycles :     1000

| QMMM: *** Diagonalization Routine Information ***
| QMMM: Pseudo diagonalizations are allowed.
| QMMM: Auto diagonalization routine selection is in use.
| QMMM:
| QMMM: Timing diagonalization routines:
| QMMM:                              norbs =       59
| QMMM:    diag iterations used for timing =       15
| QMMM:
| QMMM:              Internal diag routine = 0.010136 seconds
| QMMM:                 Dspev diag routine = 0.011215 seconds
| QMMM:                Dspevd diag routine = 0.006869 seconds
| QMMM:                Dspevx diag routine = 0.032812 seconds
| QMMM:                 Dsyev diag routine = 0.009773 seconds
| QMMM:                Dsyevd diag routine = 0.005259 seconds
| QMMM:                Dsyevr diag routine = 0.006332 seconds
| QMMM:
| QMMM:                Pseudo diag routine = 0.002367 seconds
| QMMM:
| QMMM: Using dsyevd routine (diag_routine=6).

  QMMM: QM Region Cartesian Coordinates (*=link atom) 
  QMMM: QM_NO.   MM_NO.  ATOM         X         Y         Z
  QMMM:     1        1      O       -2.1130   -0.3570    0.0010
  QMMM:     2        2      O       -1.7060    1.9090    0.0000
  QMMM:     3        3      N        4.1630   -0.7320   -0.0010
  QMMM:     4        4      C        0.1080    0.3620    0.0010
  QMMM:     5        5      C        1.0960    1.3470   -0.0000
  QMMM:     6        6      C        0.4670   -0.9860    0.0010
  QMMM:     7        7      C        2.8020   -0.3650   -0.0000
  QMMM:     8        8      C        2.4430    0.9830   -0.0010
  QMMM:     9        9      C        1.8140   -1.3490    0.0010
  QMMM:    10       10      C       -1.2960    0.7410    0.0010
  QMMM:    11       11      C       -3.5240   -0.1130   -0.0010
  QMMM:    12       12      C       -4.2530   -1.4400   -0.0010
  QMMM:    13       13      H        0.8380    2.4020   -0.0010
  QMMM:    14       14      H       -0.2680   -1.7870    0.0020
  QMMM:    15       15      H        3.2030    1.7600   -0.0020
  QMMM:    16       16      H        2.0810   -2.4030    0.0010
  QMMM:    17       17      H       -3.7950    0.4600    0.8930
  QMMM:    18       18      H       -3.7930    0.4590   -0.8950
  QMMM:    19       19      H       -5.3370   -1.2900   -0.0020
  QMMM:    20       20      H       -3.9770   -2.0310   -0.8800
  QMMM:    21       21      H       -3.9780   -2.0300    0.8790
  QMMM:    22       22      H        4.4240   -1.7090    0.0000
  QMMM:    23       23      H        4.8800   -0.0180   -0.0010

--------------------------------------------------------------------------------
  RESULTS
--------------------------------------------------------------------------------

      iter         sqm energy              rms gradient
      ----    -------------------    -----------------------
xmin    10      -69.6922 kcal/mol        0.9515 kcal/(mol*A)
xmin    20      -69.8650 kcal/mol        0.4079 kcal/(mol*A)
xmin    30      -70.0677 kcal/mol        0.1493 kcal/(mol*A)
xmin    40      -70.0731 kcal/mol        0.0332 kcal/(mol*A)
xmin    50      -70.0736 kcal/mol        0.0299 kcal/(mol*A)
xmin    60      -70.0737 kcal/mol        0.0087 kcal/(mol*A)
xmin    70      -70.0738 kcal/mol        0.0025 kcal/(mol*A)
xmin    80      -70.0738 kcal/mol        0.0009 kcal/(mol*A)
xmin    90      -70.0738 kcal/mol        0.0018 kcal/(mol*A)
xmin   100      -70.0738 kcal/mol        0.0019 kcal/(mol*A)
  ... geometry converged !
 
 Final MO eigenvalues (eV):
 -40.8129  -39.5304  -36.8377  -35.6617  -32.3395  -31.6468  -30.0291  -24.9219
 -23.7155  -23.1015  -21.5111  -18.7002  -18.1707  -17.6866  -17.2344  -17.0234
 -15.4260  -14.9408  -14.7705  -14.4661  -14.3679  -14.0291  -13.5232  -13.2676
 -12.5960  -12.4895  -11.9896  -11.7933  -11.1133  -11.0841   -9.9901   -8.8355
  -0.1546    0.3886    1.7187    2.1940    2.5931    2.8640    3.6328    3.7644
   3.8128    3.9525    4.2129    4.2243    4.2655    4.3233    4.4699    4.6961
   4.8504    4.8621    4.9347    5.0092    5.1694    5.4214    5.5439    5.7796
   5.9890    6.0441    7.0700

 Heat of formation   =        -70.07380698 kcal/mol  (       -3.03862829 eV)

 Total SCF energy    =     -49626.33109217 kcal/mol  (    -2151.95919917 eV)
 Electronic energy   =    -244311.14758008 kcal/mol  (   -10594.12634231 eV)
 Core-core repulsion =     194684.81648791 kcal/mol  (     8442.16714314 eV)
 
    Atomic Charges for Step       1 :
  Atom    Element       Mulliken Charge
     1      O                 -0.284
     2      O                 -0.368
     3      N                 -0.345
     4      C                 -0.169
     5      C                 -0.029
     6      C                 -0.026
     7      C                  0.110
     8      C                 -0.220
     9      C                 -0.222
    10      C                  0.355
    11      C                 -0.010
    12      C                 -0.218
    13      H                  0.155
    14      H                  0.153
    15      H                  0.138
    16      H                  0.137
    17      H                  0.090
    18      H                  0.091
    19      H                  0.085
    20      H                  0.086
    21      H                  0.086
    22      H                  0.201
    23      H                  0.201
 Total Mulliken Charge =      -0.000
 
                  X        Y        Z     TOTAL  
  QM DIPOLE     2.563   -2.205    1.072    3.547
 
 Final Structure

  QMMM: QM Region Cartesian Coordinates (*=link atom) 
  QMMM: QM_NO.   MM_NO.  ATOM         X         Y         Z
  QMMM:     1        1      O       -2.1566   -0.4020    0.0017
  QMMM:     2        2      O       -1.7737    1.7967    0.0141
  QMMM:     3        3      N        4.2154   -0.6879   -0.1324
  QMMM:     4        4      C        0.1267    0.2831   -0.0111
  QMMM:     5        5      C        1.0939    1.2984   -0.0167
  QMMM:     6        6      C        0.5331   -1.0568   -0.0172
  QMMM:     7        7      C        2.8682   -0.3676   -0.0386
  QMMM:     8        8      C        2.4442    0.9859   -0.0258
  QMMM:     9        9      C        1.8804   -1.3851   -0.0260
  QMMM:    10       10      C       -1.2886    0.6597    0.0021
  QMMM:    11       11      C       -3.5580   -0.0764    0.0110
  QMMM:    12       12      C       -4.2969   -1.3924    0.0044
  QMMM:    13       13      H        0.7664    2.3518   -0.0115
  QMMM:    14       14      H       -0.2287   -1.8540   -0.0127
  QMMM:    15       15      H        3.1871    1.7973   -0.0326
  QMMM:    16       16      H        2.1788   -2.4439   -0.0330
  QMMM:    17       17      H       -3.7813    0.5261    0.9300
  QMMM:    18       18      H       -3.7904    0.5404   -0.8961
  QMMM:    19       19      H       -5.3949   -1.1924    0.0106
  QMMM:    20       20      H       -4.0378   -1.9837   -0.9061
  QMMM:    21       21      H       -4.0301   -1.9973    0.9036
  QMMM:    22       22      H        4.4672   -1.6091    0.1396
  QMMM:    23       23      H        4.8548    0.0223    0.1379

           --------- Calculation Completed ----------

