            --------------------------------------------------------
                             AMBER SQM VERSION 19
 
                                     By
              Ross C. Walker, Michael F. Crowley, Scott Brozell,
                         Tim Giese, Andreas W. Goetz,
                        Tai-Sung Lee and David A. Case
 
            --------------------------------------------------------
 

--------------------------------------------------------------------------------
  QM CALCULATION INFO
--------------------------------------------------------------------------------

| QMMM: Citation for AMBER QMMM Run:
| QMMM: R.C. Walker, M.F. Crowley and D.A. Case, J. COMP. CHEM. 29:1019, 2008

QMMM: SINGLET STATE CALCULATION
QMMM: RHF CALCULATION, NO. OF DOUBLY OCCUPIED LEVELS = 15

| QMMM: *** Selected Hamiltonian *** 
| QMMM: AM1         

| QMMM: *** Parameter sets in use ***
| QMMM: O : M.J.S.DEWAR et al. JACS, 107, 3902, (1985)
| QMMM: N : M.J.S.DEWAR et al. JACS, 107, 3902, (1985)
| QMMM: C : M.J.S.DEWAR et al. JACS, 107, 3902, (1985)
| QMMM: H : M.J.S.DEWAR et al. JACS, 107, 3902, (1985)

| QMMM: *** SCF convergence criteria ***
| QMMM: Energy change                :  0.1D-09 kcal/mol
| QMMM: Error matrix |FP-PF|         :  0.1D+00 au
| QMMM: Density matrix change        :  0.5D-06
| QMMM: Maximum number of SCF cycles :     1000

| QMMM: *** Diagonalization Routine Information ***
| QMMM: Pseudo diagonalizations are allowed.
| QMMM: Auto diagonalization routine selection is in use.
| QMMM:
| QMMM: Timing diagonalization routines:
| QMMM:                              norbs =       25
| QMMM:    diag iterations used for timing =       20
| QMMM:
| QMMM:              Internal diag routine = 0.001319 seconds
| QMMM:                 Dspev diag routine = 0.001938 seconds
| QMMM:                Dspevd diag routine = 0.001959 seconds
| QMMM:                Dspevx diag routine = 0.007197 seconds
| QMMM:                 Dsyev diag routine = 0.001809 seconds
| QMMM:                Dsyevd diag routine = 0.001890 seconds
| QMMM:                Dsyevr diag routine = 0.002277 seconds
| QMMM:
| QMMM:                Pseudo diag routine = 0.000306 seconds
| QMMM:
| QMMM: Using internal diagonalization routine (diag_routine=1).

  QMMM: QM Region Cartesian Coordinates (*=link atom) 
  QMMM: QM_NO.   MM_NO.  ATOM         X         Y         Z
  QMMM:     1        1      O       -1.6490    0.6570   -0.0100
  QMMM:     2        2      O       -0.4840   -1.2930   -0.0010
  QMMM:     3        3      N        1.9010   -0.0810   -0.0090
  QMMM:     4        4      C        0.7340    0.7870    0.0080
  QMMM:     5        5      C       -0.5020   -0.0690    0.0120
  QMMM:     6        6      H        0.7330    1.4210   -0.8820
  QMMM:     7        7      H        0.7460    1.4090    0.9070
  QMMM:     8        8      H        1.8740   -0.6840   -0.8300
  QMMM:     9        9      H        1.8890   -0.6970    0.8030
  QMMM:    10       10      H       -2.4450    0.0840   -0.0260

--------------------------------------------------------------------------------
  RESULTS
--------------------------------------------------------------------------------

      iter         sqm energy              rms gradient
      ----    -------------------    -----------------------
xmin    10     -101.5816 kcal/mol        0.2425 kcal/(mol*A)
xmin    20     -101.5848 kcal/mol        0.0193 kcal/(mol*A)
xmin    30     -101.5849 kcal/mol        0.0078 kcal/(mol*A)
xmin    40     -101.5849 kcal/mol        0.0243 kcal/(mol*A)
xmin    50     -101.5850 kcal/mol        0.0091 kcal/(mol*A)
xmin    60     -101.5850 kcal/mol        0.0078 kcal/(mol*A)
xmin    70     -101.5851 kcal/mol        0.0173 kcal/(mol*A)
xmin    80     -101.5851 kcal/mol        0.0047 kcal/(mol*A)
xmin    90     -101.5851 kcal/mol        0.0124 kcal/(mol*A)
xmin   100     -101.5851 kcal/mol        0.0059 kcal/(mol*A)
xmin   110     -101.5851 kcal/mol        0.0054 kcal/(mol*A)
xmin   120     -101.5851 kcal/mol        0.0013 kcal/(mol*A)
xmin   130     -101.5851 kcal/mol        0.0046 kcal/(mol*A)
xmin   140     -101.5851 kcal/mol        0.0045 kcal/(mol*A)
xmin   150     -101.5851 kcal/mol        0.0012 kcal/(mol*A)
xmin   160     -101.5851 kcal/mol        0.0011 kcal/(mol*A)
  ... geometry converged !
 
 Final MO eigenvalues (eV):
 -40.8516  -36.8928  -35.8778  -27.9541  -22.2134  -19.0844  -18.0306  -17.7635
 -16.0926  -15.6494  -14.3947  -13.0538  -12.4859  -12.0890  -10.4537    0.8507
   2.0265    3.1690    3.5156    3.7806    4.0646    5.0940    5.6080    5.7843
   6.4826

 Heat of formation   =       -101.58514396 kcal/mol  (       -4.40506240 eV)

 Total SCF energy    =     -27069.19123282 kcal/mol  (    -1173.80821442 eV)
 Electronic energy   =     -81594.84120815 kcal/mol  (    -3538.21782265 eV)
 Core-core repulsion =      54525.64997533 kcal/mol  (     2364.40960823 eV)
 
    Atomic Charges for Step       1 :
  Atom    Element       Mulliken Charge
     1      O                 -0.313
     2      O                 -0.370
     3      N                 -0.328
     4      C                 -0.068
     5      C                  0.254
     6      H                  0.130
     7      H                  0.130
     8      H                  0.160
     9      H                  0.160
    10      H                  0.244
 Total Mulliken Charge =      -0.000
 
                  X        Y        Z     TOTAL  
  QM DIPOLE    -0.307    0.765    0.007    0.824
 
 Final Structure

  QMMM: QM Region Cartesian Coordinates (*=link atom) 
  QMMM: QM_NO.   MM_NO.  ATOM         X         Y         Z
  QMMM:     1        1      O       -1.6731    0.6728   -0.0040
  QMMM:     2        2      O       -0.6929   -1.3136   -0.0232
  QMMM:     3        3      N        1.9486   -0.0503    0.0005
  QMMM:     4        4      C        0.7390    0.7144    0.0058
  QMMM:     5        5      C       -0.5455   -0.0877   -0.0085
  QMMM:     6        6      H        0.7234    1.3887   -0.8986
  QMMM:     7        7      H        0.7171    1.3662    0.9264
  QMMM:     8        8      H        2.0214   -0.6171   -0.8218
  QMMM:     9        9      H        2.0156   -0.6374    0.8090
  QMMM:    10       10      H       -2.4567    0.0980   -0.0136

           --------- Calculation Completed ----------

