            --------------------------------------------------------
                             AMBER SQM VERSION 19
 
                                     By
              Ross C. Walker, Michael F. Crowley, Scott Brozell,
                         Tim Giese, Andreas W. Goetz,
                        Tai-Sung Lee and David A. Case
 
            --------------------------------------------------------
 

--------------------------------------------------------------------------------
  QM CALCULATION INFO
--------------------------------------------------------------------------------

| QMMM: Citation for AMBER QMMM Run:
| QMMM: R.C. Walker, M.F. Crowley and D.A. Case, J. COMP. CHEM. 29:1019, 2008

QMMM: SINGLET STATE CALCULATION
QMMM: RHF CALCULATION, NO. OF DOUBLY OCCUPIED LEVELS = 24

| QMMM: *** Selected Hamiltonian *** 
| QMMM: AM1         

| QMMM: *** Parameter sets in use ***
| QMMM: O : M.J.S.DEWAR et al. JACS, 107, 3902, (1985)
| QMMM: N : M.J.S.DEWAR et al. JACS, 107, 3902, (1985)
| QMMM: C : M.J.S.DEWAR et al. JACS, 107, 3902, (1985)
| QMMM: H : M.J.S.DEWAR et al. JACS, 107, 3902, (1985)

| QMMM: *** SCF convergence criteria ***
| QMMM: Energy change                :  0.1D-09 kcal/mol
| QMMM: Error matrix |FP-PF|         :  0.1D+00 au
| QMMM: Density matrix change        :  0.5D-06
| QMMM: Maximum number of SCF cycles :     1000

| QMMM: *** Diagonalization Routine Information ***
| QMMM: Pseudo diagonalizations are allowed.
| QMMM: Auto diagonalization routine selection is in use.
| QMMM:
| QMMM: Timing diagonalization routines:
| QMMM:                              norbs =       41
| QMMM:    diag iterations used for timing =       20
| QMMM:
| QMMM:              Internal diag routine = 0.004936 seconds
| QMMM:                 Dspev diag routine = 0.005654 seconds
| QMMM:                Dspevd diag routine = 0.004883 seconds
| QMMM:                Dspevx diag routine = 0.020366 seconds
| QMMM:                 Dsyev diag routine = 0.005796 seconds
| QMMM:                Dsyevd diag routine = 0.004755 seconds
| QMMM:                Dsyevr diag routine = 0.005972 seconds
| QMMM:
| QMMM:                Pseudo diag routine = 0.001407 seconds
| QMMM:
| QMMM: Using dsyevd routine (diag_routine=6).

  QMMM: QM Region Cartesian Coordinates (*=link atom) 
  QMMM: QM_NO.   MM_NO.  ATOM         X         Y         Z
  QMMM:     1        1      O       -1.7110   -1.1850    0.3580
  QMMM:     2        2      O        0.9760   -1.6810    0.1310
  QMMM:     3        3      O        2.0210    0.1500   -0.7010
  QMMM:     4        4      N        0.4050    1.8670    0.5740
  QMMM:     5        5      C       -1.3540    0.1880    0.2040
  QMMM:     6        6      C        0.0660    0.4490    0.7290
  QMMM:     7        7      C       -1.5260    0.5510   -1.2650
  QMMM:     8        8      C        1.1220   -0.3400   -0.0300
  QMMM:     9        9      H        0.1450    0.1700    1.7860
  QMMM:    10       10      H       -2.0740    0.7710    0.7920
  QMMM:    11       11      H       -1.3270    1.6100   -1.4580
  QMMM:    12       12      H       -2.5520    0.3380   -1.5860
  QMMM:    13       13      H       -0.8760   -0.0530   -1.9080
  QMMM:    14       14      H        1.3080    2.0510    1.0120
  QMMM:    15       15      H       -0.2750    2.4360    1.0780
  QMMM:    16       16      H       -1.6070   -1.4090    1.2980
  QMMM:    17       17      H        1.6640   -2.1840   -0.3540

--------------------------------------------------------------------------------
  RESULTS
--------------------------------------------------------------------------------

      iter         sqm energy              rms gradient
      ----    -------------------    -----------------------
xmin    10     -147.8270 kcal/mol        0.9746 kcal/(mol*A)
xmin    20     -148.4635 kcal/mol        1.3336 kcal/(mol*A)
xmin    30     -149.1626 kcal/mol        1.2280 kcal/(mol*A)
xmin    40     -151.0584 kcal/mol        0.9491 kcal/(mol*A)
xmin    50     -153.3847 kcal/mol        0.5038 kcal/(mol*A)
xmin    60     -153.6165 kcal/mol        0.5645 kcal/(mol*A)
xmin    70     -153.6696 kcal/mol        0.1143 kcal/(mol*A)
xmin    80     -153.6849 kcal/mol        0.0317 kcal/(mol*A)
xmin    90     -153.6868 kcal/mol        0.0343 kcal/(mol*A)
xmin   100     -153.6873 kcal/mol        0.0557 kcal/(mol*A)
xmin   110     -153.6877 kcal/mol        0.0140 kcal/(mol*A)
xmin   120     -153.6878 kcal/mol        0.0100 kcal/(mol*A)
xmin   130     -153.6878 kcal/mol        0.0048 kcal/(mol*A)
xmin   140     -153.6878 kcal/mol        0.0017 kcal/(mol*A)
xmin   150     -153.6878 kcal/mol        0.0005 kcal/(mol*A)
  ... geometry converged !
 
 Final MO eigenvalues (eV):
 -41.2741  -38.8409  -36.9759  -35.7777  -31.2799  -28.0511  -23.8845  -21.3087
 -19.2831  -18.7166  -18.2801  -17.0716  -16.6820  -15.7948  -15.0867  -14.8195
 -14.1318  -13.3263  -13.0936  -12.6341  -12.2796  -12.1192  -11.2689  -10.4825
   0.8030    1.8712    2.7297    3.1014    3.2743    3.4803    3.7250    3.9633
   4.1830    4.5108    4.6586    4.8598    5.0482    5.4251    5.6931    6.1422
   6.4303

 Heat of formation   =       -153.68783579 kcal/mol  (       -6.66440466 eV)

 Total SCF energy    =     -41644.13001844 kcal/mol  (    -1805.82498671 eV)
 Electronic energy   =    -171240.06123397 kcal/mol  (    -7425.52626660 eV)
 Core-core repulsion =     129595.93121553 kcal/mol  (     5619.70127989 eV)
 
    Atomic Charges for Step       1 :
  Atom    Element       Mulliken Charge
     1      O                 -0.326
     2      O                 -0.318
     3      O                 -0.361
     4      N                 -0.323
     5      C                  0.044
     6      C                 -0.050
     7      C                 -0.223
     8      C                  0.265
     9      H                  0.127
    10      H                  0.096
    11      H                  0.088
    12      H                  0.103
    13      H                  0.090
    14      H                  0.165
    15      H                  0.163
    16      H                  0.213
    17      H                  0.248
 Total Mulliken Charge =      -0.000
 
                  X        Y        Z     TOTAL  
  QM DIPOLE     0.100    0.235    1.352    1.376
 
 Final Structure

  QMMM: QM Region Cartesian Coordinates (*=link atom) 
  QMMM: QM_NO.   MM_NO.  ATOM         X         Y         Z
  QMMM:     1        1      O       -1.6110   -1.2282    0.0123
  QMMM:     2        2      O        0.9866   -1.6675    0.7125
  QMMM:     3        3      O        1.8876   -0.1081   -0.5836
  QMMM:     4        4      N        0.2405    1.9028    0.8023
  QMMM:     5        5      C       -1.4166    0.1748    0.1046
  QMMM:     6        6      C       -0.0756    0.4985    0.8247
  QMMM:     7        7      C       -1.4668    0.7135   -1.3129
  QMMM:     8        8      C        1.0098   -0.3944    0.2339
  QMMM:     9        9      H       -0.1897    0.1917    1.9098
  QMMM:    10       10      H       -2.2508    0.6170    0.7212
  QMMM:    11       11      H       -1.6800    1.8083   -1.2981
  QMMM:    12       12      H       -2.2771    0.1938   -1.8799
  QMMM:    13       13      H       -0.4968    0.5309   -1.8355
  QMMM:    14       14      H        0.3019    2.2451   -0.1377
  QMMM:    15       15      H        1.1037    2.0793    1.2776
  QMMM:    16       16      H       -1.3229   -1.6259    0.8443
  QMMM:    17       17      H        1.6624   -2.2028    0.2646

           --------- Calculation Completed ----------

