            --------------------------------------------------------
                             AMBER SQM VERSION 19
 
                                     By
              Ross C. Walker, Michael F. Crowley, Scott Brozell,
                         Tim Giese, Andreas W. Goetz,
                        Tai-Sung Lee and David A. Case
 
            --------------------------------------------------------
 

--------------------------------------------------------------------------------
  QM CALCULATION INFO
--------------------------------------------------------------------------------

| QMMM: Citation for AMBER QMMM Run:
| QMMM: R.C. Walker, M.F. Crowley and D.A. Case, J. COMP. CHEM. 29:1019, 2008

QMMM: SINGLET STATE CALCULATION
QMMM: RHF CALCULATION, NO. OF DOUBLY OCCUPIED LEVELS = 63

| QMMM: *** Selected Hamiltonian *** 
| QMMM: AM1         

| QMMM: *** Parameter sets in use ***
| QMMM: F : M.J.S.DEWAR et al. THEOCHEM, 180, 1, (1988)
| QMMM: O : M.J.S.DEWAR et al. JACS, 107, 3902, (1985)
| QMMM: N : M.J.S.DEWAR et al. JACS, 107, 3902, (1985)
| QMMM: C : M.J.S.DEWAR et al. JACS, 107, 3902, (1985)
| QMMM: H : M.J.S.DEWAR et al. JACS, 107, 3902, (1985)

| QMMM: *** SCF convergence criteria ***
| QMMM: Energy change                :  0.1D-09 kcal/mol
| QMMM: Error matrix |FP-PF|         :  0.1D+00 au
| QMMM: Density matrix change        :  0.5D-06
| QMMM: Maximum number of SCF cycles :     1000

| QMMM: *** Diagonalization Routine Information ***
| QMMM: Pseudo diagonalizations are allowed.
| QMMM: Auto diagonalization routine selection is in use.
| QMMM:
| QMMM: Timing diagonalization routines:
| QMMM:                              norbs =      114
| QMMM:    diag iterations used for timing =       10
| QMMM:
| QMMM:              Internal diag routine = 0.038409 seconds
| QMMM:                 Dspev diag routine = 0.036023 seconds
| QMMM:                Dspevd diag routine = 0.018280 seconds
| QMMM:                Dspevx diag routine = 0.084391 seconds
| QMMM:                 Dsyev diag routine = 0.037770 seconds
| QMMM:                Dsyevd diag routine = 0.014726 seconds
| QMMM:                Dsyevr diag routine = 0.021100 seconds
| QMMM:
| QMMM:                Pseudo diag routine = 0.015145 seconds
| QMMM: Pseudo diagonalization appears to be slower than regular
| QMMM: diagonalization. Setting pseudo_diag=0 for optimum performance.
| QMMM:
| QMMM: Using dsyevd routine (diag_routine=6).

  QMMM: QM Region Cartesian Coordinates (*=link atom) 
  QMMM: QM_NO.   MM_NO.  ATOM         X         Y         Z
  QMMM:     1        1      F       -2.2160    2.7830    0.3610
  QMMM:     2        2      O        2.8090    2.5240    0.2330
  QMMM:     3        3      O        5.1620    1.4600    0.6810
  QMMM:     4        4      O        5.5980   -0.2900   -0.7260
  QMMM:     5        5      N        1.5280   -1.3110   -0.2910
  QMMM:     6        6      N       -3.1270    0.1880    0.0110
  QMMM:     7        7      N       -5.8810   -0.5180   -0.2460
  QMMM:     8        8      C        1.1460   -2.7270   -0.4860
  QMMM:     9        9      C        1.6920   -3.7950    0.4010
  QMMM:    10       10      C        0.2420   -3.4160    0.4810
  QMMM:    11       11      C        0.5510   -0.2890   -0.1260
  QMMM:    12       12      C        2.8700   -0.9820   -0.2690
  QMMM:    13       13      C        0.9660    1.0480    0.0570
  QMMM:    14       14      C       -0.8290   -0.5520   -0.1380
  QMMM:    15       15      C       -1.7590    0.4790    0.0260
  QMMM:    16       16      C       -3.9590    0.8290   -1.0160
  QMMM:    17       17      C       -3.5990   -1.1170    0.4880
  QMMM:    18       18      C        3.3690    0.2490   -0.1020
  QMMM:    19       19      C        2.4160    1.3740    0.0770
  QMMM:    20       20      C       -5.4280    0.8280   -0.5930
  QMMM:    21       21      C       -5.0810   -1.0500    0.8560
  QMMM:    22       22      C        0.0340    2.0800    0.2210
  QMMM:    23       23      C       -1.3290    1.7900    0.2050
  QMMM:    24       24      C        4.8230    0.4150   -0.1050
  QMMM:    25       25      H        1.0250   -2.9710   -1.5370
  QMMM:    26       26      H        2.3240   -3.5200    1.2370
  QMMM:    27       27      H        1.9400   -4.7490   -0.0490
  QMMM:    28       28      H       -0.4830   -4.1160    0.0850
  QMMM:    29       29      H       -0.0720   -2.9130    1.3880
  QMMM:    30       30      H        3.5220   -1.8390   -0.4090
  QMMM:    31       31      H       -1.1880   -1.5550   -0.3360
  QMMM:    32       32      H       -3.8410    0.2840   -1.9620
  QMMM:    33       33      H       -3.6590    1.8650   -1.2070
  QMMM:    34       34      H       -3.0400   -1.4310    1.3780
  QMMM:    35       35      H       -3.4510   -1.8750   -0.2920
  QMMM:    36       36      H       -5.5770    1.5040    0.2580
  QMMM:    37       37      H       -6.0400    1.2090   -1.4170
  QMMM:    38       38      H       -5.4360   -2.0560    1.1040
  QMMM:    39       39      H       -5.2200   -0.4300    1.7510
  QMMM:    40       40      H        0.3490    3.1100    0.3620
  QMMM:    41       41      H       -6.8600   -0.4800    0.0380
  QMMM:    42       42      H        6.1330    1.6030    0.7050

--------------------------------------------------------------------------------
  RESULTS
--------------------------------------------------------------------------------

      iter         sqm energy              rms gradient
      ----    -------------------    -----------------------
xmin    10      -72.7145 kcal/mol        1.1057 kcal/(mol*A)
xmin    20      -73.0177 kcal/mol        0.3050 kcal/(mol*A)
xmin    30      -73.0839 kcal/mol        0.0664 kcal/(mol*A)
xmin    40      -73.1191 kcal/mol        0.2320 kcal/(mol*A)
xmin    50      -73.1348 kcal/mol        0.0641 kcal/(mol*A)
xmin    60      -73.1546 kcal/mol        0.1201 kcal/(mol*A)
xmin    70      -73.1614 kcal/mol        0.0464 kcal/(mol*A)
xmin    80      -73.1658 kcal/mol        0.0416 kcal/(mol*A)
xmin    90      -73.1669 kcal/mol        0.0073 kcal/(mol*A)
xmin   100      -73.1670 kcal/mol        0.0036 kcal/(mol*A)
xmin   110      -73.1672 kcal/mol        0.0040 kcal/(mol*A)
xmin   120      -73.1672 kcal/mol        0.0021 kcal/(mol*A)
xmin   130      -73.1672 kcal/mol        0.0018 kcal/(mol*A)
  ... geometry converged !
 
 Final MO eigenvalues (eV):
 -49.6054  -42.1911  -40.4658  -40.2769  -39.3494  -37.9823  -37.0804  -36.0770
 -35.4536  -33.0814  -32.0753  -31.1462  -30.6399  -27.3291  -26.0546  -25.4026
 -24.6705  -24.3947  -23.9552  -22.4987  -22.0282  -20.6952  -19.7530  -19.2428
 -19.1322  -18.3701  -17.9448  -17.6786  -17.3789  -16.9335  -16.8430  -16.7324
 -16.5615  -16.1551  -16.0850  -15.9214  -15.6737  -15.3132  -15.1288  -15.0562
 -14.7102  -14.6375  -14.4147  -14.1401  -13.9534  -13.7254  -13.3845  -13.1632
 -12.9848  -12.8024  -12.5105  -12.4381  -12.3858  -12.2290  -12.1298  -11.9553
 -11.3990  -10.8985  -10.4839  -10.3589   -9.7559   -9.2615   -8.8066   -0.6616
  -0.5486    0.1879    0.7815    1.2937    1.7410    1.8386    1.9863    2.5611
   2.6637    2.7560    2.8051    2.8673    2.9009    3.0019    3.0525    3.2622
   3.3330    3.4506    3.4609    3.5448    3.6601    3.6917    3.7734    3.7915
   3.8182    3.9155    3.9707    4.0541    4.0652    4.1379    4.1672    4.2020
   4.2288    4.2617    4.4642    4.4782    4.5138    4.6365    4.7479    4.9533
   5.1932    5.3253    5.4780    5.6098    5.6176    5.7591    5.8338    6.0057
   6.8506    6.9995

 Heat of formation   =        -73.16719637 kcal/mol  (       -3.17276772 eV)

 Total SCF energy    =    -103541.58679429 kcal/mol  (    -4489.90012551 eV)
 Electronic energy   =    -717794.73799418 kcal/mol  (   -31125.91552813 eV)
 Core-core repulsion =     614253.15119989 kcal/mol  (    26636.01540262 eV)
 
    Atomic Charges for Step       1 :
  Atom    Element       Mulliken Charge
     1      F                 -0.098
     2      O                 -0.290
     3      O                 -0.269
     4      O                 -0.409
     5      N                 -0.162
     6      N                 -0.240
     7      N                 -0.300
     8      C                 -0.065
     9      C                 -0.200
    10      C                 -0.207
    11      C                  0.103
    12      C                  0.108
    13      C                 -0.173
    14      C                 -0.218
    15      C                  0.081
    16      C                 -0.051
    17      C                 -0.051
    18      C                 -0.299
    19      C                  0.325
    20      C                 -0.079
    21      C                 -0.076
    22      C                 -0.073
    23      C                  0.037
    24      C                  0.372
    25      H                  0.140
    26      H                  0.129
    27      H                  0.127
    28      H                  0.122
    29      H                  0.131
    30      H                  0.184
    31      H                  0.148
    32      H                  0.074
    33      H                  0.113
    34      H                  0.096
    35      H                  0.068
    36      H                  0.065
    37      H                  0.098
    38      H                  0.094
    39      H                  0.063
    40      H                  0.181
    41      H                  0.164
    42      H                  0.238
 Total Mulliken Charge =       0.000
 
                  X        Y        Z     TOTAL  
  QM DIPOLE    -4.976   -5.682   -0.208    7.556
 
 Final Structure

  QMMM: QM Region Cartesian Coordinates (*=link atom) 
  QMMM: QM_NO.   MM_NO.  ATOM         X         Y         Z
  QMMM:     1        1      F       -2.1400    2.9290    0.3075
  QMMM:     2        2      O        2.8520    2.5586    0.2636
  QMMM:     3        3      O        5.2814    1.6203    0.0574
  QMMM:     4        4      O        5.6088   -0.5624   -0.0946
  QMMM:     5        5      N        1.4637   -1.3059   -0.1576
  QMMM:     6        6      N       -3.1836    0.2892    0.1063
  QMMM:     7        7      N       -5.9202   -0.5493   -0.3153
  QMMM:     8        8      C        1.0060   -2.6510   -0.3495
  QMMM:     9        9      C        1.7254   -3.8424    0.2530
  QMMM:    10       10      C        0.3722   -3.4610    0.7680
  QMMM:    11       11      C        0.5348   -0.2511   -0.0436
  QMMM:    12       12      C        2.8060   -1.0330   -0.1489
  QMMM:    13       13      C        1.0057    1.0761    0.0920
  QMMM:    14       14      C       -0.8544   -0.4995   -0.0739
  QMMM:    15       15      C       -1.7948    0.5377    0.0404
  QMMM:    16       16      C       -3.9989    0.9211   -0.9227
  QMMM:    17       17      C       -3.5902   -1.0768    0.3921
  QMMM:    18       18      C        3.3256    0.2342   -0.0156
  QMMM:    19       19      C        2.4501    1.3957    0.1257
  QMMM:    20       20      C       -5.5078    0.8063   -0.6206
  QMMM:    21       21      C       -5.0998   -1.1758    0.7015
  QMMM:    22       22      C        0.0793    2.1172    0.1994
  QMMM:    23       23      C       -1.2955    1.8754    0.1811
  QMMM:    24       24      C        4.7792    0.3598   -0.0220
  QMMM:    25       25      H        0.5778   -2.7713   -1.3731
  QMMM:    26       26      H        2.6049   -3.6860    0.9044
  QMMM:    27       27      H        1.8371   -4.7419   -0.3795
  QMMM:    28       28      H       -0.5046   -4.0832    0.5134
  QMMM:    29       29      H        0.2909   -3.0264    1.7808
  QMMM:    30       30      H        3.4851   -1.9072   -0.2607
  QMMM:    31       31      H       -1.2040   -1.5393   -0.1860
  QMMM:    32       32      H       -3.7945    0.4602   -1.9325
  QMMM:    33       33      H       -3.7387    2.0147   -0.9738
  QMMM:    34       34      H       -3.0258   -1.4344    1.2976
  QMMM:    35       35      H       -3.3575   -1.7675   -0.4705
  QMMM:    36       36      H       -5.7579    1.5277    0.2113
  QMMM:    37       37      H       -6.0654    1.1332   -1.5427
  QMMM:    38       38      H       -5.3706   -2.2681    0.7351
  QMMM:    39       39      H       -5.2802   -0.7413    1.7281
  QMMM:    40       40      H        0.4535    3.1513    0.3104
  QMMM:    41       41      H       -6.8839   -0.5624   -0.0372
  QMMM:    42       42      H        6.2527    1.5697    0.0478

           --------- Calculation Completed ----------

