            --------------------------------------------------------
                             AMBER SQM VERSION 19
 
                                     By
              Ross C. Walker, Michael F. Crowley, Scott Brozell,
                         Tim Giese, Andreas W. Goetz,
                        Tai-Sung Lee and David A. Case
 
            --------------------------------------------------------
 

--------------------------------------------------------------------------------
  QM CALCULATION INFO
--------------------------------------------------------------------------------

| QMMM: Citation for AMBER QMMM Run:
| QMMM: R.C. Walker, M.F. Crowley and D.A. Case, J. COMP. CHEM. 29:1019, 2008

QMMM: SINGLET STATE CALCULATION
QMMM: RHF CALCULATION, NO. OF DOUBLY OCCUPIED LEVELS = 72

| QMMM: *** Selected Hamiltonian *** 
| QMMM: AM1         

| QMMM: *** Parameter sets in use ***
| QMMM: O : M.J.S.DEWAR et al. JACS, 107, 3902, (1985)
| QMMM: C : M.J.S.DEWAR et al. JACS, 107, 3902, (1985)
| QMMM: H : M.J.S.DEWAR et al. JACS, 107, 3902, (1985)

| QMMM: *** SCF convergence criteria ***
| QMMM: Energy change                :  0.1D-09 kcal/mol
| QMMM: Error matrix |FP-PF|         :  0.1D+00 au
| QMMM: Density matrix change        :  0.5D-06
| QMMM: Maximum number of SCF cycles :     1000

| QMMM: *** Diagonalization Routine Information ***
| QMMM: Pseudo diagonalizations are allowed.
| QMMM: Auto diagonalization routine selection is in use.
| QMMM:
| QMMM: Timing diagonalization routines:
| QMMM:                              norbs =      134
| QMMM:    diag iterations used for timing =       10
| QMMM:
| QMMM:              Internal diag routine = 0.051885 seconds
| QMMM:                 Dspev diag routine = 0.056889 seconds
| QMMM:                Dspevd diag routine = 0.026901 seconds
| QMMM:                Dspevx diag routine = 0.121578 seconds
| QMMM:                 Dsyev diag routine = 0.054186 seconds
| QMMM:                Dsyevd diag routine = 0.019251 seconds
| QMMM:                Dsyevr diag routine = 0.027324 seconds
| QMMM:
| QMMM:                Pseudo diag routine = 0.025529 seconds
| QMMM: Pseudo diagonalization appears to be slower than regular
| QMMM: diagonalization. Setting pseudo_diag=0 for optimum performance.
| QMMM:
| QMMM: Using dsyevd routine (diag_routine=6).

  QMMM: QM Region Cartesian Coordinates (*=link atom) 
  QMMM: QM_NO.   MM_NO.  ATOM         X         Y         Z
  QMMM:     1        1      O        3.1140   -0.2860   -1.9420
  QMMM:     2        2      O       -0.2290    2.1440    1.2400
  QMMM:     3        3      O        4.3270    1.6730    0.0600
  QMMM:     4        4      O        6.7990    0.5840   -0.4650
  QMMM:     5        5      O       -6.4230   -0.0340   -1.3440
  QMMM:     6        6      C        1.8920    0.1630    0.1440
  QMMM:     7        7      C        0.9980   -1.0770   -0.0740
  QMMM:     8        8      C       -0.4050   -0.9390    0.5380
  QMMM:     9        9      C       -1.1200    0.2890   -0.1140
  QMMM:    10       10      C        3.2010   -0.3460   -0.5210
  QMMM:    11       11      C        1.2020    1.3570   -0.5470
  QMMM:    12       12      C       -2.6190    0.4570    0.3690
  QMMM:    13       13      C       -0.2480    1.5820   -0.0650
  QMMM:    14       14      C        1.8850   -2.2360    0.3710
  QMMM:    15       15      C        3.3030   -1.8230   -0.0780
  QMMM:    16       16      C       -1.2200   -2.2200    0.3000
  QMMM:    17       17      C        2.1570    0.4720    1.6430
  QMMM:    18       18      C       -3.3460   -0.8880    0.2340
  QMMM:    19       19      C       -2.6440   -2.0890    0.8180
  QMMM:    20       20      C       -3.3000    1.5230   -0.5370
  QMMM:    21       21      C       -2.7470    0.8980    1.8450
  QMMM:    22       22      C        4.4120    0.4680   -0.1740
  QMMM:    23       23      C       -4.8190    1.5080   -0.4590
  QMMM:    24       24      C       -4.5570   -1.0370   -0.3280
  QMMM:    25       25      C       -5.3420    0.1330   -0.7840
  QMMM:    26       26      C        5.7300   -0.2760   -0.1310
  QMMM:    27       27      H        0.8470   -1.2120   -1.1580
  QMMM:    28       28      H       -0.3280   -0.7920    1.6190
  QMMM:    29       29      H       -1.1830    0.0410   -1.1880
  QMMM:    30       30      H        1.1650    1.1930   -1.6310
  QMMM:    31       31      H        1.7890    2.2690   -0.3870
  QMMM:    32       32      H       -0.6970    2.3360   -0.7210
  QMMM:    33       33      H        1.5870   -3.1830   -0.0890
  QMMM:    34       34      H        1.8510   -2.3710    1.4580
  QMMM:    35       35      H        3.9800   -1.9800    0.7680
  QMMM:    36       36      H        3.6330   -2.4730   -0.8970
  QMMM:    37       37      H       -0.7410   -3.0680    0.8030
  QMMM:    38       38      H       -1.2410   -2.4590   -0.7720
  QMMM:    39       39      H        2.5930    1.4670    1.7780
  QMMM:    40       40      H        1.2470    0.4540    2.2480
  QMMM:    41       41      H        2.8420   -0.2460    2.1070
  QMMM:    42       42      H       -2.6310   -2.0000    1.9110
  QMMM:    43       43      H       -3.1860   -3.0160    0.5930
  QMMM:    44       44      H       -3.0150    1.3500   -1.5850
  QMMM:    45       45      H       -2.9470    2.5300   -0.2830
  QMMM:    46       46      H       -2.0850    0.3300    2.5060
  QMMM:    47       47      H       -2.5200    1.9600    1.9760
  QMMM:    48       48      H       -3.7680    0.7560    2.2200
  QMMM:    49       49      H        3.8730   -0.7650   -2.3170
  QMMM:    50       50      H       -5.2240    2.2160   -1.1900
  QMMM:    51       51      H       -5.1790    1.7970    0.5330
  QMMM:    52       52      H        0.2820    2.9700    1.2000
  QMMM:    53       53      H       -5.0340   -2.0070   -0.4140
  QMMM:    54       54      H        5.7360   -1.0840   -0.8660
  QMMM:    55       55      H        5.8940   -0.6860    0.8700
  QMMM:    56       56      H        6.8620    1.2580    0.2340

--------------------------------------------------------------------------------
  RESULTS
--------------------------------------------------------------------------------

      iter         sqm energy              rms gradient
      ----    -------------------    -----------------------
xmin    10     -228.7309 kcal/mol        0.0693 kcal/(mol*A)
xmin    20     -228.7358 kcal/mol        0.0177 kcal/(mol*A)
xmin    30     -228.7381 kcal/mol        0.0178 kcal/(mol*A)
xmin    40     -228.7382 kcal/mol        0.0067 kcal/(mol*A)
xmin    50     -228.7382 kcal/mol        0.0056 kcal/(mol*A)
xmin    60     -228.7383 kcal/mol        0.0039 kcal/(mol*A)
xmin    70     -228.7383 kcal/mol        0.0031 kcal/(mol*A)
xmin    80     -228.7383 kcal/mol        0.0021 kcal/(mol*A)
  ... geometry converged !
 
 Final MO eigenvalues (eV):
 -42.7898  -41.2740  -39.9483  -38.9387  -38.0875  -37.6123  -37.1783  -35.3072
 -34.0806  -33.2258  -31.7635  -30.6128  -30.2720  -29.0589  -27.7044  -26.8759
 -26.4026  -24.6500  -23.9120  -23.1402  -22.9520  -21.3650  -20.9224  -20.2228
 -19.8183  -18.9462  -18.3176  -18.0100  -17.7644  -17.4578  -17.2123  -16.8107
 -16.6952  -16.4057  -16.1077  -16.0051  -15.7759  -15.5629  -15.3436  -15.0761
 -14.8754  -14.7404  -14.5226  -14.3487  -14.2306  -14.1330  -13.9596  -13.7394
 -13.6199  -13.5452  -13.3749  -13.3366  -13.1228  -12.9622  -12.7442  -12.7069
 -12.6133  -12.4450  -12.2834  -12.1806  -12.0082  -11.9848  -11.8373  -11.7400
 -11.5663  -11.3718  -11.1150  -11.0361  -10.6774  -10.4552  -10.1666   -9.9781
   0.0654    0.1547    1.9663    2.1177    2.5877    2.7526    2.9045    3.0930
   3.1095    3.2154    3.2538    3.2968    3.3423    3.4291    3.4857    3.5372
   3.5939    3.6175    3.6598    3.7373    3.7467    3.8007    3.8500    3.9190
   3.9582    3.9724    4.0272    4.0700    4.1315    4.1820    4.2345    4.2881
   4.3060    4.3251    4.3967    4.4429    4.4552    4.4757    4.5679    4.6121
   4.6307    4.6704    4.7181    4.7356    4.7766    4.8171    4.8486    4.8830
   4.9290    4.9534    5.0034    5.0512    5.1534    5.1947    5.2383    5.3686
   5.5079    5.5786    5.7641    5.9082    6.2113    6.7857

 Heat of formation   =       -228.73833812 kcal/mol  (       -9.91883865 eV)

 Total SCF energy    =    -108519.32211725 kcal/mol  (    -4705.75092655 eV)
 Electronic energy   =    -920606.92484345 kcal/mol  (   -39920.51189642 eV)
 Core-core repulsion =     812087.60272620 kcal/mol  (    35214.76096987 eV)
 
    Atomic Charges for Step       1 :
  Atom    Element       Mulliken Charge
     1      O                 -0.300
     2      O                 -0.333
     3      O                 -0.269
     4      O                 -0.313
     5      O                 -0.298
     6      C                 -0.017
     7      C                 -0.108
     8      C                 -0.086
     9      C                 -0.080
    10      C                  0.041
    11      C                 -0.181
    12      C                 -0.011
    13      C                  0.039
    14      C                 -0.147
    15      C                 -0.184
    16      C                 -0.151
    17      C                 -0.226
    18      C                 -0.022
    19      C                 -0.137
    20      C                 -0.150
    21      C                 -0.197
    22      C                  0.177
    23      C                 -0.210
    24      C                 -0.247
    25      C                  0.262
    26      C                 -0.070
    27      H                  0.104
    28      H                  0.107
    29      H                  0.093
    30      H                  0.114
    31      H                  0.101
    32      H                  0.074
    33      H                  0.090
    34      H                  0.088
    35      H                  0.089
    36      H                  0.091
    37      H                  0.084
    38      H                  0.087
    39      H                  0.090
    40      H                  0.107
    41      H                  0.069
    42      H                  0.099
    43      H                  0.093
    44      H                  0.085
    45      H                  0.096
    46      H                  0.081
    47      H                  0.101
    48      H                  0.070
    49      H                  0.203
    50      H                  0.111
    51      H                  0.111
    52      H                  0.203
    53      H                  0.147
    54      H                  0.118
    55      H                  0.095
    56      H                  0.221
 Total Mulliken Charge =      -0.000
 
                  X        Y        Z     TOTAL  
  QM DIPOLE     4.021   -2.113    2.184    5.040
 
 Final Structure

  QMMM: QM Region Cartesian Coordinates (*=link atom) 
  QMMM: QM_NO.   MM_NO.  ATOM         X         Y         Z
  QMMM:     1        1      O        3.0416   -0.2297   -1.9191
  QMMM:     2        2      O       -0.3099    2.0733    1.2256
  QMMM:     3        3      O        4.3540    1.7012    0.1220
  QMMM:     4        4      O        6.8121    0.5992   -0.3448
  QMMM:     5        5      O       -6.3671    0.0314   -1.4091
  QMMM:     6        6      C        1.8304    0.1581    0.1211
  QMMM:     7        7      C        0.9546   -1.0967   -0.0868
  QMMM:     8        8      C       -0.4170   -0.9476    0.5422
  QMMM:     9        9      C       -1.1190    0.2399   -0.1320
  QMMM:    10       10      C        3.1757   -0.3271   -0.5040
  QMMM:    11       11      C        1.1572    1.3192   -0.5848
  QMMM:    12       12      C       -2.5711    0.4335    0.3592
  QMMM:    13       13      C       -0.2784    1.5290   -0.0880
  QMMM:    14       14      C        1.8529   -2.2485    0.3448
  QMMM:    15       15      C        3.2641   -1.8130   -0.0636
  QMMM:    16       16      C       -1.2184   -2.2224    0.3310
  QMMM:    17       17      C        2.0750    0.4791    1.5871
  QMMM:    18       18      C       -3.3111   -0.8787    0.2456
  QMMM:    19       19      C       -2.6348   -2.0683    0.8362
  QMMM:    20       20      C       -3.2276    1.4986   -0.5331
  QMMM:    21       21      C       -2.6509    0.8812    1.8165
  QMMM:    22       22      C        4.3967    0.4898   -0.1053
  QMMM:    23       23      C       -4.7360    1.5074   -0.4437
  QMMM:    24       24      C       -4.5410   -0.9877   -0.2851
  QMMM:    25       25      C       -5.3080    0.1608   -0.7834
  QMMM:    26       26      C        5.7193   -0.2443   -0.0578
  QMMM:    27       27      H        0.7998   -1.2058   -1.2029
  QMMM:    28       28      H       -0.3228   -0.7528    1.6444
  QMMM:    29       29      H       -1.1922   -0.0164   -1.2324
  QMMM:    30       30      H        1.1309    1.1192   -1.6885
  QMMM:    31       31      H        1.7548    2.2548   -0.4239
  QMMM:    32       32      H       -0.7641    2.2843   -0.7771
  QMMM:    33       33      H        1.5610   -3.2008   -0.1607
  QMMM:    34       34      H        1.7918   -2.4119    1.4492
  QMMM:    35       35      H        3.9675   -1.9262    0.7966
  QMMM:    36       36      H        3.6419   -2.4376   -0.9102
  QMMM:    37       37      H       -0.7171   -3.0679    0.8714
  QMMM:    38       38      H       -1.2336   -2.4830   -0.7602
  QMMM:    39       39      H        2.6205    1.4503    1.6800
  QMMM:    40       40      H        1.1086    0.5704    2.1401
  QMMM:    41       41      H        2.6836   -0.3226    2.0709
  QMMM:    42       42      H       -2.6240   -1.9389    1.9543
  QMMM:    43       43      H       -3.2134   -3.0041    0.6124
  QMMM:    44       44      H       -2.9293    1.3228   -1.6009
  QMMM:    45       45      H       -2.8398    2.5087   -0.2352
  QMMM:    46       46      H       -1.9399    0.2966    2.4466
  QMMM:    47       47      H       -2.3896    1.9634    1.9090
  QMMM:    48       48      H       -3.6865    0.7325    2.2080
  QMMM:    49       49      H        3.8178   -0.6543   -2.3072
  QMMM:    50       50      H       -5.1551    2.2864   -1.1333
  QMMM:    51       51      H       -5.0610    1.7668    0.6001
  QMMM:    52       52      H        0.4269    2.6935    1.2945
  QMMM:    53       53      H       -5.0502   -1.9628   -0.3608
  QMMM:    54       54      H        5.7570   -1.0525   -0.8372
  QMMM:    55       55      H        5.8452   -0.6996    0.9635
  QMMM:    56       56      H        6.6708    1.4348    0.1238

           --------- Calculation Completed ----------

