            --------------------------------------------------------
                             AMBER SQM VERSION 19
 
                                     By
              Ross C. Walker, Michael F. Crowley, Scott Brozell,
                         Tim Giese, Andreas W. Goetz,
                        Tai-Sung Lee and David A. Case
 
            --------------------------------------------------------
 

--------------------------------------------------------------------------------
  QM CALCULATION INFO
--------------------------------------------------------------------------------

| QMMM: Citation for AMBER QMMM Run:
| QMMM: R.C. Walker, M.F. Crowley and D.A. Case, J. COMP. CHEM. 29:1019, 2008

QMMM: SINGLET STATE CALCULATION
QMMM: RHF CALCULATION, NO. OF DOUBLY OCCUPIED LEVELS = 47

| QMMM: *** Selected Hamiltonian *** 
| QMMM: AM1         

| QMMM: *** Parameter sets in use ***
| QMMM: O : M.J.S.DEWAR et al. JACS, 107, 3902, (1985)
| QMMM: N : M.J.S.DEWAR et al. JACS, 107, 3902, (1985)
| QMMM: C : M.J.S.DEWAR et al. JACS, 107, 3902, (1985)
| QMMM: H : M.J.S.DEWAR et al. JACS, 107, 3902, (1985)

| QMMM: *** SCF convergence criteria ***
| QMMM: Energy change                :  0.1D-09 kcal/mol
| QMMM: Error matrix |FP-PF|         :  0.1D+00 au
| QMMM: Density matrix change        :  0.5D-06
| QMMM: Maximum number of SCF cycles :     1000

| QMMM: *** Diagonalization Routine Information ***
| QMMM: Pseudo diagonalizations are allowed.
| QMMM: Auto diagonalization routine selection is in use.
| QMMM:
| QMMM: Timing diagonalization routines:
| QMMM:                              norbs =       81
| QMMM:    diag iterations used for timing =       15
| QMMM:
| QMMM:              Internal diag routine = 0.030297 seconds
| QMMM:                 Dspev diag routine = 0.022485 seconds
| QMMM:                Dspevd diag routine = 0.012992 seconds
| QMMM:                Dspevx diag routine = 0.061006 seconds
| QMMM:                 Dsyev diag routine = 0.022415 seconds
| QMMM:                Dsyevd diag routine = 0.012181 seconds
| QMMM:                Dsyevr diag routine = 0.015204 seconds
| QMMM:
| QMMM:                Pseudo diag routine = 0.008072 seconds
| QMMM:
| QMMM: Using dsyevd routine (diag_routine=6).

  QMMM: QM Region Cartesian Coordinates (*=link atom) 
  QMMM: QM_NO.   MM_NO.  ATOM         X         Y         Z
  QMMM:     1        1      O       -1.3680   -0.5370    1.0210
  QMMM:     2        2      O       -1.2310    2.3580   -1.0900
  QMMM:     3        3      O       -3.4010    1.5650    0.3590
  QMMM:     4        4      O       -2.3410   -3.0610    0.2770
  QMMM:     5        5      O        1.5750    2.2990    0.7020
  QMMM:     6        6      N        0.7130    0.2040    0.2590
  QMMM:     7        7      N        3.0760    0.6860    0.1550
  QMMM:     8        8      N        4.6080   -0.9700   -0.4070
  QMMM:     9        9      C       -1.3630    0.9820   -0.7970
  QMMM:    10       10      C       -2.7950    0.5940   -0.4940
  QMMM:    11       11      C       -0.6510    0.5870    0.4850
  QMMM:    12       12      C       -2.6150   -0.6880    0.3080
  QMMM:    13       13      C       -2.5160   -1.9330   -0.5630
  QMMM:    14       14      C        0.9870   -1.1070   -0.0970
  QMMM:    15       15      C        1.7840    1.1260    0.3880
  QMMM:    16       16      C        2.2220   -1.5490   -0.3270
  QMMM:    17       17      C        3.3170   -0.5540   -0.1800
  QMMM:    18       18      H       -0.9990    0.4080   -1.6580
  QMMM:    19       19      H       -3.4240    0.4930   -1.3820
  QMMM:    20       20      H       -0.6780    1.3950    1.2250
  QMMM:    21       21      H       -3.3970   -0.8210    1.0640
  QMMM:    22       22      H       -1.6850   -1.8920   -1.2710
  QMMM:    23       23      H       -3.4420   -2.0710   -1.1300
  QMMM:    24       24      H       -0.2820    2.5460   -1.1850
  QMMM:    25       25      H       -2.9170    1.5930    1.2010
  QMMM:    26       26      H        0.1690   -1.8040   -0.1910
  QMMM:    27       27      H       -2.2930   -3.8430   -0.2990
  QMMM:    28       28      H        2.4440   -2.5710   -0.6040
  QMMM:    29       29      H        4.8270   -1.9260   -0.6690
  QMMM:    30       30      H        5.3860   -0.3250   -0.3190

--------------------------------------------------------------------------------
  RESULTS
--------------------------------------------------------------------------------

      iter         sqm energy              rms gradient
      ----    -------------------    -----------------------
xmin    10     -170.9407 kcal/mol        1.1374 kcal/(mol*A)
xmin    20     -173.7600 kcal/mol        2.5128 kcal/(mol*A)
xmin    30     -175.1235 kcal/mol        0.5512 kcal/(mol*A)
xmin    40     -175.1768 kcal/mol        0.1199 kcal/(mol*A)
xmin    50     -175.1856 kcal/mol        0.0942 kcal/(mol*A)
xmin    60     -175.1881 kcal/mol        0.0937 kcal/(mol*A)
xmin    70     -175.1897 kcal/mol        0.0149 kcal/(mol*A)
xmin    80     -175.1899 kcal/mol        0.0092 kcal/(mol*A)
xmin    90     -175.1900 kcal/mol        0.0007 kcal/(mol*A)
  ... geometry converged !
 
 Final MO eigenvalues (eV):
 -42.0837  -40.4148  -38.6847  -37.9678  -37.7035  -37.1483  -36.1643  -33.2836
 -31.8645  -31.6721  -29.4302  -26.2560  -24.6713  -24.0536  -22.8434  -22.6099
 -19.6638  -19.4510  -19.0443  -18.6969  -18.4700  -18.3591  -17.4208  -16.9315
 -16.7581  -16.3351  -16.1057  -15.6932  -15.5039  -15.1250  -14.8159  -14.5250
 -14.3685  -14.2558  -13.8152  -13.6002  -13.3218  -12.8348  -12.4657  -11.8635
 -11.7481  -11.5085  -11.3198  -11.0998  -10.5064  -10.0807   -9.3552   -0.1702
   0.6659    1.0838    1.9756    2.1073    2.5351    2.6707    2.7366    2.9549
   3.0548    3.1865    3.3433    3.4073    3.5181    3.5960    3.6251    3.6587
   3.7606    3.9593    4.0304    4.2272    4.2908    4.3588    4.5251    4.9825
   5.1428    5.4352    5.6899    5.7321    5.8305    5.9383    6.2868    6.8452
   7.0028

 Heat of formation   =       -175.18995694 kcal/mol  (       -7.59680660 eV)

 Total SCF energy    =     -81970.11726302 kcal/mol  (    -3554.49101353 eV)
 Electronic energy   =    -485403.98273117 kcal/mol  (   -21048.69618539 eV)
 Core-core repulsion =     403433.86546815 kcal/mol  (    17494.20517185 eV)
 
    Atomic Charges for Step       1 :
  Atom    Element       Mulliken Charge
     1      O                 -0.251
     2      O                 -0.325
     3      O                 -0.303
     4      O                 -0.320
     5      O                 -0.384
     6      N                 -0.298
     7      N                 -0.299
     8      N                 -0.356
     9      C                 -0.018
    10      C                  0.017
    11      C                  0.109
    12      C                 -0.019
    13      C                 -0.044
    14      C                  0.074
    15      C                  0.359
    16      C                 -0.354
    17      C                  0.232
    18      H                  0.117
    19      H                  0.128
    20      H                  0.146
    21      H                  0.146
    22      H                  0.068
    23      H                  0.080
    24      H                  0.248
    25      H                  0.226
    26      H                  0.195
    27      H                  0.203
    28      H                  0.155
    29      H                  0.227
    30      H                  0.240
 Total Mulliken Charge =      -0.000
 
                  X        Y        Z     TOTAL  
  QM DIPOLE     1.398   -5.894   -1.170    6.169
 
 Final Structure

  QMMM: QM Region Cartesian Coordinates (*=link atom) 
  QMMM: QM_NO.   MM_NO.  ATOM         X         Y         Z
  QMMM:     1        1      O       -1.4732   -0.4739    1.1364
  QMMM:     2        2      O       -1.5983    2.6607   -0.0276
  QMMM:     3        3      O       -3.8186    1.3512   -0.2420
  QMMM:     4        4      O       -1.9639   -2.9850    0.1515
  QMMM:     5        5      O        1.3624    2.1877   -0.1691
  QMMM:     6        6      N        0.6927    0.0331    0.2629
  QMMM:     7        7      N        2.9963    0.5510   -0.4471
  QMMM:     8        8      N        4.5132   -1.2233   -0.7626
  QMMM:     9        9      C       -1.3485    1.3426   -0.4562
  QMMM:    10       10      C       -2.6936    0.6064   -0.6356
  QMMM:    11       11      C       -0.6021    0.5625    0.6787
  QMMM:    12       12      C       -2.5476   -0.6790    0.2105
  QMMM:    13       13      C       -2.2683   -1.8842   -0.6869
  QMMM:    14       14      C        1.0044   -1.2986    0.3252
  QMMM:    15       15      C        1.7094    0.9852   -0.1305
  QMMM:    16       16      C        2.2604   -1.7516    0.0062
  QMMM:    17       17      C        3.2658   -0.7709   -0.3941
  QMMM:    18       18      H       -0.7661    1.3478   -1.4154
  QMMM:    19       19      H       -2.8770    0.3638   -1.7179
  QMMM:    20       20      H       -0.4289    1.2370    1.5721
  QMMM:    21       21      H       -3.4482   -0.8669    0.8557
  QMMM:    22       22      H       -1.3895   -1.6793   -1.3571
  QMMM:    23       23      H       -3.1755   -2.0935   -1.3132
  QMMM:    24       24      H       -0.7396    3.1146   -0.0294
  QMMM:    25       25      H       -3.5829    1.8643    0.5435
  QMMM:    26       26      H        0.1899   -1.9893    0.6402
  QMMM:    27       27      H       -2.0581   -3.7781   -0.3895
  QMMM:    28       28      H        2.4986   -2.8191    0.0505
  QMMM:    29       29      H        4.7540   -2.1553   -0.5363
  QMMM:    30       30      H        5.2428   -0.5759   -0.9418

           --------- Calculation Completed ----------

