            --------------------------------------------------------
                             AMBER SQM VERSION 19
 
                                     By
              Ross C. Walker, Michael F. Crowley, Scott Brozell,
                         Tim Giese, Andreas W. Goetz,
                        Tai-Sung Lee and David A. Case
 
            --------------------------------------------------------
 

--------------------------------------------------------------------------------
  QM CALCULATION INFO
--------------------------------------------------------------------------------

| QMMM: Citation for AMBER QMMM Run:
| QMMM: R.C. Walker, M.F. Crowley and D.A. Case, J. COMP. CHEM. 29:1019, 2008

QMMM: SINGLET STATE CALCULATION
QMMM: RHF CALCULATION, NO. OF DOUBLY OCCUPIED LEVELS = 44

| QMMM: *** Selected Hamiltonian *** 
| QMMM: AM1         

| QMMM: *** Parameter sets in use ***
| QMMM: Cl: M.J.S.DEWAR et al. THEOCHEM, 180, 1, (1988)
| QMMM: O : M.J.S.DEWAR et al. JACS, 107, 3902, (1985)
| QMMM: C : M.J.S.DEWAR et al. JACS, 107, 3902, (1985)
| QMMM: H : M.J.S.DEWAR et al. JACS, 107, 3902, (1985)

| QMMM: *** SCF convergence criteria ***
| QMMM: Energy change                :  0.1D-09 kcal/mol
| QMMM: Error matrix |FP-PF|         :  0.1D+00 au
| QMMM: Density matrix change        :  0.5D-06
| QMMM: Maximum number of SCF cycles :     1000

| QMMM: *** Diagonalization Routine Information ***
| QMMM: Pseudo diagonalizations are allowed.
| QMMM: Auto diagonalization routine selection is in use.
| QMMM:
| QMMM: Timing diagonalization routines:
| QMMM:                              norbs =       75
| QMMM:    diag iterations used for timing =       15
| QMMM:
| QMMM:              Internal diag routine = 0.020418 seconds
| QMMM:                 Dspev diag routine = 0.018292 seconds
| QMMM:                Dspevd diag routine = 0.011037 seconds
| QMMM:                Dspevx diag routine = 0.050122 seconds
| QMMM:                 Dsyev diag routine = 0.019270 seconds
| QMMM:                Dsyevd diag routine = 0.012001 seconds
| QMMM:                Dsyevr diag routine = 0.013232 seconds
| QMMM:
| QMMM:                Pseudo diag routine = 0.006394 seconds
| QMMM:
| QMMM: Using dspevd routine (diag_routine=3).

  QMMM: QM Region Cartesian Coordinates (*=link atom) 
  QMMM: QM_NO.   MM_NO.  ATOM         X         Y         Z
  QMMM:     1        1      Cl      -1.9930    2.6480    1.0550
  QMMM:     2        2      Cl       4.9960   -1.2990    1.2090
  QMMM:     3        3      Cl      -4.9750   -1.7900    0.3950
  QMMM:     4        4      O       -0.0040    1.1640   -0.6410
  QMMM:     5        5      O        1.9870    0.5100   -2.4670
  QMMM:     6        6      C        1.1580    0.5910   -0.2220
  QMMM:     7        7      C       -1.1830    0.4850   -0.3840
  QMMM:     8        8      C        2.1580    0.2640   -1.1380
  QMMM:     9        9      C        1.3450    0.3340    1.1360
  QMMM:    10       10      C       -2.1750    1.0680    0.3860
  QMMM:    11       11      C       -1.3350   -0.7820   -0.9200
  QMMM:    12       12      C        3.3450   -0.3210   -0.6960
  QMMM:    13       13      C        2.5320   -0.2500    1.5780
  QMMM:    14       14      C       -3.3540    0.3620    0.6280
  QMMM:    15       15      C       -2.5130   -1.4880   -0.6780
  QMMM:    16       16      C        3.5320   -0.5780    0.6620
  QMMM:    17       17      C       -3.5220   -0.9170    0.0960
  QMMM:    18       18      H        0.5830    0.5920    1.8670
  QMMM:    19       19      H       -0.5640   -1.2370   -1.5350
  QMMM:    20       20      H        4.1240   -0.5760   -1.4100
  QMMM:    21       21      H        2.6650   -0.4430    2.6400
  QMMM:    22       22      H       -4.1420    0.8070    1.2320
  QMMM:    23       23      H       -2.6310   -2.4830   -1.1010
  QMMM:    24       24      H        2.7800    0.2170   -2.9480

--------------------------------------------------------------------------------
  RESULTS
--------------------------------------------------------------------------------

      iter         sqm energy              rms gradient
      ----    -------------------    -----------------------
xmin    10      -34.7345 kcal/mol        0.4992 kcal/(mol*A)
xmin    20      -34.9626 kcal/mol        0.7428 kcal/(mol*A)
xmin    30      -35.0342 kcal/mol        0.6117 kcal/(mol*A)
xmin    40      -35.0594 kcal/mol        0.1703 kcal/(mol*A)
xmin    50      -35.0888 kcal/mol        0.2845 kcal/(mol*A)
xmin    60      -35.1669 kcal/mol        0.4245 kcal/(mol*A)
xmin    70       -5.9488 kcal/mol       41.5749 kcal/(mol*A)
xmin    80      -35.2885 kcal/mol        0.2658 kcal/(mol*A)
xmin    90      -35.3460 kcal/mol        0.1209 kcal/(mol*A)
xmin   100      -35.3609 kcal/mol        0.1417 kcal/(mol*A)
xmin   110      -35.3799 kcal/mol        0.2346 kcal/(mol*A)
xmin   120      -35.4004 kcal/mol        0.1138 kcal/(mol*A)
xmin   130      -35.4093 kcal/mol        0.0886 kcal/(mol*A)
xmin   140      -35.4237 kcal/mol        0.1034 kcal/(mol*A)
xmin   150      -35.4249 kcal/mol        0.0983 kcal/(mol*A)
xmin   160      -35.4406 kcal/mol        0.0620 kcal/(mol*A)
xmin   170      -35.4590 kcal/mol        0.0776 kcal/(mol*A)
xmin   180      -35.4670 kcal/mol        0.0779 kcal/(mol*A)
xmin   190      -35.4766 kcal/mol        0.1037 kcal/(mol*A)
xmin   200      -35.4816 kcal/mol        0.2697 kcal/(mol*A)
xmin   210      -35.4991 kcal/mol        0.1084 kcal/(mol*A)
xmin   220      -35.5200 kcal/mol        0.1810 kcal/(mol*A)
xmin   230      -35.5242 kcal/mol        0.0573 kcal/(mol*A)
xmin   240      -35.5493 kcal/mol        0.0446 kcal/(mol*A)
xmin   250      -35.5519 kcal/mol        0.0456 kcal/(mol*A)
xmin   260      -35.5686 kcal/mol        0.1213 kcal/(mol*A)
xmin   270      -35.5729 kcal/mol        0.0504 kcal/(mol*A)
xmin   280      -35.5741 kcal/mol        0.0230 kcal/(mol*A)
xmin   290      -35.5754 kcal/mol        0.0508 kcal/(mol*A)
xmin   300      -35.5763 kcal/mol        0.0444 kcal/(mol*A)
xmin   310      -35.5766 kcal/mol        0.0240 kcal/(mol*A)
xmin   320      -35.5767 kcal/mol        0.0102 kcal/(mol*A)
xmin   330      -35.5767 kcal/mol        0.0057 kcal/(mol*A)
xmin   340      -35.5768 kcal/mol        0.0042 kcal/(mol*A)
xmin   350      -35.5093 kcal/mol        1.7330 kcal/(mol*A)
xmin   360      -35.5764 kcal/mol        0.0663 kcal/(mol*A)
xmin   370      -35.5768 kcal/mol        0.0062 kcal/(mol*A)
xmin   380      -35.5768 kcal/mol        0.0053 kcal/(mol*A)
xmin   390      -35.5768 kcal/mol        0.0108 kcal/(mol*A)
xmin   400      -35.5768 kcal/mol        0.0015 kcal/(mol*A)
  ... geometry converged !
 
 Final MO eigenvalues (eV):
 -41.3667  -40.1403  -38.5630  -38.4948  -37.9491  -37.3350  -36.8617  -31.9077
 -31.6416  -31.0318  -29.8097  -24.7416  -24.1613  -23.8609  -22.9787  -19.6636
 -19.5821  -18.4074  -18.0154  -17.4893  -16.9159  -16.5555  -15.9993  -15.5789
 -15.4800  -15.1164  -14.8871  -14.7417  -14.1268  -13.9677  -13.6908  -13.5738
 -13.3959  -13.1127  -12.2647  -12.1315  -12.0705  -12.0212  -11.9281  -11.5648
 -10.0804  -10.0160   -9.5590   -9.4417   -0.3795   -0.2808   -0.1220   -0.0724
   0.9451    1.0427    1.3442    1.9295    2.1237    2.3809    2.5037    3.3355
   3.4609    3.5905    3.6071    3.6677    3.7780    3.9038    4.1766    4.2111
   4.4051    4.4659    4.5292    4.7543    4.8221    4.9009    4.9767    5.0382
   5.3045    5.6597    6.1164

 Heat of formation   =        -35.57681294 kcal/mol  (       -1.54272638 eV)

 Total SCF energy    =     -78259.29225279 kcal/mol  (    -3393.57756614 eV)
 Electronic energy   =    -405790.36290874 kcal/mol  (   -17596.39056887 eV)
 Core-core repulsion =     327531.07065595 kcal/mol  (    14202.81300273 eV)
 
    Atomic Charges for Step       1 :
  Atom    Element       Mulliken Charge
     1      Cl                 0.009
     2      Cl                -0.004
     3      Cl                -0.005
     4      O                 -0.145
     5      O                 -0.239
     6      C                  0.014
     7      C                  0.052
     8      C                  0.085
     9      C                 -0.090
    10      C                 -0.062
    11      C                 -0.121
    12      C                 -0.206
    13      C                 -0.150
    14      C                 -0.117
    15      C                 -0.116
    16      C                 -0.024
    17      C                 -0.060
    18      H                  0.161
    19      H                  0.170
    20      H                  0.152
    21      H                  0.155
    22      H                  0.163
    23      H                  0.154
    24      H                  0.224
 Total Mulliken Charge =      -0.000
 
                  X        Y        Z     TOTAL  
  QM DIPOLE     1.283   -1.681   -0.412    2.154
 
 Final Structure

  QMMM: QM Region Cartesian Coordinates (*=link atom) 
  QMMM: QM_NO.   MM_NO.  ATOM         X         Y         Z
  QMMM:     1        1      Cl      -1.8392    2.1059    1.7160
  QMMM:     2        2      Cl       5.1320   -1.0846    1.2856
  QMMM:     3        3      Cl      -5.0651   -1.6893   -0.1937
  QMMM:     4        4      O        0.0254    1.2252   -0.4739
  QMMM:     5        5      O        1.5730   -0.1876   -2.2631
  QMMM:     6        6      C        1.1808    0.5757   -0.0396
  QMMM:     7        7      C       -1.1435    0.4717   -0.3394
  QMMM:     8        8      C        2.0201   -0.0734   -0.9696
  QMMM:     9        9      C        1.5748    0.6883    1.2974
  QMMM:    10       10      C       -2.1086    0.8464    0.6107
  QMMM:    11       11      C       -1.3977   -0.5750   -1.2359
  QMMM:    12       12      C        3.2571   -0.5876   -0.5557
  QMMM:    13       13      C        2.8009    0.1726    1.7107
  QMMM:    14       14      C       -3.3346    0.1718    0.6480
  QMMM:    15       15      C       -2.6140   -1.2474   -1.1920
  QMMM:    16       16      C        3.6346   -0.4593    0.7826
  QMMM:    17       17      C       -3.5776   -0.8703   -0.2494
  QMMM:    18       18      H        0.9094    1.1974    2.0127
  QMMM:    19       19      H       -0.6241   -0.8450   -1.9740
  QMMM:    20       20      H        3.9177   -1.0845   -1.2812
  QMMM:    21       21      H        3.1095    0.2670    2.7627
  QMMM:    22       22      H       -4.1010    0.4634    1.3838
  QMMM:    23       23      H       -2.8163   -2.0676   -1.8977
  QMMM:    24       24      H        2.3005   -0.5357   -2.8012

           --------- Calculation Completed ----------

