            --------------------------------------------------------
                             AMBER SQM VERSION 19
 
                                     By
              Ross C. Walker, Michael F. Crowley, Scott Brozell,
                         Tim Giese, Andreas W. Goetz,
                        Tai-Sung Lee and David A. Case
 
            --------------------------------------------------------
 

--------------------------------------------------------------------------------
  QM CALCULATION INFO
--------------------------------------------------------------------------------

| QMMM: Citation for AMBER QMMM Run:
| QMMM: R.C. Walker, M.F. Crowley and D.A. Case, J. COMP. CHEM. 29:1019, 2008

QMMM: SINGLET STATE CALCULATION
QMMM: RHF CALCULATION, NO. OF DOUBLY OCCUPIED LEVELS = 63

| QMMM: *** Selected Hamiltonian *** 
| QMMM: AM1         

| QMMM: *** Parameter sets in use ***
| QMMM: O : M.J.S.DEWAR et al. JACS, 107, 3902, (1985)
| QMMM: C : M.J.S.DEWAR et al. JACS, 107, 3902, (1985)
| QMMM: H : M.J.S.DEWAR et al. JACS, 107, 3902, (1985)

| QMMM: *** SCF convergence criteria ***
| QMMM: Energy change                :  0.1D-09 kcal/mol
| QMMM: Error matrix |FP-PF|         :  0.1D+00 au
| QMMM: Density matrix change        :  0.5D-06
| QMMM: Maximum number of SCF cycles :     1000

| QMMM: *** Diagonalization Routine Information ***
| QMMM: Pseudo diagonalizations are allowed.
| QMMM: Auto diagonalization routine selection is in use.
| QMMM:
| QMMM: Timing diagonalization routines:
| QMMM:                              norbs =      122
| QMMM:    diag iterations used for timing =       10
| QMMM:
| QMMM:              Internal diag routine = 0.050070 seconds
| QMMM:                 Dspev diag routine = 0.043568 seconds
| QMMM:                Dspevd diag routine = 0.021675 seconds
| QMMM:                Dspevx diag routine = 0.100004 seconds
| QMMM:                 Dsyev diag routine = 0.043402 seconds
| QMMM:                Dsyevd diag routine = 0.016281 seconds
| QMMM:                Dsyevr diag routine = 0.024438 seconds
| QMMM:
| QMMM:                Pseudo diag routine = 0.019790 seconds
| QMMM: Pseudo diagonalization appears to be slower than regular
| QMMM: diagonalization. Setting pseudo_diag=0 for optimum performance.
| QMMM:
| QMMM: Using dsyevd routine (diag_routine=6).

  QMMM: QM Region Cartesian Coordinates (*=link atom) 
  QMMM: QM_NO.   MM_NO.  ATOM         X         Y         Z
  QMMM:     1        1      O        5.5190   -0.1940   -0.6740
  QMMM:     2        2      O       -6.0870   -0.2510    1.0000
  QMMM:     3        3      C        1.4340    0.9510    0.3840
  QMMM:     4        4      C        2.3080   -0.2440   -0.0540
  QMMM:     5        5      C        0.0470    0.9460   -0.2670
  QMMM:     6        6      C       -0.6910   -0.3710    0.1300
  QMMM:     7        7      C       -2.1520   -0.4560   -0.4580
  QMMM:     8        8      C        3.6030    0.0990    0.7150
  QMMM:     9        9      C        1.6070   -1.5290    0.4070
  QMMM:    10       10      C        0.1770   -1.6280   -0.1540
  QMMM:    11       11      C        2.3480    2.1530    0.1720
  QMMM:    12       12      C       -0.7800    2.1630    0.1670
  QMMM:    13       13      C        3.7410    1.6280    0.5650
  QMMM:    14       14      C       -2.9010    0.8490   -0.1580
  QMMM:    15       15      C        2.5670   -0.3070   -1.5820
  QMMM:    16       16      C       -2.1690    2.1360   -0.4570
  QMMM:    17       17      C       -2.8810   -1.6550    0.2150
  QMMM:    18       18      C       -2.1470   -0.6680   -1.9890
  QMMM:    19       19      C        4.8190   -0.6330    0.2370
  QMMM:    20       20      C       -4.3900   -1.6330    0.0300
  QMMM:    21       21      C       -4.1550    0.9010    0.3240
  QMMM:    22       22      C       -4.9590   -0.3270    0.5180
  QMMM:    23       23      C        5.1420   -1.9300    0.9270
  QMMM:    24       24      H        1.2710    0.8820    1.4730
  QMMM:    25       25      H        0.1590    0.9950   -1.3550
  QMMM:    26       26      H       -0.8000   -0.3330    1.2260
  QMMM:    27       27      H        3.4790   -0.1160    1.7850
  QMMM:    28       28      H        1.5560   -1.5600    1.5030
  QMMM:    29       29      H        2.1720   -2.4140    0.0960
  QMMM:    30       30      H        0.2300   -1.8170   -1.2310
  QMMM:    31       31      H       -0.2910   -2.5130    0.2900
  QMMM:    32       32      H        2.0570    3.0080    0.7920
  QMMM:    33       33      H        2.3420    2.4840   -0.8730
  QMMM:    34       34      H       -0.2780    3.0890   -0.1360
  QMMM:    35       35      H       -0.8660    2.1910    1.2610
  QMMM:    36       36      H        4.4790    1.9410   -0.1800
  QMMM:    37       37      H        4.0550    2.0660    1.5210
  QMMM:    38       38      H        3.1200    0.5630   -1.9490
  QMMM:    39       39      H        3.1510   -1.1980   -1.8390
  QMMM:    40       40      H        1.6450   -0.3620   -2.1650
  QMMM:    41       41      H       -2.0850    2.2530   -1.5440
  QMMM:    42       42      H       -2.7320    3.0060   -0.0970
  QMMM:    43       43      H       -2.6720   -1.6510    1.2940
  QMMM:    44       44      H       -2.4990   -2.6080   -0.1710
  QMMM:    45       45      H       -1.5300    0.0710   -2.5090
  QMMM:    46       46      H       -1.7680   -1.6600   -2.2580
  QMMM:    47       47      H       -3.1570   -0.5890   -2.4090
  QMMM:    48       48      H       -4.8350   -2.4460    0.6150
  QMMM:    49       49      H       -4.6750   -1.7720   -1.0170
  QMMM:    50       50      H       -4.6480    1.8440    0.5360
  QMMM:    51       51      H        5.2320   -1.7650    2.0040
  QMMM:    52       52      H        4.3690   -2.6710    0.7220
  QMMM:    53       53      H        6.0980   -2.3110    0.5560

--------------------------------------------------------------------------------
  RESULTS
--------------------------------------------------------------------------------

      iter         sqm energy              rms gradient
      ----    -------------------    -----------------------
xmin    10     -107.0771 kcal/mol        0.3490 kcal/(mol*A)
xmin    20     -107.2374 kcal/mol        0.1918 kcal/(mol*A)
xmin    30     -107.2464 kcal/mol        0.0496 kcal/(mol*A)
xmin    40     -107.2493 kcal/mol        0.0270 kcal/(mol*A)
xmin    50     -107.2497 kcal/mol        0.0099 kcal/(mol*A)
xmin    60     -107.2498 kcal/mol        0.0070 kcal/(mol*A)
xmin    70     -107.2498 kcal/mol        0.0023 kcal/(mol*A)
  ... geometry converged !
 
 Final MO eigenvalues (eV):
 -42.4606  -40.8387  -39.2819  -38.3113  -35.8216  -35.4950  -33.4176  -32.1200
 -31.4443  -30.3964  -29.6236  -28.1725  -27.3674  -26.7297  -24.6706  -23.8311
 -22.9708  -22.5049  -21.1193  -20.5137  -19.7948  -19.3135  -17.9766  -17.1263
 -17.0532  -16.9640  -16.6039  -16.2835  -16.1234  -15.6370  -15.5125  -15.4001
 -14.9922  -14.7826  -14.5495  -14.4777  -14.4377  -14.1416  -14.0172  -13.7084
 -13.6534  -13.4648  -13.2962  -13.2412  -13.1191  -12.9752  -12.8180  -12.6745
 -12.5574  -12.4835  -12.3632  -12.0858  -11.9177  -11.8523  -11.7599  -11.6011
 -11.2925  -11.2266  -11.0561  -10.8970  -10.5016  -10.2800  -10.0693   -0.0400
   0.7954    1.8705    2.8925    2.9466    3.0560    3.1220    3.1979    3.2624
   3.3797    3.4638    3.6275    3.6472    3.6752    3.7669    3.8395    3.8603
   3.8768    3.9237    3.9652    4.0098    4.0459    4.0578    4.0967    4.1337
   4.1521    4.1759    4.1970    4.2386    4.3221    4.3386    4.3700    4.4309
   4.4830    4.5121    4.5543    4.5916    4.6160    4.6187    4.6397    4.6565
   4.7156    4.7295    4.7438    4.7621    4.8161    4.8502    4.9078    4.9252
   4.9780    5.0198    5.0629    5.1331    5.1639    5.2280    5.2655    5.4083
   6.4636    6.6839

 Heat of formation   =       -107.24978459 kcal/mol  (       -4.65069965 eV)

 Total SCF energy    =     -86350.44347156 kcal/mol  (    -3744.43621142 eV)
 Electronic energy   =    -727992.83007454 kcal/mol  (   -31568.13798511 eV)
 Core-core repulsion =     641642.38660298 kcal/mol  (    27823.70177369 eV)
 
    Atomic Charges for Step       1 :
  Atom    Element       Mulliken Charge
     1      O                 -0.294
     2      O                 -0.296
     3      C                 -0.101
     4      C                 -0.038
     5      C                 -0.090
     6      C                 -0.087
     7      C                 -0.020
     8      C                 -0.154
     9      C                 -0.146
    10      C                 -0.153
    11      C                 -0.151
    12      C                 -0.151
    13      C                 -0.154
    14      C                 -0.020
    15      C                 -0.209
    16      C                 -0.137
    17      C                 -0.148
    18      C                 -0.204
    19      C                  0.237
    20      C                 -0.211
    21      C                 -0.246
    22      C                  0.261
    23      C                 -0.272
    24      H                  0.087
    25      H                  0.099
    26      H                  0.091
    27      H                  0.101
    28      H                  0.081
    29      H                  0.081
    30      H                  0.086
    31      H                  0.081
    32      H                  0.084
    33      H                  0.087
    34      H                  0.088
    35      H                  0.087
    36      H                  0.109
    37      H                  0.083
    38      H                  0.093
    39      H                  0.077
    40      H                  0.078
    41      H                  0.097
    42      H                  0.094
    43      H                  0.090
    44      H                  0.089
    45      H                  0.081
    46      H                  0.080
    47      H                  0.080
    48      H                  0.112
    49      H                  0.110
    50      H                  0.148
    51      H                  0.104
    52      H                  0.099
    53      H                  0.106
 Total Mulliken Charge =       0.000
 
                  X        Y        Z     TOTAL  
  QM DIPOLE     2.038   -0.925    0.259    2.253
 
 Final Structure

  QMMM: QM Region Cartesian Coordinates (*=link atom) 
  QMMM: QM_NO.   MM_NO.  ATOM         X         Y         Z
  QMMM:     1        1      O        5.4534   -0.1517   -0.8224
  QMMM:     2        2      O       -6.0648   -0.3109    0.9686
  QMMM:     3        3      C        1.3901    0.9603    0.4295
  QMMM:     4        4      C        2.2581   -0.2481    0.0039
  QMMM:     5        5      C        0.0368    0.9445   -0.2500
  QMMM:     6        6      C       -0.6944   -0.3338    0.1884
  QMMM:     7        7      C       -2.1012   -0.4434   -0.4421
  QMMM:     8        8      C        3.5972    0.0986    0.7000
  QMMM:     9        9      C        1.5540   -1.5000    0.5005
  QMMM:    10       10      C        0.1442   -1.5818   -0.0649
  QMMM:    11       11      C        2.3081    2.1605    0.2463
  QMMM:    12       12      C       -0.7788    2.1654    0.1387
  QMMM:    13       13      C        3.7035    1.6308    0.5895
  QMMM:    14       14      C       -2.8630    0.8367   -0.1950
  QMMM:    15       15      C        2.4906   -0.3301   -1.4958
  QMMM:    16       16      C       -2.1508    2.1118   -0.4963
  QMMM:    17       17      C       -2.8208   -1.6309    0.2159
  QMMM:    18       18      C       -2.0355   -0.6747   -1.9492
  QMMM:    19       19      C        4.7859   -0.6132    0.1090
  QMMM:    20       20      C       -4.3150   -1.6321   -0.0089
  QMMM:    21       21      C       -4.1409    0.8609    0.2217
  QMMM:    22       22      C       -4.9403   -0.3478    0.4546
  QMMM:    23       23      C        5.1294   -1.9214    0.7501
  QMMM:    24       24      H        1.2014    0.8617    1.5404
  QMMM:    25       25      H        0.1715    0.9451   -1.3658
  QMMM:    26       26      H       -0.8476   -0.2532    1.3051
  QMMM:    27       27      H        3.5203   -0.1911    1.7837
  QMMM:    28       28      H        1.5132   -1.4908    1.6211
  QMMM:    29       29      H        2.1240   -2.4139    0.1890
  QMMM:    30       30      H        0.2063   -1.7762   -1.1678
  QMMM:    31       31      H       -0.3671   -2.4650    0.4026
  QMMM:    32       32      H        2.0140    3.0025    0.9186
  QMMM:    33       33      H        2.2724    2.5338   -0.8071
  QMMM:    34       34      H       -0.2449    3.0930   -0.1965
  QMMM:    35       35      H       -0.8773    2.2183    1.2546
  QMMM:    36       36      H        4.4356    1.9125   -0.2090
  QMMM:    37       37      H        4.0642    2.0586    1.5563
  QMMM:    38       38      H        3.0458    0.5731   -1.8498
  QMMM:    39       39      H        3.1054   -1.2331   -1.7334
  QMMM:    40       40      H        1.5305   -0.4040   -2.0582
  QMMM:    41       41      H       -2.0505    2.1966   -1.6141
  QMMM:    42       42      H       -2.7555    2.9915   -0.1481
  QMMM:    43       43      H       -2.6195   -1.6155    1.3201
  QMMM:    44       44      H       -2.3964   -2.5866   -0.1910
  QMMM:    45       45      H       -1.3901    0.0917   -2.4404
  QMMM:    46       46      H       -1.6219   -1.6872   -2.1729
  QMMM:    47       47      H       -3.0596   -0.6100   -2.3908
  QMMM:    48       48      H       -4.7801   -2.4990    0.5308
  QMMM:    49       49      H       -4.5456   -1.7520   -1.1019
  QMMM:    50       50      H       -4.6664    1.8133    0.4051
  QMMM:    51       51      H        5.5594   -1.7323    1.7645
  QMMM:    52       52      H        4.2107   -2.5469    0.8625
  QMMM:    53       53      H        5.8812   -2.4774    0.1394

           --------- Calculation Completed ----------

