            --------------------------------------------------------
                             AMBER SQM VERSION 19
 
                                     By
              Ross C. Walker, Michael F. Crowley, Scott Brozell,
                         Tim Giese, Andreas W. Goetz,
                        Tai-Sung Lee and David A. Case
 
            --------------------------------------------------------
 

--------------------------------------------------------------------------------
  QM CALCULATION INFO
--------------------------------------------------------------------------------

| QMMM: Citation for AMBER QMMM Run:
| QMMM: R.C. Walker, M.F. Crowley and D.A. Case, J. COMP. CHEM. 29:1019, 2008

QMMM: SINGLET STATE CALCULATION
QMMM: RHF CALCULATION, NO. OF DOUBLY OCCUPIED LEVELS = 54

| QMMM: *** Selected Hamiltonian *** 
| QMMM: AM1         

| QMMM: *** Parameter sets in use ***
| QMMM: O : M.J.S.DEWAR et al. JACS, 107, 3902, (1985)
| QMMM: N : M.J.S.DEWAR et al. JACS, 107, 3902, (1985)
| QMMM: C : M.J.S.DEWAR et al. JACS, 107, 3902, (1985)
| QMMM: H : M.J.S.DEWAR et al. JACS, 107, 3902, (1985)

| QMMM: *** SCF convergence criteria ***
| QMMM: Energy change                :  0.1D-09 kcal/mol
| QMMM: Error matrix |FP-PF|         :  0.1D+00 au
| QMMM: Density matrix change        :  0.5D-06
| QMMM: Maximum number of SCF cycles :     1000

| QMMM: *** Diagonalization Routine Information ***
| QMMM: Pseudo diagonalizations are allowed.
| QMMM: Auto diagonalization routine selection is in use.
| QMMM:
| QMMM: Timing diagonalization routines:
| QMMM:                              norbs =       93
| QMMM:    diag iterations used for timing =       15
| QMMM:
| QMMM:              Internal diag routine = 0.029500 seconds
| QMMM:                 Dspev diag routine = 0.031094 seconds
| QMMM:                Dspevd diag routine = 0.017281 seconds
| QMMM:                Dspevx diag routine = 0.083662 seconds
| QMMM:                 Dsyev diag routine = 0.030985 seconds
| QMMM:                Dsyevd diag routine = 0.015575 seconds
| QMMM:                Dsyevr diag routine = 0.019766 seconds
| QMMM:
| QMMM:                Pseudo diag routine = 0.012194 seconds
| QMMM:
| QMMM: Using dsyevd routine (diag_routine=6).

  QMMM: QM Region Cartesian Coordinates (*=link atom) 
  QMMM: QM_NO.   MM_NO.  ATOM         X         Y         Z
  QMMM:     1        1      O        2.2520    0.3950    1.0060
  QMMM:     2        2      O        1.2060   -2.1540   -1.3160
  QMMM:     3        3      O        3.4190   -2.3130    0.3110
  QMMM:     4        4      O        4.1920    2.3590    0.5280
  QMMM:     5        5      O       -4.2510    1.9350   -0.4360
  QMMM:     6        6      N       -0.0310    0.4280    0.1410
  QMMM:     7        7      N       -1.2970    2.2150   -0.3150
  QMMM:     8        8      N       -1.7360   -1.2700    0.3970
  QMMM:     9        9      N       -3.9100   -0.3210    0.0640
  QMMM:    10       10      N       -3.6600   -2.6080    0.5640
  QMMM:    11       11      C        1.8210   -0.9550   -0.8900
  QMMM:    12       12      C        1.2120   -0.3930    0.3900
  QMMM:    13       13      C        3.2720   -1.1430   -0.4920
  QMMM:    14       14      C        3.5210    0.0710    0.3950
  QMMM:    15       15      C        4.0020    1.2890   -0.3810
  QMMM:    16       16      C       -1.3230   -0.0070    0.1540
  QMMM:    17       17      C       -0.0660    1.7710   -0.1460
  QMMM:    18       18      C       -2.0730    1.1090   -0.1280
  QMMM:    19       19      C       -3.5040    0.9960   -0.1910
  QMMM:    20       20      C       -3.0440   -1.4030    0.3460
  QMMM:    21       21      H        1.7460   -0.2230   -1.7040
  QMMM:    22       22      H        0.9080   -1.1770    1.0950
  QMMM:    23       23      H        3.9490   -1.2340   -1.3460
  QMMM:    24       24      H        4.2160   -0.1450    1.2140
  QMMM:    25       25      H        3.2640    1.6110   -1.1220
  QMMM:    26       26      H        4.9510    1.0820   -0.8830
  QMMM:    27       27      H        1.7210   -2.4960   -2.0660
  QMMM:    28       28      H        4.3550   -2.3710    0.5700
  QMMM:    29       29      H        0.8300    2.3710   -0.2220
  QMMM:    30       30      H        4.5010    3.1230    0.0110
  QMMM:    31       31      H       -4.9080   -0.5130    0.0440
  QMMM:    32       32      H       -3.1230   -3.4430    0.7730
  QMMM:    33       33      H       -4.6690   -2.7010    0.5220

--------------------------------------------------------------------------------
  RESULTS
--------------------------------------------------------------------------------

      iter         sqm energy              rms gradient
      ----    -------------------    -----------------------
xmin    10     -120.8459 kcal/mol        2.7904 kcal/(mol*A)
xmin    20     -123.5519 kcal/mol        0.7688 kcal/(mol*A)
xmin    30     -124.2686 kcal/mol        0.3030 kcal/(mol*A)
xmin    40     -124.8116 kcal/mol        0.6722 kcal/(mol*A)
xmin    50     -126.6881 kcal/mol        1.3240 kcal/(mol*A)
xmin    60     -127.3703 kcal/mol        0.2122 kcal/(mol*A)
xmin    70     -127.9553 kcal/mol        0.4421 kcal/(mol*A)
xmin    80     -128.2184 kcal/mol        0.3385 kcal/(mol*A)
xmin    90     -128.2647 kcal/mol        0.1966 kcal/(mol*A)
xmin   100     -128.3001 kcal/mol        0.1154 kcal/(mol*A)
xmin   110     -128.3066 kcal/mol        0.0272 kcal/(mol*A)
xmin   120     -128.3087 kcal/mol        0.0692 kcal/(mol*A)
xmin   130     -128.3115 kcal/mol        0.0409 kcal/(mol*A)
xmin   140     -128.3144 kcal/mol        0.0241 kcal/(mol*A)
xmin   150     -128.3163 kcal/mol        0.0354 kcal/(mol*A)
xmin   160     -128.3177 kcal/mol        0.0100 kcal/(mol*A)
xmin   170     -128.3188 kcal/mol        0.0125 kcal/(mol*A)
xmin   180     -128.3206 kcal/mol        0.0741 kcal/(mol*A)
xmin   190     -128.3236 kcal/mol        0.0182 kcal/(mol*A)
xmin   200     -128.3242 kcal/mol        0.0119 kcal/(mol*A)
xmin   210     -128.3244 kcal/mol        0.0253 kcal/(mol*A)
xmin   220     -128.3247 kcal/mol        0.0132 kcal/(mol*A)
xmin   230     -128.3252 kcal/mol        0.0175 kcal/(mol*A)
xmin   240     -128.3254 kcal/mol        0.0098 kcal/(mol*A)
xmin   250     -128.3257 kcal/mol        0.0209 kcal/(mol*A)
xmin   260     -128.3272 kcal/mol        0.0201 kcal/(mol*A)
xmin   270     -128.3277 kcal/mol        0.0310 kcal/(mol*A)
xmin   280     -128.3300 kcal/mol        0.0369 kcal/(mol*A)
xmin   290     -128.3469 kcal/mol        0.0654 kcal/(mol*A)
xmin   300     -128.3692 kcal/mol        0.1726 kcal/(mol*A)
xmin   310     -128.4183 kcal/mol        0.0487 kcal/(mol*A)
xmin   320     -128.4930 kcal/mol        0.2730 kcal/(mol*A)
xmin   330     -128.5212 kcal/mol        0.1261 kcal/(mol*A)
xmin   340     -128.5248 kcal/mol        0.0525 kcal/(mol*A)
xmin   350     -128.5283 kcal/mol        0.0437 kcal/(mol*A)
xmin   360     -128.5307 kcal/mol        0.0306 kcal/(mol*A)
xmin   370     -128.5321 kcal/mol        0.0167 kcal/(mol*A)
xmin   380     -128.5323 kcal/mol        0.0062 kcal/(mol*A)
xmin   390     -128.5323 kcal/mol        0.0040 kcal/(mol*A)
xmin   400     -128.5323 kcal/mol        0.0016 kcal/(mol*A)
xmin   410     -128.5324 kcal/mol        0.0015 kcal/(mol*A)
xmin   410     -128.5324 kcal/mol        0.0005 kcal/(mol*A)
  ... geometry converged !
 
 Final MO eigenvalues (eV):
 -42.5212  -41.4795  -39.7856  -38.9013  -38.1743  -38.0856  -37.4997  -34.6029
 -34.3202  -33.5181  -32.0261  -29.9760  -29.0970  -26.6738  -24.8668  -24.1112
 -23.6841  -23.1017  -21.6791  -20.2088  -19.7209  -19.4518  -19.2427  -18.7543
 -18.6702  -17.8782  -17.1469  -17.0963  -16.9234  -16.7031  -16.1529  -16.0151
 -15.7564  -15.5726  -15.5419  -15.4978  -14.8715  -14.6086  -14.3995  -14.1452
 -13.8184  -13.6377  -12.8048  -12.6647  -12.2132  -11.9958  -11.8813  -11.6090
 -11.4142  -11.2485  -11.1724  -11.0475  -10.4176   -8.7085   -0.3931    0.5801
   0.6543    1.0689    1.2678    1.6952    2.0745    2.2297    2.4279    2.4702
   2.6437    2.7320    2.9632    3.0775    3.1799    3.2448    3.3340    3.4150
   3.5013    3.5683    3.6215    3.7735    3.8074    4.0201    4.1596    4.2418
   4.4393    4.7598    4.9087    5.1772    5.2043    5.3011    5.4201    5.6986
   5.8683    5.9404    6.2795    6.4681    6.8274

 Heat of formation   =       -128.53235187 kcal/mol  (       -5.57358102 eV)

 Total SCF energy    =     -94441.93260603 kcal/mol  (    -4095.30950982 eV)
 Electronic energy   =    -592442.42451109 kcal/mol  (   -25690.23132176 eV)
 Core-core repulsion =     498000.49190506 kcal/mol  (    21594.92181194 eV)
 
    Atomic Charges for Step       1 :
  Atom    Element       Mulliken Charge
     1      O                 -0.271
     2      O                 -0.288
     3      O                 -0.315
     4      O                 -0.315
     5      O                 -0.320
     6      N                 -0.186
     7      N                 -0.056
     8      N                 -0.245
     9      N                 -0.349
    10      N                 -0.332
    11      C                  0.021
    12      C                  0.128
    13      C                 -0.029
    14      C                 -0.062
    15      C                 -0.039
    16      C                  0.063
    17      C                 -0.086
    18      C                 -0.241
    19      C                  0.398
    20      C                  0.238
    21      H                  0.154
    22      H                  0.154
    23      H                  0.107
    24      H                  0.137
    25      H                  0.082
    26      H                  0.112
    27      H                  0.221
    28      H                  0.217
    29      H                  0.207
    30      H                  0.211
    31      H                  0.249
    32      H                  0.230
    33      H                  0.207
 Total Mulliken Charge =       0.000
 
                  X        Y        Z     TOTAL  
  QM DIPOLE     1.669   -5.721   -2.048    6.302
 
 Final Structure

  QMMM: QM Region Cartesian Coordinates (*=link atom) 
  QMMM: QM_NO.   MM_NO.  ATOM         X         Y         Z
  QMMM:     1        1      O        2.5079    0.2132    1.1025
  QMMM:     2        2      O        1.6891   -2.8570    0.2889
  QMMM:     3        3      O        3.8743   -2.1734   -0.8010
  QMMM:     4        4      O        4.0544    2.4249    0.0473
  QMMM:     5        5      O       -3.9819    2.2133   -0.4315
  QMMM:     6        6      N        0.2336    0.3927    0.5043
  QMMM:     7        7      N       -0.9220    2.3661    0.2021
  QMMM:     8        8      N       -1.6674   -1.2147    0.1787
  QMMM:     9        9      N       -3.7678   -0.0503   -0.2898
  QMMM:    10       10      N       -3.6931   -2.4414   -0.0047
  QMMM:    11       11      C        1.6285   -1.5713   -0.2685
  QMMM:    12       12      C        1.3039   -0.5186    0.8466
  QMMM:    13       13      C        2.9681   -1.0894   -0.8727
  QMMM:    14       14      C        3.4320    0.0823    0.0103
  QMMM:    15       15      C        3.5029    1.4032   -0.7541
  QMMM:    16       16      C       -1.0971    0.0424    0.2483
  QMMM:    17       17      C        0.2714    1.8107    0.4742
  QMMM:    18       18      C       -1.7965    1.2877    0.0534
  QMMM:    19       19      C       -3.2167    1.2600   -0.2309
  QMMM:    20       20      C       -3.0034   -1.2105   -0.0541
  QMMM:    21       21      H        0.8227   -1.6339   -1.0487
  QMMM:    22       22      H        1.0450   -1.0358    1.8199
  QMMM:    23       23      H        2.8285   -0.7651   -1.9379
  QMMM:    24       24      H        4.4224   -0.1349    0.5001
  QMMM:    25       25      H        2.4813    1.6996   -1.1152
  QMMM:    26       26      H        4.2033    1.3093   -1.6264
  QMMM:    27       27      H        2.5257   -2.9434    0.7676
  QMMM:    28       28      H        4.6787   -1.8998   -1.2588
  QMMM:    29       29      H        1.2036    2.3529    0.6715
  QMMM:    30       30      H        3.5279    2.4702    0.8568
  QMMM:    31       31      H       -4.7547   -0.1190   -0.4140
  QMMM:    32       32      H       -3.1083   -3.2473    0.0625
  QMMM:    33       33      H       -4.4534   -2.5374   -0.6397

           --------- Calculation Completed ----------

