            --------------------------------------------------------
                             AMBER SQM VERSION 19
 
                                     By
              Ross C. Walker, Michael F. Crowley, Scott Brozell,
                         Tim Giese, Andreas W. Goetz,
                        Tai-Sung Lee and David A. Case
 
            --------------------------------------------------------
 

--------------------------------------------------------------------------------
  QM CALCULATION INFO
--------------------------------------------------------------------------------

| QMMM: Citation for AMBER QMMM Run:
| QMMM: R.C. Walker, M.F. Crowley and D.A. Case, J. COMP. CHEM. 29:1019, 2008

QMMM: SINGLET STATE CALCULATION
QMMM: RHF CALCULATION, NO. OF DOUBLY OCCUPIED LEVELS = 41

| QMMM: *** Selected Hamiltonian *** 
| QMMM: AM1         

| QMMM: *** Parameter sets in use ***
| QMMM: O : M.J.S.DEWAR et al. JACS, 107, 3902, (1985)
| QMMM: C : M.J.S.DEWAR et al. JACS, 107, 3902, (1985)
| QMMM: H : M.J.S.DEWAR et al. JACS, 107, 3902, (1985)

| QMMM: *** SCF convergence criteria ***
| QMMM: Energy change                :  0.1D-09 kcal/mol
| QMMM: Error matrix |FP-PF|         :  0.1D+00 au
| QMMM: Density matrix change        :  0.5D-06
| QMMM: Maximum number of SCF cycles :     1000

| QMMM: *** Diagonalization Routine Information ***
| QMMM: Pseudo diagonalizations are allowed.
| QMMM: Auto diagonalization routine selection is in use.
| QMMM:
| QMMM: Timing diagonalization routines:
| QMMM:                              norbs =       78
| QMMM:    diag iterations used for timing =       15
| QMMM:
| QMMM:              Internal diag routine = 0.018993 seconds
| QMMM:                 Dspev diag routine = 0.019904 seconds
| QMMM:                Dspevd diag routine = 0.011957 seconds
| QMMM:                Dspevx diag routine = 0.058289 seconds
| QMMM:                 Dsyev diag routine = 0.021036 seconds
| QMMM:                Dsyevd diag routine = 0.012478 seconds
| QMMM:                Dsyevr diag routine = 0.014083 seconds
| QMMM:
| QMMM:                Pseudo diag routine = 0.007737 seconds
| QMMM:
| QMMM: Using dspevd routine (diag_routine=3).

  QMMM: QM Region Cartesian Coordinates (*=link atom) 
  QMMM: QM_NO.   MM_NO.  ATOM         X         Y         Z
  QMMM:     1        1      O       -4.4460   -1.0030    0.4110
  QMMM:     2        2      O       -2.4010   -1.9110    0.0530
  QMMM:     3        3      C        3.9020   -0.4410    0.0360
  QMMM:     4        4      C        3.1490    0.8190   -0.4310
  QMMM:     5        5      C        1.6530    0.7390   -0.2470
  QMMM:     6        6      C       -1.0950    0.5940    0.0900
  QMMM:     7        7      C       -2.5730    0.5150    0.2720
  QMMM:     8        8      C        3.6080   -0.7760    1.5000
  QMMM:     9        9      C        3.5240   -1.6300   -0.8510
  QMMM:    10       10      C        0.8690    0.2280   -1.2700
  QMMM:    11       11      C        1.0900    1.1790    0.9410
  QMMM:    12       12      C       -0.5130    0.1550   -1.1000
  QMMM:    13       13      C       -0.2930    1.1060    1.1100
  QMMM:    14       14      C       -3.3740    1.3490   -0.7490
  QMMM:    15       15      C       -3.1000   -0.9230    0.2330
  QMMM:    16       16      H        4.9780   -0.2530   -0.0730
  QMMM:    17       17      H        3.3790    1.0240   -1.4850
  QMMM:    18       18      H        3.5300    1.6910    0.1180
  QMMM:    19       19      H       -2.8240    0.8900    1.2740
  QMMM:    20       20      H        2.5790   -1.1170    1.6570
  QMMM:    21       21      H        3.7960    0.0880    2.1460
  QMMM:    22       22      H        4.2660   -1.5850    1.8370
  QMMM:    23       23      H        4.1780   -2.4810   -0.6300
  QMMM:    24       24      H        2.4960   -1.9690   -0.6860
  QMMM:    25       25      H        3.6490   -1.3890   -1.9110
  QMMM:    26       26      H        1.3080   -0.1100   -2.2040
  QMMM:    27       27      H        1.7020    1.5850    1.7400
  QMMM:    28       28      H       -1.1210   -0.2450   -1.9070
  QMMM:    29       29      H       -0.7290    1.4530    2.0430
  QMMM:    30       30      H       -3.0010    2.3790   -0.7840
  QMMM:    31       31      H       -3.3030    0.9290   -1.7580
  QMMM:    32       32      H       -4.4360    1.3890   -0.4830
  QMMM:    33       33      H       -4.7640   -1.9310    0.3780

--------------------------------------------------------------------------------
  RESULTS
--------------------------------------------------------------------------------

      iter         sqm energy              rms gradient
      ----    -------------------    -----------------------
xmin    10     -100.5079 kcal/mol        0.9495 kcal/(mol*A)
xmin    20     -100.8047 kcal/mol        0.3540 kcal/(mol*A)
xmin    30     -101.1289 kcal/mol        0.1973 kcal/(mol*A)
xmin    40     -101.6414 kcal/mol        0.8177 kcal/(mol*A)
xmin    50     -101.9866 kcal/mol        0.7505 kcal/(mol*A)
xmin    60     -102.1284 kcal/mol        0.1047 kcal/(mol*A)
xmin    70     -102.2332 kcal/mol        0.1433 kcal/(mol*A)
xmin    80     -102.2672 kcal/mol        0.0679 kcal/(mol*A)
xmin    90     -102.2734 kcal/mol        0.1133 kcal/(mol*A)
xmin   100     -102.2753 kcal/mol        0.0595 kcal/(mol*A)
xmin   110     -102.2777 kcal/mol        0.0217 kcal/(mol*A)
xmin   120     -102.2787 kcal/mol        0.0474 kcal/(mol*A)
xmin   130     -102.2800 kcal/mol        0.0964 kcal/(mol*A)
xmin   140     -102.2808 kcal/mol        0.0118 kcal/(mol*A)
xmin   150     -102.2810 kcal/mol        0.0162 kcal/(mol*A)
xmin   160     -102.2811 kcal/mol        0.0136 kcal/(mol*A)
xmin   170     -102.2812 kcal/mol        0.0225 kcal/(mol*A)
xmin   180     -102.2813 kcal/mol        0.0147 kcal/(mol*A)
xmin   190     -102.2815 kcal/mol        0.0045 kcal/(mol*A)
xmin   200     -102.2815 kcal/mol        0.0011 kcal/(mol*A)
xmin   210     -102.2815 kcal/mol        0.0010 kcal/(mol*A)
xmin   220     -102.2815 kcal/mol        0.0025 kcal/(mol*A)
xmin   230     -102.2815 kcal/mol        0.0011 kcal/(mol*A)
  ... geometry converged !
 
 Final MO eigenvalues (eV):
 -41.0781  -39.8884  -37.3645  -36.4795  -34.8668  -31.5939  -31.0925  -27.8157
 -27.4694  -25.8672  -23.5117  -23.0051  -20.8825  -20.2976  -18.9702  -17.6388
 -17.0907  -16.5418  -16.0343  -15.8815  -15.7088  -14.7795  -14.7131  -14.6318
 -14.3827  -14.1185  -13.7838  -13.1815  -13.0600  -12.9085  -12.6952  -12.4842
 -12.3438  -12.1582  -11.9483  -11.8569  -11.7038  -11.3582  -11.2260   -9.7514
  -9.3969    0.2025    0.4825    1.0968    2.2083    2.7201    3.4350    3.5958
   3.6960    3.7475    3.8531    3.9129    3.9665    4.0547    4.1472    4.2254
   4.3251    4.3606    4.4488    4.5242    4.5818    4.6267    4.6632    4.6825
   4.7786    4.9068    4.9574    4.9730    5.0738    5.1651    5.2025    5.2388
   5.2952    5.4620    5.5266    5.6713    6.0004    6.6869

 Heat of formation   =       -102.28149669 kcal/mol  (       -4.43525852 eV)

 Total SCF energy    =     -58910.31094362 kcal/mol  (    -2554.54277541 eV)
 Electronic energy   =    -355686.41925518 kcal/mol  (   -15423.72053489 eV)
 Core-core repulsion =     296776.10831157 kcal/mol  (    12869.17775949 eV)
 
    Atomic Charges for Step       1 :
  Atom    Element       Mulliken Charge
     1      O                 -0.316
     2      O                 -0.364
     3      C                 -0.099
     4      C                 -0.122
     5      C                 -0.056
     6      C                 -0.092
     7      C                 -0.052
     8      C                 -0.211
     9      C                 -0.211
    10      C                 -0.128
    11      C                 -0.131
    12      C                 -0.113
    13      C                 -0.114
    14      C                 -0.208
    15      C                  0.312
    16      H                  0.083
    17      H                  0.088
    18      H                  0.087
    19      H                  0.125
    20      H                  0.082
    21      H                  0.069
    22      H                  0.074
    23      H                  0.074
    24      H                  0.083
    25      H                  0.070
    26      H                  0.136
    27      H                  0.134
    28      H                  0.154
    29      H                  0.132
    30      H                  0.091
    31      H                  0.097
    32      H                  0.083
    33      H                  0.242
 Total Mulliken Charge =       0.000
 
                  X        Y        Z     TOTAL  
  QM DIPOLE     0.728    1.215    0.992    1.730
 
 Final Structure

  QMMM: QM Region Cartesian Coordinates (*=link atom) 
  QMMM: QM_NO.   MM_NO.  ATOM         X         Y         Z
  QMMM:     1        1      O       -3.6915   -1.4423    1.0278
  QMMM:     2        2      O       -3.2443   -1.5001   -1.1362
  QMMM:     3        3      C        3.8635   -0.4513    0.1053
  QMMM:     4        4      C        3.1045    0.7596   -0.4282
  QMMM:     5        5      C        1.6267    0.6757   -0.2692
  QMMM:     6        6      C       -1.1674    0.5673    0.0068
  QMMM:     7        7      C       -2.6565    0.5433    0.1515
  QMMM:     8        8      C        3.6627   -0.6197    1.5956
  QMMM:     9        9      C        3.4849   -1.7147   -0.6364
  QMMM:    10       10      C        0.8341    0.1137   -1.2779
  QMMM:    11       11      C        1.0061    1.1781    0.8806
  QMMM:    12       12      C       -0.5503    0.0592   -1.1423
  QMMM:    13       13      C       -0.3789    1.1238    1.0196
  QMMM:    14       14      C       -3.3198    1.5050   -0.8190
  QMMM:    15       15      C       -3.1872   -0.8474   -0.0904
  QMMM:    16       16      H        4.9598   -0.2539   -0.0789
  QMMM:    17       17      H        3.3512    0.8794   -1.5181
  QMMM:    18       18      H        3.4809    1.6754    0.1035
  QMMM:    19       19      H       -2.9329    0.8381    1.2060
  QMMM:    20       20      H        2.5829   -0.7864    1.8288
  QMMM:    21       21      H        4.0034    0.2941    2.1397
  QMMM:    22       22      H        4.2470   -1.4951    1.9683
  QMMM:    23       23      H        4.0711   -2.5819   -0.2480
  QMMM:    24       24      H        2.3968   -1.9335   -0.5076
  QMMM:    25       25      H        3.6944   -1.6027   -1.7276
  QMMM:    26       26      H        1.3118   -0.2917   -2.1829
  QMMM:    27       27      H        1.6198    1.6158    1.6826
  QMMM:    28       28      H       -1.1698   -0.3951   -1.9336
  QMMM:    29       29      H       -0.8510    1.5210    1.9308
  QMMM:    30       30      H       -2.9154    2.5338   -0.6645
  QMMM:    31       31      H       -3.1194    1.1920   -1.8726
  QMMM:    32       32      H       -4.4234    1.5216   -0.6524
  QMMM:    33       33      H       -4.0107   -2.3333    0.8091

           --------- Calculation Completed ----------

