            --------------------------------------------------------
                             AMBER SQM VERSION 19
 
                                     By
              Ross C. Walker, Michael F. Crowley, Scott Brozell,
                         Tim Giese, Andreas W. Goetz,
                        Tai-Sung Lee and David A. Case
 
            --------------------------------------------------------
 

--------------------------------------------------------------------------------
  QM CALCULATION INFO
--------------------------------------------------------------------------------

| QMMM: Citation for AMBER QMMM Run:
| QMMM: R.C. Walker, M.F. Crowley and D.A. Case, J. COMP. CHEM. 29:1019, 2008

QMMM: SINGLET STATE CALCULATION
QMMM: RHF CALCULATION, NO. OF DOUBLY OCCUPIED LEVELS = 86

| QMMM: *** Selected Hamiltonian *** 
| QMMM: AM1         

| QMMM: *** Parameter sets in use ***
| QMMM: O : M.J.S.DEWAR et al. JACS, 107, 3902, (1985)
| QMMM: C : M.J.S.DEWAR et al. JACS, 107, 3902, (1985)
| QMMM: H : M.J.S.DEWAR et al. JACS, 107, 3902, (1985)

| QMMM: *** SCF convergence criteria ***
| QMMM: Energy change                :  0.1D-09 kcal/mol
| QMMM: Error matrix |FP-PF|         :  0.1D+00 au
| QMMM: Density matrix change        :  0.5D-06
| QMMM: Maximum number of SCF cycles :     1000

| QMMM: *** Diagonalization Routine Information ***
| QMMM: Pseudo diagonalizations are allowed.
| QMMM: Auto diagonalization routine selection is in use.
| QMMM:
| QMMM: Timing diagonalization routines:
| QMMM:                              norbs =      170
| QMMM:    diag iterations used for timing =        5
| QMMM:
| QMMM:              Internal diag routine = 0.049284 seconds
| QMMM:                 Dspev diag routine = 0.053745 seconds
| QMMM:                Dspevd diag routine = 0.023635 seconds
| QMMM:                Dspevx diag routine = 0.102482 seconds
| QMMM:                 Dsyev diag routine = 0.051434 seconds
| QMMM:                Dsyevd diag routine = 0.014850 seconds
| QMMM:                Dsyevr diag routine = 0.021048 seconds
| QMMM:
| QMMM:                Pseudo diag routine = 0.027022 seconds
| QMMM: Pseudo diagonalization appears to be slower than regular
| QMMM: diagonalization. Setting pseudo_diag=0 for optimum performance.
| QMMM:
| QMMM: Using dsyevd routine (diag_routine=6).

  QMMM: QM Region Cartesian Coordinates (*=link atom) 
  QMMM: QM_NO.   MM_NO.  ATOM         X         Y         Z
  QMMM:     1        1      O        8.4280    0.6440   -0.1450
  QMMM:     2        2      C       -0.2870    0.0120    0.1260
  QMMM:     3        3      C        0.6660   -1.1090    0.5850
  QMMM:     4        4      C        2.0570   -1.0190   -0.0510
  QMMM:     5        5      C        2.6950    0.3600    0.2870
  QMMM:     6        6      C       -1.5630   -0.4190    0.8900
  QMMM:     7        7      C        0.3170    1.3470    0.5840
  QMMM:     8        8      C        4.1200    0.5180   -0.3800
  QMMM:     9        9      C       -0.1510   -2.3820    0.3890
  QMMM:    10       10      C        1.7320    1.5490    0.0160
  QMMM:    11       11      C       -1.5950   -1.9550    0.7120
  QMMM:    12       12      C        2.9600   -2.1560    0.4530
  QMMM:    13       13      C       -2.8640    0.2520    0.4750
  QMMM:    14       14      C       -0.5350    0.0430   -1.4030
  QMMM:    15       15      C        4.9490   -0.7620   -0.2060
  QMMM:    16       16      C        4.8560    1.7010    0.3160
  QMMM:    17       17      C        4.4120   -1.9330    0.1790
  QMMM:    18       18      C        4.0030    0.8090   -1.8960
  QMMM:    19       19      C        6.4320   -0.6660   -0.4790
  QMMM:    20       20      C       -4.0380   -0.3130    1.3030
  QMMM:    21       21      C        6.3410    1.8090   -0.0270
  QMMM:    22       22      C        7.0720    0.5030    0.2650
  QMMM:    23       23      C       -2.7410    1.7730    0.6170
  QMMM:    24       24      C       -5.4120    0.3350    1.0660
  QMMM:    25       25      C       -6.0130    0.1700   -0.3540
  QMMM:    26       26      C       -7.3510    0.9570   -0.5290
  QMMM:    27       27      C       -6.1390   -1.3290   -0.7210
  QMMM:    28       28      C       -7.1850    2.4550   -0.2410
  QMMM:    29       29      C       -8.5120    0.4010    0.3000
  QMMM:    30       30      C       -6.6530   -1.5940   -2.1300
  QMMM:    31       31      H        0.8140   -1.0090    1.6730
  QMMM:    32       32      H        1.9670   -1.1250   -1.1370
  QMMM:    33       33      H        2.8520    0.3580    1.3780
  QMMM:    34       34      H       -1.4040   -0.2230    1.9620
  QMMM:    35       35      H        0.3700    1.3830    1.6800
  QMMM:    36       36      H       -0.2620    2.2160    0.2720
  QMMM:    37       37      H        0.1830   -3.1890    1.0490
  QMMM:    38       38      H       -0.0820   -2.7490   -0.6420
  QMMM:    39       39      H        1.6470    1.7370   -1.0590
  QMMM:    40       40      H        2.1450    2.4650    0.4550
  QMMM:    41       41      H       -2.2570   -2.2670   -0.1040
  QMMM:    42       42      H       -1.9450   -2.4430    1.6280
  QMMM:    43       43      H        2.6520   -3.0950   -0.0240
  QMMM:    44       44      H        2.8390   -2.2950    1.5340
  QMMM:    45       45      H       -3.0800    0.0300   -0.5770
  QMMM:    46       46      H       -1.1520    0.8980   -1.6960
  QMMM:    47       47      H        0.3920    0.1240   -1.9770
  QMMM:    48       48      H       -1.0430   -0.8590   -1.7600
  QMMM:    49       49      H        4.7710    1.5960    1.4070
  QMMM:    50       50      H        4.3760    2.6530    0.0600
  QMMM:    51       51      H        5.0550   -2.8010    0.3050
  QMMM:    52       52      H        3.3960    0.0550   -2.4090
  QMMM:    53       53      H        3.5530    1.7880   -2.0870
  QMMM:    54       54      H        4.9780    0.8210   -2.3940
  QMMM:    55       55      H        6.9540   -1.5910   -0.2000
  QMMM:    56       56      H        6.6030   -0.5610   -1.5580
  QMMM:    57       57      H       -4.1230   -1.3960    1.1690
  QMMM:    58       58      H       -3.8020   -0.1750    2.3680
  QMMM:    59       59      H        6.4750    2.0910   -1.0790
  QMMM:    60       60      H        6.7980    2.6220    0.5510
  QMMM:    61       61      H        7.0670    0.3130    1.3450
  QMMM:    62       62      H       -2.1700    2.2060   -0.2040
  QMMM:    63       63      H       -2.3020    2.0620    1.5770
  QMMM:    64       64      H       -3.7090    2.2740    0.5420
  QMMM:    65       65      H       -5.3700    1.3860    1.3570
  QMMM:    66       66      H       -6.1020   -0.1290    1.7840
  QMMM:    67       67      H       -5.3010    0.6160   -1.0630
  QMMM:    68       68      H        8.8820   -0.1930    0.0510
  QMMM:    69       69      H       -7.6410    0.8840   -1.5850
  QMMM:    70       70      H       -5.1510   -1.8000   -0.6630
  QMMM:    71       71      H       -6.7720   -1.8530    0.0050
  QMMM:    72       72      H       -6.3170    2.8620   -0.7680
  QMMM:    73       73      H       -7.0730    2.6600    0.8280
  QMMM:    74       74      H       -8.0680    3.0060   -0.5840
  QMMM:    75       75      H       -9.4260    0.9750    0.1100
  QMMM:    76       76      H       -8.3070    0.4560    1.3730
  QMMM:    77       77      H       -8.7290   -0.6400    0.0450
  QMMM:    78       78      H       -7.7020   -1.3050   -2.2380
  QMMM:    79       79      H       -6.5830   -2.6620   -2.3590
  QMMM:    80       80      H       -6.0620   -1.0490   -2.8720

--------------------------------------------------------------------------------
  RESULTS
--------------------------------------------------------------------------------

      iter         sqm energy              rms gradient
      ----    -------------------    -----------------------
xmin    10     -141.3052 kcal/mol        0.1656 kcal/(mol*A)
xmin    20     -141.6431 kcal/mol        0.3475 kcal/(mol*A)
xmin    30     -141.8428 kcal/mol        0.2131 kcal/(mol*A)
xmin    40     -141.9697 kcal/mol        0.2502 kcal/(mol*A)
xmin    50     -142.0038 kcal/mol        0.0490 kcal/(mol*A)
xmin    60     -142.0535 kcal/mol        0.0271 kcal/(mol*A)
xmin    70     -142.0567 kcal/mol        0.0341 kcal/(mol*A)
xmin    80     -142.0605 kcal/mol        0.0095 kcal/(mol*A)
xmin    90     -142.0781 kcal/mol        0.0486 kcal/(mol*A)
xmin   100     -142.2262 kcal/mol        0.1427 kcal/(mol*A)
xmin   110     -142.3307 kcal/mol        0.1699 kcal/(mol*A)
xmin   120     -142.7324 kcal/mol        0.1997 kcal/(mol*A)
xmin   130     -142.9417 kcal/mol        0.3070 kcal/(mol*A)
xmin   140     -143.0397 kcal/mol        0.0438 kcal/(mol*A)
xmin   150     -143.0427 kcal/mol        0.0147 kcal/(mol*A)
xmin   160     -143.0431 kcal/mol        0.0032 kcal/(mol*A)
xmin   170     -143.0431 kcal/mol        0.0020 kcal/(mol*A)
xmin   180     -143.0432 kcal/mol        0.0020 kcal/(mol*A)
xmin   190     -143.0432 kcal/mol        0.0020 kcal/(mol*A)
  ... geometry converged !
 
 Final MO eigenvalues (eV):
 -42.0736  -40.4634  -39.1625  -38.1900  -36.3516  -35.3568  -34.6737  -33.4200
 -32.9460  -31.6897  -30.9477  -29.9035  -29.2536  -27.7899  -27.6566  -27.2595
 -26.8323  -26.7164  -24.3987  -23.9849  -23.2075  -22.9703  -22.6904  -21.7059
 -20.7157  -20.5896  -19.8517  -19.1492  -19.0350  -18.1674  -17.6638  -16.7958
 -16.4821  -16.4035  -16.1821  -15.9365  -15.8832  -15.5536  -15.4856  -15.0914
 -15.0209  -14.8542  -14.7486  -14.5421  -14.4118  -14.2210  -14.0251  -13.9423
 -13.8795  -13.7953  -13.5444  -13.4547  -13.3367  -13.2832  -13.0411  -12.9987
 -12.9320  -12.8828  -12.8340  -12.6771  -12.5890  -12.5779  -12.4340  -12.3057
 -12.2480  -12.1135  -12.0235  -11.9083  -11.8801  -11.8009  -11.7118  -11.6858
 -11.4869  -11.3906  -11.2573  -11.1847  -11.0834  -11.0232  -10.9441  -10.9251
 -10.7997  -10.7830  -10.7233  -10.5431  -10.3214   -9.3432    1.1401    3.2531
   3.3328    3.4180    3.5274    3.5558    3.6356    3.6535    3.7341    3.7520
   3.8253    3.8898    3.9202    3.9627    4.0400    4.0507    4.1301    4.1456
   4.1593    4.1727    4.1894    4.2142    4.2632    4.2956    4.3176    4.3646
   4.3774    4.4129    4.4446    4.4943    4.4955    4.5063    4.5516    4.5553
   4.5935    4.6147    4.6277    4.6338    4.6750    4.7075    4.7267    4.7296
   4.7723    4.7784    4.7895    4.8054    4.8379    4.8646    4.8857    4.9091
   4.9189    4.9514    4.9681    4.9812    5.0016    5.0151    5.0308    5.0407
   5.0531    5.0702    5.1148    5.1210    5.1402    5.1510    5.1546    5.1738
   5.1950    5.2173    5.2474    5.2786    5.3270    5.3394    5.3565    5.4139
   5.4301    5.4579    5.5082    5.5221    5.5383    5.5565    5.6576    5.7698
   6.0081    6.3480

 Heat of formation   =       -143.04319703 kcal/mol  (       -6.20281848 eV)

 Total SCF energy    =    -108991.59111769 kcal/mol  (    -4726.23004717 eV)
 Electronic energy   =   -1121452.03348271 kcal/mol  (   -48629.80935270 eV)
 Core-core repulsion =    1012460.44236501 kcal/mol  (    43903.57930554 eV)
 
    Atomic Charges for Step       1 :
  Atom    Element       Mulliken Charge
     1      O                 -0.328
     2      C                 -0.044
     3      C                 -0.105
     4      C                 -0.086
     5      C                 -0.088
     6      C                 -0.093
     7      C                 -0.144
     8      C                 -0.004
     9      C                 -0.153
    10      C                 -0.154
    11      C                 -0.158
    12      C                 -0.125
    13      C                 -0.097
    14      C                 -0.200
    15      C                 -0.097
    16      C                 -0.149
    17      C                 -0.163
    18      C                 -0.201
    19      C                 -0.158
    20      C                 -0.159
    21      C                 -0.154
    22      C                  0.034
    23      C                 -0.208
    24      C                 -0.154
    25      C                 -0.100
    26      C                 -0.104
    27      C                 -0.158
    28      C                 -0.209
    29      C                 -0.207
    30      C                 -0.211
    31      H                  0.085
    32      H                  0.098
    33      H                  0.087
    34      H                  0.086
    35      H                  0.079
    36      H                  0.083
    37      H                  0.080
    38      H                  0.082
    39      H                  0.084
    40      H                  0.077
    41      H                  0.084
    42      H                  0.079
    43      H                  0.088
    44      H                  0.089
    45      H                  0.092
    46      H                  0.074
    47      H                  0.075
    48      H                  0.075
    49      H                  0.083
    50      H                  0.085
    51      H                  0.119
    52      H                  0.078
    53      H                  0.074
    54      H                  0.078
    55      H                  0.079
    56      H                  0.102
    57      H                  0.084
    58      H                  0.078
    59      H                  0.096
    60      H                  0.093
    61      H                  0.075
    62      H                  0.073
    63      H                  0.073
    64      H                  0.072
    65      H                  0.083
    66      H                  0.079
    67      H                  0.089
    68      H                  0.197
    69      H                  0.085
    70      H                  0.079
    71      H                  0.080
    72      H                  0.071
    73      H                  0.074
    74      H                  0.072
    75      H                  0.070
    76      H                  0.073
    77      H                  0.073
    78      H                  0.072
    79      H                  0.071
    80      H                  0.071
 Total Mulliken Charge =      -0.000
 
                  X        Y        Z     TOTAL  
  QM DIPOLE    -1.160   -1.024    0.162    1.556
 
 Final Structure

  QMMM: QM Region Cartesian Coordinates (*=link atom) 
  QMMM: QM_NO.   MM_NO.  ATOM         X         Y         Z
  QMMM:     1        1      O        8.1773    0.4055   -0.6322
  QMMM:     2        2      C       -0.3800    0.3405    0.4626
  QMMM:     3        3      C        0.4641   -0.9581    0.4134
  QMMM:     4        4      C        1.7750   -0.7719   -0.3211
  QMMM:     5        5      C        2.5935    0.3010    0.4110
  QMMM:     6        6      C       -1.6814   -0.1840    1.1196
  QMMM:     7        7      C        0.4245    1.3403    1.2788
  QMMM:     8        8      C        3.9281    0.5882   -0.3154
  QMMM:     9        9      C       -0.5121   -2.0148   -0.0809
  QMMM:    10       10      C        1.7896    1.5740    0.6518
  QMMM:    11       11      C       -1.8583   -1.5920    0.5108
  QMMM:    12       12      C        2.5489   -2.0817   -0.3553
  QMMM:    13       13      C       -2.9322    0.6711    0.9525
  QMMM:    14       14      C       -0.6805    0.8918   -0.9205
  QMMM:    15       15      C        4.6016   -0.7052   -0.7029
  QMMM:    16       16      C        4.8339    1.3631    0.6553
  QMMM:    17       17      C        3.9670   -1.8868   -0.7223
  QMMM:    18       18      C        3.7038    1.4229   -1.5734
  QMMM:    19       19      C        6.0312   -0.6214   -1.1182
  QMMM:    20       20      C       -4.1294    0.0040    1.6312
  QMMM:    21       21      C        6.2491    1.5279    0.1518
  QMMM:    22       22      C        6.8731    0.1649   -0.1168
  QMMM:    23       23      C       -2.7445    2.0616    1.5293
  QMMM:    24       24      C       -5.4515    0.4122    1.0100
  QMMM:    25       25      C       -5.7787   -0.3748   -0.2529
  QMMM:    26       26      C       -6.7617    0.3757   -1.1571
  QMMM:    27       27      C       -6.3138   -1.7597    0.0975
  QMMM:    28       28      C       -6.0519    1.4509   -1.9552
  QMMM:    29       29      C       -7.9250    0.9726   -0.3939
  QMMM:    30       30      C       -6.0482   -2.7684   -0.9911
  QMMM:    31       31      H        0.7227   -1.2252    1.4818
  QMMM:    32       32      H        1.5819   -0.4457   -1.3787
  QMMM:    33       33      H        2.8547   -0.1275    1.4228
  QMMM:    34       34      H       -1.4863   -0.2902    2.2228
  QMMM:    35       35      H        0.5470    0.9557    2.3252
  QMMM:    36       36      H       -0.1168    2.3194    1.3426
  QMMM:    37       37      H       -0.2139   -3.0348    0.2628
  QMMM:    38       38      H       -0.5525   -2.0298   -1.1983
  QMMM:    39       39      H        1.6464    2.1223   -0.3163
  QMMM:    40       40      H        2.3771    2.2471    1.3314
  QMMM:    41       41      H       -2.6464   -1.5799   -0.2833
  QMMM:    42       42      H       -2.1804   -2.3135    1.3014
  QMMM:    43       43      H        2.0566   -2.7789   -1.0858
  QMMM:    44       44      H        2.5033   -2.5783    0.6535
  QMMM:    45       45      H       -3.1561    0.7662   -0.1481
  QMMM:    46       46      H       -1.2455    1.8519   -0.8398
  QMMM:    47       47      H        0.2567    1.0926   -1.4928
  QMMM:    48       48      H       -1.2961    0.1626   -1.5016
  QMMM:    49       49      H        4.8544    0.8266    1.6408
  QMMM:    50       50      H        4.3947    2.3799    0.8318
  QMMM:    51       51      H        4.5015   -2.8065   -1.0137
  QMMM:    52       52      H        2.8596    1.0095   -2.1750
  QMMM:    53       53      H        3.4681    2.4807   -1.3033
  QMMM:    54       54      H        4.6218    1.4274   -2.2094
  QMMM:    55       55      H        6.4681   -1.6490   -1.2352
  QMMM:    56       56      H        6.0987   -0.1188   -2.1215
  QMMM:    57       57      H       -4.0292   -1.1117    1.5844
  QMMM:    58       58      H       -4.1327    0.2846    2.7180
  QMMM:    59       59      H        6.2647    2.1341   -0.7909
  QMMM:    60       60      H        6.8658    2.0726    0.9126
  QMMM:    61       61      H        6.9590   -0.4154    0.8454
  QMMM:    62       62      H       -2.1085    2.6882    0.8592
  QMMM:    63       63      H       -2.2584    2.0095    2.5334
  QMMM:    64       64      H       -3.7322    2.5719    1.6421
  QMMM:    65       65      H       -5.4225    1.5081    0.7688
  QMMM:    66       66      H       -6.2742    0.2600    1.7579
  QMMM:    67       67      H       -4.8213   -0.5108   -0.8355
  QMMM:    68       68      H        8.5528   -0.4554   -0.8495
  QMMM:    69       69      H       -7.1791   -0.3747   -1.8904
  QMMM:    70       70      H       -5.8321   -2.1157    1.0472
  QMMM:    71       71      H       -7.4164   -1.6990    0.2948
  QMMM:    72       72      H       -5.2527    1.0013   -2.5924
  QMMM:    73       73      H       -5.5805    2.2039   -1.2788
  QMMM:    74       74      H       -6.7786    1.9797   -2.6182
  QMMM:    75       75      H       -8.6896    1.3635   -1.1084
  QMMM:    76       76      H       -7.5873    1.8181    0.2527
  QMMM:    77       77      H       -8.4075    0.2038    0.2561
  QMMM:    78       78      H       -6.5201   -2.4537   -1.9531
  QMMM:    79       79      H       -6.4656   -3.7639   -0.7045
  QMMM:    80       80      H       -4.9498   -2.8828   -1.1619

           --------- Calculation Completed ----------

