            --------------------------------------------------------
                             AMBER SQM VERSION 19
 
                                     By
              Ross C. Walker, Michael F. Crowley, Scott Brozell,
                         Tim Giese, Andreas W. Goetz,
                        Tai-Sung Lee and David A. Case
 
            --------------------------------------------------------
 

--------------------------------------------------------------------------------
  QM CALCULATION INFO
--------------------------------------------------------------------------------

| QMMM: Citation for AMBER QMMM Run:
| QMMM: R.C. Walker, M.F. Crowley and D.A. Case, J. COMP. CHEM. 29:1019, 2008

QMMM: SINGLET STATE CALCULATION
QMMM: RHF CALCULATION, NO. OF DOUBLY OCCUPIED LEVELS = 44

| QMMM: *** Selected Hamiltonian *** 
| QMMM: AM1         

| QMMM: *** Parameter sets in use ***
| QMMM: O : M.J.S.DEWAR et al. JACS, 107, 3902, (1985)
| QMMM: C : M.J.S.DEWAR et al. JACS, 107, 3902, (1985)
| QMMM: H : M.J.S.DEWAR et al. JACS, 107, 3902, (1985)

| QMMM: *** SCF convergence criteria ***
| QMMM: Energy change                :  0.1D-09 kcal/mol
| QMMM: Error matrix |FP-PF|         :  0.1D+00 au
| QMMM: Density matrix change        :  0.5D-06
| QMMM: Maximum number of SCF cycles :     1000

| QMMM: *** Diagonalization Routine Information ***
| QMMM: Pseudo diagonalizations are allowed.
| QMMM: Auto diagonalization routine selection is in use.
| QMMM:
| QMMM: Timing diagonalization routines:
| QMMM:                              norbs =       82
| QMMM:    diag iterations used for timing =       15
| QMMM:
| QMMM:              Internal diag routine = 0.030400 seconds
| QMMM:                 Dspev diag routine = 0.022809 seconds
| QMMM:                Dspevd diag routine = 0.013136 seconds
| QMMM:                Dspevx diag routine = 0.062711 seconds
| QMMM:                 Dsyev diag routine = 0.022385 seconds
| QMMM:                Dsyevd diag routine = 0.012618 seconds
| QMMM:                Dsyevr diag routine = 0.015451 seconds
| QMMM:
| QMMM:                Pseudo diag routine = 0.008866 seconds
| QMMM:
| QMMM: Using dsyevd routine (diag_routine=6).

  QMMM: QM Region Cartesian Coordinates (*=link atom) 
  QMMM: QM_NO.   MM_NO.  ATOM         X         Y         Z
  QMMM:     1        1      O       -4.6880   -0.1810   -0.2530
  QMMM:     2        2      O        5.0780    0.7630   -0.4700
  QMMM:     3        3      O        3.0800    1.2330   -1.4310
  QMMM:     4        4      C        3.1420   -0.4000    0.3840
  QMMM:     5        5      C        1.6730   -0.5830    0.2040
  QMMM:     6        6      C       -0.5810    0.3320    0.2500
  QMMM:     7        7      C       -1.0940   -0.9290   -0.1360
  QMMM:     8        8      C        0.8050    0.4890    0.4150
  QMMM:     9        9      C        1.1680   -1.8240   -0.1750
  QMMM:    10       10      C       -0.2060   -1.9970   -0.3440
  QMMM:    11       11      C        3.5460   -0.0030    1.8180
  QMMM:    12       12      C       -1.4690    1.4000    0.4580
  QMMM:    13       13      C       -2.4800   -1.0850   -0.3010
  QMMM:    14       14      C       -3.3470   -0.0130   -0.0900
  QMMM:    15       15      C        3.7330    0.6150   -0.6000
  QMMM:    16       16      C       -2.8430    1.2270    0.2890
  QMMM:    17       17      C       -5.5180    0.9550   -0.0180
  QMMM:    18       18      H        3.6440   -1.3500    0.1540
  QMMM:    19       19      H        1.2020    1.4580    0.7130
  QMMM:    20       20      H        1.8300   -2.6690   -0.3440
  QMMM:    21       21      H       -0.5780   -2.9750   -0.6410
  QMMM:    22       22      H        4.6340   -0.0260    1.9430
  QMMM:    23       23      H        3.2110    1.0110    2.0660
  QMMM:    24       24      H        3.1110   -0.6930    2.5500
  QMMM:    25       25      H       -1.0950    2.3790    0.7550
  QMMM:    26       26      H       -2.8900   -2.0490   -0.5970
  QMMM:    27       27      H       -3.4590    2.1010    0.4700
  QMMM:    28       28      H        5.4380    1.4130   -1.1110
  QMMM:    29       29      H       -6.5530    0.6410   -0.1930
  QMMM:    30       30      H       -5.3050    1.7620   -0.7280
  QMMM:    31       31      H       -5.4580    1.2900    1.0230

--------------------------------------------------------------------------------
  RESULTS
--------------------------------------------------------------------------------

      iter         sqm energy              rms gradient
      ----    -------------------    -----------------------
xmin    10      -95.9544 kcal/mol        0.5056 kcal/(mol*A)
xmin    20      -96.1617 kcal/mol        0.7232 kcal/(mol*A)
xmin    30      -96.7777 kcal/mol        0.5624 kcal/(mol*A)
xmin    40      -97.1799 kcal/mol        0.8168 kcal/(mol*A)
xmin    50      -97.5508 kcal/mol        0.1765 kcal/(mol*A)
xmin    60      -97.6877 kcal/mol        0.1758 kcal/(mol*A)
xmin    70      -97.7687 kcal/mol        0.2230 kcal/(mol*A)
xmin    80      -97.8037 kcal/mol        0.2277 kcal/(mol*A)
xmin    90      -97.8165 kcal/mol        0.0674 kcal/(mol*A)
xmin   100      -97.8211 kcal/mol        0.1077 kcal/(mol*A)
xmin   110      -97.8265 kcal/mol        0.0246 kcal/(mol*A)
xmin   120      -97.8269 kcal/mol        0.0098 kcal/(mol*A)
xmin   130      -97.8270 kcal/mol        0.0051 kcal/(mol*A)
xmin   140      -97.8271 kcal/mol        0.0084 kcal/(mol*A)
xmin   150      -97.8271 kcal/mol        0.0045 kcal/(mol*A)
xmin   160      -97.8271 kcal/mol        0.0020 kcal/(mol*A)
xmin   170      -97.8271 kcal/mol        0.0017 kcal/(mol*A)
xmin   180      -97.8271 kcal/mol        0.0017 kcal/(mol*A)
  ... geometry converged !
 
 Final MO eigenvalues (eV):
 -41.2616  -40.6359  -39.3660  -37.0391  -36.4447  -34.4246  -32.8203  -30.5326
 -29.6497  -27.5211  -26.1323  -24.4239  -23.3810  -22.7857  -21.0716  -19.0674
 -19.0494  -18.0106  -17.7680  -17.0872  -16.5339  -16.4624  -16.0473  -15.5286
 -15.2910  -14.9630  -14.6020  -14.3383  -14.1516  -14.0273  -13.7147  -13.3473
 -13.2266  -12.7359  -12.5839  -12.4631  -12.3590  -12.1018  -11.7510  -11.4570
 -11.2934  -10.5471   -9.2893   -8.5499   -0.4112   -0.0091    1.0373    1.0998
   1.8420    2.2560    2.4316    3.0877    3.3950    3.4788    3.5974    3.7513
   3.7884    3.8376    3.9413    4.0174    4.0562    4.1419    4.1689    4.1931
   4.2358    4.3126    4.3762    4.4837    4.7169    4.7348    4.7685    4.9472
   5.1234    5.1929    5.2659    5.2717    5.4821    5.5306    5.7646    5.9214
   6.3682    6.6598

 Heat of formation   =        -97.82711929 kcal/mol  (       -4.24210222 eV)

 Total SCF energy    =     -67952.34961019 kcal/mol  (    -2946.63499459 eV)
 Electronic energy   =    -398442.12165139 kcal/mol  (   -17277.74691693 eV)
 Core-core repulsion =     330489.77204120 kcal/mol  (    14331.11192235 eV)
 
    Atomic Charges for Step       1 :
  Atom    Element       Mulliken Charge
     1      O                 -0.211
     2      O                 -0.315
     3      O                 -0.365
     4      C                 -0.051
     5      C                 -0.099
     6      C                 -0.069
     7      C                  0.001
     8      C                 -0.087
     9      C                 -0.107
    10      C                 -0.126
    11      C                 -0.209
    12      C                 -0.079
    13      C                 -0.163
    14      C                  0.082
    15      C                  0.312
    16      C                 -0.186
    17      C                 -0.076
    18      H                  0.127
    19      H                  0.155
    20      H                  0.133
    21      H                  0.137
    22      H                  0.083
    23      H                  0.096
    24      H                  0.092
    25      H                  0.139
    26      H                  0.151
    27      H                  0.139
    28      H                  0.242
    29      H                  0.107
    30      H                  0.073
    31      H                  0.072
 Total Mulliken Charge =       0.000
 
                  X        Y        Z     TOTAL  
  QM DIPOLE    -0.664   -0.075    0.575    0.882
 
 Final Structure

  QMMM: QM Region Cartesian Coordinates (*=link atom) 
  QMMM: QM_NO.   MM_NO.  ATOM         X         Y         Z
  QMMM:     1        1      O       -4.6434   -0.2594   -0.2752
  QMMM:     2        2      O        4.5607    0.3939   -1.3558
  QMMM:     3        3      O        3.5224    1.9989   -0.2458
  QMMM:     4        4      C        3.1934   -0.3578    0.4734
  QMMM:     5        5      C        1.7179   -0.5125    0.2760
  QMMM:     6        6      C       -0.5394    0.3907    0.2261
  QMMM:     7        7      C       -1.0565   -0.9002   -0.0567
  QMMM:     8        8      C        0.8613    0.5601    0.3903
  QMMM:     9        9      C        1.1978   -1.8037   -0.0126
  QMMM:    10       10      C       -0.1508   -1.9924   -0.1730
  QMMM:    11       11      C        3.5301   -0.1109    1.9338
  QMMM:    12       12      C       -1.4371    1.4859    0.3380
  QMMM:    13       13      C       -2.4520   -1.0764   -0.2193
  QMMM:    14       14      C       -3.2992    0.0145   -0.1017
  QMMM:    15       15      C        3.7225    0.7859   -0.3551
  QMMM:    16       16      C       -2.7897    1.3105    0.1793
  QMMM:    17       17      C       -5.5330    0.8454   -0.1720
  QMMM:    18       18      H        3.7152   -1.2992    0.1313
  QMMM:    19       19      H        1.2577    1.5686    0.6001
  QMMM:    20       20      H        1.8938   -2.6513   -0.1069
  QMMM:    21       21      H       -0.5570   -2.9905   -0.3961
  QMMM:    22       22      H        4.6368   -0.0648    2.0726
  QMMM:    23       23      H        3.0833    0.8540    2.2765
  QMMM:    24       24      H        3.1217   -0.9404    2.5591
  QMMM:    25       25      H       -1.0261    2.4844    0.5544
  QMMM:    26       26      H       -2.8585   -2.0739   -0.4380
  QMMM:    27       27      H       -3.4734    2.1663    0.2683
  QMMM:    28       28      H        4.8620    1.1713   -1.8545
  QMMM:    29       29      H       -6.5382    0.3856   -0.3516
  QMMM:    30       30      H       -5.3062    1.6112   -0.9529
  QMMM:    31       31      H       -5.4851    1.2982    0.8481

           --------- Calculation Completed ----------

