            --------------------------------------------------------
                             AMBER SQM VERSION 19
 
                                     By
              Ross C. Walker, Michael F. Crowley, Scott Brozell,
                         Tim Giese, Andreas W. Goetz,
                        Tai-Sung Lee and David A. Case
 
            --------------------------------------------------------
 

--------------------------------------------------------------------------------
  QM CALCULATION INFO
--------------------------------------------------------------------------------

| QMMM: Citation for AMBER QMMM Run:
| QMMM: R.C. Walker, M.F. Crowley and D.A. Case, J. COMP. CHEM. 29:1019, 2008

QMMM: SINGLET STATE CALCULATION
QMMM: RHF CALCULATION, NO. OF DOUBLY OCCUPIED LEVELS = 27

| QMMM: *** Selected Hamiltonian *** 
| QMMM: AM1         

| QMMM: *** Parameter sets in use ***
| QMMM: O : M.J.S.DEWAR et al. JACS, 107, 3902, (1985)
| QMMM: C : M.J.S.DEWAR et al. JACS, 107, 3902, (1985)
| QMMM: H : M.J.S.DEWAR et al. JACS, 107, 3902, (1985)

| QMMM: *** SCF convergence criteria ***
| QMMM: Energy change                :  0.1D-09 kcal/mol
| QMMM: Error matrix |FP-PF|         :  0.1D+00 au
| QMMM: Density matrix change        :  0.5D-06
| QMMM: Maximum number of SCF cycles :     1000

| QMMM: *** Diagonalization Routine Information ***
| QMMM: Pseudo diagonalizations are allowed.
| QMMM: Auto diagonalization routine selection is in use.
| QMMM:
| QMMM: Timing diagonalization routines:
| QMMM:                              norbs =       46
| QMMM:    diag iterations used for timing =       20
| QMMM:
| QMMM:              Internal diag routine = 0.005916 seconds
| QMMM:                 Dspev diag routine = 0.007434 seconds
| QMMM:                Dspevd diag routine = 0.005860 seconds
| QMMM:                Dspevx diag routine = 0.026076 seconds
| QMMM:                 Dsyev diag routine = 0.007427 seconds
| QMMM:                Dsyevd diag routine = 0.005869 seconds
| QMMM:                Dsyevr diag routine = 0.007142 seconds
| QMMM:
| QMMM:                Pseudo diag routine = 0.001973 seconds
| QMMM:
| QMMM: Using dspevd routine (diag_routine=3).

  QMMM: QM Region Cartesian Coordinates (*=link atom) 
  QMMM: QM_NO.   MM_NO.  ATOM         X         Y         Z
  QMMM:     1        1      O       -0.2070   -1.0300    0.3510
  QMMM:     2        2      O        1.2400    1.6970    0.7450
  QMMM:     3        3      O        2.1350   -1.1700    0.5030
  QMMM:     4        4      O       -2.9460   -0.5070    0.2430
  QMMM:     5        5      C        0.3660    1.1950   -0.2630
  QMMM:     6        6      C       -0.7090    0.3210    0.3700
  QMMM:     7        7      C        1.1130    0.2300   -1.1580
  QMMM:     8        8      C        1.0240   -1.0730   -0.3810
  QMMM:     9        9      C       -2.0160    0.3380   -0.4110
  QMMM:    10       10      H       -0.0320    2.0560   -0.8100
  QMMM:    11       11      H       -0.8910    0.5790    1.4200
  QMMM:    12       12      H        0.5710    0.1250   -2.1050
  QMMM:    13       13      H        2.1430    0.5360   -1.3620
  QMMM:    14       14      H        1.0310   -1.9510   -1.0330
  QMMM:    15       15      H       -1.8830   -0.0510   -1.4250
  QMMM:    16       16      H       -2.4370    1.3460   -0.4710
  QMMM:    17       17      H        0.7150    2.2740    1.3240
  QMMM:    18       18      H        2.3710   -0.2770    0.8070
  QMMM:    19       19      H       -3.1000   -0.1450    1.1320

--------------------------------------------------------------------------------
  RESULTS
--------------------------------------------------------------------------------

      iter         sqm energy              rms gradient
      ----    -------------------    -----------------------
xmin    10     -202.7319 kcal/mol        0.8297 kcal/(mol*A)
xmin    20     -203.4982 kcal/mol        0.7781 kcal/(mol*A)
xmin    30     -203.9639 kcal/mol        0.5608 kcal/(mol*A)
xmin    40     -204.2353 kcal/mol        0.5706 kcal/(mol*A)
xmin    50     -204.4406 kcal/mol        0.2262 kcal/(mol*A)
xmin    60     -204.9226 kcal/mol        1.2056 kcal/(mol*A)
xmin    70     -206.8265 kcal/mol        0.7837 kcal/(mol*A)
xmin    80     -206.9864 kcal/mol        0.1706 kcal/(mol*A)
xmin    90     -207.0123 kcal/mol        0.0527 kcal/(mol*A)
xmin   100     -207.0136 kcal/mol        0.0640 kcal/(mol*A)
xmin   110     -207.0144 kcal/mol        0.0219 kcal/(mol*A)
xmin   120     -207.0146 kcal/mol        0.0053 kcal/(mol*A)
xmin   130     -207.0147 kcal/mol        0.0160 kcal/(mol*A)
xmin   140     -207.0148 kcal/mol        0.0121 kcal/(mol*A)
xmin   150     -207.0148 kcal/mol        0.0041 kcal/(mol*A)
xmin   160     -207.0148 kcal/mol        0.0021 kcal/(mol*A)
xmin   170     -207.0148 kcal/mol        0.0007 kcal/(mol*A)
  ... geometry converged !
 
 Final MO eigenvalues (eV):
 -41.6409  -38.4057  -38.1690  -36.3552  -32.3414  -30.6743  -25.8911  -23.1253
 -22.7128  -19.3748  -19.1786  -18.1500  -17.2341  -16.9196  -16.1007  -15.8067
 -15.4126  -14.7397  -14.0641  -13.8167  -13.3008  -13.0760  -12.4255  -11.8707
 -11.6043  -11.4578  -10.8614    2.3429    2.7563    2.8381    3.0165    3.1815
   3.4857    3.5543    3.5938    3.7648    3.8954    4.0055    4.1268    4.3501
   4.4270    4.5187    5.6336    5.7165    6.1945    6.2365

 Heat of formation   =       -207.01484245 kcal/mol  (       -8.97683719 eV)

 Total SCF energy    =     -47537.80012297 kcal/mol  (    -2061.39370032 eV)
 Electronic energy   =    -206538.94322982 kcal/mol  (    -8956.20065174 eV)
 Core-core repulsion =     159001.14310685 kcal/mol  (     6894.80695143 eV)
 
    Atomic Charges for Step       1 :
  Atom    Element       Mulliken Charge
     1      O                 -0.306
     2      O                 -0.319
     3      O                 -0.328
     4      O                 -0.322
     5      C                  0.007
     6      C                 -0.056
     7      C                 -0.218
     8      C                  0.152
     9      C                 -0.022
    10      H                  0.092
    11      H                  0.118
    12      H                  0.108
    13      H                  0.135
    14      H                  0.143
    15      H                  0.073
    16      H                  0.103
    17      H                  0.206
    18      H                  0.215
    19      H                  0.217
 Total Mulliken Charge =       0.000
 
                  X        Y        Z     TOTAL  
  QM DIPOLE    -0.086    2.068   -1.848    2.775
 
 Final Structure

  QMMM: QM Region Cartesian Coordinates (*=link atom) 
  QMMM: QM_NO.   MM_NO.  ATOM         X         Y         Z
  QMMM:     1        1      O       -0.2213   -0.9715    0.2776
  QMMM:     2        2      O        1.0286    2.1812    0.3160
  QMMM:     3        3      O        1.9419   -1.5122    0.4966
  QMMM:     4        4      O       -2.9501   -0.2694    0.7217
  QMMM:     5        5      C        0.3115    1.2564   -0.4833
  QMMM:     6        6      C       -0.6431    0.3957    0.3708
  QMMM:     7        7      C        1.3293    0.2767   -1.0735
  QMMM:     8        8      C        1.0023   -1.0846   -0.4490
  QMMM:     9        9      C       -2.0897    0.4687   -0.1175
  QMMM:    10       10      H       -0.2501    1.8045   -1.2866
  QMMM:    11       11      H       -0.5843    0.6791    1.4574
  QMMM:    12       12      H        1.2307    0.2318   -2.1838
  QMMM:    13       13      H        2.3737    0.5869   -0.8176
  QMMM:    14       14      H        0.8964   -1.9251   -1.1859
  QMMM:    15       15      H       -2.1598    0.0913   -1.1724
  QMMM:    16       16      H       -2.4632    1.5256   -0.0631
  QMMM:    17       17      H        0.3849    2.8050    0.6731
  QMMM:    18       18      H        1.9475   -0.8785    1.2258
  QMMM:    19       19      H       -2.5973   -1.1684    0.7698

           --------- Calculation Completed ----------

