            --------------------------------------------------------
                             AMBER SQM VERSION 19
 
                                     By
              Ross C. Walker, Michael F. Crowley, Scott Brozell,
                         Tim Giese, Andreas W. Goetz,
                        Tai-Sung Lee and David A. Case
 
            --------------------------------------------------------
 

--------------------------------------------------------------------------------
  QM CALCULATION INFO
--------------------------------------------------------------------------------

| QMMM: Citation for AMBER QMMM Run:
| QMMM: R.C. Walker, M.F. Crowley and D.A. Case, J. COMP. CHEM. 29:1019, 2008

QMMM: SINGLET STATE CALCULATION
QMMM: RHF CALCULATION, NO. OF DOUBLY OCCUPIED LEVELS = 57

| QMMM: *** Selected Hamiltonian *** 
| QMMM: AM1         

| QMMM: *** Parameter sets in use ***
| QMMM: O : M.J.S.DEWAR et al. JACS, 107, 3902, (1985)
| QMMM: C : M.J.S.DEWAR et al. JACS, 107, 3902, (1985)
| QMMM: H : M.J.S.DEWAR et al. JACS, 107, 3902, (1985)

| QMMM: *** SCF convergence criteria ***
| QMMM: Energy change                :  0.1D-09 kcal/mol
| QMMM: Error matrix |FP-PF|         :  0.1D+00 au
| QMMM: Density matrix change        :  0.5D-06
| QMMM: Maximum number of SCF cycles :     1000

| QMMM: *** Diagonalization Routine Information ***
| QMMM: Pseudo diagonalizations are allowed.
| QMMM: Auto diagonalization routine selection is in use.
| QMMM:
| QMMM: Timing diagonalization routines:
| QMMM:                              norbs =      110
| QMMM:    diag iterations used for timing =       10
| QMMM:
| QMMM:              Internal diag routine = 0.035170 seconds
| QMMM:                 Dspev diag routine = 0.032916 seconds
| QMMM:                Dspevd diag routine = 0.017018 seconds
| QMMM:                Dspevx diag routine = 0.080793 seconds
| QMMM:                 Dsyev diag routine = 0.034325 seconds
| QMMM:                Dsyevd diag routine = 0.014325 seconds
| QMMM:                Dsyevr diag routine = 0.019530 seconds
| QMMM:
| QMMM:                Pseudo diag routine = 0.014505 seconds
| QMMM: Pseudo diagonalization appears to be slower than regular
| QMMM: diagonalization. Setting pseudo_diag=0 for optimum performance.
| QMMM:
| QMMM: Using dsyevd routine (diag_routine=6).

  QMMM: QM Region Cartesian Coordinates (*=link atom) 
  QMMM: QM_NO.   MM_NO.  ATOM         X         Y         Z
  QMMM:     1        1      O       -4.9440   -1.0690   -0.8760
  QMMM:     2        2      O        5.5580    0.1500   -1.0390
  QMMM:     3        3      C       -0.6330    0.7750    0.3580
  QMMM:     4        4      C        0.1970   -0.4490   -0.1470
  QMMM:     5        5      C       -2.0220    0.7140   -0.2840
  QMMM:     6        6      C       -2.7780   -0.5710    0.1120
  QMMM:     7        7      C        1.6680   -0.4670    0.4230
  QMMM:     8        8      C       -0.5680   -1.7900    0.0360
  QMMM:     9        9      C       -2.0200   -1.7560   -0.4760
  QMMM:    10       10      C        0.0930    2.0810    0.0130
  QMMM:    11       11      C       -3.0270    1.8320   -0.0310
  QMMM:    12       12      C        2.3120    0.9100    0.2200
  QMMM:    13       13      C       -4.1180   -0.2400   -0.5190
  QMMM:    14       14      C        1.4890    2.1110    0.6220
  QMMM:    15       15      C       -4.3240    1.2620   -0.6240
  QMMM:    16       16      C        2.4770   -1.5510   -0.3460
  QMMM:    17       17      C       -3.0370   -0.7620    1.6180
  QMMM:    18       18      C        1.6980   -0.7960    1.9330
  QMMM:    19       19      C        3.9820   -1.4290   -0.1690
  QMMM:    20       20      C        3.5520    1.0950   -0.2640
  QMMM:    21       21      C        4.4450   -0.0500   -0.5570
  QMMM:    22       22      H       -0.7370    0.7300    1.4470
  QMMM:    23       23      H        0.2900   -0.3160   -1.2380
  QMMM:    24       24      H       -1.8640    0.7050   -1.3770
  QMMM:    25       25      H       -0.5770   -2.0770    1.0930
  QMMM:    26       26      H       -0.0470   -2.5940   -0.4960
  QMMM:    27       27      H       -2.0150   -1.6980   -1.5730
  QMMM:    28       28      H       -2.5210   -2.6990   -0.2270
  QMMM:    29       29      H       -0.4740    2.9390    0.3920
  QMMM:    30       30      H        0.1610    2.2000   -1.0760
  QMMM:    31       31      H       -2.7500    2.7680   -0.5240
  QMMM:    32       32      H       -3.1410    2.0390    1.0390
  QMMM:    33       33      H        1.4110    2.1380    1.7160
  QMMM:    34       34      H        1.9790    3.0470    0.3270
  QMMM:    35       35      H       -4.4270    1.5310   -1.6790
  QMMM:    36       36      H       -5.2010    1.5780   -0.0540
  QMMM:    37       37      H        2.2560   -1.4790   -1.4210
  QMMM:    38       38      H        2.1720   -2.5570   -0.0340
  QMMM:    39       39      H       -3.6370    0.0480    2.0450
  QMMM:    40       40      H       -3.6020   -1.6870    1.7900
  QMMM:    41       41      H       -2.1160   -0.8310    2.2030
  QMMM:    42       42      H        1.0320   -0.1490    2.5120
  QMMM:    43       43      H        1.4010   -1.8320    2.1260
  QMMM:    44       44      H        2.7040   -0.6700    2.3510
  QMMM:    45       45      H        4.4800   -2.1580   -0.8180
  QMMM:    46       46      H        4.2890   -1.6260    0.8630
  QMMM:    47       47      H        3.9700    2.0860   -0.4060

--------------------------------------------------------------------------------
  RESULTS
--------------------------------------------------------------------------------

      iter         sqm energy              rms gradient
      ----    -------------------    -----------------------
xmin    10      -97.4650 kcal/mol        0.2268 kcal/(mol*A)
xmin    20      -97.5366 kcal/mol        0.0648 kcal/(mol*A)
xmin    30      -97.5450 kcal/mol        0.0145 kcal/(mol*A)
xmin    40      -97.5452 kcal/mol        0.0022 kcal/(mol*A)
xmin    50      -97.5452 kcal/mol        0.0012 kcal/(mol*A)
  ... geometry converged !
 
 Final MO eigenvalues (eV):
 -42.4679  -40.7940  -39.1101  -37.8064  -35.8783  -35.1885  -33.3950  -31.7504
 -30.6523  -29.5807  -27.9483  -26.8378  -26.2878  -24.7266  -23.6779  -23.1982
 -21.4572  -20.8665  -20.1745  -19.3527  -18.0286  -17.1969  -17.0797  -16.8693
 -16.5492  -16.4678  -15.8975  -15.6902  -15.4456  -15.1267  -14.7962  -14.5830
 -14.4495  -14.4028  -14.2505  -13.9200  -13.8016  -13.6090  -13.4717  -13.3265
 -13.2496  -12.9715  -12.9406  -12.8175  -12.5938  -12.5179  -12.2933  -12.1337
 -11.9862  -11.7384  -11.5729  -11.4810  -11.1456  -11.0235  -10.3220  -10.2692
 -10.1017   -0.0806    0.8546    1.8332    2.6443    2.9435    3.0004    3.1260
   3.1934    3.2420    3.3610    3.4367    3.5825    3.6089    3.6183    3.7086
   3.8001    3.8171    3.8219    3.8741    3.9267    3.9884    4.0210    4.0619
   4.0980    4.1619    4.2211    4.2645    4.2962    4.3498    4.4037    4.4151
   4.4538    4.5024    4.5106    4.5116    4.5586    4.5769    4.5911    4.6067
   4.6412    4.6448    4.6960    4.7978    4.8399    4.8725    4.9550    4.9650
   5.0727    5.0910    5.1673    5.3563    6.4437    6.6515

 Heat of formation   =        -97.54523320 kcal/mol  (       -4.22987872 eV)

 Total SCF energy    =     -79167.03285710 kcal/mol  (    -3432.94015251 eV)
 Electronic energy   =    -628467.46689199 kcal/mol  (   -27252.39438411 eV)
 Core-core repulsion =     549300.43403489 kcal/mol  (    23819.45423160 eV)
 
    Atomic Charges for Step       1 :
  Atom    Element       Mulliken Charge
     1      O                 -0.278
     2      O                 -0.295
     3      C                 -0.088
     4      C                 -0.088
     5      C                 -0.104
     6      C                 -0.103
     7      C                 -0.019
     8      C                 -0.155
     9      C                 -0.135
    10      C                 -0.151
    11      C                 -0.151
    12      C                 -0.022
    13      C                  0.238
    14      C                 -0.137
    15      C                 -0.217
    16      C                 -0.149
    17      C                 -0.201
    18      C                 -0.204
    19      C                 -0.211
    20      C                 -0.244
    21      C                  0.261
    22      H                  0.097
    23      H                  0.092
    24      H                  0.093
    25      H                  0.084
    26      H                  0.084
    27      H                  0.088
    28      H                  0.097
    29      H                  0.086
    30      H                  0.088
    31      H                  0.091
    32      H                  0.088
    33      H                  0.097
    34      H                  0.095
    35      H                  0.115
    36      H                  0.115
    37      H                  0.091
    38      H                  0.090
    39      H                  0.077
    40      H                  0.088
    41      H                  0.084
    42      H                  0.079
    43      H                  0.081
    44      H                  0.080
    45      H                  0.113
    46      H                  0.110
    47      H                  0.148
 Total Mulliken Charge =      -0.000
 
                  X        Y        Z     TOTAL  
  QM DIPOLE    -1.674    1.322    2.553    3.327
 
 Final Structure

  QMMM: QM Region Cartesian Coordinates (*=link atom) 
  QMMM: QM_NO.   MM_NO.  ATOM         X         Y         Z
  QMMM:     1        1      O       -4.9353   -1.1304   -0.8839
  QMMM:     2        2      O        5.5369    0.0852   -1.0368
  QMMM:     3        3      C       -0.6215    0.7746    0.3382
  QMMM:     4        4      C        0.1989   -0.4134   -0.1907
  QMMM:     5        5      C       -1.9827    0.7181   -0.3219
  QMMM:     6        6      C       -2.7330   -0.5751    0.0706
  QMMM:     7        7      C        1.6215   -0.4478    0.4129
  QMMM:     8        8      C       -0.5283   -1.7427   -0.0122
  QMMM:     9        9      C       -1.9636   -1.7426   -0.5169
  QMMM:    10       10      C        0.0870    2.0781    0.0152
  QMMM:    11       11      C       -2.9969    1.8327   -0.0871
  QMMM:    12       12      C        2.2755    0.9016    0.2347
  QMMM:    13       13      C       -4.1230   -0.2971   -0.4941
  QMMM:    14       14      C        1.4714    2.0955    0.6248
  QMMM:    15       15      C       -4.3380    1.2043   -0.4772
  QMMM:    16       16      C        2.4195   -1.5321   -0.3275
  QMMM:    17       17      C       -2.9185   -0.7533    1.5720
  QMMM:    18       18      C        1.6041   -0.7734    1.9039
  QMMM:    19       19      C        3.9131   -1.4287   -0.1231
  QMMM:    20       20      C        3.5396    1.0525   -0.1965
  QMMM:    21       21      C        4.4276   -0.0729   -0.5133
  QMMM:    22       22      H       -0.7374    0.6939    1.4533
  QMMM:    23       23      H        0.3255   -0.2486   -1.3016
  QMMM:    24       24      H       -1.8055    0.6782   -1.4386
  QMMM:    25       25      H       -0.5240   -2.0312    1.0715
  QMMM:    26       26      H        0.0334   -2.5388   -0.5704
  QMMM:    27       27      H       -1.9756   -1.6735   -1.6358
  QMMM:    28       28      H       -2.4591   -2.7074   -0.2338
  QMMM:    29       29      H       -0.5115    2.9380    0.4158
  QMMM:    30       30      H        0.1588    2.2069   -1.0966
  QMMM:    31       31      H       -2.7683    2.7280   -0.7139
  QMMM:    32       32      H       -3.0010    2.1535    0.9836
  QMMM:    33       33      H        1.3873    2.1045    1.7471
  QMMM:    34       34      H        1.9979    3.0400    0.3223
  QMMM:    35       35      H       -4.6684    1.5486   -1.4887
  QMMM:    36       36      H       -5.1417    1.4626    0.2557
  QMMM:    37       37      H        2.1977   -1.4651   -1.4259
  QMMM:    38       38      H        2.0780   -2.5413    0.0244
  QMMM:    39       39      H       -3.4071    0.1482    2.0147
  QMMM:    40       40      H       -3.5654   -1.6444    1.7626
  QMMM:    41       41      H       -1.9405   -0.9112    2.0845
  QMMM:    42       42      H        0.9057   -0.0959    2.4500
  QMMM:    43       43      H        1.2830   -1.8293    2.0718
  QMMM:    44       44      H        2.6274   -0.6472    2.3342
  QMMM:    45       45      H        4.4345   -2.2211   -0.7224
  QMMM:    46       46      H        4.1723   -1.5971    0.9570
  QMMM:    47       47      H        3.9855    2.0529   -0.3280

           --------- Calculation Completed ----------

