            --------------------------------------------------------
                             AMBER SQM VERSION 19
 
                                     By
              Ross C. Walker, Michael F. Crowley, Scott Brozell,
                         Tim Giese, Andreas W. Goetz,
                        Tai-Sung Lee and David A. Case
 
            --------------------------------------------------------
 

--------------------------------------------------------------------------------
  QM CALCULATION INFO
--------------------------------------------------------------------------------

| QMMM: Citation for AMBER QMMM Run:
| QMMM: R.C. Walker, M.F. Crowley and D.A. Case, J. COMP. CHEM. 29:1019, 2008

QMMM: SINGLET STATE CALCULATION
QMMM: RHF CALCULATION, NO. OF DOUBLY OCCUPIED LEVELS = 36

| QMMM: *** Selected Hamiltonian *** 
| QMMM: AM1         

| QMMM: *** Parameter sets in use ***
| QMMM: O : M.J.S.DEWAR et al. JACS, 107, 3902, (1985)
| QMMM: C : M.J.S.DEWAR et al. JACS, 107, 3902, (1985)
| QMMM: H : M.J.S.DEWAR et al. JACS, 107, 3902, (1985)

| QMMM: *** SCF convergence criteria ***
| QMMM: Energy change                :  0.1D-09 kcal/mol
| QMMM: Error matrix |FP-PF|         :  0.1D+00 au
| QMMM: Density matrix change        :  0.5D-06
| QMMM: Maximum number of SCF cycles :     1000

| QMMM: *** Diagonalization Routine Information ***
| QMMM: Pseudo diagonalizations are allowed.
| QMMM: Auto diagonalization routine selection is in use.
| QMMM:
| QMMM: Timing diagonalization routines:
| QMMM:                              norbs =       60
| QMMM:    diag iterations used for timing =       15
| QMMM:
| QMMM:              Internal diag routine = 0.010606 seconds
| QMMM:                 Dspev diag routine = 0.012460 seconds
| QMMM:                Dspevd diag routine = 0.007432 seconds
| QMMM:                Dspevx diag routine = 0.033795 seconds
| QMMM:                 Dsyev diag routine = 0.009971 seconds
| QMMM:                Dsyevd diag routine = 0.004442 seconds
| QMMM:                Dsyevr diag routine = 0.006490 seconds
| QMMM:
| QMMM:                Pseudo diag routine = 0.002272 seconds
| QMMM:
| QMMM: Using dsyevd routine (diag_routine=6).

  QMMM: QM Region Cartesian Coordinates (*=link atom) 
  QMMM: QM_NO.   MM_NO.  ATOM         X         Y         Z
  QMMM:     1        1      O        0.6620    1.3230   -0.0990
  QMMM:     2        2      O        0.0900   -2.3090   -0.1070
  QMMM:     3        3      O        1.3200   -0.3530    1.4360
  QMMM:     4        4      O       -2.6060   -1.2360   -0.0850
  QMMM:     5        5      O       -2.0590    1.2720   -1.0690
  QMMM:     6        6      O        3.2710    0.4760   -0.3700
  QMMM:     7        7      C       -0.2100   -0.9370   -0.3510
  QMMM:     8        8      C        0.9860   -0.0640    0.0750
  QMMM:     9        9      C       -1.4720   -0.5350    0.4180
  QMMM:    10       10      C       -1.7210    0.9670    0.2860
  QMMM:    11       11      C       -0.4710    1.7540    0.6620
  QMMM:    12       12      C        2.2100   -0.3570   -0.7960
  QMMM:    13       13      H       -0.4000   -0.8300   -1.4270
  QMMM:    14       14      H       -1.3730   -0.8120    1.4740
  QMMM:    15       15      H       -2.5690    1.2770    0.9060
  QMMM:    16       16      H       -0.6140    2.8160    0.4360
  QMMM:    17       17      H       -0.2480    1.6650    1.7310
  QMMM:    18       18      H        2.0170   -0.1490   -1.8530
  QMMM:    19       19      H        2.5520   -1.3910   -0.6880
  QMMM:    20       20      H        0.7360   -2.5960   -0.7740
  QMMM:    21       21      H        2.2560   -0.1280    1.5720
  QMMM:    22       22      H       -2.6220   -1.1370   -1.0510
  QMMM:    23       23      H       -2.9290    0.8790   -1.2480
  QMMM:    24       24      H        2.9750    1.3980   -0.4590

--------------------------------------------------------------------------------
  RESULTS
--------------------------------------------------------------------------------

      iter         sqm energy              rms gradient
      ----    -------------------    -----------------------
xmin    10     -296.3211 kcal/mol        0.7988 kcal/(mol*A)
xmin    20     -296.6543 kcal/mol        1.2631 kcal/(mol*A)
xmin    30     -298.9026 kcal/mol        4.4408 kcal/(mol*A)
xmin    40     -302.6493 kcal/mol        0.3425 kcal/(mol*A)
xmin    50     -302.9709 kcal/mol        0.1917 kcal/(mol*A)
xmin    60     -302.9768 kcal/mol        0.0042 kcal/(mol*A)
xmin    70     -302.9768 kcal/mol        0.0011 kcal/(mol*A)
  ... geometry converged !
 
 Final MO eigenvalues (eV):
 -42.1095  -39.5396  -38.4920  -37.7133  -36.7400  -36.4280  -31.6924  -31.0778
 -27.5236  -25.1815  -23.4689  -21.6513  -19.5441  -19.1895  -18.8048  -18.3265
 -17.9721  -17.4913  -16.9311  -16.5486  -15.8414  -15.6557  -15.1120  -14.8778
 -14.4166  -14.2640  -14.0090  -13.2981  -13.2282  -12.7630  -12.2336  -11.9279
 -11.6142  -11.3140  -11.1988  -10.6582    2.2706    2.5130    2.8284    2.9016
   3.0174    3.1342    3.2471    3.4851    3.5548    3.6315    3.6686    3.9293
   4.0413    4.1130    4.1834    4.3887    4.4550    4.6014    5.5537    5.7332
   5.9098    5.9387    6.0744    6.2140

 Heat of formation   =       -302.97683010 kcal/mol  (      -13.13806123 eV)

 Total SCF energy    =     -65918.87520359 kcal/mol  (    -2858.45692744 eV)
 Electronic energy   =    -335668.77792829 kcal/mol  (   -14555.69046998 eV)
 Core-core repulsion =     269749.90272470 kcal/mol  (    11697.23354255 eV)
 
    Atomic Charges for Step       1 :
  Atom    Element       Mulliken Charge
     1      O                 -0.296
     2      O                 -0.324
     3      O                 -0.359
     4      O                 -0.335
     5      O                 -0.321
     6      O                 -0.327
     7      C                 -0.006
     8      C                  0.128
     9      C                 -0.032
    10      C                  0.010
    11      C                 -0.010
    12      C                 -0.032
    13      H                  0.147
    14      H                  0.101
    15      H                  0.095
    16      H                  0.128
    17      H                  0.088
    18      H                  0.097
    19      H                  0.131
    20      H                  0.221
    21      H                  0.235
    22      H                  0.224
    23      H                  0.221
    24      H                  0.217
 Total Mulliken Charge =       0.000
 
                  X        Y        Z     TOTAL  
  QM DIPOLE    -0.143   -0.140    1.062    1.081
 
 Final Structure

  QMMM: QM Region Cartesian Coordinates (*=link atom) 
  QMMM: QM_NO.   MM_NO.  ATOM         X         Y         Z
  QMMM:     1        1      O        0.7274    1.3354    0.0005
  QMMM:     2        2      O        0.0182   -2.2663   -0.4485
  QMMM:     3        3      O        1.2899   -0.4523    1.2546
  QMMM:     4        4      O       -2.6403   -1.1094   -0.2360
  QMMM:     5        5      O       -2.0523    1.4747   -0.9817
  QMMM:     6        6      O        3.3242    0.3806   -0.4594
  QMMM:     7        7      C       -0.2361   -0.8794   -0.5264
  QMMM:     8        8      C        0.9809   -0.0583   -0.0633
  QMMM:     9        9      C       -1.4727   -0.5181    0.3101
  QMMM:    10       10      C       -1.7014    1.0005    0.3057
  QMMM:    11       11      C       -0.4236    1.7182    0.7417
  QMMM:    12       12      C        2.1802   -0.2247   -1.0189
  QMMM:    13       13      H       -0.4346   -0.6716   -1.6155
  QMMM:    14       14      H       -1.3271   -0.8774    1.3673
  QMMM:    15       15      H       -2.5318    1.2453    1.0273
  QMMM:    16       16      H       -0.5080    2.8203    0.5425
  QMMM:    17       17      H       -0.2454    1.5147    1.8306
  QMMM:    18       18      H        1.9303    0.2147   -2.0177
  QMMM:    19       19      H        2.4254   -1.3159   -1.1096
  QMMM:    20       20      H        0.3393   -2.4515    0.4457
  QMMM:    21       21      H        2.1762   -0.1192    1.4579
  QMMM:    22       22      H       -2.4152   -2.0252   -0.4504
  QMMM:    23       23      H       -2.7861    0.9239   -1.2886
  QMMM:    24       24      H        3.1637    1.3340   -0.4488

           --------- Calculation Completed ----------

