            --------------------------------------------------------
                             AMBER SQM VERSION 19
 
                                     By
              Ross C. Walker, Michael F. Crowley, Scott Brozell,
                         Tim Giese, Andreas W. Goetz,
                        Tai-Sung Lee and David A. Case
 
            --------------------------------------------------------
 

--------------------------------------------------------------------------------
  QM CALCULATION INFO
--------------------------------------------------------------------------------

| QMMM: Citation for AMBER QMMM Run:
| QMMM: R.C. Walker, M.F. Crowley and D.A. Case, J. COMP. CHEM. 29:1019, 2008

QMMM: SINGLET STATE CALCULATION
QMMM: RHF CALCULATION, NO. OF DOUBLY OCCUPIED LEVELS = 81

| QMMM: *** Selected Hamiltonian *** 
| QMMM: AM1         

| QMMM: *** Parameter sets in use ***
| QMMM: O : M.J.S.DEWAR et al. JACS, 107, 3902, (1985)
| QMMM: C : M.J.S.DEWAR et al. JACS, 107, 3902, (1985)
| QMMM: H : M.J.S.DEWAR et al. JACS, 107, 3902, (1985)

| QMMM: *** SCF convergence criteria ***
| QMMM: Energy change                :  0.1D-09 kcal/mol
| QMMM: Error matrix |FP-PF|         :  0.1D+00 au
| QMMM: Density matrix change        :  0.5D-06
| QMMM: Maximum number of SCF cycles :     1000

| QMMM: *** Diagonalization Routine Information ***
| QMMM: Pseudo diagonalizations are allowed.
| QMMM: Auto diagonalization routine selection is in use.
| QMMM:
| QMMM: Timing diagonalization routines:
| QMMM:                              norbs =      160
| QMMM:    diag iterations used for timing =        5
| QMMM:
| QMMM:              Internal diag routine = 0.041708 seconds
| QMMM:                 Dspev diag routine = 0.045890 seconds
| QMMM:                Dspevd diag routine = 0.020847 seconds
| QMMM:                Dspevx diag routine = 0.087643 seconds
| QMMM:                 Dsyev diag routine = 0.044824 seconds
| QMMM:                Dsyevd diag routine = 0.013071 seconds
| QMMM:                Dsyevr diag routine = 0.018529 seconds
| QMMM:
| QMMM:                Pseudo diag routine = 0.022553 seconds
| QMMM: Pseudo diagonalization appears to be slower than regular
| QMMM: diagonalization. Setting pseudo_diag=0 for optimum performance.
| QMMM:
| QMMM: Using dsyevd routine (diag_routine=6).

  QMMM: QM Region Cartesian Coordinates (*=link atom) 
  QMMM: QM_NO.   MM_NO.  ATOM         X         Y         Z
  QMMM:     1        1      O        8.2910   -0.1010    0.2590
  QMMM:     2        2      C       -0.4090    0.3340   -0.1000
  QMMM:     3        3      C        0.3530   -0.8640    0.5000
  QMMM:     4        4      C       -1.8280    0.0420    0.4460
  QMMM:     5        5      C        2.5560    0.4480    0.4290
  QMMM:     6        6      C        0.2260    1.6160    0.4650
  QMMM:     7        7      C        1.8190   -0.8660    0.1500
  QMMM:     8        8      C       -0.5550   -2.0550    0.1830
  QMMM:     9        9      C        4.0350    0.5100   -0.1710
  QMMM:    10       10      C       -1.9810   -1.4870    0.2830
  QMMM:    11       11      C        1.7120    1.7120    0.0860
  QMMM:    12       12      C       -0.3890    0.3550   -1.6480
  QMMM:    13       13      C       -2.9710    0.8220   -0.1890
  QMMM:    14       14      C        4.6680   -0.8830   -0.2860
  QMMM:    15       15      C        4.8860    1.4070    0.7760
  QMMM:    16       16      C        2.4830   -1.9690   -0.2260
  QMMM:    17       17      C        4.0530    1.1090   -1.5990
  QMMM:    18       18      C        3.9180   -1.9960   -0.3220
  QMMM:    19       19      C        6.1690   -0.9700   -0.4300
  QMMM:    20       20      C        6.3880    1.3560    0.5070
  QMMM:    21       21      C        6.9020   -0.0800    0.5690
  QMMM:    22       22      C       -2.7710    2.3280   -0.0020
  QMMM:    23       23      C       -4.2910    0.4000    0.4080
  QMMM:    24       24      C       -5.2920   -0.1430   -0.3020
  QMMM:    25       25      C       -6.6100   -0.5790    0.2990
  QMMM:    26       26      C       -7.8030    0.1970   -0.3280
  QMMM:    27       27      C       -6.7370   -2.0960    0.1180
  QMMM:    28       28      C       -7.6750    1.7130   -0.1310
  QMMM:    29       29      C       -9.1480   -0.2620    0.2550
  QMMM:    30       30      H        0.3350   -0.7650    1.5990
  QMMM:    31       31      H       -1.8280    0.2470    1.5280
  QMMM:    32       32      H        2.6500    0.4530    1.5270
  QMMM:    33       33      H        0.1370    1.6390    1.5580
  QMMM:    34       34      H       -0.2470    2.5250    0.0950
  QMMM:    35       35      H       -0.4040   -2.8810    0.8870
  QMMM:    36       36      H       -0.3790   -2.4450   -0.8260
  QMMM:    37       37      H       -2.5430   -1.7580   -0.6180
  QMMM:    38       38      H       -2.5100   -1.9160    1.1420
  QMMM:    39       39      H        1.7540    1.9310   -0.9850
  QMMM:    40       40      H        2.1460    2.5840    0.5910
  QMMM:    41       41      H        0.6250    0.2720   -2.0510
  QMMM:    42       42      H       -0.9630   -0.4690   -2.0840
  QMMM:    43       43      H       -0.8100    1.2870   -2.0410
  QMMM:    44       44      H       -3.0080    0.6260   -1.2680
  QMMM:    45       45      H        4.7290    1.0970    1.8180
  QMMM:    46       46      H        4.5520    2.4500    0.7120
  QMMM:    47       47      H        1.9760   -2.9170   -0.3690
  QMMM:    48       48      H        5.0340    1.0230   -2.0780
  QMMM:    49       49      H        3.3330    0.6010   -2.2520
  QMMM:    50       50      H        3.8150    2.1790   -1.5930
  QMMM:    51       51      H        4.3750   -2.9740   -0.4330
  QMMM:    52       52      H        6.5240   -2.0020   -0.3100
  QMMM:    53       53      H        6.4530   -0.6890   -1.4520
  QMMM:    54       54      H        6.6260    1.8030   -0.4660
  QMMM:    55       55      H        6.9180    1.9680    1.2470
  QMMM:    56       56      H        6.7790   -0.4800    1.5830
  QMMM:    57       57      H       -2.4270    2.5820    1.0060
  QMMM:    58       58      H       -3.7160    2.8640   -0.1600
  QMMM:    59       59      H       -2.0830    2.7370   -0.7460
  QMMM:    60       60      H       -4.4190    0.5490    1.4780
  QMMM:    61       61      H       -5.1660   -0.2930   -1.3720
  QMMM:    62       62      H        8.7450    0.4660    0.9060
  QMMM:    63       63      H       -6.5990   -0.3780    1.3800
  QMMM:    64       64      H       -7.8270    0.0040   -1.4090
  QMMM:    65       65      H       -7.5770   -2.4970    0.6930
  QMMM:    66       66      H       -5.8370   -2.6130    0.4710
  QMMM:    67       67      H       -6.8860   -2.3630   -0.9350
  QMMM:    68       68      H       -8.5440    2.2340   -0.5480
  QMMM:    69       69      H       -7.6060    1.9690    0.9310
  QMMM:    70       70      H       -6.7900    2.1110   -0.6370
  QMMM:    71       71      H       -9.1570   -0.1750    1.3460
  QMMM:    72       72      H       -9.9700    0.3450   -0.1390
  QMMM:    73       73      H       -9.3650   -1.3010   -0.0110

--------------------------------------------------------------------------------
  RESULTS
--------------------------------------------------------------------------------

      iter         sqm energy              rms gradient
      ----    -------------------    -----------------------
xmin    10      -83.1880 kcal/mol        0.1079 kcal/(mol*A)
xmin    20      -83.4337 kcal/mol        0.0669 kcal/(mol*A)
xmin    30      -83.4422 kcal/mol        0.0428 kcal/(mol*A)
xmin    40      -83.4471 kcal/mol        0.0097 kcal/(mol*A)
xmin    50      -83.4514 kcal/mol        0.0104 kcal/(mol*A)
xmin    60      -83.4522 kcal/mol        0.0046 kcal/(mol*A)
xmin    70      -83.4523 kcal/mol        0.0024 kcal/(mol*A)
xmin    80      -83.4523 kcal/mol        0.0011 kcal/(mol*A)
xmin    90      -83.4524 kcal/mol        0.0018 kcal/(mol*A)
xmin   100      -83.4524 kcal/mol        0.0013 kcal/(mol*A)
xmin   110      -83.4525 kcal/mol        0.0009 kcal/(mol*A)
xmin   120      -83.4525 kcal/mol        0.0010 kcal/(mol*A)
  ... geometry converged !
 
 Final MO eigenvalues (eV):
 -41.9508  -40.4606  -38.7285  -38.1837  -36.4168  -35.3900  -34.6797  -33.0981
 -32.3991  -31.5785  -30.2868  -29.6266  -29.1501  -27.8017  -27.5233  -27.1523
 -26.9480  -24.7417  -24.3736  -23.5447  -22.8873  -22.6078  -21.2267  -20.8680
 -20.2836  -20.2707  -19.3574  -18.7738  -18.2221  -17.0295  -16.7786  -16.5758
 -16.1869  -16.0914  -15.8575  -15.7248  -15.4251  -15.3682  -15.1390  -14.9264
 -14.7857  -14.5615  -14.3357  -14.2566  -14.0393  -13.9522  -13.8874  -13.6564
 -13.4712  -13.2823  -13.1872  -13.1320  -13.0746  -12.9954  -12.8452  -12.8309
 -12.7735  -12.6736  -12.4988  -12.4719  -12.3765  -12.1982  -12.1076  -11.9815
 -11.8383  -11.7680  -11.6777  -11.6477  -11.5182  -11.4297  -11.3017  -11.1836
 -11.1506  -11.0751  -10.9595  -10.9137  -10.7725  -10.6278  -10.5550   -9.6685
  -8.4723    0.3778    1.3101    2.1974    3.2174    3.3504    3.3991    3.4837
   3.5647    3.5939    3.6405    3.7210    3.8122    3.8438    3.8962    3.9776
   4.0103    4.0334    4.1092    4.1204    4.1624    4.1999    4.2273    4.2466
   4.2665    4.3194    4.3373    4.3701    4.4296    4.4487    4.4617    4.4918
   4.5375    4.5459    4.5755    4.6051    4.6159    4.6232    4.6544    4.6700
   4.6966    4.7274    4.7733    4.8145    4.8335    4.8380    4.8866    4.8996
   4.9098    4.9245    4.9295    4.9466    4.9754    4.9864    4.9940    5.0203
   5.0346    5.0746    5.0881    5.0917    5.1040    5.1391    5.1650    5.2259
   5.2418    5.2786    5.2899    5.3339    5.3433    5.3480    5.4143    5.4268
   5.4937    5.5185    5.7686    5.9003    5.9229    5.9976    6.2091    6.3208


 Heat of formation   =        -83.45247172 kcal/mol  (       -3.61877073 eV)

 Total SCF energy    =    -104085.48734866 kcal/mol  (    -4513.48542338 eV)
 Electronic energy   =   -1003661.60083735 kcal/mol  (   -43522.03290566 eV)
 Core-core repulsion =     899576.11348869 kcal/mol  (    39008.54748227 eV)
 
    Atomic Charges for Step       1 :
  Atom    Element       Mulliken Charge
     1      O                 -0.329
     2      C                 -0.042
     3      C                 -0.077
     4      C                 -0.091
     5      C                 -0.059
     6      C                 -0.146
     7      C                 -0.073
     8      C                 -0.151
     9      C                 -0.001
    10      C                 -0.157
    11      C                 -0.152
    12      C                 -0.200
    13      C                 -0.070
    14      C                 -0.097
    15      C                 -0.146
    16      C                 -0.146
    17      C                 -0.204
    18      C                 -0.132
    19      C                 -0.121
    20      C                 -0.192
    21      C                  0.034
    22      C                 -0.205
    23      C                 -0.164
    24      C                 -0.162
    25      C                 -0.075
    26      C                 -0.100
    27      C                 -0.205
    28      C                 -0.209
    29      C                 -0.208
    30      H                  0.094
    31      H                  0.086
    32      H                  0.092
    33      H                  0.079
    34      H                  0.084
    35      H                  0.083
    36      H                  0.086
    37      H                  0.087
    38      H                  0.081
    39      H                  0.089
    40      H                  0.077
    41      H                  0.083
    42      H                  0.077
    43      H                  0.072
    44      H                  0.094
    45      H                  0.083
    46      H                  0.083
    47      H                  0.131
    48      H                  0.079
    49      H                  0.084
    50      H                  0.073
    51      H                  0.128
    52      H                  0.098
    53      H                  0.105
    54      H                  0.097
    55      H                  0.077
    56      H                  0.076
    57      H                  0.074
    58      H                  0.076
    59      H                  0.075
    60      H                  0.121
    61      H                  0.121
    62      H                  0.198
    63      H                  0.090
    64      H                  0.085
    65      H                  0.074
    66      H                  0.076
    67      H                  0.073
    68      H                  0.071
    69      H                  0.072
    70      H                  0.079
    71      H                  0.073
    72      H                  0.073
    73      H                  0.073
 Total Mulliken Charge =       0.000
 
                  X        Y        Z     TOTAL  
  QM DIPOLE    -1.012    1.345    1.051    1.985
 
 Final Structure

  QMMM: QM Region Cartesian Coordinates (*=link atom) 
  QMMM: QM_NO.   MM_NO.  ATOM         X         Y         Z
  QMMM:     1        1      O        8.2048   -0.0737   -0.1199
  QMMM:     2        2      C       -0.3725    0.3838    0.1049
  QMMM:     3        3      C        0.3983   -0.8265    0.6912
  QMMM:     4        4      C       -1.8014    0.1102    0.6231
  QMMM:     5        5      C        2.5696    0.4079    0.5012
  QMMM:     6        6      C        0.3113    1.6229    0.6612
  QMMM:     7        7      C        1.8118   -0.8646    0.2505
  QMMM:     8        8      C       -0.5265   -2.0098    0.4397
  QMMM:     9        9      C        3.9681    0.4695   -0.1720
  QMMM:    10       10      C       -1.9346   -1.4256    0.5745
  QMMM:    11       11      C        1.7584    1.6695    0.2013
  QMMM:    12       12      C       -0.3391    0.3787   -1.4135
  QMMM:    13       13      C       -2.9446    0.7895   -0.1246
  QMMM:    14       14      C        4.5998   -0.8933   -0.3163
  QMMM:    15       15      C        4.8451    1.3688    0.7142
  QMMM:    16       16      C        2.4324   -1.9940   -0.1373
  QMMM:    17       17      C        3.8906    1.0665   -1.5783
  QMMM:    18       18      C        3.8587   -2.0187   -0.3471
  QMMM:    19       19      C        6.0663   -0.9647   -0.5639
  QMMM:    20       20      C        6.2976    1.3766    0.3010
  QMMM:    21       21      C        6.8614   -0.0377    0.3495
  QMMM:    22       22      C       -2.8911    2.3015    0.0050
  QMMM:    23       23      C       -4.2528    0.3038    0.4118
  QMMM:    24       24      C       -5.2565   -0.1138   -0.3635
  QMMM:    25       25      C       -6.5707   -0.5839    0.1649
  QMMM:    26       26      C       -7.7134    0.2214   -0.4646
  QMMM:    27       27      C       -6.7217   -2.0680   -0.1155
  QMMM:    28       28      C       -7.5618    1.6961   -0.1510
  QMMM:    29       29      C       -9.0631   -0.2716    0.0141
  QMMM:    30       30      H        0.4400   -0.6819    1.8157
  QMMM:    31       31      H       -1.8453    0.4447    1.6968
  QMMM:    32       32      H        2.7464    0.4009    1.6226
  QMMM:    33       33      H        0.2605    1.6115    1.7813
  QMMM:    34       34      H       -0.2128    2.5499    0.3122
  QMMM:    35       35      H       -0.3495   -2.8294    1.1770
  QMMM:    36       36      H       -0.3688   -2.4289   -0.5851
  QMMM:    37       37      H       -2.5690   -1.7359   -0.2924
  QMMM:    38       38      H       -2.4310   -1.7930    1.5057
  QMMM:    39       39      H        1.7478    1.8758   -0.9014
  QMMM:    40       40      H        2.2683    2.5383    0.6966
  QMMM:    41       41      H        0.7057    0.2375   -1.7845
  QMMM:    42       42      H       -0.9614   -0.4594   -1.8125
  QMMM:    43       43      H       -0.7343    1.3436   -1.8130
  QMMM:    44       44      H       -2.8726    0.5253   -1.2186
  QMMM:    45       45      H        4.7762    1.0160    1.7779
  QMMM:    46       46      H        4.4432    2.4152    0.6782
  QMMM:    47       47      H        1.8819   -2.9377   -0.2702
  QMMM:    48       48      H        4.8500    0.8981   -2.1255
  QMMM:    49       49      H        3.0663    0.5834   -2.1559
  QMMM:    50       50      H        3.7134    2.1678   -1.5319
  QMMM:    51       51      H        4.3221   -3.0042   -0.5126
  QMMM:    52       52      H        6.4401   -2.0135   -0.4213
  QMMM:    53       53      H        6.2775   -0.6841   -1.6325
  QMMM:    54       54      H        6.4099    1.7864   -0.7363
  QMMM:    55       55      H        6.8824    2.0394    0.9907
  QMMM:    56       56      H        6.8324   -0.4223    1.4085
  QMMM:    57       57      H       -2.7258    2.6034    1.0668
  QMMM:    58       58      H       -3.8521    2.7504   -0.3460
  QMMM:    59       59      H       -2.0620    2.7147   -0.6182
  QMMM:    60       60      H       -4.3441    0.3297    1.5097
  QMMM:    61       61      H       -5.1627   -0.1413   -1.4616
  QMMM:    62       62      H        8.7010    0.5569    0.4144
  QMMM:    63       63      H       -6.6085   -0.4267    1.2808
  QMMM:    64       64      H       -7.6598    0.0866   -1.5821
  QMMM:    65       65      H       -7.6048   -2.4787    0.4304
  QMMM:    66       66      H       -5.8109   -2.6184    0.2229
  QMMM:    67       67      H       -6.8610   -2.2501   -1.2079
  QMMM:    68       68      H       -8.3511    2.2858   -0.6763
  QMMM:    69       69      H       -7.6588    1.8752    0.9469
  QMMM:    70       70      H       -6.5604    2.0645   -0.4823
  QMMM:    71       71      H       -9.0978   -0.3041    1.1296
  QMMM:    72       72      H       -9.8708    0.4115   -0.3449
  QMMM:    73       73      H       -9.2707   -1.2961   -0.3781

           --------- Calculation Completed ----------

