            --------------------------------------------------------
                             AMBER SQM VERSION 19
 
                                     By
              Ross C. Walker, Michael F. Crowley, Scott Brozell,
                         Tim Giese, Andreas W. Goetz,
                        Tai-Sung Lee and David A. Case
 
            --------------------------------------------------------
 

--------------------------------------------------------------------------------
  QM CALCULATION INFO
--------------------------------------------------------------------------------

| QMMM: Citation for AMBER QMMM Run:
| QMMM: R.C. Walker, M.F. Crowley and D.A. Case, J. COMP. CHEM. 29:1019, 2008

QMMM: SINGLET STATE CALCULATION
QMMM: RHF CALCULATION, NO. OF DOUBLY OCCUPIED LEVELS = 34

| QMMM: *** Selected Hamiltonian *** 
| QMMM: AM1         

| QMMM: *** Parameter sets in use ***
| QMMM: O : M.J.S.DEWAR et al. JACS, 107, 3902, (1985)
| QMMM: C : M.J.S.DEWAR et al. JACS, 107, 3902, (1985)
| QMMM: H : M.J.S.DEWAR et al. JACS, 107, 3902, (1985)

| QMMM: *** SCF convergence criteria ***
| QMMM: Energy change                :  0.1D-09 kcal/mol
| QMMM: Error matrix |FP-PF|         :  0.1D+00 au
| QMMM: Density matrix change        :  0.5D-06
| QMMM: Maximum number of SCF cycles :     1000

| QMMM: *** Diagonalization Routine Information ***
| QMMM: Pseudo diagonalizations are allowed.
| QMMM: Auto diagonalization routine selection is in use.
| QMMM:
| QMMM: Timing diagonalization routines:
| QMMM:                              norbs =       60
| QMMM:    diag iterations used for timing =       15
| QMMM:
| QMMM:              Internal diag routine = 0.008801 seconds
| QMMM:                 Dspev diag routine = 0.010482 seconds
| QMMM:                Dspevd diag routine = 0.007209 seconds
| QMMM:                Dspevx diag routine = 0.033871 seconds
| QMMM:                 Dsyev diag routine = 0.010077 seconds
| QMMM:                Dsyevd diag routine = 0.005753 seconds
| QMMM:                Dsyevr diag routine = 0.006498 seconds
| QMMM:
| QMMM:                Pseudo diag routine = 0.002401 seconds
| QMMM:
| QMMM: Using dsyevd routine (diag_routine=6).

  QMMM: QM Region Cartesian Coordinates (*=link atom) 
  QMMM: QM_NO.   MM_NO.  ATOM         X         Y         Z
  QMMM:     1        1      O        1.2330    0.5540    0.7790
  QMMM:     2        2      O       -0.6950   -2.7150   -0.7500
  QMMM:     3        3      O        0.7960   -2.1840    0.8690
  QMMM:     4        4      O        1.7810    0.8100   -1.4820
  QMMM:     5        5      C       -0.0860    0.6090    0.4400
  QMMM:     6        6      C       -0.7930   -0.5510    0.1240
  QMMM:     7        7      C       -0.7290    1.8460    0.4130
  QMMM:     8        8      C       -2.1430   -0.4740   -0.2180
  QMMM:     9        9      C       -2.0790    1.9240    0.0710
  QMMM:    10       10      C       -2.7850    0.7640   -0.2450
  QMMM:    11       11      C       -0.1410   -1.8540    0.1480
  QMMM:    12       12      C        2.1090    0.6710   -0.3110
  QMMM:    13       13      C        3.5300    0.6000    0.1640
  QMMM:    14       14      H       -0.1850    2.7550    0.6590
  QMMM:    15       15      H       -2.7250   -1.3610   -0.4560
  QMMM:    16       16      H       -2.5800    2.8870    0.0510
  QMMM:    17       17      H       -3.8370    0.8240   -0.5090
  QMMM:    18       18      H        3.7290    1.4180    0.8590
  QMMM:    19       19      H        4.2050    0.6970   -0.6920
  QMMM:    20       20      H        3.7110   -0.3660    0.6430
  QMMM:    21       21      H       -0.2560   -3.5920   -0.7340

--------------------------------------------------------------------------------
  RESULTS
--------------------------------------------------------------------------------

      iter         sqm energy              rms gradient
      ----    -------------------    -----------------------
xmin    10     -140.7949 kcal/mol        1.4506 kcal/(mol*A)
xmin    20     -141.2888 kcal/mol        0.7492 kcal/(mol*A)
xmin    30     -141.4996 kcal/mol        0.6712 kcal/(mol*A)
xmin    40     -141.9245 kcal/mol        0.7516 kcal/(mol*A)
xmin    50     -142.1132 kcal/mol        0.4096 kcal/(mol*A)
xmin    60     -142.1549 kcal/mol        0.3474 kcal/(mol*A)
xmin    70     -142.2013 kcal/mol        0.1677 kcal/(mol*A)
xmin    80     -141.6583 kcal/mol        5.7400 kcal/(mol*A)
xmin    90     -142.2250 kcal/mol        0.1473 kcal/(mol*A)
xmin   100     -142.2366 kcal/mol        0.2029 kcal/(mol*A)
xmin   110     -142.2412 kcal/mol        0.2295 kcal/(mol*A)
xmin   120     -142.2468 kcal/mol        0.1047 kcal/(mol*A)
xmin   130     -142.2490 kcal/mol        0.0439 kcal/(mol*A)
xmin   140     -142.2500 kcal/mol        0.0551 kcal/(mol*A)
xmin   150     -142.2506 kcal/mol        0.0452 kcal/(mol*A)
xmin   160     -142.2508 kcal/mol        0.0393 kcal/(mol*A)
xmin   170     -142.2510 kcal/mol        0.0267 kcal/(mol*A)
xmin   180     -142.2511 kcal/mol        0.0139 kcal/(mol*A)
xmin   190     -142.2514 kcal/mol        0.0120 kcal/(mol*A)
xmin   200     -142.2514 kcal/mol        0.0064 kcal/(mol*A)
xmin   210     -142.2514 kcal/mol        0.0030 kcal/(mol*A)
xmin   220     -142.2515 kcal/mol        0.0016 kcal/(mol*A)
xmin   230     -142.2515 kcal/mol        0.0014 kcal/(mol*A)
xmin   240     -142.2515 kcal/mol        0.0012 kcal/(mol*A)
xmin   250     -142.2515 kcal/mol        0.0016 kcal/(mol*A)
  ... geometry converged !
 
 Final MO eigenvalues (eV):
 -41.5907  -40.4079  -39.1302  -37.0626  -36.4618  -32.5858  -32.0302  -30.4351
 -25.8092  -24.0215  -22.7251  -21.3966  -19.0840  -18.8788  -18.2123  -17.3726
 -17.1150  -16.3098  -16.2047  -15.6799  -15.4966  -14.5166  -14.4813  -13.9695
 -13.5867  -13.4534  -13.0337  -12.7479  -12.4549  -12.0330  -11.6307  -11.4555
 -10.2681   -9.8674   -0.6102   -0.0170    1.1300    1.3840    1.8590    2.1510
   2.5227    3.3777    3.4920    3.6166    3.6598    3.9265    3.9948    4.1307
   4.1803    4.3258    4.4958    4.6143    4.8553    4.9990    5.1209    5.2098
   5.2895    5.6732    6.5909    6.8010

 Heat of formation   =       -142.25145746 kcal/mol  (       -6.16848608 eV)

 Total SCF energy    =     -58671.29883362 kcal/mol  (    -2544.17843258 eV)
 Electronic energy   =    -288347.70503314 kcal/mol  (   -12503.69476749 eV)
 Core-core repulsion =     229676.40619952 kcal/mol  (     9959.51633492 eV)
 
    Atomic Charges for Step       1 :
  Atom    Element       Mulliken Charge
     1      O                 -0.246
     2      O                 -0.314
     3      O                 -0.376
     4      O                 -0.329
     5      C                  0.135
     6      C                 -0.127
     7      C                 -0.147
     8      C                 -0.057
     9      C                 -0.082
    10      C                 -0.154
    11      C                  0.366
    12      C                  0.336
    13      C                 -0.215
    14      H                  0.154
    15      H                  0.159
    16      H                  0.141
    17      H                  0.143
    18      H                  0.114
    19      H                  0.114
    20      H                  0.138
    21      H                  0.247
 Total Mulliken Charge =       0.000
 
                  X        Y        Z     TOTAL  
  QM DIPOLE    -1.132    0.530    1.375    1.858
 
 Final Structure

  QMMM: QM Region Cartesian Coordinates (*=link atom) 
  QMMM: QM_NO.   MM_NO.  ATOM         X         Y         Z
  QMMM:     1        1      O        1.2117    0.7849    0.6701
  QMMM:     2        2      O       -0.7618   -2.8299   -0.2414
  QMMM:     3        3      O        1.2152   -1.8785    0.0052
  QMMM:     4        4      O        1.8923    0.8359   -1.4698
  QMMM:     5        5      C       -0.1194    0.7655    0.2751
  QMMM:     6        6      C       -0.7648   -0.4494   -0.0260
  QMMM:     7        7      C       -0.8356    1.9698    0.3142
  QMMM:     8        8      C       -2.1433   -0.4369   -0.2803
  QMMM:     9        9      C       -2.2045    1.9567    0.0595
  QMMM:    10       10      C       -2.8565    0.7581   -0.2372
  QMMM:    11       11      C       -0.0071   -1.7028   -0.0775
  QMMM:    12       12      C        2.2032    0.6718   -0.2944
  QMMM:    13       13      C        3.5258    0.3772    0.3167
  QMMM:    14       14      H       -0.3091    2.9063    0.5483
  QMMM:    15       15      H       -2.6546   -1.3852   -0.5145
  QMMM:    16       16      H       -2.7731    2.8990    0.0891
  QMMM:    17       17      H       -3.9377    0.7566   -0.4401
  QMMM:    18       18      H        3.6288    0.8854    1.3053
  QMMM:    19       19      H        4.3363    0.7124   -0.3738
  QMMM:    20       20      H        3.5888   -0.7315    0.4676
  QMMM:    21       21      H       -0.1745   -3.6035   -0.2728

           --------- Calculation Completed ----------

