            --------------------------------------------------------
                             AMBER SQM VERSION 19
 
                                     By
              Ross C. Walker, Michael F. Crowley, Scott Brozell,
                         Tim Giese, Andreas W. Goetz,
                        Tai-Sung Lee and David A. Case
 
            --------------------------------------------------------
 

--------------------------------------------------------------------------------
  QM CALCULATION INFO
--------------------------------------------------------------------------------

| QMMM: Citation for AMBER QMMM Run:
| QMMM: R.C. Walker, M.F. Crowley and D.A. Case, J. COMP. CHEM. 29:1019, 2008

QMMM: SINGLET STATE CALCULATION
QMMM: RHF CALCULATION, NO. OF DOUBLY OCCUPIED LEVELS = 52

| QMMM: *** Selected Hamiltonian *** 
| QMMM: AM1         

| QMMM: *** Parameter sets in use ***
| QMMM: O : M.J.S.DEWAR et al. JACS, 107, 3902, (1985)
| QMMM: C : M.J.S.DEWAR et al. JACS, 107, 3902, (1985)
| QMMM: H : M.J.S.DEWAR et al. JACS, 107, 3902, (1985)

| QMMM: *** SCF convergence criteria ***
| QMMM: Energy change                :  0.1D-09 kcal/mol
| QMMM: Error matrix |FP-PF|         :  0.1D+00 au
| QMMM: Density matrix change        :  0.5D-06
| QMMM: Maximum number of SCF cycles :     1000

| QMMM: *** Diagonalization Routine Information ***
| QMMM: Pseudo diagonalizations are allowed.
| QMMM: Auto diagonalization routine selection is in use.
| QMMM:
| QMMM: Timing diagonalization routines:
| QMMM:                              norbs =      100
| QMMM:    diag iterations used for timing =       15
| QMMM:
| QMMM:              Internal diag routine = 0.042624 seconds
| QMMM:                 Dspev diag routine = 0.037883 seconds
| QMMM:                Dspevd diag routine = 0.020652 seconds
| QMMM:                Dspevx diag routine = 0.095569 seconds
| QMMM:                 Dsyev diag routine = 0.037706 seconds
| QMMM:                Dsyevd diag routine = 0.018238 seconds
| QMMM:                Dsyevr diag routine = 0.023419 seconds
| QMMM:
| QMMM:                Pseudo diag routine = 0.016356 seconds
| QMMM:
| QMMM: Using dsyevd routine (diag_routine=6).

  QMMM: QM Region Cartesian Coordinates (*=link atom) 
  QMMM: QM_NO.   MM_NO.  ATOM         X         Y         Z
  QMMM:     1        1      O       -5.9860    0.2500   -0.1270
  QMMM:     2        2      O        5.9860   -0.2500   -0.1270
  QMMM:     3        3      C       -0.4340   -0.5220   -0.1290
  QMMM:     4        4      C        0.4340    0.5210   -0.1290
  QMMM:     5        5      C       -0.0170   -1.9790   -0.1820
  QMMM:     6        6      C        0.0170    1.9780   -0.1830
  QMMM:     7        7      C       -1.9020   -0.3170   -0.1290
  QMMM:     8        8      C        1.9020    0.3170   -0.1290
  QMMM:     9        9      C        0.1890   -2.5720    1.2060
  QMMM:    10       10      C       -0.1880    2.5720    1.2050
  QMMM:    11       11      C       -2.5660   -0.2250   -1.3360
  QMMM:    12       12      C        2.5660    0.2240   -1.3370
  QMMM:    13       13      C       -2.5650   -0.2250    1.0800
  QMMM:    14       14      C        2.5640    0.2260    1.0790
  QMMM:    15       15      C       -3.9480   -0.0330   -1.3350
  QMMM:    16       16      C        3.9480    0.0320   -1.3350
  QMMM:    17       17      C       -3.9460   -0.0330    1.0810
  QMMM:    18       18      C        3.9460    0.0340    1.0810
  QMMM:    19       19      C       -4.6380    0.0630   -0.1270
  QMMM:    20       20      C        4.6380   -0.0630   -0.1270
  QMMM:    21       21      H        0.9050   -2.1010   -0.7620
  QMMM:    22       22      H       -0.7680   -2.5720   -0.7180
  QMMM:    23       23      H        0.7680    2.5720   -0.7200
  QMMM:    24       24      H       -0.9050    2.1010   -0.7630
  QMMM:    25       25      H        0.5210   -3.6120    1.1200
  QMMM:    26       26      H       -0.7420   -2.5700    1.7820
  QMMM:    27       27      H        0.9430   -2.0280    1.7800
  QMMM:    28       28      H       -0.9420    2.0290    1.7800
  QMMM:    29       29      H       -0.5210    3.6120    1.1190
  QMMM:    30       30      H        0.7430    2.5710    1.7810
  QMMM:    31       31      H       -2.0390   -0.2990   -2.2830
  QMMM:    32       32      H        2.0390    0.2970   -2.2840
  QMMM:    33       33      H       -2.0380   -0.2990    2.0270
  QMMM:    34       34      H        2.0370    0.3000    2.0260
  QMMM:    35       35      H       -4.4750    0.0400   -2.2830
  QMMM:    36       36      H        4.4810   -0.0430   -2.2790
  QMMM:    37       37      H       -4.4780    0.0420    2.0250
  QMMM:    38       38      H        4.4720   -0.0390    2.0290
  QMMM:    39       39      H       -6.2980    0.2930   -1.0470
  QMMM:    40       40      H        6.2980   -0.2930    0.7940

--------------------------------------------------------------------------------
  RESULTS
--------------------------------------------------------------------------------

      iter         sqm energy              rms gradient
      ----    -------------------    -----------------------
xmin    10      -47.1487 kcal/mol        0.2680 kcal/(mol*A)
xmin    20      -47.1742 kcal/mol        0.1110 kcal/(mol*A)
xmin    30      -47.2046 kcal/mol        0.0684 kcal/(mol*A)
xmin    40      -47.2272 kcal/mol        0.1763 kcal/(mol*A)
xmin    50      -47.2469 kcal/mol        0.0881 kcal/(mol*A)
xmin    60      -47.2899 kcal/mol        0.3019 kcal/(mol*A)
xmin    70      -47.3361 kcal/mol        0.3176 kcal/(mol*A)
xmin    80      -47.4092 kcal/mol        0.3002 kcal/(mol*A)
xmin    90      -47.4539 kcal/mol        0.2674 kcal/(mol*A)
xmin   100      -47.4721 kcal/mol        0.1428 kcal/(mol*A)
xmin   110      -47.4911 kcal/mol        0.1548 kcal/(mol*A)
xmin   120      -47.5412 kcal/mol        0.4942 kcal/(mol*A)
xmin   130      -47.6105 kcal/mol        0.0844 kcal/(mol*A)
xmin   140      -47.6367 kcal/mol        0.1775 kcal/(mol*A)
xmin   150      -47.6466 kcal/mol        0.1196 kcal/(mol*A)
xmin   160      -47.6496 kcal/mol        0.0985 kcal/(mol*A)
xmin   170      -47.6521 kcal/mol        0.1034 kcal/(mol*A)
xmin   180      -47.6544 kcal/mol        0.0215 kcal/(mol*A)
xmin   190      -47.6548 kcal/mol        0.0114 kcal/(mol*A)
xmin   200      -47.6548 kcal/mol        0.0075 kcal/(mol*A)
xmin   210      -47.6548 kcal/mol        0.0078 kcal/(mol*A)
xmin   220      -47.6548 kcal/mol        0.0055 kcal/(mol*A)
xmin   230      -47.6548 kcal/mol        0.0008 kcal/(mol*A)
xmin   240      -47.6549 kcal/mol        0.0007 kcal/(mol*A)
  ... geometry converged !
 
 Final MO eigenvalues (eV):
 -40.7544  -40.2270  -38.9003  -37.6252  -35.9218  -34.3209  -31.6908  -31.6183
 -30.8861  -30.8135  -28.2093  -25.2172  -24.0302  -23.7370  -23.4032  -22.7697
 -21.8647  -19.3716  -19.0415  -19.0137  -17.3157  -17.0424  -16.6678  -16.2492
 -15.5736  -15.3928  -15.0648  -15.0230  -14.9476  -14.8816  -14.6480  -14.3717
 -14.2890  -14.2092  -14.1320  -13.4698  -13.3243  -13.2066  -12.7784  -12.5814
 -12.3858  -12.3730  -11.9498  -11.9256  -11.6043  -11.5116  -11.3555   -9.8921
  -9.8616   -9.7726   -9.1356   -8.6330    0.1324    0.3972    0.4018    0.4886
   1.1387    2.7542    2.7860    2.9975    3.0060    3.5833    3.7717    3.7904
   3.7976    3.8228    3.8634    3.9881    4.0932    4.2476    4.2759    4.2844
   4.3370    4.3878    4.4199    4.6204    4.6488    4.6668    4.7013    4.7473
   4.9235    4.9361    4.9715    4.9932    5.0318    5.1021    5.1694    5.1889
   5.2199    5.2539    5.2726    5.3197    5.5737    5.5981    5.6851    5.7905
   5.8784    5.9324    6.2911    6.3016

 Heat of formation   =        -47.65485364 kcal/mol  (       -2.06646952 eV)

 Total SCF energy    =     -74270.62943383 kcal/mol  (    -3220.61616729 eV)
 Electronic energy   =    -511578.13173076 kcal/mol  (   -22183.69245613 eV)
 Core-core repulsion =     437307.50229692 kcal/mol  (    18963.07628884 eV)
 
    Atomic Charges for Step       1 :
  Atom    Element       Mulliken Charge
     1      O                 -0.252
     2      O                 -0.252
     3      C                 -0.060
     4      C                 -0.059
     5      C                 -0.127
     6      C                 -0.128
     7      C                 -0.073
     8      C                 -0.073
     9      C                 -0.206
    10      C                 -0.205
    11      C                 -0.082
    12      C                 -0.087
    13      C                 -0.087
    14      C                 -0.082
    15      C                 -0.214
    16      C                 -0.158
    17      C                 -0.159
    18      C                 -0.215
    19      C                  0.078
    20      C                  0.078
    21      H                  0.094
    22      H                  0.086
    23      H                  0.086
    24      H                  0.094
    25      H                  0.073
    26      H                  0.080
    27      H                  0.070
    28      H                  0.070
    29      H                  0.073
    30      H                  0.080
    31      H                  0.137
    32      H                  0.138
    33      H                  0.140
    34      H                  0.138
    35      H                  0.134
    36      H                  0.151
    37      H                  0.151
    38      H                  0.134
    39      H                  0.218
    40      H                  0.218
 Total Mulliken Charge =       0.000
 
                  X        Y        Z     TOTAL  
  QM DIPOLE    -0.091   -0.949    0.019    0.954
 
 Final Structure

  QMMM: QM Region Cartesian Coordinates (*=link atom) 
  QMMM: QM_NO.   MM_NO.  ATOM         X         Y         Z
  QMMM:     1        1      O       -6.0281    0.1383   -0.1114
  QMMM:     2        2      O        6.0408   -0.0414   -0.1639
  QMMM:     3        3      C       -0.4278   -0.5046   -0.1126
  QMMM:     4        4      C        0.4339    0.5353   -0.1047
  QMMM:     5        5      C        0.0207   -1.9302   -0.1378
  QMMM:     6        6      C       -0.0141    1.9610   -0.1331
  QMMM:     7        7      C       -1.8852   -0.3247   -0.1322
  QMMM:     8        8      C        1.8915    0.3554   -0.1030
  QMMM:     9        9      C       -0.2744   -2.6438    1.1600
  QMMM:    10       10      C        0.2629    2.6720    1.1701
  QMMM:    11       11      C       -2.6299   -0.7589   -1.2366
  QMMM:    12       12      C        2.6526    0.7934   -1.1978
  QMMM:    13       13      C       -2.5509    0.2592    0.9561
  QMMM:    14       14      C        2.5411   -0.2297    0.9912
  QMMM:    15       15      C       -4.0144   -0.6150   -1.2610
  QMMM:    16       16      C        4.0351    0.6527   -1.2078
  QMMM:    17       17      C       -3.9329    0.4061    0.9530
  QMMM:    18       18      C        3.9259   -0.3741    1.0024
  QMMM:    19       19      C       -4.6635   -0.0341   -0.1630
  QMMM:    20       20      C        4.6703    0.0681   -0.0996
  QMMM:    21       21      H        1.1222   -1.9877   -0.3504
  QMMM:    22       22      H       -0.5083   -2.4568   -0.9790
  QMMM:    23       23      H        0.5266    2.4892   -0.9658
  QMMM:    24       24      H       -1.1127    2.0190   -0.3606
  QMMM:    25       25      H        0.0120   -3.7200    1.0771
  QMMM:    26       26      H       -1.3620   -2.5818    1.4063
  QMMM:    27       27      H        0.3028   -2.1881    2.0006
  QMMM:    28       28      H       -0.3252    2.2140    2.0019
  QMMM:    29       29      H       -0.0236    3.7480    1.0855
  QMMM:    30       30      H        1.3472    2.6107    1.4306
  QMMM:    31       31      H       -2.1163   -1.2150   -2.0968
  QMMM:    32       32      H        2.1482    1.2512   -2.0628
  QMMM:    33       33      H       -1.9678    0.6071    1.8231
  QMMM:    34       34      H        1.9488   -0.5806    1.8504
  QMMM:    35       35      H       -4.5925   -0.9538   -2.1318
  QMMM:    36       36      H        4.6371    0.9897   -2.0630
  QMMM:    37       37      H       -4.4609    0.8592    1.8034
  QMMM:    38       38      H        4.4296   -0.8305    1.8657
  QMMM:    39       39      H       -6.4027   -0.2047   -0.9356
  QMMM:    40       40      H        6.3450   -0.4551    0.6568

           --------- Calculation Completed ----------

