            --------------------------------------------------------
                             AMBER SQM VERSION 19
 
                                     By
              Ross C. Walker, Michael F. Crowley, Scott Brozell,
                         Tim Giese, Andreas W. Goetz,
                        Tai-Sung Lee and David A. Case
 
            --------------------------------------------------------
 

--------------------------------------------------------------------------------
  QM CALCULATION INFO
--------------------------------------------------------------------------------

| QMMM: Citation for AMBER QMMM Run:
| QMMM: R.C. Walker, M.F. Crowley and D.A. Case, J. COMP. CHEM. 29:1019, 2008

QMMM: SINGLET STATE CALCULATION
QMMM: RHF CALCULATION, NO. OF DOUBLY OCCUPIED LEVELS = 30

| QMMM: *** Selected Hamiltonian *** 
| QMMM: AM1         

| QMMM: *** Parameter sets in use ***
| QMMM: O : M.J.S.DEWAR et al. JACS, 107, 3902, (1985)
| QMMM: C : M.J.S.DEWAR et al. JACS, 107, 3902, (1985)
| QMMM: H : M.J.S.DEWAR et al. JACS, 107, 3902, (1985)

| QMMM: *** SCF convergence criteria ***
| QMMM: Energy change                :  0.1D-09 kcal/mol
| QMMM: Error matrix |FP-PF|         :  0.1D+00 au
| QMMM: Density matrix change        :  0.5D-06
| QMMM: Maximum number of SCF cycles :     1000

| QMMM: *** Diagonalization Routine Information ***
| QMMM: Pseudo diagonalizations are allowed.
| QMMM: Auto diagonalization routine selection is in use.
| QMMM:
| QMMM: Timing diagonalization routines:
| QMMM:                              norbs =       50
| QMMM:    diag iterations used for timing =       20
| QMMM:
| QMMM:              Internal diag routine = 0.007376 seconds
| QMMM:                 Dspev diag routine = 0.008874 seconds
| QMMM:                Dspevd diag routine = 0.007242 seconds
| QMMM:                Dspevx diag routine = 0.030421 seconds
| QMMM:                 Dsyev diag routine = 0.008865 seconds
| QMMM:                Dsyevd diag routine = 0.007040 seconds
| QMMM:                Dsyevr diag routine = 0.007291 seconds
| QMMM:
| QMMM:                Pseudo diag routine = 0.001747 seconds
| QMMM:
| QMMM: Using dsyevd routine (diag_routine=6).

  QMMM: QM Region Cartesian Coordinates (*=link atom) 
  QMMM: QM_NO.   MM_NO.  ATOM         X         Y         Z
  QMMM:     1        1      O       -0.1510   -1.7830    0.4100
  QMMM:     2        2      O        0.2770    1.3490   -1.1450
  QMMM:     3        3      O       -2.0290    1.3730    0.5020
  QMMM:     4        4      O        2.7020    0.4720   -0.0890
  QMMM:     5        5      O       -1.5430   -0.7860   -1.2260
  QMMM:     6        6      C        0.3700    1.0650    0.2520
  QMMM:     7        7      C       -0.9500    0.4860    0.7670
  QMMM:     8        8      C        1.4770    0.0340    0.4810
  QMMM:     9        9      C       -1.2450   -0.8930    0.1630
  QMMM:    10       10      C        1.0930   -1.3170   -0.1160
  QMMM:    11       11      H        0.6100    2.0140    0.7450
  QMMM:    12       12      H       -0.8650    0.3810    1.8560
  QMMM:    13       13      H        1.6310   -0.0830    1.5610
  QMMM:    14       14      H       -2.1330   -1.3110    0.6500
  QMMM:    15       15      H        1.0460   -1.2830   -1.2110
  QMMM:    16       16      H        1.8600   -2.0600    0.1290
  QMMM:    17       17      H       -0.4730    1.9560   -1.2670
  QMMM:    18       18      H       -2.8370    0.9680    0.8610
  QMMM:    19       19      H        2.5520    0.6170   -1.0390
  QMMM:    20       20      H       -2.1090   -1.5420   -1.4570

--------------------------------------------------------------------------------
  RESULTS
--------------------------------------------------------------------------------

      iter         sqm energy              rms gradient
      ----    -------------------    -----------------------
xmin    10     -250.2031 kcal/mol        2.3539 kcal/(mol*A)
xmin    20     -250.9020 kcal/mol        0.4831 kcal/(mol*A)
xmin    30     -252.0455 kcal/mol        3.3679 kcal/(mol*A)
xmin    40     -255.7842 kcal/mol        0.9107 kcal/(mol*A)
xmin    50     -255.8741 kcal/mol        0.1524 kcal/(mol*A)
xmin    60     -255.8796 kcal/mol        0.0070 kcal/(mol*A)
xmin    70     -255.8796 kcal/mol        0.0025 kcal/(mol*A)
  ... geometry converged !
 
 Final MO eigenvalues (eV):
 -42.1239  -39.1000  -38.4589  -36.7801  -36.7344  -31.6571  -30.1665  -25.9916
 -24.4800  -21.8530  -19.9601  -19.5416  -18.3527  -18.0824  -17.4161  -16.9741
 -16.5306  -16.1613  -15.5342  -14.8582  -14.2640  -14.0417  -13.5369  -13.4405
 -12.9622  -12.4134  -12.3573  -11.7339  -10.9309  -10.7968    2.2459    2.5368
   2.8058    2.9534    2.9877    3.1465    3.3151    3.3963    3.6627    3.6700
   3.9120    4.0894    4.1957    4.2182    4.4841    5.2606    5.7570    5.8986
   6.0813    6.1130

 Heat of formation   =       -255.87961919 kcal/mol  (      -11.09577291 eV)

 Total SCF energy    =     -54935.79493043 kcal/mol  (    -2382.19482808 eV)
 Electronic energy   =    -254694.36222284 kcal/mol  (   -11044.37631598 eV)
 Core-core repulsion =     199758.56729241 kcal/mol  (     8662.18148790 eV)
 
    Atomic Charges for Step       1 :
  Atom    Element       Mulliken Charge
     1      O                 -0.295
     2      O                 -0.328
     3      O                 -0.304
     4      O                 -0.311
     5      O                 -0.373
     6      C                 -0.037
     7      C                 -0.007
     8      C                 -0.027
     9      C                  0.108
    10      C                 -0.055
    11      H                  0.143
    12      H                  0.136
    13      H                  0.130
    14      H                  0.129
    15      H                  0.077
    16      H                  0.127
    17      H                  0.218
    18      H                  0.223
    19      H                  0.214
    20      H                  0.228
 Total Mulliken Charge =      -0.000
 
                  X        Y        Z     TOTAL  
  QM DIPOLE    -0.722   -1.782   -0.495    1.985
 
 Final Structure

  QMMM: QM Region Cartesian Coordinates (*=link atom) 
  QMMM: QM_NO.   MM_NO.  ATOM         X         Y         Z
  QMMM:     1        1      O       -0.2426   -1.7681    0.4256
  QMMM:     2        2      O        0.1483    1.5054   -1.0134
  QMMM:     3        3      O       -2.0306    1.4364    0.7411
  QMMM:     4        4      O        2.6150    0.4347   -0.2520
  QMMM:     5        5      O       -1.6818   -0.7108   -0.9544
  QMMM:     6        6      C        0.3392    1.0781    0.3222
  QMMM:     7        7      C       -0.9584    0.5467    0.9446
  QMMM:     8        8      C        1.4395    0.0085    0.4047
  QMMM:     9        9      C       -1.3166   -0.8513    0.4004
  QMMM:    10       10      C        0.9538   -1.3138   -0.1955
  QMMM:    11       11      H        0.6685    2.0136    0.8582
  QMMM:    12       12      H       -0.8426    0.4728    2.0621
  QMMM:    13       13      H        1.7431   -0.1429    1.4779
  QMMM:    14       14      H       -2.1302   -1.3356    1.0100
  QMMM:    15       15      H        0.7873   -1.2021   -1.2996
  QMMM:    16       16      H        1.6928   -2.1354   -0.0020
  QMMM:    17       17      H       -0.2406    0.7712   -1.5105
  QMMM:    18       18      H       -2.0888    1.6021   -0.2118
  QMMM:    19       19      H        2.3480    0.8323   -1.0935
  QMMM:    20       20      H       -1.9203   -1.5848   -1.2872

           --------- Calculation Completed ----------

