            --------------------------------------------------------
                             AMBER SQM VERSION 19
 
                                     By
              Ross C. Walker, Michael F. Crowley, Scott Brozell,
                         Tim Giese, Andreas W. Goetz,
                        Tai-Sung Lee and David A. Case
 
            --------------------------------------------------------
 

--------------------------------------------------------------------------------
  QM CALCULATION INFO
--------------------------------------------------------------------------------

| QMMM: Citation for AMBER QMMM Run:
| QMMM: R.C. Walker, M.F. Crowley and D.A. Case, J. COMP. CHEM. 29:1019, 2008

QMMM: SINGLET STATE CALCULATION
QMMM: RHF CALCULATION, NO. OF DOUBLY OCCUPIED LEVELS = 47

| QMMM: *** Selected Hamiltonian *** 
| QMMM: AM1         

| QMMM: *** Parameter sets in use ***
| QMMM: O : M.J.S.DEWAR et al. JACS, 107, 3902, (1985)
| QMMM: N : M.J.S.DEWAR et al. JACS, 107, 3902, (1985)
| QMMM: C : M.J.S.DEWAR et al. JACS, 107, 3902, (1985)
| QMMM: H : M.J.S.DEWAR et al. JACS, 107, 3902, (1985)

| QMMM: *** SCF convergence criteria ***
| QMMM: Energy change                :  0.1D-09 kcal/mol
| QMMM: Error matrix |FP-PF|         :  0.1D+00 au
| QMMM: Density matrix change        :  0.5D-06
| QMMM: Maximum number of SCF cycles :     1000

| QMMM: *** Diagonalization Routine Information ***
| QMMM: Pseudo diagonalizations are allowed.
| QMMM: Auto diagonalization routine selection is in use.
| QMMM:
| QMMM: Timing diagonalization routines:
| QMMM:                              norbs =       90
| QMMM:    diag iterations used for timing =       15
| QMMM:
| QMMM:              Internal diag routine = 0.036849 seconds
| QMMM:                 Dspev diag routine = 0.028453 seconds
| QMMM:                Dspevd diag routine = 0.015926 seconds
| QMMM:                Dspevx diag routine = 0.077418 seconds
| QMMM:                 Dsyev diag routine = 0.029923 seconds
| QMMM:                Dsyevd diag routine = 0.015130 seconds
| QMMM:                Dsyevr diag routine = 0.018322 seconds
| QMMM:
| QMMM:                Pseudo diag routine = 0.011877 seconds
| QMMM:
| QMMM: Using dsyevd routine (diag_routine=6).

  QMMM: QM Region Cartesian Coordinates (*=link atom) 
  QMMM: QM_NO.   MM_NO.  ATOM         X         Y         Z
  QMMM:     1        1      O        0.6660   -0.1340    1.4610
  QMMM:     2        2      N        3.0940   -0.0510    0.1540
  QMMM:     3        3      N       -0.3990   -0.3960   -0.6150
  QMMM:     4        4      C        1.9650   -0.7260   -0.4840
  QMMM:     5        5      C        2.9040    1.3990    0.1310
  QMMM:     6        6      C        4.3470   -0.4130   -0.5090
  QMMM:     7        7      C       -1.7560   -0.1300   -0.3120
  QMMM:     8        8      C        0.6850   -0.3830    0.2600
  QMMM:     9        9      C       -2.5860   -1.1740    0.0690
  QMMM:    10       10      C       -2.2320    1.1690   -0.4030
  QMMM:    11       11      C        4.0690    2.1160    0.7900
  QMMM:    12       12      C        4.5920   -1.9110   -0.4400
  QMMM:    13       13      C       -3.9230   -0.9120    0.3660
  QMMM:    14       14      C       -3.5700    1.4310   -0.1050
  QMMM:    15       15      C       -2.0880   -2.5790    0.1710
  QMMM:    16       16      C       -1.3510    2.3050   -0.8120
  QMMM:    17       17      C       -4.4150    0.3900    0.2790
  QMMM:    18       18      H        1.8850   -0.4520   -1.5440
  QMMM:    19       19      H        2.0400   -1.8160   -0.4140
  QMMM:    20       20      H        2.7850    1.7720   -0.8950
  QMMM:    21       21      H        2.0090    1.7020    0.6820
  QMMM:    22       22      H        4.3690   -0.0810   -1.5550
  QMMM:    23       23      H        5.2030    0.0400   -0.0000
  QMMM:    24       24      H       -0.2550   -0.8080   -1.5340
  QMMM:    25       25      H        4.3240    1.6750    1.7590
  QMMM:    26       26      H        4.9620    2.1380    0.1580
  QMMM:    27       27      H        3.7960    3.1620    0.9730
  QMMM:    28       28      H        4.4520   -2.2990    0.5740
  QMMM:    29       29      H        3.9510   -2.4720   -1.1270
  QMMM:    30       30      H        5.6250   -2.1270   -0.7330
  QMMM:    31       31      H       -4.5960   -1.7110    0.6680
  QMMM:    32       32      H       -3.9700    2.4390   -0.1670
  QMMM:    33       33      H       -1.6510   -2.9030   -0.7800
  QMMM:    34       34      H       -1.3360   -2.6620    0.9620
  QMMM:    35       35      H       -2.8950   -3.2810    0.4100
  QMMM:    36       36      H       -0.8720    2.0950   -1.7730
  QMMM:    37       37      H       -1.9160    3.2360   -0.9310
  QMMM:    38       38      H       -0.5810    2.4820   -0.0540
  QMMM:    39       39      H       -5.4570    0.5940    0.5110

--------------------------------------------------------------------------------
  RESULTS
--------------------------------------------------------------------------------

      iter         sqm energy              rms gradient
      ----    -------------------    -----------------------
xmin    10      -21.2355 kcal/mol        0.3198 kcal/(mol*A)
xmin    20      -21.3349 kcal/mol        0.2158 kcal/(mol*A)
xmin    30      -21.6821 kcal/mol        0.5003 kcal/(mol*A)
xmin    40      -21.9479 kcal/mol        1.0738 kcal/(mol*A)
xmin    50      -22.2910 kcal/mol        0.7083 kcal/(mol*A)
xmin    60      -22.5457 kcal/mol        0.4205 kcal/(mol*A)
xmin    70      -22.6130 kcal/mol        0.1268 kcal/(mol*A)
xmin    80      -22.6405 kcal/mol        0.2241 kcal/(mol*A)
xmin    90      -22.6537 kcal/mol        0.1467 kcal/(mol*A)
xmin   100      -22.6734 kcal/mol        0.1039 kcal/(mol*A)
xmin   110      -22.7071 kcal/mol        0.0853 kcal/(mol*A)
xmin   120      -22.7044 kcal/mol        0.3771 kcal/(mol*A)
xmin   130      -22.7469 kcal/mol        0.1528 kcal/(mol*A)
xmin   140      -22.7863 kcal/mol        0.1262 kcal/(mol*A)
xmin   150      -22.8148 kcal/mol        0.2215 kcal/(mol*A)
xmin   160      -23.0243 kcal/mol        0.1288 kcal/(mol*A)
xmin   170      -23.2370 kcal/mol        0.3651 kcal/(mol*A)
xmin   180      -23.3676 kcal/mol        1.2918 kcal/(mol*A)
xmin   190      -23.9539 kcal/mol        0.6774 kcal/(mol*A)
xmin   200      -24.1435 kcal/mol        0.4789 kcal/(mol*A)
xmin   210      -24.5638 kcal/mol        0.5299 kcal/(mol*A)
xmin   220      -25.1228 kcal/mol        1.3725 kcal/(mol*A)
xmin   230      -25.6903 kcal/mol        1.4773 kcal/(mol*A)
xmin   240      -26.2266 kcal/mol        0.2935 kcal/(mol*A)
xmin   250      -26.6522 kcal/mol        1.0706 kcal/(mol*A)
xmin   260      -27.1009 kcal/mol        0.6266 kcal/(mol*A)
xmin   270      -27.3709 kcal/mol        1.0464 kcal/(mol*A)
xmin   280      -27.5205 kcal/mol        0.4385 kcal/(mol*A)
xmin   290      -27.7356 kcal/mol        0.3343 kcal/(mol*A)
xmin   300      -27.7808 kcal/mol        0.2600 kcal/(mol*A)
xmin   310      -27.8382 kcal/mol        0.1513 kcal/(mol*A)
xmin   320      -27.8544 kcal/mol        0.1815 kcal/(mol*A)
xmin   330      -27.8642 kcal/mol        0.1540 kcal/(mol*A)
xmin   340      -27.8724 kcal/mol        0.1137 kcal/(mol*A)
xmin   350      -27.8752 kcal/mol        0.1423 kcal/(mol*A)
xmin   360      -27.8790 kcal/mol        0.0403 kcal/(mol*A)
xmin   370      -27.8809 kcal/mol        0.0244 kcal/(mol*A)
xmin   380      -27.8834 kcal/mol        0.0225 kcal/(mol*A)
xmin   390      -27.8852 kcal/mol        0.0380 kcal/(mol*A)
xmin   400      -27.8865 kcal/mol        0.0453 kcal/(mol*A)
xmin   410      -27.8871 kcal/mol        0.0233 kcal/(mol*A)
xmin   420      -27.8888 kcal/mol        0.0463 kcal/(mol*A)
xmin   430      -27.8906 kcal/mol        0.0650 kcal/(mol*A)
xmin   440      -27.8966 kcal/mol        0.1210 kcal/(mol*A)
xmin   450      -27.8716 kcal/mol        0.3739 kcal/(mol*A)
xmin   460      -27.8989 kcal/mol        0.0479 kcal/(mol*A)
xmin   470      -26.9385 kcal/mol        2.8006 kcal/(mol*A)
xmin   480      -27.8958 kcal/mol        0.2177 kcal/(mol*A)
xmin   490      -27.9010 kcal/mol        0.0261 kcal/(mol*A)
xmin   500      -27.9026 kcal/mol        0.0292 kcal/(mol*A)
xmin   510      -27.9057 kcal/mol        0.0343 kcal/(mol*A)
xmin   520      -27.9067 kcal/mol        0.0416 kcal/(mol*A)
xmin   530      -27.9076 kcal/mol        0.0229 kcal/(mol*A)
xmin   540      -27.9079 kcal/mol        0.0224 kcal/(mol*A)
xmin   550      -27.9081 kcal/mol        0.0072 kcal/(mol*A)
xmin   560      -27.9083 kcal/mol        0.0110 kcal/(mol*A)
xmin   570      -27.9084 kcal/mol        0.0100 kcal/(mol*A)
xmin   580      -27.9085 kcal/mol        0.0108 kcal/(mol*A)
xmin   590      -27.9089 kcal/mol        0.0054 kcal/(mol*A)
xmin   600      -27.9090 kcal/mol        0.0048 kcal/(mol*A)
xmin   610      -27.9090 kcal/mol        0.0007 kcal/(mol*A)
xmin   620      -27.9090 kcal/mol        0.0016 kcal/(mol*A)
xmin   630      -27.9090 kcal/mol        0.0006 kcal/(mol*A)
  ... geometry converged !
 
 Final MO eigenvalues (eV):
 -40.5631  -39.2963  -37.9659  -35.1749  -34.1794  -32.8348  -31.8556  -30.7623
 -28.1397  -27.0976  -26.8080  -23.9124  -23.0510  -21.8215  -21.5205  -20.5614
 -18.3319  -17.8631  -17.0288  -16.5427  -16.1857  -15.9895  -15.7759  -15.0808
 -14.8712  -14.6678  -14.3547  -14.2298  -13.9580  -13.8156  -13.7190  -13.4811
 -13.4177  -13.0256  -12.7821  -12.6634  -12.5196  -12.2214  -12.1241  -12.0049
 -11.9110  -11.7437  -10.7924  -10.6282   -9.5903   -9.2081   -8.8984    0.4017
   0.5564    1.3645    2.1424    2.4780    2.8718    3.5222    3.5303    3.6690
   3.7889    3.8966    3.9331    3.9742    4.1165    4.1202    4.1659    4.1777
   4.2707    4.3225    4.4124    4.4272    4.4506    4.5439    4.5800    4.6439
   4.6589    4.6857    4.7712    4.8405    4.8547    4.9216    4.9254    5.1355
   5.3673    5.5038    5.5436    5.6955    5.7786    5.8164    5.8373    6.1955
   6.3314    7.1652

 Heat of formation   =        -27.90897819 kcal/mol  (       -1.21022411 eV)

 Total SCF energy    =     -65264.94135466 kcal/mol  (    -2830.10022786 eV)
 Electronic energy   =    -446727.23580160 kcal/mol  (   -19371.54658521 eV)
 Core-core repulsion =     381462.29444694 kcal/mol  (    16541.44635735 eV)
 
    Atomic Charges for Step       1 :
  Atom    Element       Mulliken Charge
     1      O                 -0.357
     2      N                 -0.274
     3      N                 -0.313
     4      C                 -0.096
     5      C                 -0.075
     6      C                 -0.067
     7      C                  0.044
     8      C                  0.297
     9      C                 -0.090
    10      C                 -0.043
    11      C                 -0.213
    12      C                 -0.214
    13      C                 -0.126
    14      C                 -0.128
    15      C                 -0.182
    16      C                 -0.187
    17      C                 -0.129
    18      H                  0.096
    19      H                  0.115
    20      H                  0.061
    21      H                  0.096
    22      H                  0.057
    23      H                  0.092
    24      H                  0.239
    25      H                  0.083
    26      H                  0.075
    27      H                  0.079
    28      H                  0.086
    29      H                  0.073
    30      H                  0.079
    31      H                  0.131
    32      H                  0.133
    33      H                  0.080
    34      H                  0.088
    35      H                  0.084
    36      H                  0.083
    37      H                  0.076
    38      H                  0.115
    39      H                  0.132
 Total Mulliken Charge =      -0.000
 
                  X        Y        Z     TOTAL  
  QM DIPOLE     2.240   -2.477    0.135    3.342
 
 Final Structure

  QMMM: QM Region Cartesian Coordinates (*=link atom) 
  QMMM: QM_NO.   MM_NO.  ATOM         X         Y         Z
  QMMM:     1        1      O        0.2467    2.3723   -0.7962
  QMMM:     2        2      N        2.8316    0.0253   -0.4507
  QMMM:     3        3      N       -0.1253    0.0861   -0.6634
  QMMM:     4        4      C        2.1201    0.9541   -1.3123
  QMMM:     5        5      C        3.0808    0.5845    0.8754
  QMMM:     6        6      C        4.0366   -0.5089   -1.0743
  QMMM:     7        7      C       -1.4291    0.1292   -0.1137
  QMMM:     8        8      C        0.6669    1.2032   -0.8715
  QMMM:     9        9      C       -1.6768   -0.4806    1.1440
  QMMM:    10       10      C       -2.5027    0.7177   -0.8242
  QMMM:    11       11      C        3.2696   -0.4670    1.9573
  QMMM:    12       12      C        3.7702   -1.4979   -2.1978
  QMMM:    13       13      C       -2.9716   -0.4866    1.6656
  QMMM:    14       14      C       -3.7846    0.7025   -0.2636
  QMMM:    15       15      C       -0.5794   -1.1161    1.9126
  QMMM:    16       16      C       -2.3010    1.3519   -2.1479
  QMMM:    17       17      C       -4.0216    0.1061    0.9697
  QMMM:    18       18      H        2.6167    1.9676   -1.3588
  QMMM:    19       19      H        2.0863    0.5340   -2.3571
  QMMM:    20       20      H        3.9835    1.2639    0.8690
  QMMM:    21       21      H        2.1889    1.2175    1.1568
  QMMM:    22       22      H        4.6921    0.3215   -1.4728
  QMMM:    23       23      H        4.6243   -1.0424   -0.2731
  QMMM:    24       24      H        0.3489   -0.7829   -0.5342
  QMMM:    25       25      H        2.4010   -1.1687    1.9909
  QMMM:    26       26      H        4.1987   -1.0634    1.7955
  QMMM:    27       27      H        3.3495    0.0500    2.9441
  QMMM:    28       28      H        3.0763   -2.3075   -1.8680
  QMMM:    29       29      H        3.3287   -0.9961   -3.0916
  QMMM:    30       30      H        4.7407   -1.9610   -2.5001
  QMMM:    31       31      H       -3.1604   -0.9605    2.6409
  QMMM:    32       32      H       -4.6163    1.1694   -0.8135
  QMMM:    33       33      H       -0.1774   -2.0061    1.3651
  QMMM:    34       34      H        0.2622   -0.3949    2.0730
  QMMM:    35       35      H       -0.9374   -1.4600    2.9144
  QMMM:    36       36      H       -1.8010    0.6418   -2.8526
  QMMM:    37       37      H       -3.2751    1.6646   -2.5980
  QMMM:    38       38      H       -1.6509    2.2595   -2.0431
  QMMM:    39       39      H       -5.0357    0.1019    1.3951

           --------- Calculation Completed ----------

