            --------------------------------------------------------
                             AMBER SQM VERSION 19
 
                                     By
              Ross C. Walker, Michael F. Crowley, Scott Brozell,
                         Tim Giese, Andreas W. Goetz,
                        Tai-Sung Lee and David A. Case
 
            --------------------------------------------------------
 

--------------------------------------------------------------------------------
  QM CALCULATION INFO
--------------------------------------------------------------------------------

| QMMM: Citation for AMBER QMMM Run:
| QMMM: R.C. Walker, M.F. Crowley and D.A. Case, J. COMP. CHEM. 29:1019, 2008

QMMM: SINGLET STATE CALCULATION
QMMM: RHF CALCULATION, NO. OF DOUBLY OCCUPIED LEVELS = 38

| QMMM: *** Selected Hamiltonian *** 
| QMMM: AM1         

| QMMM: *** Parameter sets in use ***
| QMMM: O : M.J.S.DEWAR et al. JACS, 107, 3902, (1985)
| QMMM: C : M.J.S.DEWAR et al. JACS, 107, 3902, (1985)
| QMMM: H : M.J.S.DEWAR et al. JACS, 107, 3902, (1985)

| QMMM: *** SCF convergence criteria ***
| QMMM: Energy change                :  0.1D-09 kcal/mol
| QMMM: Error matrix |FP-PF|         :  0.1D+00 au
| QMMM: Density matrix change        :  0.5D-06
| QMMM: Maximum number of SCF cycles :     1000

| QMMM: *** Diagonalization Routine Information ***
| QMMM: Pseudo diagonalizations are allowed.
| QMMM: Auto diagonalization routine selection is in use.
| QMMM:
| QMMM: Timing diagonalization routines:
| QMMM:                              norbs =       72
| QMMM:    diag iterations used for timing =       15
| QMMM:
| QMMM:              Internal diag routine = 0.015389 seconds
| QMMM:                 Dspev diag routine = 0.016685 seconds
| QMMM:                Dspevd diag routine = 0.010349 seconds
| QMMM:                Dspevx diag routine = 0.046859 seconds
| QMMM:                 Dsyev diag routine = 0.011529 seconds
| QMMM:                Dsyevd diag routine = 0.011531 seconds
| QMMM:                Dsyevr diag routine = 0.012183 seconds
| QMMM:
| QMMM:                Pseudo diag routine = 0.006053 seconds
| QMMM:
| QMMM: Using dspevd routine (diag_routine=3).

  QMMM: QM Region Cartesian Coordinates (*=link atom) 
  QMMM: QM_NO.   MM_NO.  ATOM         X         Y         Z
  QMMM:     1        1      O       -4.7310    0.0000    1.4060
  QMMM:     2        2      O        4.7280   -0.0000    1.4060
  QMMM:     3        3      C       -0.0010    0.0000   -1.6700
  QMMM:     4        4      C       -1.2520    0.0000   -0.8570
  QMMM:     5        5      C        1.2690   -0.0000   -0.8440
  QMMM:     6        6      C       -1.8360    1.2080   -0.4770
  QMMM:     7        7      C        1.8340   -1.2080   -0.4770
  QMMM:     8        8      C       -1.8360   -1.2080   -0.4770
  QMMM:     9        9      C        1.8330    1.2080   -0.4770
  QMMM:    10       10      C       -3.0050    1.2080    0.2840
  QMMM:    11       11      C        3.0030   -1.2080    0.2840
  QMMM:    12       12      C       -3.0050   -1.2080    0.2840
  QMMM:    13       13      C        3.0020    1.2080    0.2840
  QMMM:    14       14      C       -3.5900   -0.0000    0.6650
  QMMM:    15       15      C        3.5870    0.0010    0.6650
  QMMM:    16       16      H        0.0040   -0.8650   -2.3480
  QMMM:    17       17      H        0.0040    0.8650   -2.3490
  QMMM:    18       18      H       -1.3920    2.1570   -0.7670
  QMMM:    19       19      H        1.3870   -2.1540   -0.7690
  QMMM:    20       20      H       -1.3910   -2.1560   -0.7660
  QMMM:    21       21      H        1.3850    2.1540   -0.7680
  QMMM:    22       22      H       -3.4510    2.1550    0.5740
  QMMM:    23       23      H        3.4480   -2.1550    0.5740
  QMMM:    24       24      H       -3.4550   -2.1520    0.5780
  QMMM:    25       25      H        3.4530    2.1530    0.5780
  QMMM:    26       26      H       -4.9950    0.9210    1.5780
  QMMM:    27       27      H        4.9920   -0.9210    1.5780

--------------------------------------------------------------------------------
  RESULTS
--------------------------------------------------------------------------------

      iter         sqm energy              rms gradient
      ----    -------------------    -----------------------
xmin    10      -46.5846 kcal/mol        0.0423 kcal/(mol*A)
xmin    20      -46.5853 kcal/mol        0.0347 kcal/(mol*A)
xmin    30      -46.5855 kcal/mol        0.0049 kcal/(mol*A)
xmin    40      -46.5857 kcal/mol        0.0124 kcal/(mol*A)
xmin    50      -46.5858 kcal/mol        0.0094 kcal/(mol*A)
xmin    60      -46.5862 kcal/mol        0.0134 kcal/(mol*A)
xmin    70      -46.5863 kcal/mol        0.0567 kcal/(mol*A)
xmin    80      -46.5866 kcal/mol        0.0091 kcal/(mol*A)
xmin    90      -46.5867 kcal/mol        0.0378 kcal/(mol*A)
xmin   100      -46.5871 kcal/mol        0.0277 kcal/(mol*A)
xmin   110      -46.5876 kcal/mol        0.0247 kcal/(mol*A)
xmin   120      -46.5178 kcal/mol        0.5570 kcal/(mol*A)
xmin   130      -46.5228 kcal/mol        1.4789 kcal/(mol*A)
xmin   140      -46.5925 kcal/mol        0.0393 kcal/(mol*A)
xmin   150      -46.5930 kcal/mol        0.0345 kcal/(mol*A)
xmin   160      -46.5932 kcal/mol        0.0173 kcal/(mol*A)
xmin   170      -46.5933 kcal/mol        0.0068 kcal/(mol*A)
xmin   180      -46.5935 kcal/mol        0.0085 kcal/(mol*A)
xmin   190      -46.5942 kcal/mol        0.0176 kcal/(mol*A)
xmin   200      -46.5943 kcal/mol        0.0194 kcal/(mol*A)
xmin   210      -46.5945 kcal/mol        0.0316 kcal/(mol*A)
xmin   220      -46.5945 kcal/mol        0.0121 kcal/(mol*A)
xmin   230      -46.5946 kcal/mol        0.0119 kcal/(mol*A)
xmin   240      -46.5948 kcal/mol        0.0138 kcal/(mol*A)
xmin   250      -46.5951 kcal/mol        0.0324 kcal/(mol*A)
xmin   260      -46.5953 kcal/mol        0.0234 kcal/(mol*A)
xmin   270      -46.5954 kcal/mol        0.0253 kcal/(mol*A)
xmin   280      -46.5955 kcal/mol        0.0091 kcal/(mol*A)
xmin   290      -46.5957 kcal/mol        0.0281 kcal/(mol*A)
xmin   300      -46.5961 kcal/mol        0.0180 kcal/(mol*A)
xmin   310      -46.5966 kcal/mol        0.0257 kcal/(mol*A)
xmin   320      -46.5967 kcal/mol        0.0101 kcal/(mol*A)
xmin   330      -46.5968 kcal/mol        0.0114 kcal/(mol*A)
xmin   340      -46.5968 kcal/mol        0.0094 kcal/(mol*A)
xmin   350      -46.5969 kcal/mol        0.0118 kcal/(mol*A)
xmin   360      -46.5969 kcal/mol        0.0149 kcal/(mol*A)
xmin   370      -46.5973 kcal/mol        0.0151 kcal/(mol*A)
xmin   380      -46.5974 kcal/mol        0.0374 kcal/(mol*A)
xmin   390      -46.5975 kcal/mol        0.0071 kcal/(mol*A)
xmin   400      -46.5975 kcal/mol        0.0139 kcal/(mol*A)
xmin   410      -46.5977 kcal/mol        0.0117 kcal/(mol*A)
xmin   420      -46.5978 kcal/mol        0.0070 kcal/(mol*A)
xmin   430      -46.5983 kcal/mol        0.0111 kcal/(mol*A)
xmin   440      -46.5983 kcal/mol        0.0098 kcal/(mol*A)
xmin   450      -46.5984 kcal/mol        0.0092 kcal/(mol*A)
xmin   460      -46.5984 kcal/mol        0.0208 kcal/(mol*A)
xmin   470      -46.5985 kcal/mol        0.0150 kcal/(mol*A)
xmin   480      -46.5988 kcal/mol        0.0105 kcal/(mol*A)
xmin   490      -46.5988 kcal/mol        0.0106 kcal/(mol*A)
xmin   500      -46.5989 kcal/mol        0.0047 kcal/(mol*A)
xmin   510      -46.5990 kcal/mol        0.0167 kcal/(mol*A)
xmin   520      -46.5990 kcal/mol        0.0061 kcal/(mol*A)
xmin   530      -46.5993 kcal/mol        0.0184 kcal/(mol*A)
xmin   540      -46.5993 kcal/mol        0.0021 kcal/(mol*A)
xmin   550      -46.5993 kcal/mol        0.0147 kcal/(mol*A)
xmin   560      -46.5994 kcal/mol        0.0045 kcal/(mol*A)
xmin   570      -46.5994 kcal/mol        0.0093 kcal/(mol*A)
xmin   580      -46.5995 kcal/mol        0.0050 kcal/(mol*A)
xmin   590      -46.5995 kcal/mol        0.0147 kcal/(mol*A)
xmin   600      -46.6000 kcal/mol        0.0183 kcal/(mol*A)
xmin   610      -46.6001 kcal/mol        0.0136 kcal/(mol*A)
xmin   620      -46.6001 kcal/mol        0.0119 kcal/(mol*A)
xmin   630      -46.6002 kcal/mol        0.0132 kcal/(mol*A)
xmin   640      -46.6002 kcal/mol        0.0113 kcal/(mol*A)
xmin   650      -46.6003 kcal/mol        0.0100 kcal/(mol*A)
xmin   660      -46.6003 kcal/mol        0.0042 kcal/(mol*A)
xmin   670      -46.6004 kcal/mol        0.0144 kcal/(mol*A)
xmin   680      -46.6006 kcal/mol        0.0096 kcal/(mol*A)
xmin   690      -46.6007 kcal/mol        0.0087 kcal/(mol*A)
xmin   700      -46.6008 kcal/mol        0.0064 kcal/(mol*A)
xmin   710      -46.6008 kcal/mol        0.0098 kcal/(mol*A)
xmin   720      -46.6009 kcal/mol        0.0048 kcal/(mol*A)
xmin   730      -46.6009 kcal/mol        0.0136 kcal/(mol*A)
xmin   740      -46.6010 kcal/mol        0.0028 kcal/(mol*A)
xmin   750      -46.6010 kcal/mol        0.0072 kcal/(mol*A)
xmin   760      -46.6012 kcal/mol        0.0200 kcal/(mol*A)
xmin   770      -46.6013 kcal/mol        0.0041 kcal/(mol*A)
xmin   780      -46.6017 kcal/mol        0.0070 kcal/(mol*A)
xmin   790      -46.6017 kcal/mol        0.0138 kcal/(mol*A)
xmin   800      -46.6019 kcal/mol        0.0036 kcal/(mol*A)
xmin   810      -46.6019 kcal/mol        0.0119 kcal/(mol*A)
xmin   820      -46.6020 kcal/mol        0.0097 kcal/(mol*A)
xmin   830      -46.6021 kcal/mol        0.0323 kcal/(mol*A)
xmin   840      -46.6022 kcal/mol        0.0445 kcal/(mol*A)
xmin   850      -46.6028 kcal/mol        0.1156 kcal/(mol*A)
xmin   860      -46.6036 kcal/mol        0.0108 kcal/(mol*A)
xmin   870      -46.6038 kcal/mol        0.0136 kcal/(mol*A)
xmin   880      -46.6040 kcal/mol        0.0371 kcal/(mol*A)
xmin   890      -46.6071 kcal/mol        0.0922 kcal/(mol*A)
xmin   900      -46.6080 kcal/mol        0.0319 kcal/(mol*A)
xmin   910      -46.6090 kcal/mol        0.0289 kcal/(mol*A)
xmin   920      -46.6100 kcal/mol        0.0271 kcal/(mol*A)
xmin   930      -46.6105 kcal/mol        0.0240 kcal/(mol*A)
xmin   940      -46.5855 kcal/mol        1.1553 kcal/(mol*A)
xmin   950      -46.5964 kcal/mol        0.0971 kcal/(mol*A)
xmin   960      -46.5988 kcal/mol        0.0665 kcal/(mol*A)
xmin   970      -46.4335 kcal/mol        0.7329 kcal/(mol*A)
xmin   980      -46.5625 kcal/mol        0.2626 kcal/(mol*A)
xmin   990      -46.5818 kcal/mol        0.2690 kcal/(mol*A)
xmin  1000      -46.5939 kcal/mol        0.0827 kcal/(mol*A)
xmin  1010      -46.5979 kcal/mol        0.0394 kcal/(mol*A)
xmin  1020      -46.5997 kcal/mol        0.0384 kcal/(mol*A)
xmin  1030      -46.5972 kcal/mol        0.2913 kcal/(mol*A)
xmin  1040      -46.5963 kcal/mol        0.1624 kcal/(mol*A)
xmin  1050      -46.6000 kcal/mol        0.0308 kcal/(mol*A)
xmin  1060      -46.6002 kcal/mol        0.0083 kcal/(mol*A)
xmin  1070      -46.6003 kcal/mol        0.0100 kcal/(mol*A)
xmin  1080      -46.6003 kcal/mol        0.0088 kcal/(mol*A)
xmin  1090      -46.6003 kcal/mol        0.0099 kcal/(mol*A)
xmin  1100      -46.6003 kcal/mol        0.0076 kcal/(mol*A)
xmin  1110      -46.6004 kcal/mol        0.0097 kcal/(mol*A)
xmin  1120      -46.6004 kcal/mol        0.0194 kcal/(mol*A)
xmin  1130      -46.6005 kcal/mol        0.0210 kcal/(mol*A)
xmin  1140      -46.6006 kcal/mol        0.0224 kcal/(mol*A)
xmin  1150      -46.6007 kcal/mol        0.0039 kcal/(mol*A)
xmin  1160      -46.6007 kcal/mol        0.0063 kcal/(mol*A)
xmin  1170      -46.6007 kcal/mol        0.0053 kcal/(mol*A)
xmin  1180      -46.6008 kcal/mol        0.0127 kcal/(mol*A)
xmin  1190      -46.6010 kcal/mol        0.0177 kcal/(mol*A)
xmin  1200      -46.6012 kcal/mol        0.0143 kcal/(mol*A)
xmin  1210      -46.6013 kcal/mol        0.0063 kcal/(mol*A)
xmin  1220      -46.6014 kcal/mol        0.0088 kcal/(mol*A)
xmin  1230      -46.6015 kcal/mol        0.0040 kcal/(mol*A)
xmin  1240      -46.6016 kcal/mol        0.0085 kcal/(mol*A)
xmin  1250      -46.6017 kcal/mol        0.0292 kcal/(mol*A)
xmin  1260      -46.6019 kcal/mol        0.0089 kcal/(mol*A)
xmin  1270      -46.6033 kcal/mol        0.0358 kcal/(mol*A)
xmin  1280      -46.6034 kcal/mol        0.0117 kcal/(mol*A)
xmin  1290      -46.6036 kcal/mol        0.0456 kcal/(mol*A)
xmin  1300      -46.6045 kcal/mol        0.0295 kcal/(mol*A)
xmin  1310      -46.6048 kcal/mol        0.0537 kcal/(mol*A)
xmin  1320      -46.6051 kcal/mol        0.0195 kcal/(mol*A)
xmin  1330      -46.6055 kcal/mol        0.0580 kcal/(mol*A)
xmin  1340      -46.6066 kcal/mol        0.0323 kcal/(mol*A)
xmin  1350      -46.6069 kcal/mol        0.0527 kcal/(mol*A)
xmin  1360      -46.6074 kcal/mol        0.0412 kcal/(mol*A)
xmin  1370      -46.6077 kcal/mol        0.0262 kcal/(mol*A)
xmin  1380      -46.6084 kcal/mol        0.0108 kcal/(mol*A)
xmin  1390      -46.6092 kcal/mol        0.0553 kcal/(mol*A)
xmin  1400      -46.6100 kcal/mol        0.0372 kcal/(mol*A)
xmin  1410      -46.6106 kcal/mol        0.0461 kcal/(mol*A)
xmin  1420      -46.6111 kcal/mol        0.0912 kcal/(mol*A)
xmin  1430      -46.6116 kcal/mol        0.0424 kcal/(mol*A)
xmin  1440      -46.6129 kcal/mol        0.0801 kcal/(mol*A)
xmin  1450      -46.6136 kcal/mol        0.0474 kcal/(mol*A)
xmin  1460      -46.6143 kcal/mol        0.0266 kcal/(mol*A)
xmin  1470      -46.6180 kcal/mol        0.1351 kcal/(mol*A)
xmin  1480      -46.6198 kcal/mol        0.0582 kcal/(mol*A)
xmin  1490      -46.6212 kcal/mol        0.0200 kcal/(mol*A)
xmin  1500      -46.6224 kcal/mol        0.0177 kcal/(mol*A)
xmin  1510      -46.6258 kcal/mol        0.0509 kcal/(mol*A)
xmin  1520      -46.6268 kcal/mol        0.0318 kcal/(mol*A)
xmin  1530      -46.4108 kcal/mol        3.1331 kcal/(mol*A)
xmin  1540      -46.6306 kcal/mol        0.0344 kcal/(mol*A)
xmin  1550      -46.6310 kcal/mol        0.0102 kcal/(mol*A)
xmin  1560      -46.6312 kcal/mol        0.0154 kcal/(mol*A)
xmin  1570      -46.6340 kcal/mol        0.1737 kcal/(mol*A)
xmin  1580      -46.6353 kcal/mol        0.0493 kcal/(mol*A)
xmin  1590      -46.6352 kcal/mol        0.2228 kcal/(mol*A)
xmin  1600      -46.6381 kcal/mol        0.0697 kcal/(mol*A)
xmin  1610      -46.6428 kcal/mol        0.0922 kcal/(mol*A)
xmin  1620      -46.6435 kcal/mol        0.0291 kcal/(mol*A)
xmin  1630      -46.6442 kcal/mol        0.0763 kcal/(mol*A)
xmin  1640      -46.6443 kcal/mol        0.0868 kcal/(mol*A)
xmin  1650      -46.6447 kcal/mol        0.0122 kcal/(mol*A)
xmin  1660      -46.6451 kcal/mol        0.0216 kcal/(mol*A)
xmin  1670      -46.6455 kcal/mol        0.0214 kcal/(mol*A)
xmin  1680      -46.6457 kcal/mol        0.0343 kcal/(mol*A)
xmin  1690      -46.6463 kcal/mol        0.0313 kcal/(mol*A)
xmin  1700      -46.6465 kcal/mol        0.0140 kcal/(mol*A)
xmin  1710      -46.6468 kcal/mol        0.0188 kcal/(mol*A)
xmin  1720      -46.6475 kcal/mol        0.0049 kcal/(mol*A)
xmin  1730      -46.6476 kcal/mol        0.0114 kcal/(mol*A)
xmin  1740      -46.6477 kcal/mol        0.0145 kcal/(mol*A)
xmin  1750      -46.6479 kcal/mol        0.0212 kcal/(mol*A)
xmin  1760      -46.6481 kcal/mol        0.0386 kcal/(mol*A)
xmin  1770      -46.6482 kcal/mol        0.0180 kcal/(mol*A)
xmin  1780      -46.6485 kcal/mol        0.0230 kcal/(mol*A)
xmin  1790      -46.6487 kcal/mol        0.0062 kcal/(mol*A)
xmin  1800      -46.6492 kcal/mol        0.0195 kcal/(mol*A)
xmin  1810      -46.6494 kcal/mol        0.0315 kcal/(mol*A)
xmin  1820      -46.6496 kcal/mol        0.0152 kcal/(mol*A)
xmin  1830      -46.6497 kcal/mol        0.0135 kcal/(mol*A)
xmin  1840      -46.6500 kcal/mol        0.0241 kcal/(mol*A)
xmin  1850      -46.6500 kcal/mol        0.0086 kcal/(mol*A)
xmin  1860      -46.6501 kcal/mol        0.0052 kcal/(mol*A)
xmin  1870      -46.6501 kcal/mol        0.0018 kcal/(mol*A)
xmin  1880      -46.6501 kcal/mol        0.0032 kcal/(mol*A)
xmin  1890      -46.6501 kcal/mol        0.0144 kcal/(mol*A)
xmin  1900      -46.6501 kcal/mol        0.0015 kcal/(mol*A)
xmin  1910      -46.6501 kcal/mol        0.0036 kcal/(mol*A)
xmin  1920      -46.6501 kcal/mol        0.0044 kcal/(mol*A)
xmin  1930      -46.6501 kcal/mol        0.0021 kcal/(mol*A)
xmin  1940      -46.6502 kcal/mol        0.0078 kcal/(mol*A)
xmin  1950      -46.6502 kcal/mol        0.0034 kcal/(mol*A)
xmin  1960      -46.6502 kcal/mol        0.0031 kcal/(mol*A)
xmin  1970      -46.6502 kcal/mol        0.0046 kcal/(mol*A)
xmin  1980      -46.6502 kcal/mol        0.0008 kcal/(mol*A)
xmin  1990      -46.6502 kcal/mol        0.0007 kcal/(mol*A)
xmin  2000      -46.6502 kcal/mol        0.0011 kcal/(mol*A)
  ... geometry converged !
 
 Final MO eigenvalues (eV):
 -40.5880  -40.0623  -38.2818  -37.2054  -33.4681  -31.7708  -31.5649  -29.8822
 -26.4620  -23.9700  -23.5593  -22.9620  -21.5036  -19.0561  -19.0156  -17.3507
 -17.1131  -16.6945  -16.0456  -15.2745  -15.1279  -15.0527  -14.7858  -14.5413
 -14.4813  -14.4035  -14.2422  -13.2868  -13.0267  -12.6283  -12.1548  -12.1052
 -11.8977  -11.7402   -9.8871   -9.8462   -9.0576   -8.8820    0.3153    0.3960
   0.4473    0.4883    2.7093    2.7821    2.9988    3.0372    3.6179    3.7812
   3.8040    3.8450    3.9193    4.0103    4.1042    4.2149    4.3217    4.4140
   4.5587    4.5907    4.6911    4.7713    5.0247    5.0762    5.1991    5.2446
   5.3417    5.3958    5.5679    5.7131    5.7773    5.8602    6.2898    6.3282


 Heat of formation   =        -46.65021514 kcal/mol  (       -2.02290513 eV)

 Total SCF energy    =     -56965.18964379 kcal/mol  (    -2470.19598646 eV)
 Electronic energy   =    -312563.20634199 kcal/mol  (   -13553.75770097 eV)
 Core-core repulsion =     255598.01669820 kcal/mol  (    11083.56171451 eV)
 
    Atomic Charges for Step       1 :
  Atom    Element       Mulliken Charge
     1      O                 -0.252
     2      O                 -0.252
     3      C                 -0.076
     4      C                 -0.105
     5      C                 -0.105
     6      C                 -0.082
     7      C                 -0.083
     8      C                 -0.097
     9      C                 -0.096
    10      C                 -0.211
    11      C                 -0.210
    12      C                 -0.156
    13      C                 -0.156
    14      C                  0.077
    15      C                  0.076
    16      H                  0.095
    17      H                  0.092
    18      H                  0.136
    19      H                  0.138
    20      H                  0.134
    21      H                  0.133
    22      H                  0.134
    23      H                  0.134
    24      H                  0.150
    25      H                  0.150
    26      H                  0.218
    27      H                  0.217
 Total Mulliken Charge =       0.000
 
                  X        Y        Z     TOTAL  
  QM DIPOLE    -0.383    0.192    0.237    0.489
 
 Final Structure

  QMMM: QM Region Cartesian Coordinates (*=link atom) 
  QMMM: QM_NO.   MM_NO.  ATOM         X         Y         Z
  QMMM:     1        1      O       -4.7292   -0.5709    1.3316
  QMMM:     2        2      O        4.7940    0.0330    1.3209
  QMMM:     3        3      C       -0.0057    0.2760   -1.6644
  QMMM:     4        4      C       -1.2435    0.0685   -0.8602
  QMMM:     5        5      C        1.2417    0.2033   -0.8507
  QMMM:     6        6      C       -1.8148    1.1345   -0.1569
  QMMM:     7        7      C        1.4869   -0.8983   -0.0235
  QMMM:     8        8      C       -1.8558   -1.1910   -0.8140
  QMMM:     9        9      C        2.1951    1.2263   -0.9311
  QMMM:    10       10      C       -2.9787    0.9537    0.5855
  QMMM:    11       11      C        2.6629   -0.9857    0.7154
  QMMM:    12       12      C       -3.0188   -1.3933   -0.0797
  QMMM:    13       13      C        3.3774    1.1590   -0.2021
  QMMM:    14       14      C       -3.5782   -0.3128    0.6221
  QMMM:    15       15      C        3.6074    0.0463    0.6231
  QMMM:    16       16      H        0.0520   -0.5052   -2.4731
  QMMM:    17       17      H       -0.0659    1.2751   -2.1776
  QMMM:    18       18      H       -1.3390    2.1265   -0.1880
  QMMM:    19       19      H        0.7342   -1.6995    0.0461
  QMMM:    20       20      H       -1.4125   -2.0331   -1.3677
  QMMM:    21       21      H        2.0108    2.0969   -1.5792
  QMMM:    22       22      H       -3.4225    1.7940    1.1371
  QMMM:    23       23      H        2.8489   -1.8522    1.3649
  QMMM:    24       24      H       -3.5058   -2.3774   -0.0396
  QMMM:    25       25      H        4.1303    1.9571   -0.2600
  QMMM:    26       26      H       -5.0019    0.2507    1.7651
  QMMM:    27       27      H        4.8196   -0.7785    1.8481

           --------- Calculation Completed ----------

