            --------------------------------------------------------
                             AMBER SQM VERSION 19
 
                                     By
              Ross C. Walker, Michael F. Crowley, Scott Brozell,
                         Tim Giese, Andreas W. Goetz,
                        Tai-Sung Lee and David A. Case
 
            --------------------------------------------------------
 

--------------------------------------------------------------------------------
  QM CALCULATION INFO
--------------------------------------------------------------------------------

| QMMM: Citation for AMBER QMMM Run:
| QMMM: R.C. Walker, M.F. Crowley and D.A. Case, J. COMP. CHEM. 29:1019, 2008

QMMM: SINGLET STATE CALCULATION
QMMM: RHF CALCULATION, NO. OF DOUBLY OCCUPIED LEVELS = 71

| QMMM: *** Selected Hamiltonian *** 
| QMMM: AM1         

| QMMM: *** Parameter sets in use ***
| QMMM: O : M.J.S.DEWAR et al. JACS, 107, 3902, (1985)
| QMMM: C : M.J.S.DEWAR et al. JACS, 107, 3902, (1985)
| QMMM: H : M.J.S.DEWAR et al. JACS, 107, 3902, (1985)

| QMMM: *** SCF convergence criteria ***
| QMMM: Energy change                :  0.1D-09 kcal/mol
| QMMM: Error matrix |FP-PF|         :  0.1D+00 au
| QMMM: Density matrix change        :  0.5D-06
| QMMM: Maximum number of SCF cycles :     1000

| QMMM: *** Diagonalization Routine Information ***
| QMMM: Pseudo diagonalizations are allowed.
| QMMM: Auto diagonalization routine selection is in use.
| QMMM:
| QMMM: Timing diagonalization routines:
| QMMM:                              norbs =      132
| QMMM:    diag iterations used for timing =       10
| QMMM:
| QMMM:              Internal diag routine = 0.052996 seconds
| QMMM:                 Dspev diag routine = 0.053549 seconds
| QMMM:                Dspevd diag routine = 0.026165 seconds
| QMMM:                Dspevx diag routine = 0.119426 seconds
| QMMM:                 Dsyev diag routine = 0.051674 seconds
| QMMM:                Dsyevd diag routine = 0.018775 seconds
| QMMM:                Dsyevr diag routine = 0.026537 seconds
| QMMM:
| QMMM:                Pseudo diag routine = 0.024375 seconds
| QMMM: Pseudo diagonalization appears to be slower than regular
| QMMM: diagonalization. Setting pseudo_diag=0 for optimum performance.
| QMMM:
| QMMM: Using dsyevd routine (diag_routine=6).

  QMMM: QM Region Cartesian Coordinates (*=link atom) 
  QMMM: QM_NO.   MM_NO.  ATOM         X         Y         Z
  QMMM:     1        1      O       -0.0540    1.5060   -1.8730
  QMMM:     2        2      O       -1.8660   -1.0910   -2.0630
  QMMM:     3        3      O       -5.0870   -0.3710   -0.2280
  QMMM:     4        4      O        5.8150    0.8320    1.7810
  QMMM:     5        5      O       -5.9860    2.0580    0.4900
  QMMM:     6        6      C       -0.8780   -1.0660    0.5930
  QMMM:     7        7      C        0.4240   -1.0940   -0.2180
  QMMM:     8        8      C       -1.8630    0.0010    0.0990
  QMMM:     9        9      C        1.1190    0.3110   -0.0830
  QMMM:    10       10      C        2.5330    0.3280   -0.7830
  QMMM:    11       11      C        0.1530    1.4700   -0.4660
  QMMM:    12       12      C       -1.2170    1.3840    0.2490
  QMMM:    13       13      C       -3.0630   -0.2740    1.0240
  QMMM:    14       14      C       -1.7310   -2.3280    0.6820
  QMMM:    15       15      C        1.3380   -2.2410    0.2590
  QMMM:    16       16      C       -3.1010   -1.8120    1.1530
  QMMM:    17       17      C        3.3200   -0.8220   -0.1410
  QMMM:    18       18      C        2.7360   -2.1950   -0.3560
  QMMM:    19       19      C        3.2950    1.6690   -0.5890
  QMMM:    20       20      C       -2.2900   -0.1900   -1.3460
  QMMM:    21       21      C        2.4610    0.1130   -2.3160
  QMMM:    22       22      C       -4.3670    0.2770    0.5300
  QMMM:    23       23      C        3.8730    1.8440    0.8040
  QMMM:    24       24      C        4.3780   -0.6610    0.6700
  QMMM:    25       25      C        4.7940    0.6910    1.1130
  QMMM:    26       26      C       -4.7360    1.6620    1.0150
  QMMM:    27       27      H       -0.5980   -0.8200    1.6310
  QMMM:    28       28      H        0.2220   -1.2870   -1.2720
  QMMM:    29       29      H        1.3060    0.4470    0.9950
  QMMM:    30       30      H        0.6060    2.4270   -0.1860
  QMMM:    31       31      H       -1.0700    1.6100    1.3130
  QMMM:    32       32      H       -1.8790    2.1560   -0.1590
  QMMM:    33       33      H       -2.8760    0.1370    2.0250
  QMMM:    34       34      H       -1.3170   -3.0510    1.3930
  QMMM:    35       35      H       -1.8220   -2.8370   -0.2830
  QMMM:    36       36      H        0.8790   -3.2080    0.0200
  QMMM:    37       37      H        1.4310   -2.2020    1.3530
  QMMM:    38       38      H       -3.8960   -2.2950    0.5750
  QMMM:    39       39      H       -3.2670   -2.0870    2.2020
  QMMM:    40       40      H        2.6980   -2.4370   -1.4240
  QMMM:    41       41      H        3.3550   -2.9720    0.1080
  QMMM:    42       42      H        2.6630    2.5270   -0.8390
  QMMM:    43       43      H        4.1350    1.7100   -1.2990
  QMMM:    44       44      H       -2.9960    0.5560   -1.7510
  QMMM:    45       45      H        2.1320    1.0180   -2.8360
  QMMM:    46       46      H        3.4510   -0.1350   -2.7210
  QMMM:    47       47      H        1.7870   -0.6950   -2.6110
  QMMM:    48       48      H        3.0940    1.8960    1.5700
  QMMM:    49       49      H        4.4540    2.7720    0.8410
  QMMM:    50       50      H        4.8980   -1.5040    1.1140
  QMMM:    51       51      H       -0.6130    2.2760   -2.0700
  QMMM:    52       52      H       -3.9860    2.3810    0.6820
  QMMM:    53       53      H       -4.7920    1.6690    2.1070
  QMMM:    54       54      H       -6.6600    1.4640    0.8620

--------------------------------------------------------------------------------
  RESULTS
--------------------------------------------------------------------------------

      iter         sqm energy              rms gradient
      ----    -------------------    -----------------------
xmin    10     -210.9793 kcal/mol        0.6768 kcal/(mol*A)
xmin    20     -211.3541 kcal/mol        0.3226 kcal/(mol*A)
xmin    30     -211.4868 kcal/mol        0.1921 kcal/(mol*A)
xmin    40     -211.5082 kcal/mol        0.1027 kcal/(mol*A)
xmin    50     -211.5114 kcal/mol        0.0828 kcal/(mol*A)
xmin    60     -211.5156 kcal/mol        0.0400 kcal/(mol*A)
xmin    70     -211.5189 kcal/mol        0.0178 kcal/(mol*A)
xmin    80     -211.5191 kcal/mol        0.0126 kcal/(mol*A)
xmin    90     -211.5193 kcal/mol        0.0008 kcal/(mol*A)
  ... geometry converged !
 
 Final MO eigenvalues (eV):
 -42.9166  -41.2268  -40.1145  -39.0306  -38.3564  -38.0806  -37.5681  -35.6261
 -34.3247  -33.3300  -32.2908  -30.9436  -29.7795  -29.1855  -27.8379  -26.4069
 -25.1803  -24.8256  -23.9942  -22.9985  -22.7666  -21.3735  -20.8370  -20.3770
 -20.1819  -18.9699  -18.5513  -18.0484  -17.6840  -17.1841  -17.0702  -16.9042
 -16.6395  -16.5447  -16.0961  -16.0085  -15.8370  -15.6477  -15.5997  -15.2468
 -15.0204  -14.9802  -14.7023  -14.3380  -14.2385  -14.1363  -13.9852  -13.8840
 -13.7965  -13.5913  -13.2873  -13.2779  -13.2351  -13.0770  -12.9869  -12.8095
 -12.5647  -12.4213  -12.3523  -12.1002  -12.0589  -12.0076  -11.6183  -11.5315
 -11.4116  -11.1781  -11.0774  -10.8407  -10.4186  -10.2988  -10.0775   -0.0394
   0.1245    0.8523    1.8294    2.2030    2.4723    2.6932    2.8008    2.9317
   2.9940    3.0916    3.1340    3.1872    3.1930    3.2820    3.3647    3.3987
   3.4334    3.4983    3.5567    3.6015    3.6213    3.6979    3.7578    3.7846
   3.8165    3.8482    3.9006    3.9227    3.9799    4.0212    4.0421    4.1204
   4.1710    4.1852    4.2485    4.2999    4.3195    4.3974    4.4575    4.5482
   4.5842    4.6305    4.6482    4.6805    4.6936    4.6960    4.8237    4.8445
   4.8930    4.9071    5.0290    5.0941    5.1411    5.2820    5.4197    5.7227
   5.7483    5.9005    6.2873    6.6555

 Heat of formation   =       -211.51926829 kcal/mol  (       -9.17216375 eV)

 Total SCF energy    =    -107872.27304132 kcal/mol  (    -4677.69277314 eV)
 Electronic energy   =    -906696.26433340 kcal/mol  (   -39317.30039172 eV)
 Core-core repulsion =     798823.99129208 kcal/mol  (    34639.60761858 eV)
 
    Atomic Charges for Step       1 :
  Atom    Element       Mulliken Charge
     1      O                 -0.318
     2      O                 -0.266
     3      O                 -0.277
     4      O                 -0.294
     5      O                 -0.316
     6      C                 -0.086
     7      C                 -0.098
     8      C                 -0.106
     9      C                 -0.076
    10      C                 -0.011
    11      C                  0.034
    12      C                 -0.185
    13      C                 -0.144
    14      C                 -0.157
    15      C                 -0.146
    16      C                 -0.155
    17      C                 -0.024
    18      C                 -0.139
    19      C                 -0.151
    20      C                  0.213
    21      C                 -0.201
    22      C                  0.191
    23      C                 -0.212
    24      C                 -0.245
    25      C                  0.262
    26      C                 -0.070
    27      H                  0.084
    28      H                  0.132
    29      H                  0.089
    30      H                  0.076
    31      H                  0.098
    32      H                  0.086
    33      H                  0.108
    34      H                  0.087
    35      H                  0.114
    36      H                  0.093
    37      H                  0.081
    38      H                  0.115
    39      H                  0.086
    40      H                  0.104
    41      H                  0.093
    42      H                  0.087
    43      H                  0.095
    44      H                  0.088
    45      H                  0.094
    46      H                  0.074
    47      H                  0.091
    48      H                  0.103
    49      H                  0.112
    50      H                  0.149
    51      H                  0.199
    52      H                  0.120
    53      H                  0.095
    54      H                  0.221
 Total Mulliken Charge =       0.000
 
                  X        Y        Z     TOTAL  
  QM DIPOLE    -2.474    1.336    2.501    3.763
 
 Final Structure

  QMMM: QM Region Cartesian Coordinates (*=link atom) 
  QMMM: QM_NO.   MM_NO.  ATOM         X         Y         Z
  QMMM:     1        1      O       -0.1005    1.3650   -1.8271
  QMMM:     2        2      O       -2.0456   -1.1990   -1.9672
  QMMM:     3        3      O       -5.1024   -0.3778   -0.2694
  QMMM:     4        4      O        6.0008    0.8686    1.4688
  QMMM:     5        5      O       -5.6345    2.2704    0.1393
  QMMM:     6        6      C       -0.8322   -1.0695    0.6763
  QMMM:     7        7      C        0.4289   -1.0830   -0.1683
  QMMM:     8        8      C       -1.8356   -0.0143    0.1588
  QMMM:     9        9      C        1.0998    0.2968   -0.0296
  QMMM:    10       10      C        2.4668    0.3395   -0.7475
  QMMM:    11       11      C        0.1336    1.4263   -0.4267
  QMMM:    12       12      C       -1.1981    1.3517    0.3377
  QMMM:    13       13      C       -3.0675   -0.3158    1.0432
  QMMM:    14       14      C       -1.6682   -2.3379    0.7938
  QMMM:    15       15      C        1.3393   -2.2153    0.2780
  QMMM:    16       16      C       -3.0658   -1.8490    1.1878
  QMMM:    17       17      C        3.2799   -0.7980   -0.1728
  QMMM:    18       18      C        2.6960   -2.1508   -0.3991
  QMMM:    19       19      C        3.1917    1.6770   -0.5385
  QMMM:    20       20      C       -2.2343   -0.1876   -1.2978
  QMMM:    21       21      C        2.3316    0.1501   -2.2581
  QMMM:    22       22      C       -4.3563    0.2325    0.5018
  QMMM:    23       23      C        3.8897    1.8052    0.7951
  QMMM:    24       24      C        4.3894   -0.6314    0.5651
  QMMM:    25       25      C        4.8822    0.6895    0.9747
  QMMM:    26       26      C       -4.7345    1.6103    1.0002
  QMMM:    27       27      H       -0.5344   -0.7684    1.7240
  QMMM:    28       28      H        0.1501   -1.2437   -1.2479
  QMMM:    29       29      H        1.3139    0.4652    1.0671
  QMMM:    30       30      H        0.6054    2.4205   -0.1756
  QMMM:    31       31      H       -1.0066    1.5425    1.4248
  QMMM:    32       32      H       -1.8817    2.1571   -0.0381
  QMMM:    33       33      H       -2.8919    0.1506    2.0527
  QMMM:    34       34      H       -1.2458   -3.0319    1.5593
  QMMM:    35       35      H       -1.7024   -2.8737   -0.1888
  QMMM:    36       36      H        0.8465   -3.1937    0.0369
  QMMM:    37       37      H        1.4775   -2.1724    1.3907
  QMMM:    38       38      H       -3.8403   -2.3015    0.5180
  QMMM:    39       39      H       -3.3077   -2.1320    2.2408
  QMMM:    40       40      H        2.5884   -2.3430   -1.5000
  QMMM:    41       41      H        3.3625   -2.9511    0.0179
  QMMM:    42       42      H        2.4728    2.5251   -0.6693
  QMMM:    43       43      H        3.9646    1.7848   -1.3490
  QMMM:    44       44      H       -2.7430    0.7078   -1.7237
  QMMM:    45       45      H        1.9605    1.0948   -2.7262
  QMMM:    46       46      H        3.3239   -0.1065   -2.7011
  QMMM:    47       47      H        1.6068   -0.6602   -2.5053
  QMMM:    48       48      H        3.1498    1.7522    1.6375
  QMMM:    49       49      H        4.4098    2.7968    0.8610
  QMMM:    50       50      H        4.9727   -1.4918    0.9321
  QMMM:    51       51      H       -0.6502    2.1261   -2.0515
  QMMM:    52       52      H       -3.8324    2.2782    1.0537
  QMMM:    53       53      H       -5.1855    1.5067    2.0257
  QMMM:    54       54      H       -6.2983    1.6246   -0.1443

           --------- Calculation Completed ----------

