            --------------------------------------------------------
                             AMBER SQM VERSION 19
 
                                     By
              Ross C. Walker, Michael F. Crowley, Scott Brozell,
                         Tim Giese, Andreas W. Goetz,
                        Tai-Sung Lee and David A. Case
 
            --------------------------------------------------------
 

--------------------------------------------------------------------------------
  QM CALCULATION INFO
--------------------------------------------------------------------------------

| QMMM: Citation for AMBER QMMM Run:
| QMMM: R.C. Walker, M.F. Crowley and D.A. Case, J. COMP. CHEM. 29:1019, 2008

QMMM: SINGLET STATE CALCULATION
QMMM: RHF CALCULATION, NO. OF DOUBLY OCCUPIED LEVELS = 30

| QMMM: *** Selected Hamiltonian *** 
| QMMM: AM1         

| QMMM: *** Parameter sets in use ***
| QMMM: O : M.J.S.DEWAR et al. JACS, 107, 3902, (1985)
| QMMM: N : M.J.S.DEWAR et al. JACS, 107, 3902, (1985)
| QMMM: C : M.J.S.DEWAR et al. JACS, 107, 3902, (1985)
| QMMM: H : M.J.S.DEWAR et al. JACS, 107, 3902, (1985)

| QMMM: *** SCF convergence criteria ***
| QMMM: Energy change                :  0.1D-09 kcal/mol
| QMMM: Error matrix |FP-PF|         :  0.1D+00 au
| QMMM: Density matrix change        :  0.5D-06
| QMMM: Maximum number of SCF cycles :     1000

| QMMM: *** Diagonalization Routine Information ***
| QMMM: Pseudo diagonalizations are allowed.
| QMMM: Auto diagonalization routine selection is in use.
| QMMM:
| QMMM: Timing diagonalization routines:
| QMMM:                              norbs =       53
| QMMM:    diag iterations used for timing =       15
| QMMM:
| QMMM:              Internal diag routine = 0.008567 seconds
| QMMM:                 Dspev diag routine = 0.010356 seconds
| QMMM:                Dspevd diag routine = 0.006878 seconds
| QMMM:                Dspevx diag routine = 0.026137 seconds
| QMMM:                 Dsyev diag routine = 0.007496 seconds
| QMMM:                Dsyevd diag routine = 0.005495 seconds
| QMMM:                Dsyevr diag routine = 0.006842 seconds
| QMMM:
| QMMM:                Pseudo diag routine = 0.002241 seconds
| QMMM:
| QMMM: Using dsyevd routine (diag_routine=6).

  QMMM: QM Region Cartesian Coordinates (*=link atom) 
  QMMM: QM_NO.   MM_NO.  ATOM         X         Y         Z
  QMMM:     1        1      O       -1.0690   -1.6920   -0.7660
  QMMM:     2        2      O       -2.4950   -1.1220    0.9040
  QMMM:     3        3      N        1.6800    0.1410    1.1620
  QMMM:     4        4      N       -2.7490    1.3690   -0.2180
  QMMM:     5        5      N        2.8200   -0.3370   -0.6820
  QMMM:     6        6      C       -0.3580    1.3000    0.3220
  QMMM:     7        7      C       -1.5060    0.6400   -0.4570
  QMMM:     8        8      C        0.9670    0.6020    0.1190
  QMMM:     9        9      C       -1.7500   -0.7920   -0.0100
  QMMM:    10       10      C        1.6560    0.3150   -1.0030
  QMMM:    11       11      C        2.8040   -0.4250    0.6290
  QMMM:    12       12      H       -0.5940    1.3200    1.3950
  QMMM:    13       13      H       -0.2430    2.3450    0.0040
  QMMM:    14       14      H       -1.3120    0.6420   -1.5360
  QMMM:    15       15      H        1.4440    0.1940    2.1450
  QMMM:    16       16      H        1.3990    0.5300   -2.0300
  QMMM:    17       17      H       -2.6420    2.3350   -0.5280
  QMMM:    18       18      H       -2.9360    1.4200    0.7830
  QMMM:    19       19      H        3.5660   -0.8810    1.2460
  QMMM:    20       20      H       -1.2420   -2.6140   -0.4800

--------------------------------------------------------------------------------
  RESULTS
--------------------------------------------------------------------------------

      iter         sqm energy              rms gradient
      ----    -------------------    -----------------------
xmin    10      -46.9678 kcal/mol        0.9706 kcal/(mol*A)
xmin    20      -47.6324 kcal/mol        0.3757 kcal/(mol*A)
xmin    30      -47.8197 kcal/mol        0.3559 kcal/(mol*A)
xmin    40      -47.9129 kcal/mol        0.1650 kcal/(mol*A)
xmin    50      -48.1233 kcal/mol        0.8162 kcal/(mol*A)
xmin    60      -48.7671 kcal/mol        0.6346 kcal/(mol*A)
xmin    70      -49.5496 kcal/mol        0.3746 kcal/(mol*A)
xmin    80      -49.6550 kcal/mol        0.1858 kcal/(mol*A)
xmin    90      -49.6702 kcal/mol        0.0916 kcal/(mol*A)
xmin   100      -49.6777 kcal/mol        0.0336 kcal/(mol*A)
xmin   110      -49.6802 kcal/mol        0.0135 kcal/(mol*A)
xmin   120      -49.6809 kcal/mol        0.0209 kcal/(mol*A)
xmin   130      -49.6810 kcal/mol        0.0075 kcal/(mol*A)
xmin   140      -49.6812 kcal/mol        0.0035 kcal/(mol*A)
xmin   150      -49.6813 kcal/mol        0.0046 kcal/(mol*A)
xmin   160      -49.6813 kcal/mol        0.0031 kcal/(mol*A)
xmin   170      -49.6813 kcal/mol        0.0075 kcal/(mol*A)
xmin   180      -49.6813 kcal/mol        0.0011 kcal/(mol*A)
  ... geometry converged !
 
 Final MO eigenvalues (eV):
 -41.5384  -40.7498  -37.3192  -36.7188  -33.1533  -31.9548  -28.2231  -26.0241
 -22.4336  -22.0239  -21.1094  -19.4746  -18.5500  -18.3797  -17.2970  -16.3105
 -15.6466  -15.4010  -15.2011  -14.7591  -14.3948  -14.0397  -13.6665  -12.9684
 -12.6117  -11.8114  -11.3016  -10.8039  -10.6302   -9.0843    0.7080    0.7253
   1.8097    1.9208    1.9572    2.9946    3.1072    3.3324    3.6010    3.6846
   3.8783    3.9566    4.0948    4.3682    4.4917    4.9452    4.9833    5.3160
   5.5903    5.6439    6.2445    6.4159    6.7459

 Heat of formation   =        -49.68129821 kcal/mol  (       -2.15434275 eV)

 Total SCF energy    =     -49666.48942365 kcal/mol  (    -2153.70059510 eV)
 Electronic energy   =    -234364.02047600 kcal/mol  (   -10162.78654334 eV)
 Core-core repulsion =     184697.53105235 kcal/mol  (     8009.08594824 eV)
 
    Atomic Charges for Step       1 :
  Atom    Element       Mulliken Charge
     1      O                 -0.290
     2      O                 -0.392
     3      N                 -0.193
     4      N                 -0.335
     5      N                 -0.144
     6      C                 -0.124
     7      C                 -0.017
     8      C                 -0.143
     9      C                  0.323
    10      C                 -0.159
    11      C                 -0.095
    12      H                  0.108
    13      H                  0.107
    14      H                  0.141
    15      H                  0.271
    16      H                  0.177
    17      H                  0.164
    18      H                  0.157
    19      H                  0.199
    20      H                  0.243
 Total Mulliken Charge =      -0.000
 
                  X        Y        Z     TOTAL  
  QM DIPOLE    -1.906    0.930    0.960    2.328
 
 Final Structure

  QMMM: QM Region Cartesian Coordinates (*=link atom) 
  QMMM: QM_NO.   MM_NO.  ATOM         X         Y         Z
  QMMM:     1        1      O       -1.9007   -1.8437   -0.3961
  QMMM:     2        2      O       -1.3713   -0.9503    1.5600
  QMMM:     3        3      N        1.4252   -0.2480    0.9761
  QMMM:     4        4      N       -2.7573    1.1602   -0.5026
  QMMM:     5        5      N        3.1254    0.1453   -0.4803
  QMMM:     6        6      C       -0.3365    1.3957    0.1637
  QMMM:     7        7      C       -1.4576    0.5272   -0.4448
  QMMM:     8        8      C        0.9817    0.7440    0.0912
  QMMM:     9        9      C       -1.5647   -0.7654    0.3534
  QMMM:    10       10      C        2.0546    0.9712   -0.8003
  QMMM:    11       11      C        2.7241   -0.5802    0.5902
  QMMM:    12       12      H       -0.5950    1.6350    1.2318
  QMMM:    13       13      H       -0.2821    2.3627   -0.4053
  QMMM:    14       14      H       -1.1635    0.2434   -1.5013
  QMMM:    15       15      H        0.8919   -0.6331    1.7152
  QMMM:    16       16      H        2.1016    1.6737   -1.6309
  QMMM:    17       17      H       -2.7608    1.8869   -1.1894
  QMMM:    18       18      H       -3.0217    1.5322    0.3881
  QMMM:    19       19      H        3.3211   -1.3371    1.1092
  QMMM:    20       20      H       -1.9744   -2.6300    0.1711

           --------- Calculation Completed ----------

