            --------------------------------------------------------
                             AMBER SQM VERSION 19
 
                                     By
              Ross C. Walker, Michael F. Crowley, Scott Brozell,
                         Tim Giese, Andreas W. Goetz,
                        Tai-Sung Lee and David A. Case
 
            --------------------------------------------------------
 

--------------------------------------------------------------------------------
  QM CALCULATION INFO
--------------------------------------------------------------------------------

| QMMM: Citation for AMBER QMMM Run:
| QMMM: R.C. Walker, M.F. Crowley and D.A. Case, J. COMP. CHEM. 29:1019, 2008

QMMM: SINGLET STATE CALCULATION
QMMM: RHF CALCULATION, NO. OF DOUBLY OCCUPIED LEVELS = 32

| QMMM: *** Selected Hamiltonian *** 
| QMMM: AM1         

| QMMM: *** Parameter sets in use ***
| QMMM: O : M.J.S.DEWAR et al. JACS, 107, 3902, (1985)
| QMMM: N : M.J.S.DEWAR et al. JACS, 107, 3902, (1985)
| QMMM: C : M.J.S.DEWAR et al. JACS, 107, 3902, (1985)
| QMMM: H : M.J.S.DEWAR et al. JACS, 107, 3902, (1985)

| QMMM: *** SCF convergence criteria ***
| QMMM: Energy change                :  0.1D-09 kcal/mol
| QMMM: Error matrix |FP-PF|         :  0.1D+00 au
| QMMM: Density matrix change        :  0.5D-06
| QMMM: Maximum number of SCF cycles :     1000

| QMMM: *** Diagonalization Routine Information ***
| QMMM: Pseudo diagonalizations are allowed.
| QMMM: Auto diagonalization routine selection is in use.
| QMMM:
| QMMM: Timing diagonalization routines:
| QMMM:                              norbs =       59
| QMMM:    diag iterations used for timing =       15
| QMMM:
| QMMM:              Internal diag routine = 0.017484 seconds
| QMMM:                 Dspev diag routine = 0.013530 seconds
| QMMM:                Dspevd diag routine = 0.007293 seconds
| QMMM:                Dspevx diag routine = 0.032720 seconds
| QMMM:                 Dsyev diag routine = 0.006967 seconds
| QMMM:                Dsyevd diag routine = 0.004391 seconds
| QMMM:                Dsyevr diag routine = 0.006342 seconds
| QMMM:
| QMMM:                Pseudo diag routine = 0.002373 seconds
| QMMM:
| QMMM: Using dsyevd routine (diag_routine=6).

  QMMM: QM Region Cartesian Coordinates (*=link atom) 
  QMMM: QM_NO.   MM_NO.  ATOM         X         Y         Z
  QMMM:     1        1      O       -1.5610   -1.5480   -1.0370
  QMMM:     2        2      O       -3.1860   -1.0240    0.4550
  QMMM:     3        3      N       -2.7950    1.6330   -0.1120
  QMMM:     4        4      C       -0.6090    0.9810    0.7900
  QMMM:     5        5      C       -1.6650    0.7240   -0.2960
  QMMM:     6        6      C        0.7590    0.4610    0.4140
  QMMM:     7        7      C        1.1080   -0.8360    0.7540
  QMMM:     8        8      C        1.6370    1.2910   -0.2630
  QMMM:     9        9      C       -2.2260   -0.6860   -0.2250
  QMMM:    10       10      C        2.3710   -1.3160    0.4060
  QMMM:    11       11      C        2.9000    0.8110   -0.6110
  QMMM:    12       12      C        3.2670   -0.4920   -0.2760
  QMMM:    13       13      H       -0.9180    0.5380    1.7470
  QMMM:    14       14      H       -0.5160    2.0590    0.9860
  QMMM:    15       15      H       -1.2650    0.8940   -1.3020
  QMMM:    16       16      H        0.4190   -1.4840    1.2870
  QMMM:    17       17      H        1.3590    2.3070   -0.5310
  QMMM:    18       18      H       -2.4740    2.5970   -0.1980
  QMMM:    19       19      H       -3.1590    1.5450    0.8370
  QMMM:    20       20      H        2.6570   -2.3300    0.6670
  QMMM:    21       21      H        3.5970    1.4520   -1.1430
  QMMM:    22       22      H        4.2500   -0.8670   -0.5470
  QMMM:    23       23      H       -1.9360   -2.4530   -0.9960

--------------------------------------------------------------------------------
  RESULTS
--------------------------------------------------------------------------------

      iter         sqm energy              rms gradient
      ----    -------------------    -----------------------
xmin    10      -74.7391 kcal/mol        0.6199 kcal/(mol*A)
xmin    20      -75.2596 kcal/mol        0.4219 kcal/(mol*A)
xmin    30      -75.4809 kcal/mol        0.3707 kcal/(mol*A)
xmin    40      -75.6000 kcal/mol        1.0817 kcal/(mol*A)
xmin    50      -75.6551 kcal/mol        0.1249 kcal/(mol*A)
xmin    60      -75.6897 kcal/mol        0.2777 kcal/(mol*A)
xmin    70      -75.7143 kcal/mol        0.4432 kcal/(mol*A)
xmin    80      -75.7523 kcal/mol        0.0993 kcal/(mol*A)
xmin    90      -75.7688 kcal/mol        0.2334 kcal/(mol*A)
xmin   100      -75.7807 kcal/mol        0.1899 kcal/(mol*A)
xmin   110      -75.7876 kcal/mol        0.0641 kcal/(mol*A)
xmin   120      -75.7916 kcal/mol        0.0610 kcal/(mol*A)
xmin   130      -75.7947 kcal/mol        0.0572 kcal/(mol*A)
xmin   140      -75.7981 kcal/mol        0.0544 kcal/(mol*A)
xmin   150      -75.7989 kcal/mol        0.0519 kcal/(mol*A)
xmin   160      -75.7999 kcal/mol        0.0476 kcal/(mol*A)
xmin   170      -75.8002 kcal/mol        0.0234 kcal/(mol*A)
xmin   180      -75.8003 kcal/mol        0.0045 kcal/(mol*A)
xmin   190      -75.8003 kcal/mol        0.0068 kcal/(mol*A)
xmin   200      -75.8004 kcal/mol        0.0065 kcal/(mol*A)
xmin   210      -75.8004 kcal/mol        0.0169 kcal/(mol*A)
xmin   220      -75.8004 kcal/mol        0.0041 kcal/(mol*A)
xmin   230      -75.8004 kcal/mol        0.0063 kcal/(mol*A)
xmin   240      -75.8004 kcal/mol        0.0028 kcal/(mol*A)
xmin   250      -75.8004 kcal/mol        0.0024 kcal/(mol*A)
xmin   260      -75.8004 kcal/mol        0.0007 kcal/(mol*A)
xmin   270      -75.8004 kcal/mol        0.0005 kcal/(mol*A)
  ... geometry converged !
 
 Final MO eigenvalues (eV):
 -40.9702  -39.6530  -37.0239  -36.3546  -33.1578  -31.5881  -28.8192  -26.0477
 -23.4598  -22.5255  -21.0802  -19.1997  -18.1116  -17.6523  -16.9364  -16.2787
 -16.0549  -15.8228  -15.1803  -14.6024  -14.3736  -14.0906  -13.8272  -13.1684
 -12.8638  -12.3145  -12.2189  -11.9592  -11.4103  -10.5050   -9.8251   -9.5702
   0.2451    0.4003    1.0744    2.0790    2.6655    3.2259    3.4173    3.6093
   3.7040    3.8507    3.9126    3.9743    4.0329    4.1945    4.2991    4.4160
   4.5178    4.9299    4.9749    5.2618    5.4006    5.4416    5.5528    5.5621
   5.8270    5.9447    6.7095

 Heat of formation   =        -75.80042609 kcal/mol  (       -3.28695313 eV)

 Total SCF energy    =     -49632.05771128 kcal/mol  (    -2152.20752401 eV)
 Electronic energy   =    -250571.90078680 kcal/mol  (   -10865.61297371 eV)
 Core-core repulsion =     200939.84307553 kcal/mol  (     8713.40544970 eV)
 
    Atomic Charges for Step       1 :
  Atom    Element       Mulliken Charge
     1      O                 -0.300
     2      O                 -0.367
     3      N                 -0.335
     4      C                 -0.161
     5      C                 -0.016
     6      C                 -0.083
     7      C                 -0.120
     8      C                 -0.124
     9      C                  0.317
    10      C                 -0.127
    11      C                 -0.126
    12      C                 -0.126
    13      H                  0.108
    14      H                  0.096
    15      H                  0.137
    16      H                  0.138
    17      H                  0.130
    18      H                  0.158
    19      H                  0.160
    20      H                  0.134
    21      H                  0.133
    22      H                  0.133
    23      H                  0.243
 Total Mulliken Charge =      -0.000
 
                  X        Y        Z     TOTAL  
  QM DIPOLE     1.826    1.314    0.463    2.297
 
 Final Structure

  QMMM: QM Region Cartesian Coordinates (*=link atom) 
  QMMM: QM_NO.   MM_NO.  ATOM         X         Y         Z
  QMMM:     1        1      O       -1.7684   -1.0760   -1.6715
  QMMM:     2        2      O       -2.6520   -1.2882    0.3522
  QMMM:     3        3      N       -2.7939    1.7226   -0.1088
  QMMM:     4        4      C       -0.6130    0.9313    0.8981
  QMMM:     5        5      C       -1.6231    0.8845   -0.2686
  QMMM:     6        6      C        0.7180    0.3903    0.5166
  QMMM:     7        7      C        1.1913   -0.7963    1.0884
  QMMM:     8        8      C        1.5234    1.0797   -0.3987
  QMMM:     9        9      C       -2.0675   -0.5585   -0.4522
  QMMM:    10       10      C        2.4508   -1.2871    0.7462
  QMMM:    11       11      C        2.7809    0.5863   -0.7398
  QMMM:    12       12      C        3.2469   -0.5979   -0.1679
  QMMM:    13       13      H       -1.0335    0.3603    1.7692
  QMMM:    14       14      H       -0.4855    1.9999    1.2233
  QMMM:    15       15      H       -1.0971    1.2168   -1.2150
  QMMM:    16       16      H        0.5666   -1.3452    1.8095
  QMMM:    17       17      H        1.1600    2.0151   -0.8497
  QMMM:    18       18      H       -2.5194    2.6745    0.0316
  QMMM:    19       19      H       -3.3545    1.4160    0.6627
  QMMM:    20       20      H        2.8151   -2.2208    1.1993
  QMMM:    21       21      H        3.4065    1.1323   -1.4611
  QMMM:    22       22      H        4.2396   -0.9864   -0.4376
  QMMM:    23       23      H       -2.0772   -1.9963   -1.7202

           --------- Calculation Completed ----------

