            --------------------------------------------------------
                             AMBER SQM VERSION 19
 
                                     By
              Ross C. Walker, Michael F. Crowley, Scott Brozell,
                         Tim Giese, Andreas W. Goetz,
                        Tai-Sung Lee and David A. Case
 
            --------------------------------------------------------
 

--------------------------------------------------------------------------------
  QM CALCULATION INFO
--------------------------------------------------------------------------------

| QMMM: Citation for AMBER QMMM Run:
| QMMM: R.C. Walker, M.F. Crowley and D.A. Case, J. COMP. CHEM. 29:1019, 2008

QMMM: SINGLET STATE CALCULATION
QMMM: RHF CALCULATION, NO. OF DOUBLY OCCUPIED LEVELS = 67

| QMMM: *** Selected Hamiltonian *** 
| QMMM: AM1         

| QMMM: *** Parameter sets in use ***
| QMMM: S : M.J.S.DEWAR et al. INORG. CHEM., 29, 3881, (1990)
| QMMM: O : M.J.S.DEWAR et al. JACS, 107, 3902, (1985)
| QMMM: N : M.J.S.DEWAR et al. JACS, 107, 3902, (1985)
| QMMM: C : M.J.S.DEWAR et al. JACS, 107, 3902, (1985)
| QMMM: H : M.J.S.DEWAR et al. JACS, 107, 3902, (1985)

| QMMM: *** SCF convergence criteria ***
| QMMM: Energy change                :  0.1D-09 kcal/mol
| QMMM: Error matrix |FP-PF|         :  0.1D+00 au
| QMMM: Density matrix change        :  0.5D-06
| QMMM: Maximum number of SCF cycles :     1000

| QMMM: *** Diagonalization Routine Information ***
| QMMM: Pseudo diagonalizations are allowed.
| QMMM: Auto diagonalization routine selection is in use.
| QMMM:
| QMMM: Timing diagonalization routines:
| QMMM:                              norbs =      119
| QMMM:    diag iterations used for timing =       10
| QMMM:
| QMMM:              Internal diag routine = 0.049760 seconds
| QMMM:                 Dspev diag routine = 0.040954 seconds
| QMMM:                Dspevd diag routine = 0.020426 seconds
| QMMM:                Dspevx diag routine = 0.094449 seconds
| QMMM:                 Dsyev diag routine = 0.040236 seconds
| QMMM:                Dsyevd diag routine = 0.015898 seconds
| QMMM:                Dsyevr diag routine = 0.023263 seconds
| QMMM:
| QMMM:                Pseudo diag routine = 0.017394 seconds
| QMMM: Pseudo diagonalization appears to be slower than regular
| QMMM: diagonalization. Setting pseudo_diag=0 for optimum performance.
| QMMM:
| QMMM: Using dsyevd routine (diag_routine=6).

  QMMM: QM Region Cartesian Coordinates (*=link atom) 
  QMMM: QM_NO.   MM_NO.  ATOM         X         Y         Z
  QMMM:     1        1      S        0.8130   -0.5300    1.0470
  QMMM:     2        2      O        2.5410    1.9380   -2.1380
  QMMM:     3        3      O        5.1160   -1.8060   -0.0670
  QMMM:     4        4      O        4.3750   -0.4800    1.6330
  QMMM:     5        5      O       -1.1800    2.4440    1.6020
  QMMM:     6        6      O       -4.1590   -3.4890    0.0830
  QMMM:     7        7      N        2.7860    0.7500   -0.1150
  QMMM:     8        8      N       -0.1500    1.9690   -0.4200
  QMMM:     9        9      N       -3.5720    2.8270    0.2760
  QMMM:    10       10      C        1.8060    1.0060    0.9420
  QMMM:    11       11      C        1.8290   -1.4420   -0.2180
  QMMM:    12       12      C        3.1210   -0.6200   -0.4280
  QMMM:    13       13      C        1.2350    2.1190    0.0480
  QMMM:    14       14      C        2.2950    1.6810   -0.9810
  QMMM:    15       15      C        2.0780   -2.8720    0.2740
  QMMM:    16       16      C        1.0040   -1.4980   -1.5150
  QMMM:    17       17      C        4.2480   -0.9380    0.5070
  QMMM:    18       18      C       -1.2580    2.1470    0.4110
  QMMM:    19       19      C       -2.5840    1.9140   -0.3060
  QMMM:    20       20      C       -3.0060    0.4640   -0.2010
  QMMM:    21       21      C       -3.1870   -0.2710   -1.3590
  QMMM:    22       22      C       -3.2020   -0.0930    1.0500
  QMMM:    23       23      C       -3.5780   -1.6070   -1.2630
  QMMM:    24       24      C       -3.5920   -1.4290    1.1470
  QMMM:    25       25      C       -3.7800   -2.1850   -0.0100
  QMMM:    26       26      H        2.2560    1.3400    1.8810
  QMMM:    27       27      H        3.4770   -0.6650   -1.4650
  QMMM:    28       28      H        1.4210    3.1320    0.4240
  QMMM:    29       29      H        1.1390   -3.4300    0.3740
  QMMM:    30       30      H        2.7070   -3.4210   -0.4350
  QMMM:    31       31      H        2.5760   -2.8960    1.2500
  QMMM:    32       32      H        1.5600   -2.0260   -2.2990
  QMMM:    33       33      H        0.0600   -2.0370   -1.3700
  QMMM:    34       34      H        0.7630   -0.5050   -1.9060
  QMMM:    35       35      H       -0.3220    1.7160   -1.3900
  QMMM:    36       36      H       -2.4630    2.1960   -1.3590
  QMMM:    37       37      H        5.8620   -2.0270    0.5310
  QMMM:    38       38      H       -4.4540    2.7370   -0.2290
  QMMM:    39       39      H       -3.2690    3.7910    0.1370
  QMMM:    40       40      H       -3.0310    0.1680   -2.3400
  QMMM:    41       41      H       -3.0660    0.4820    1.9620
  QMMM:    42       42      H       -3.7210   -2.1920   -2.1670
  QMMM:    43       43      H       -3.7470   -1.8670    2.1290
  QMMM:    44       44      H       -4.2530   -3.7240    1.0230

--------------------------------------------------------------------------------
  RESULTS
--------------------------------------------------------------------------------

      iter         sqm energy              rms gradient
      ----    -------------------    -----------------------
xmin    10     -125.4665 kcal/mol        1.3579 kcal/(mol*A)
xmin    20     -129.8277 kcal/mol        4.0544 kcal/(mol*A)
xmin    30     -131.4618 kcal/mol        0.9604 kcal/(mol*A)
xmin    40     -131.6502 kcal/mol        0.4760 kcal/(mol*A)
xmin    50     -131.7804 kcal/mol        0.4825 kcal/(mol*A)
xmin    60     -131.8520 kcal/mol        0.1793 kcal/(mol*A)
xmin    70     -131.8966 kcal/mol        0.2830 kcal/(mol*A)
xmin    80     -131.9380 kcal/mol        0.1352 kcal/(mol*A)
xmin    90     -132.0075 kcal/mol        0.1761 kcal/(mol*A)
xmin   100     -132.0267 kcal/mol        0.0898 kcal/(mol*A)
xmin   110     -132.0964 kcal/mol        0.1376 kcal/(mol*A)
xmin   120     -131.9696 kcal/mol        0.9844 kcal/(mol*A)
xmin   130     -132.1901 kcal/mol        0.1224 kcal/(mol*A)
xmin   140     -132.2234 kcal/mol        0.0704 kcal/(mol*A)
xmin   150     -132.2555 kcal/mol        0.1378 kcal/(mol*A)
xmin   160     -132.2851 kcal/mol        0.2949 kcal/(mol*A)
xmin   170     -132.2994 kcal/mol        0.0814 kcal/(mol*A)
xmin   180     -132.3298 kcal/mol        0.1629 kcal/(mol*A)
xmin   190     -132.3364 kcal/mol        0.1119 kcal/(mol*A)
xmin   200     -132.3629 kcal/mol        0.1201 kcal/(mol*A)
xmin   210     -132.3738 kcal/mol        0.1229 kcal/(mol*A)
xmin   220     -132.3952 kcal/mol        0.2245 kcal/(mol*A)
xmin   230     -132.4297 kcal/mol        0.0939 kcal/(mol*A)
xmin   240     -132.4558 kcal/mol        0.1364 kcal/(mol*A)
xmin   250     -132.5010 kcal/mol        0.2222 kcal/(mol*A)
xmin   260     -132.6094 kcal/mol        0.1613 kcal/(mol*A)
xmin   270     -132.7294 kcal/mol        0.2141 kcal/(mol*A)
xmin   280     -132.8062 kcal/mol        0.3676 kcal/(mol*A)
xmin   290     -132.8873 kcal/mol        0.2102 kcal/(mol*A)
xmin   300     -132.9908 kcal/mol        0.1686 kcal/(mol*A)
xmin   310     -133.0427 kcal/mol        0.1734 kcal/(mol*A)
xmin   320     -133.0683 kcal/mol        0.0711 kcal/(mol*A)
xmin   330     -133.0826 kcal/mol        0.2407 kcal/(mol*A)
xmin   340     -133.0921 kcal/mol        0.0627 kcal/(mol*A)
xmin   350     -133.0972 kcal/mol        0.0966 kcal/(mol*A)
xmin   360     -133.1047 kcal/mol        0.1356 kcal/(mol*A)
xmin   370     -133.1235 kcal/mol        0.1405 kcal/(mol*A)
xmin   380     -133.1384 kcal/mol        0.1161 kcal/(mol*A)
xmin   390     -133.1460 kcal/mol        0.0798 kcal/(mol*A)
xmin   400     -133.1529 kcal/mol        0.0871 kcal/(mol*A)
xmin   410     -133.1572 kcal/mol        0.0652 kcal/(mol*A)
xmin   420     -133.1594 kcal/mol        0.0323 kcal/(mol*A)
xmin   430     -133.1608 kcal/mol        0.0111 kcal/(mol*A)
xmin   440     -133.1652 kcal/mol        0.0394 kcal/(mol*A)
xmin   450     -133.1710 kcal/mol        0.0586 kcal/(mol*A)
xmin   460     -133.1716 kcal/mol        0.0225 kcal/(mol*A)
xmin   470     -133.1725 kcal/mol        0.0438 kcal/(mol*A)
xmin   480     -133.1729 kcal/mol        0.0141 kcal/(mol*A)
xmin   490     -133.1738 kcal/mol        0.0486 kcal/(mol*A)
xmin   500     -133.1743 kcal/mol        0.0136 kcal/(mol*A)
xmin   510     -133.1745 kcal/mol        0.0204 kcal/(mol*A)
xmin   520     -133.1756 kcal/mol        0.0099 kcal/(mol*A)
xmin   530     -133.1757 kcal/mol        0.0087 kcal/(mol*A)
xmin   540     -133.1758 kcal/mol        0.0056 kcal/(mol*A)
xmin   550     -133.1759 kcal/mol        0.0069 kcal/(mol*A)
xmin   560     -133.1760 kcal/mol        0.0047 kcal/(mol*A)
xmin   570     -133.1760 kcal/mol        0.0063 kcal/(mol*A)
xmin   580     -133.1762 kcal/mol        0.0037 kcal/(mol*A)
xmin   590     -133.1762 kcal/mol        0.0037 kcal/(mol*A)
xmin   600     -133.1763 kcal/mol        0.0029 kcal/(mol*A)
xmin   610     -133.1764 kcal/mol        0.0042 kcal/(mol*A)
xmin   620     -133.1764 kcal/mol        0.0019 kcal/(mol*A)
xmin   630     -133.1764 kcal/mol        0.0016 kcal/(mol*A)
xmin   640     -133.1764 kcal/mol        0.0015 kcal/(mol*A)
xmin   650     -133.1764 kcal/mol        0.0017 kcal/(mol*A)
xmin   660     -133.1764 kcal/mol        0.0014 kcal/(mol*A)
xmin   670     -133.1764 kcal/mol        0.0021 kcal/(mol*A)
xmin   680     -133.1765 kcal/mol        0.0047 kcal/(mol*A)
xmin   690     -133.1765 kcal/mol        0.0024 kcal/(mol*A)
xmin   700     -133.1765 kcal/mol        0.0012 kcal/(mol*A)
xmin   710     -133.1765 kcal/mol        0.0011 kcal/(mol*A)
  ... geometry converged !
 
 Final MO eigenvalues (eV):
 -42.1331  -40.9806  -40.6463  -39.7322  -38.4798  -38.0485  -36.9426  -36.7630
 -35.7574  -35.0071  -32.0087  -31.1112  -30.7842  -28.7694  -27.5561  -26.6358
 -25.8492  -24.1029  -23.6675  -23.0288  -21.7700  -21.4741  -20.4146  -19.3509
 -19.2936  -18.9395  -18.7731  -18.2143  -17.8977  -17.5506  -17.3910  -17.0391
 -16.9836  -16.4619  -16.2172  -15.9050  -15.6031  -15.5216  -15.3411  -15.2225
 -15.1877  -15.0676  -14.7533  -14.6537  -14.5491  -14.3882  -14.2139  -14.0065
 -13.7472  -13.4812  -13.3299  -12.9715  -12.8939  -12.7752  -12.6149  -12.5335
 -12.2438  -12.0761  -11.9189  -11.5357  -11.3422  -10.6791  -10.3855  -10.1693
 -10.1531   -9.3323   -9.2030   -0.0215    0.0723    0.1096    0.3423    0.5049
   0.8065    1.0107    1.3855    1.7756    2.1084    2.2623    2.4512    2.6031
   2.6722    2.7291    2.7682    3.0697    3.2835    3.3285    3.3883    3.3947
   3.5189    3.5953    3.6648    3.7544    3.7648    3.8683    3.9320    3.9751
   4.0149    4.0962    4.1588    4.1648    4.3182    4.3951    4.4393    4.5481
   4.6734    4.7121    4.8733    4.9928    5.0085    5.0143    5.1495    5.4585
   5.4940    5.7304    5.9617    6.0277    6.2639    6.4452    6.7789

 Heat of formation   =       -133.17646604 kcal/mol  (       -5.77496492 eV)

 Total SCF energy    =    -109004.69107122 kcal/mol  (    -4726.79810378 eV)
 Electronic energy   =    -791138.79074728 kcal/mol  (   -34306.35231548 eV)
 Core-core repulsion =     682134.09967607 kcal/mol  (    29579.55421170 eV)
 
    Atomic Charges for Step       1 :
  Atom    Element       Mulliken Charge
     1      S                  0.056
     2      O                 -0.239
     3      O                 -0.319
     4      O                 -0.332
     5      O                 -0.359
     6      O                 -0.247
     7      N                 -0.260
     8      N                 -0.344
     9      N                 -0.360
    10      C                 -0.162
    11      C                 -0.144
    12      C                  0.000
    13      C                  0.002
    14      C                  0.262
    15      C                 -0.218
    16      C                 -0.210
    17      C                  0.317
    18      C                  0.314
    19      C                  0.009
    20      C                 -0.139
    21      C                 -0.075
    22      C                 -0.072
    23      C                 -0.156
    24      C                 -0.218
    25      C                  0.093
    26      H                  0.168
    27      H                  0.157
    28      H                  0.172
    29      H                  0.097
    30      H                  0.092
    31      H                  0.113
    32      H                  0.091
    33      H                  0.097
    34      H                  0.085
    35      H                  0.254
    36      H                  0.102
    37      H                  0.247
    38      H                  0.165
    39      H                  0.163
    40      H                  0.145
    41      H                  0.140
    42      H                  0.156
    43      H                  0.136
    44      H                  0.221
 Total Mulliken Charge =       0.000
 
                  X        Y        Z     TOTAL  
  QM DIPOLE    -2.518   -3.911    3.365    5.741
 
 Final Structure

  QMMM: QM Region Cartesian Coordinates (*=link atom) 
  QMMM: QM_NO.   MM_NO.  ATOM         X         Y         Z
  QMMM:     1        1      S        1.6960    0.1687    1.8789
  QMMM:     2        2      O        1.3135    0.0655   -2.5907
  QMMM:     3        3      O        5.1277   -2.1651   -0.5513
  QMMM:     4        4      O        5.4075   -0.2063    0.4446
  QMMM:     5        5      O       -1.2578    3.3288   -0.8772
  QMMM:     6        6      O       -5.0990   -2.1206   -3.0647
  QMMM:     7        7      N        2.6769    0.3580   -0.5997
  QMMM:     8        8      N       -0.4245    1.3240   -0.1132
  QMMM:     9        9      N       -2.7877    1.5582    1.6630
  QMMM:    10       10      C        2.0742    1.1885    0.4639
  QMMM:    11       11      C        2.4189   -1.3496    1.1836
  QMMM:    12       12      C        3.0954   -0.9569   -0.1663
  QMMM:    13       13      C        0.9024    1.5846   -0.5225
  QMMM:    14       14      C        1.5560    0.5434   -1.4973
  QMMM:    15       15      C        3.3982   -1.9042    2.1886
  QMMM:    16       16      C        1.3031   -2.3380    0.9296
  QMMM:    17       17      C        4.6119   -1.0132   -0.0337
  QMMM:    18       18      C       -1.4381    2.2497   -0.2857
  QMMM:    19       19      C       -2.8464    1.8857    0.2506
  QMMM:    20       20      C       -3.4216    0.7874   -0.6045
  QMMM:    21       21      C       -4.2457    1.1345   -1.6846
  QMMM:    22       22      C       -3.1490   -0.5595   -0.3490
  QMMM:    23       23      C       -4.7972    0.1550   -2.5008
  QMMM:    24       24      C       -3.6957   -1.5563   -1.1538
  QMMM:    25       25      C       -4.5195   -1.1961   -2.2292
  QMMM:    26       26      H        2.7145    2.0494    0.7628
  QMMM:    27       27      H        2.8089   -1.7128   -0.9625
  QMMM:    28       28      H        1.0045    2.6336   -0.9170
  QMMM:    29       29      H        2.8578   -2.2403    3.1072
  QMMM:    30       30      H        3.9386   -2.7824    1.7533
  QMMM:    31       31      H        4.1491   -1.1289    2.4829
  QMMM:    32       32      H        1.7214   -3.3053    0.5555
  QMMM:    33       33      H        0.7441   -2.5381    1.8763
  QMMM:    34       34      H        0.5860   -1.9414    0.1702
  QMMM:    35       35      H       -0.5736    0.5464    0.4947
  QMMM:    36       36      H       -3.4625    2.8255    0.0707
  QMMM:    37       37      H        6.0960   -2.1534   -0.4710
  QMMM:    38       38      H       -3.5789    1.0113    1.9355
  QMMM:    39       39      H       -2.7382    2.3912    2.2135
  QMMM:    40       40      H       -4.4540    2.1954   -1.8972
  QMMM:    41       41      H       -2.4968   -0.8468    0.4907
  QMMM:    42       42      H       -5.4409    0.4167   -3.3525
  QMMM:    43       43      H       -3.4799   -2.6144   -0.9504
  QMMM:    44       44      H       -4.8014   -3.0008   -2.7912

           --------- Calculation Completed ----------

