            --------------------------------------------------------
                             AMBER SQM VERSION 19
 
                                     By
              Ross C. Walker, Michael F. Crowley, Scott Brozell,
                         Tim Giese, Andreas W. Goetz,
                        Tai-Sung Lee and David A. Case
 
            --------------------------------------------------------
 

--------------------------------------------------------------------------------
  QM CALCULATION INFO
--------------------------------------------------------------------------------

| QMMM: Citation for AMBER QMMM Run:
| QMMM: R.C. Walker, M.F. Crowley and D.A. Case, J. COMP. CHEM. 29:1019, 2008

QMMM: SINGLET STATE CALCULATION
QMMM: RHF CALCULATION, NO. OF DOUBLY OCCUPIED LEVELS = 36

| QMMM: *** Selected Hamiltonian *** 
| QMMM: AM1         

| QMMM: *** Parameter sets in use ***
| QMMM: O : M.J.S.DEWAR et al. JACS, 107, 3902, (1985)
| QMMM: C : M.J.S.DEWAR et al. JACS, 107, 3902, (1985)
| QMMM: H : M.J.S.DEWAR et al. JACS, 107, 3902, (1985)

| QMMM: *** SCF convergence criteria ***
| QMMM: Energy change                :  0.1D-09 kcal/mol
| QMMM: Error matrix |FP-PF|         :  0.1D+00 au
| QMMM: Density matrix change        :  0.5D-06
| QMMM: Maximum number of SCF cycles :     1000

| QMMM: *** Diagonalization Routine Information ***
| QMMM: Pseudo diagonalizations are allowed.
| QMMM: Auto diagonalization routine selection is in use.
| QMMM:
| QMMM: Timing diagonalization routines:
| QMMM:                              norbs =       60
| QMMM:    diag iterations used for timing =       15
| QMMM:
| QMMM:              Internal diag routine = 0.008791 seconds
| QMMM:                 Dspev diag routine = 0.010419 seconds
| QMMM:                Dspevd diag routine = 0.007015 seconds
| QMMM:                Dspevx diag routine = 0.033838 seconds
| QMMM:                 Dsyev diag routine = 0.010067 seconds
| QMMM:                Dsyevd diag routine = 0.005850 seconds
| QMMM:                Dsyevr diag routine = 0.006495 seconds
| QMMM:
| QMMM:                Pseudo diag routine = 0.002279 seconds
| QMMM:
| QMMM: Using dsyevd routine (diag_routine=6).

  QMMM: QM Region Cartesian Coordinates (*=link atom) 
  QMMM: QM_NO.   MM_NO.  ATOM         X         Y         Z
  QMMM:     1        1      O        0.8170    0.9670   -0.2370
  QMMM:     2        2      O        0.3540   -1.6650   -1.2460
  QMMM:     3        3      O       -2.0580   -1.9910    0.0970
  QMMM:     4        4      O       -2.7810    0.7900    0.4200
  QMMM:     5        5      O       -0.8270    2.5840   -0.5960
  QMMM:     6        6      O        3.4740    0.6140    0.3590
  QMMM:     7        7      C        0.2830   -1.3700    0.1500
  QMMM:     8        8      C       -1.1480   -0.9790    0.5200
  QMMM:     9        9      C        1.2350   -0.2110    0.4650
  QMMM:    10       10      C       -1.5390    0.3500   -0.1270
  QMMM:    11       11      C       -0.4790    1.4190    0.1510
  QMMM:    12       12      C        2.6690   -0.5070    0.0440
  QMMM:    13       13      H        0.5760   -2.2820    0.6820
  QMMM:    14       14      H       -1.2390   -0.9040    1.6110
  QMMM:    15       15      H        1.2230    0.0170    1.5390
  QMMM:    16       16      H       -1.6970    0.2210   -1.2040
  QMMM:    17       17      H       -0.4760    1.6990    1.2120
  QMMM:    18       18      H        2.7540   -0.6760   -1.0340
  QMMM:    19       19      H        3.0650   -1.3810    0.5700
  QMMM:    20       20      H        0.2460   -0.8340   -1.7400
  QMMM:    21       21      H       -2.9540   -1.6950    0.3330
  QMMM:    22       22      H       -2.9930    1.6460    0.0080
  QMMM:    23       23      H       -0.4250    3.3440   -0.1420
  QMMM:    24       24      H        3.1070    1.3820   -0.1110

--------------------------------------------------------------------------------
  RESULTS
--------------------------------------------------------------------------------

      iter         sqm energy              rms gradient
      ----    -------------------    -----------------------
xmin    10     -298.8749 kcal/mol        1.3727 kcal/(mol*A)
xmin    20     -299.5048 kcal/mol        0.5041 kcal/(mol*A)
xmin    30     -299.5685 kcal/mol        0.0503 kcal/(mol*A)
xmin    40     -299.5717 kcal/mol        0.0203 kcal/(mol*A)
xmin    50     -299.5720 kcal/mol        0.0061 kcal/(mol*A)
xmin    60     -299.5721 kcal/mol        0.0040 kcal/(mol*A)
xmin    70     -299.5721 kcal/mol        0.0008 kcal/(mol*A)
xmin    80     -299.5721 kcal/mol        0.0006 kcal/(mol*A)
xmin    80     -299.5721 kcal/mol        0.0004 kcal/(mol*A)
  ... geometry converged !
 
 Final MO eigenvalues (eV):
 -42.1141  -39.1978  -39.1153  -37.8620  -36.9621  -36.6475  -32.0099  -30.9581
 -27.2549  -24.9680  -23.6074  -21.6861  -20.0644  -19.4981  -18.5475  -18.3698
 -18.2333  -17.4531  -17.0382  -16.6678  -16.1361  -15.7547  -15.5290  -14.8541
 -14.5873  -14.2875  -14.0422  -13.6836  -13.1336  -12.7043  -12.3269  -12.1152
 -11.6205  -11.3590  -11.1153  -10.7484    1.9432    2.4758    2.5655    2.6999
   2.8650    3.1138    3.1920    3.3543    3.5139    3.5733    3.6291    3.6920
   3.8041    3.8982    4.1019    4.1918    4.4046    4.4167    5.3571    5.6338
   5.7549    5.9951    6.0549    6.1081

 Heat of formation   =       -299.57211008 kcal/mol  (      -12.99042149 eV)

 Total SCF energy    =     -65915.47048357 kcal/mol  (    -2858.30928770 eV)
 Electronic energy   =    -330364.14261595 kcal/mol  (   -14325.66422167 eV)
 Core-core repulsion =     264448.67213238 kcal/mol  (    11467.35493397 eV)
 
    Atomic Charges for Step       1 :
  Atom    Element       Mulliken Charge
     1      O                 -0.325
     2      O                 -0.295
     3      O                 -0.304
     4      O                 -0.327
     5      O                 -0.332
     6      O                 -0.321
     7      C                  0.012
     8      C                  0.004
     9      C                 -0.042
    10      C                 -0.036
    11      C                  0.128
    12      C                 -0.010
    13      H                  0.142
    14      H                  0.094
    15      H                  0.103
    16      H                  0.112
    17      H                  0.095
    18      H                  0.092
    19      H                  0.118
    20      H                  0.206
    21      H                  0.218
    22      H                  0.224
    23      H                  0.233
    24      H                  0.209
 Total Mulliken Charge =       0.000
 
                  X        Y        Z     TOTAL  
  QM DIPOLE    -0.616    2.057    0.881    2.321
 
 Final Structure

  QMMM: QM Region Cartesian Coordinates (*=link atom) 
  QMMM: QM_NO.   MM_NO.  ATOM         X         Y         Z
  QMMM:     1        1      O        0.7825    1.0387   -0.1390
  QMMM:     2        2      O        0.3878   -1.6341   -1.2692
  QMMM:     3        3      O       -2.0121   -2.0141    0.0731
  QMMM:     4        4      O       -2.8264    0.7114    0.4947
  QMMM:     5        5      O       -0.7630    2.5429   -0.6221
  QMMM:     6        6      O        3.4941    0.6087    0.4797
  QMMM:     7        7      C        0.2731   -1.3343    0.1036
  QMMM:     8        8      C       -1.1648   -0.9757    0.5206
  QMMM:     9        9      C        1.1961   -0.1720    0.5046
  QMMM:    10       10      C       -1.5852    0.3700   -0.0945
  QMMM:    11       11      C       -0.5300    1.4469    0.2256
  QMMM:    12       12      C        2.6344   -0.4188    0.0403
  QMMM:    13       13      H        0.5876   -2.2835    0.6219
  QMMM:    14       14      H       -1.2184   -0.8983    1.6434
  QMMM:    15       15      H        1.1651   -0.0221    1.6189
  QMMM:    16       16      H       -1.7018    0.2716   -1.2095
  QMMM:    17       17      H       -0.5652    1.7518    1.3089
  QMMM:    18       18      H        2.6585   -0.5133   -1.0777
  QMMM:    19       19      H        3.0250   -1.3573    0.5154
  QMMM:    20       20      H        0.1136   -0.8479   -1.7599
  QMMM:    21       21      H       -2.9149   -1.7413    0.2895
  QMMM:    22       22      H       -3.1008    1.5474    0.0947
  QMMM:    23       23      H        0.0669    3.0318   -0.7143
  QMMM:    24       24      H        3.1849    1.4294    0.0753

           --------- Calculation Completed ----------

