            --------------------------------------------------------
                             AMBER SQM VERSION 19
 
                                     By
              Ross C. Walker, Michael F. Crowley, Scott Brozell,
                         Tim Giese, Andreas W. Goetz,
                        Tai-Sung Lee and David A. Case
 
            --------------------------------------------------------
 

--------------------------------------------------------------------------------
  QM CALCULATION INFO
--------------------------------------------------------------------------------

| QMMM: Citation for AMBER QMMM Run:
| QMMM: R.C. Walker, M.F. Crowley and D.A. Case, J. COMP. CHEM. 29:1019, 2008

QMMM: SINGLET STATE CALCULATION
QMMM: RHF CALCULATION, NO. OF DOUBLY OCCUPIED LEVELS = 47

| QMMM: *** Selected Hamiltonian *** 
| QMMM: AM1         

| QMMM: *** Parameter sets in use ***
| QMMM: O : M.J.S.DEWAR et al. JACS, 107, 3902, (1985)
| QMMM: N : M.J.S.DEWAR et al. JACS, 107, 3902, (1985)
| QMMM: C : M.J.S.DEWAR et al. JACS, 107, 3902, (1985)
| QMMM: H : M.J.S.DEWAR et al. JACS, 107, 3902, (1985)

| QMMM: *** SCF convergence criteria ***
| QMMM: Energy change                :  0.1D-09 kcal/mol
| QMMM: Error matrix |FP-PF|         :  0.1D+00 au
| QMMM: Density matrix change        :  0.5D-06
| QMMM: Maximum number of SCF cycles :     1000

| QMMM: *** Diagonalization Routine Information ***
| QMMM: Pseudo diagonalizations are allowed.
| QMMM: Auto diagonalization routine selection is in use.
| QMMM:
| QMMM: Timing diagonalization routines:
| QMMM:                              norbs =       80
| QMMM:    diag iterations used for timing =       15
| QMMM:
| QMMM:              Internal diag routine = 0.021620 seconds
| QMMM:                 Dspev diag routine = 0.021402 seconds
| QMMM:                Dspevd diag routine = 0.012482 seconds
| QMMM:                Dspevx diag routine = 0.059080 seconds
| QMMM:                 Dsyev diag routine = 0.022323 seconds
| QMMM:                Dsyevd diag routine = 0.012631 seconds
| QMMM:                Dsyevr diag routine = 0.014742 seconds
| QMMM:
| QMMM:                Pseudo diag routine = 0.007656 seconds
| QMMM:
| QMMM: Using dspevd routine (diag_routine=3).

  QMMM: QM Region Cartesian Coordinates (*=link atom) 
  QMMM: QM_NO.   MM_NO.  ATOM         X         Y         Z
  QMMM:     1        1      O       -1.3650   -0.5410    1.0220
  QMMM:     2        2      O       -1.2430    2.3470   -1.1010
  QMMM:     3        3      O       -3.4090    1.5470    0.3500
  QMMM:     4        4      O       -2.3210   -3.0730    0.2880
  QMMM:     5        5      O        1.5410    2.3480    0.7090
  QMMM:     6        6      O        4.5490   -0.9630   -0.4010
  QMMM:     7        7      N        0.7130    0.2100    0.2590
  QMMM:     8        8      N        3.0370    0.6980    0.1560
  QMMM:     9        9      C       -1.3670    0.9710   -0.8020
  QMMM:    10       10      C       -2.7970    0.5760   -0.4990
  QMMM:    11       11      C       -0.6540    0.5850    0.4820
  QMMM:    12       12      C       -2.6100   -0.7010    0.3080
  QMMM:    13       13      C       -2.5030   -1.9500   -0.5570
  QMMM:    14       14      C        1.7410    1.1720    0.3980
  QMMM:    15       15      C        1.0250   -1.0980   -0.0940
  QMMM:    16       16      C        2.2650   -1.5350   -0.3220
  QMMM:    17       17      C        3.3970   -0.5940   -0.1980
  QMMM:    18       18      H       -0.9990    0.3960   -1.6600
  QMMM:    19       19      H       -3.4240    0.4670   -1.3870
  QMMM:    20       20      H       -0.6900    1.3960    1.2190
  QMMM:    21       21      H       -3.3920   -0.8360    1.0640
  QMMM:    22       22      H       -1.6680   -1.9070   -1.2610
  QMMM:    23       23      H       -3.4270   -2.0950   -1.1260
  QMMM:    24       24      H       -0.2950    2.5390   -1.2000
  QMMM:    25       25      H       -2.9270    1.5810    1.1930
  QMMM:    26       26      H        0.2130   -1.8040   -0.1870
  QMMM:    27       27      H       -2.2680   -3.8570   -0.2850
  QMMM:    28       28      H        3.7920    1.3720    0.2500
  QMMM:    29       29      H        2.4710   -2.5630   -0.5940

--------------------------------------------------------------------------------
  RESULTS
--------------------------------------------------------------------------------

      iter         sqm energy              rms gradient
      ----    -------------------    -----------------------
xmin    10     -227.2103 kcal/mol        1.5410 kcal/(mol*A)
xmin    20     -229.5600 kcal/mol        2.3773 kcal/(mol*A)
xmin    30     -230.0066 kcal/mol        0.3018 kcal/(mol*A)
xmin    40     -231.8261 kcal/mol        1.7629 kcal/(mol*A)
xmin    50     -232.9686 kcal/mol        0.5435 kcal/(mol*A)
xmin    60     -233.1334 kcal/mol        0.4746 kcal/(mol*A)
xmin    70     -233.2206 kcal/mol        0.1166 kcal/(mol*A)
xmin    80     -233.2307 kcal/mol        0.0317 kcal/(mol*A)
xmin    90     -233.2312 kcal/mol        0.0036 kcal/(mol*A)
xmin   100     -233.2312 kcal/mol        0.0013 kcal/(mol*A)
  ... geometry converged !
 
 Final MO eigenvalues (eV):
 -42.5298  -41.1446  -39.1388  -38.9378  -38.0922  -37.5749  -37.0626  -34.8730
 -32.4544  -32.1005  -29.8878  -26.6322  -25.6214  -24.4481  -23.2808  -23.2021
 -20.3269  -19.7278  -19.4103  -19.2122  -18.6832  -18.3713  -17.8588  -17.3044
 -16.9812  -16.7425  -16.3424  -16.1150  -15.9826  -15.6445  -15.0304  -14.8362
 -14.8052  -14.5684  -14.4329  -14.1742  -13.5907  -13.2057  -12.7963  -12.2990
 -12.0059  -11.9172  -11.7104  -11.4255  -11.2698  -11.1938   -9.7820   -0.2002
   0.3194    0.4792    1.5448    1.6763    2.0374    2.3547    2.4633    2.5234
   2.6879    2.9787    3.0355    3.1571    3.2053    3.2850    3.4140    3.6105
   3.6521    3.7735    3.8441    4.0431    4.1707    4.1958    4.6231    4.6779
   4.8298    5.1159    5.5219    5.6980    5.7666    5.9470    6.1194    6.6412


 Heat of formation   =       -233.23122337 kcal/mol  (      -10.11366477 eV)

 Total SCF energy    =     -84281.64859580 kcal/mol  (    -3654.72653379 eV)
 Electronic energy   =    -488980.22641444 kcal/mol  (   -21203.77374851 eV)
 Core-core repulsion =     404698.57781863 kcal/mol  (    17549.04721472 eV)
 
    Atomic Charges for Step       1 :
  Atom    Element       Mulliken Charge
     1      O                 -0.263
     2      O                 -0.323
     3      O                 -0.301
     4      O                 -0.323
     5      O                 -0.402
     6      O                 -0.328
     7      N                 -0.294
     8      N                 -0.361
     9      C                 -0.023
    10      C                  0.025
    11      C                  0.129
    12      C                 -0.061
    13      C                 -0.038
    14      C                  0.401
    15      C                  0.055
    16      C                 -0.306
    17      C                  0.353
    18      H                  0.117
    19      H                  0.134
    20      H                  0.145
    21      H                  0.133
    22      H                  0.109
    23      H                  0.086
    24      H                  0.246
    25      H                  0.227
    26      H                  0.205
    27      H                  0.210
    28      H                  0.267
    29      H                  0.183
 Total Mulliken Charge =      -0.000
 
                  X        Y        Z     TOTAL  
  QM DIPOLE    -3.170   -0.768    0.504    3.300
 
 Final Structure

  QMMM: QM Region Cartesian Coordinates (*=link atom) 
  QMMM: QM_NO.   MM_NO.  ATOM         X         Y         Z
  QMMM:     1        1      O       -1.4649   -0.5860    1.0321
  QMMM:     2        2      O       -1.6150    2.5919    0.0124
  QMMM:     3        3      O       -3.8013    1.3020   -0.4477
  QMMM:     4        4      O       -1.7682   -3.0222    0.0104
  QMMM:     5        5      O        1.4009    2.1941    0.0252
  QMMM:     6        6      O        4.5623   -1.0801   -0.5937
  QMMM:     7        7      N        0.7141   -0.0117    0.2365
  QMMM:     8        8      N        3.0086    0.5616   -0.2877
  QMMM:     9        9      C       -1.3237    1.3032   -0.4766
  QMMM:    10       10      C       -2.6476    0.5566   -0.7439
  QMMM:    11       11      C       -0.6011    0.4813    0.6433
  QMMM:    12       12      C       -2.5649   -0.7195    0.1185
  QMMM:    13       13      C       -2.3780   -1.9805   -0.7240
  QMMM:    14       14      C        1.7054    0.9773   -0.0045
  QMMM:    15       15      C        1.0457   -1.3562    0.1869
  QMMM:    16       16      C        2.3093   -1.7697   -0.0934
  QMMM:    17       17      C        3.3798   -0.8001   -0.3421
  QMMM:    18       18      H       -0.7085    1.3704   -1.4128
  QMMM:    19       19      H       -2.7484    0.3005   -1.8348
  QMMM:    20       20      H       -0.4595    1.1177    1.5707
  QMMM:    21       21      H       -3.4712   -0.8181    0.7788
  QMMM:    22       22      H       -1.6807   -1.8006   -1.5861
  QMMM:    23       23      H       -3.3770   -2.3150   -1.1122
  QMMM:    24       24      H       -0.7692    3.0664    0.0570
  QMMM:    25       25      H       -3.6367    1.8165    0.3549
  QMMM:    26       26      H        0.2077   -2.0630    0.3806
  QMMM:    27       27      H       -2.2059   -3.0697    0.8696
  QMMM:    28       28      H        3.6905    1.2721   -0.4475
  QMMM:    29       29      H        2.5822   -2.8310   -0.1458

           --------- Calculation Completed ----------

