            --------------------------------------------------------
                             AMBER SQM VERSION 19
 
                                     By
              Ross C. Walker, Michael F. Crowley, Scott Brozell,
                         Tim Giese, Andreas W. Goetz,
                        Tai-Sung Lee and David A. Case
 
            --------------------------------------------------------
 

--------------------------------------------------------------------------------
  QM CALCULATION INFO
--------------------------------------------------------------------------------

| QMMM: Citation for AMBER QMMM Run:
| QMMM: R.C. Walker, M.F. Crowley and D.A. Case, J. COMP. CHEM. 29:1019, 2008

QMMM: SINGLET STATE CALCULATION
QMMM: RHF CALCULATION, NO. OF DOUBLY OCCUPIED LEVELS = 35

| QMMM: *** Selected Hamiltonian *** 
| QMMM: AM1         

| QMMM: *** Parameter sets in use ***
| QMMM: O : M.J.S.DEWAR et al. JACS, 107, 3902, (1985)
| QMMM: N : M.J.S.DEWAR et al. JACS, 107, 3902, (1985)
| QMMM: C : M.J.S.DEWAR et al. JACS, 107, 3902, (1985)
| QMMM: H : M.J.S.DEWAR et al. JACS, 107, 3902, (1985)

| QMMM: *** SCF convergence criteria ***
| QMMM: Energy change                :  0.1D-09 kcal/mol
| QMMM: Error matrix |FP-PF|         :  0.1D+00 au
| QMMM: Density matrix change        :  0.5D-06
| QMMM: Maximum number of SCF cycles :     1000

| QMMM: *** Diagonalization Routine Information ***
| QMMM: Pseudo diagonalizations are allowed.
| QMMM: Auto diagonalization routine selection is in use.
| QMMM:
| QMMM: Timing diagonalization routines:
| QMMM:                              norbs =       62
| QMMM:    diag iterations used for timing =       15
| QMMM:
| QMMM:              Internal diag routine = 0.009562 seconds
| QMMM:                 Dspev diag routine = 0.011219 seconds
| QMMM:                Dspevd diag routine = 0.007700 seconds
| QMMM:                Dspevx diag routine = 0.036404 seconds
| QMMM:                 Dsyev diag routine = 0.010348 seconds
| QMMM:                Dsyevd diag routine = 0.004902 seconds
| QMMM:                Dsyevr diag routine = 0.006936 seconds
| QMMM:
| QMMM:                Pseudo diag routine = 0.002650 seconds
| QMMM:
| QMMM: Using dsyevd routine (diag_routine=6).

  QMMM: QM Region Cartesian Coordinates (*=link atom) 
  QMMM: QM_NO.   MM_NO.  ATOM         X         Y         Z
  QMMM:     1        1      O       -2.3030   -1.9540   -0.2040
  QMMM:     2        2      O       -3.4440   -0.5310    1.1470
  QMMM:     3        3      N       -2.8920    1.6020   -0.3340
  QMMM:     4        4      N        1.9640   -0.2360    0.0500
  QMMM:     5        5      N        3.9180   -1.4170   -0.3500
  QMMM:     6        6      N        4.1370    0.7630    0.2810
  QMMM:     7        7      C       -0.7700    0.4930   -0.8700
  QMMM:     8        8      C       -0.1710    0.8750    0.4920
  QMMM:     9        9      C       -2.2990    0.3560   -0.8130
  QMMM:    10       10      C        1.3450    1.0330    0.4370
  QMMM:    11       11      C       -2.7460   -0.7210    0.1590
  QMMM:    12       12      C        3.2600   -0.2630    0.0060
  QMMM:    13       13      H       -0.3370   -0.4540   -1.2150
  QMMM:    14       14      H       -0.4990    1.2540   -1.6130
  QMMM:    15       15      H       -0.5950    1.8210    0.8470
  QMMM:    16       16      H       -0.4190    0.1090    1.2370
  QMMM:    17       17      H       -2.7020    0.1200   -1.8040
  QMMM:    18       18      H        1.6010    1.8200   -0.2820
  QMMM:    19       19      H        1.6950    1.3400    1.4300
  QMMM:    20       20      H       -3.9080    1.5420   -0.3880
  QMMM:    21       21      H       -2.6210    2.3690   -0.9490
  QMMM:    22       22      H       -2.6030   -2.6480    0.4210
  QMMM:    23       23      H        3.4060   -2.2610   -0.5820
  QMMM:    24       24      H        4.9310   -1.4590   -0.3900
  QMMM:    25       25      H        5.1390    0.6250    0.2130
  QMMM:    26       26      H        3.8210    1.6860    0.5560

--------------------------------------------------------------------------------
  RESULTS
--------------------------------------------------------------------------------

      iter         sqm energy              rms gradient
      ----    -------------------    -----------------------
xmin    10      -80.8785 kcal/mol        1.7922 kcal/(mol*A)
xmin    20      -82.2744 kcal/mol        0.6387 kcal/(mol*A)
xmin    30      -82.7076 kcal/mol        0.6477 kcal/(mol*A)
xmin    40      -85.3166 kcal/mol        0.7621 kcal/(mol*A)
xmin    50      -86.8681 kcal/mol        0.3191 kcal/(mol*A)
xmin    60      -86.9551 kcal/mol        0.1009 kcal/(mol*A)
xmin    70      -87.0240 kcal/mol        0.1261 kcal/(mol*A)
xmin    80      -87.0730 kcal/mol        0.3262 kcal/(mol*A)
xmin    90      -87.0936 kcal/mol        0.3512 kcal/(mol*A)
xmin   100      -87.1318 kcal/mol        0.1321 kcal/(mol*A)
xmin   110      -87.1436 kcal/mol        0.0631 kcal/(mol*A)
xmin   120      -87.1513 kcal/mol        0.1019 kcal/(mol*A)
xmin   130      -87.1531 kcal/mol        0.0381 kcal/(mol*A)
xmin   140      -87.1540 kcal/mol        0.0154 kcal/(mol*A)
xmin   150      -87.1560 kcal/mol        0.0079 kcal/(mol*A)
xmin   160      -87.1562 kcal/mol        0.0155 kcal/(mol*A)
xmin   170      -87.1563 kcal/mol        0.0056 kcal/(mol*A)
xmin   180      -87.1563 kcal/mol        0.0061 kcal/(mol*A)
xmin   190      -87.1564 kcal/mol        0.0029 kcal/(mol*A)
xmin   200      -87.1564 kcal/mol        0.0026 kcal/(mol*A)
xmin   210      -87.1564 kcal/mol        0.0015 kcal/(mol*A)
xmin   220      -87.1564 kcal/mol        0.0017 kcal/(mol*A)
  ... geometry converged !
 
 Final MO eigenvalues (eV):
 -40.8094  -38.6836  -37.2859  -36.3968  -34.7384  -32.8146  -31.7849  -28.6393
 -25.4070  -22.8849  -21.0888  -20.4220  -18.8312  -18.3428  -17.9558  -17.5932
 -17.3845  -16.2718  -15.9839  -15.6628  -15.4896  -14.9567  -14.3303  -14.0777
 -13.8179  -13.0817  -12.3730  -12.2062  -11.9768  -11.8858  -11.5494  -10.9395
 -10.3903  -10.1900   -9.3876    1.1222    1.1987    2.1983    2.2157    3.2151
   3.2533    3.5626    3.6900    3.8638    4.0232    4.1527    4.2657    4.3694
   4.6361    4.7775    4.8249    5.0177    5.1419    5.1695    5.2595    5.3502
   5.7272    5.7930    6.0129    6.1986    6.7334    7.1908

 Heat of formation   =        -87.15641019 kcal/mol  (       -3.77938555 eV)

 Total SCF energy    =     -56059.26451219 kcal/mol  (    -2430.91212489 eV)
 Electronic energy   =    -281507.11201416 kcal/mol  (   -12207.06439505 eV)
 Core-core repulsion =     225447.84750197 kcal/mol  (     9776.15227015 eV)
 
    Atomic Charges for Step       1 :
  Atom    Element       Mulliken Charge
     1      O                 -0.308
     2      O                 -0.376
     3      N                 -0.327
     4      N                 -0.301
     5      N                 -0.316
     6      N                 -0.360
     7      C                 -0.152
     8      C                 -0.152
     9      C                 -0.011
    10      C                 -0.066
    11      C                  0.261
    12      C                  0.144
    13      H                  0.117
    14      H                  0.097
    15      H                  0.080
    16      H                  0.100
    17      H                  0.129
    18      H                  0.058
    19      H                  0.075
    20      H                  0.158
    21      H                  0.158
    22      H                  0.242
    23      H                  0.195
    24      H                  0.178
    25      H                  0.190
    26      H                  0.188
 Total Mulliken Charge =      -0.000
 
                  X        Y        Z     TOTAL  
  QM DIPOLE     2.591    0.341   -0.698    2.705
 
 Final Structure

  QMMM: QM Region Cartesian Coordinates (*=link atom) 
  QMMM: QM_NO.   MM_NO.  ATOM         X         Y         Z
  QMMM:     1        1      O       -2.1894   -1.9509   -0.7906
  QMMM:     2        2      O       -3.0008   -0.9459    1.0079
  QMMM:     3        3      N       -3.0394    1.5952   -0.4351
  QMMM:     4        4      N        1.9438   -0.1702    0.2502
  QMMM:     5        5      N        3.7922   -1.6001   -0.1501
  QMMM:     6        6      N        4.2135    0.7352    0.3466
  QMMM:     7        7      C       -0.7515    0.7237   -0.9252
  QMMM:     8        8      C       -0.1857    1.0567    0.4360
  QMMM:     9        9      C       -2.2682    0.4710   -0.9061
  QMMM:    10       10      C        1.3439    1.1214    0.4184
  QMMM:    11       11      C       -2.5217   -0.8143   -0.1229
  QMMM:    12       12      C        3.2508   -0.3034    0.1536
  QMMM:    13       13      H       -0.2668   -0.2053   -1.3283
  QMMM:    14       14      H       -0.5396    1.5622   -1.6392
  QMMM:    15       15      H       -0.5500    2.0641    0.7706
  QMMM:    16       16      H       -0.5355    0.3012    1.1884
  QMMM:    17       17      H       -2.5933    0.2644   -1.9724
  QMMM:    18       18      H        1.6504    1.8319   -0.4069
  QMMM:    19       19      H        1.6731    1.5894    1.3936
  QMMM:    20       20      H       -2.7436    1.8784    0.4792
  QMMM:    21       21      H       -4.0143    1.3682   -0.4080
  QMMM:    22       22      H       -2.3496   -2.7230   -0.2229
  QMMM:    23       23      H        3.0827   -2.3044   -0.2050
  QMMM:    24       24      H        4.5095   -1.8657    0.4943
  QMMM:    25       25      H        5.1177    0.5465   -0.0283
  QMMM:    26       26      H        3.8798    1.6378    0.0839

           --------- Calculation Completed ----------

