            --------------------------------------------------------
                             AMBER SQM VERSION 19
 
                                     By
              Ross C. Walker, Michael F. Crowley, Scott Brozell,
                         Tim Giese, Andreas W. Goetz,
                        Tai-Sung Lee and David A. Case
 
            --------------------------------------------------------
 

--------------------------------------------------------------------------------
  QM CALCULATION INFO
--------------------------------------------------------------------------------

| QMMM: Citation for AMBER QMMM Run:
| QMMM: R.C. Walker, M.F. Crowley and D.A. Case, J. COMP. CHEM. 29:1019, 2008

QMMM: SINGLET STATE CALCULATION
QMMM: RHF CALCULATION, NO. OF DOUBLY OCCUPIED LEVELS = 85

| QMMM: *** Selected Hamiltonian *** 
| QMMM: AM1         

| QMMM: *** Parameter sets in use ***
| QMMM: O : M.J.S.DEWAR et al. JACS, 107, 3902, (1985)
| QMMM: C : M.J.S.DEWAR et al. JACS, 107, 3902, (1985)
| QMMM: H : M.J.S.DEWAR et al. JACS, 107, 3902, (1985)

| QMMM: *** SCF convergence criteria ***
| QMMM: Energy change                :  0.1D-09 kcal/mol
| QMMM: Error matrix |FP-PF|         :  0.1D+00 au
| QMMM: Density matrix change        :  0.5D-06
| QMMM: Maximum number of SCF cycles :     1000

| QMMM: *** Diagonalization Routine Information ***
| QMMM: Pseudo diagonalizations are allowed.
| QMMM: Auto diagonalization routine selection is in use.
| QMMM:
| QMMM: Timing diagonalization routines:
| QMMM:                              norbs =      168
| QMMM:    diag iterations used for timing =        5
| QMMM:
| QMMM:              Internal diag routine = 0.049176 seconds
| QMMM:                 Dspev diag routine = 0.052244 seconds
| QMMM:                Dspevd diag routine = 0.022712 seconds
| QMMM:                Dspevx diag routine = 0.102193 seconds
| QMMM:                 Dsyev diag routine = 0.048505 seconds
| QMMM:                Dsyevd diag routine = 0.014570 seconds
| QMMM:                Dsyevr diag routine = 0.020545 seconds
| QMMM:
| QMMM:                Pseudo diag routine = 0.026019 seconds
| QMMM: Pseudo diagonalization appears to be slower than regular
| QMMM: diagonalization. Setting pseudo_diag=0 for optimum performance.
| QMMM:
| QMMM: Using dsyevd routine (diag_routine=6).

  QMMM: QM Region Cartesian Coordinates (*=link atom) 
  QMMM: QM_NO.   MM_NO.  ATOM         X         Y         Z
  QMMM:     1        1      O        8.4150   -0.1500    0.4020
  QMMM:     2        2      C       -0.2770    0.5410   -0.2400
  QMMM:     3        3      C        0.4460   -0.7300    0.2480
  QMMM:     4        4      C        1.8960   -0.8270   -0.2390
  QMMM:     5        5      C        2.6890    0.4240    0.2390
  QMMM:     6        6      C       -1.6770    0.2790    0.3660
  QMMM:     7        7      C        0.4640    1.7490    0.3510
  QMMM:     8        8      C        4.1850    0.3910   -0.2720
  QMMM:     9        9      C       -0.5230   -1.8550   -0.1010
  QMMM:    10       10      C        1.9470    1.7560   -0.0600
  QMMM:    11       11      C       -1.9150   -1.2260    0.0990
  QMMM:    12       12      C        2.5610   -2.1070    0.2870
  QMMM:    13       13      C       -0.3510    0.6720   -1.7820
  QMMM:    14       14      C        4.7930   -1.0070   -0.0880
  QMMM:    15       15      C       -2.8130    1.1570   -0.1380
  QMMM:    16       16      C        5.0080    1.4180    0.5610
  QMMM:    17       17      C        4.0520   -2.0980    0.1730
  QMMM:    18       18      C        4.2760    0.7570   -1.7730
  QMMM:    19       19      C        6.2950   -1.1270   -0.2050
  QMMM:    20       20      C        6.5210    1.3120    0.3750
  QMMM:    21       21      C        7.0160   -0.1000    0.6650
  QMMM:    22       22      C       -2.5260    2.6330    0.1470
  QMMM:    23       23      C       -4.1170    0.7500    0.5050
  QMMM:    24       24      C       -5.1830    0.3110   -0.1810
  QMMM:    25       25      C       -6.4930   -0.0910    0.4650
  QMMM:    26       26      C       -6.8480   -1.5890    0.2290
  QMMM:    27       27      C       -7.5880    0.8920   -0.0060
  QMMM:    28       28      C       -5.8230   -2.5750    0.8000
  QMMM:    29       29      C       -7.0750   -1.8890   -1.2600
  QMMM:    30       30      C       -7.3550    2.3300    0.4340
  QMMM:    31       31      H        0.4890   -0.6980    1.3500
  QMMM:    32       32      H        1.9090   -0.8730   -1.3330
  QMMM:    33       33      H        2.7250    0.3530    1.3380
  QMMM:    34       34      H       -1.6050    0.4010    1.4590
  QMMM:    35       35      H        0.4030    1.7340    1.4470
  QMMM:    36       36      H        0.0440    2.7020    0.0270
  QMMM:    37       37      H       -0.3850   -2.7290    0.5430
  QMMM:    38       38      H       -0.3990   -2.1840   -1.1390
  QMMM:    39       39      H        2.0060    1.9980   -1.1250
  QMMM:    40       40      H        2.4400    2.5790    0.4690
  QMMM:    41       41      H       -2.5250   -1.4010   -0.7950
  QMMM:    42       42      H       -2.4300   -1.6920    0.9460
  QMMM:    43       43      H        2.1720   -2.9680   -0.2700
  QMMM:    44       44      H        2.3060   -2.2710    1.3420
  QMMM:    45       45      H        0.6340    0.6360   -2.2550
  QMMM:    46       46      H       -0.9460   -0.1250   -2.2400
  QMMM:    47       47      H       -0.8000    1.6250   -2.0800
  QMMM:    48       48      H       -2.9220    1.0450   -1.2240
  QMMM:    49       49      H        4.7910    1.2820    1.6300
  QMMM:    50       50      H        4.7040    2.4420    0.3130
  QMMM:    51       51      H        4.5420   -3.0580    0.3150
  QMMM:    52       52      H        5.2900    0.6420   -2.1690
  QMMM:    53       53      H        3.6240    0.1270   -2.3860
  QMMM:    54       54      H        3.9990    1.8010   -1.9510
  QMMM:    55       55      H        6.6450   -2.1300    0.0730
  QMMM:    56       56      H        6.5920   -1.0070   -1.2550
  QMMM:    57       57      H        6.8050    1.6160   -0.6400
  QMMM:    58       58      H        7.0270    2.0210    1.0420
  QMMM:    59       59      H        6.8700   -0.3370    1.7250
  QMMM:    60       60      H       -1.8620    3.0660   -0.6040
  QMMM:    61       61      H       -3.4500    3.2230    0.0900
  QMMM:    62       62      H       -2.1090    2.7900    1.1470
  QMMM:    63       63      H       -4.1760    0.8230    1.5890
  QMMM:    64       64      H       -5.1220    0.2520   -1.2650
  QMMM:    65       65      H        8.5520    0.0500   -0.5400
  QMMM:    66       66      H       -6.4010    0.0320    1.5540
  QMMM:    67       67      H       -7.7970   -1.7810    0.7470
  QMMM:    68       68      H       -7.6820    0.8800   -1.0980
  QMMM:    69       69      H       -8.5540    0.5630    0.3970
  QMMM:    70       70      H       -5.6410   -2.3720    1.8600
  QMMM:    71       71      H       -4.8670   -2.5150    0.2710
  QMMM:    72       72      H       -6.1880   -3.6040    0.7140
  QMMM:    73       73      H       -6.1680   -1.7400   -1.8550
  QMMM:    74       74      H       -7.8730   -1.2730   -1.6820
  QMMM:    75       75      H       -7.3800   -2.9330   -1.3900
  QMMM:    76       76      H       -7.2340    2.3950    1.5200
  QMMM:    77       77      H       -6.4690    2.7620   -0.0400
  QMMM:    78       78      H       -8.2130    2.9510    0.1530

--------------------------------------------------------------------------------
  RESULTS
--------------------------------------------------------------------------------

      iter         sqm energy              rms gradient
      ----    -------------------    -----------------------
xmin    10     -117.3831 kcal/mol        0.1186 kcal/(mol*A)
xmin    20     -117.5523 kcal/mol        0.0954 kcal/(mol*A)
xmin    30     -117.6238 kcal/mol        0.0778 kcal/(mol*A)
xmin    40     -117.6715 kcal/mol        0.0760 kcal/(mol*A)
xmin    50     -117.6962 kcal/mol        0.0777 kcal/(mol*A)
xmin    60     -117.7130 kcal/mol        0.0873 kcal/(mol*A)
xmin    70     -117.7187 kcal/mol        0.0210 kcal/(mol*A)
xmin    80     -117.7201 kcal/mol        0.0176 kcal/(mol*A)
xmin    90     -117.7206 kcal/mol        0.0096 kcal/(mol*A)
xmin   100     -117.7210 kcal/mol        0.0022 kcal/(mol*A)
xmin   110     -117.7211 kcal/mol        0.0039 kcal/(mol*A)
xmin   120     -117.7212 kcal/mol        0.0042 kcal/(mol*A)
xmin   130     -117.7212 kcal/mol        0.0027 kcal/(mol*A)
xmin   140     -117.7213 kcal/mol        0.0011 kcal/(mol*A)
  ... geometry converged !
 
 Final MO eigenvalues (eV):
 -42.0917  -40.4766  -39.0071  -38.2798  -36.3866  -35.3758  -34.6149  -33.6043
 -33.0038  -31.6307  -31.0171  -29.9535  -29.3050  -27.7862  -27.6628  -27.2746
 -27.0335  -26.7902  -24.3389  -23.9407  -23.1534  -23.0481  -22.1078  -21.3924
 -20.9993  -20.6095  -19.7789  -19.5266  -18.9969  -17.9849  -17.4237  -16.8692
 -16.3719  -16.2756  -16.2438  -16.0728  -15.7422  -15.5460  -15.3731  -15.3309
 -15.0590  -14.8250  -14.5389  -14.4683  -14.4397  -14.1986  -14.0519  -13.9973
 -13.9483  -13.6108  -13.5382  -13.4540  -13.3476  -13.2422  -13.1472  -13.0700
 -12.9542  -12.8311  -12.7921  -12.7431  -12.6792  -12.5616  -12.3617  -12.2740
 -12.1153  -12.0994  -11.9607  -11.7797  -11.7604  -11.7090  -11.6469  -11.6085
 -11.5173  -11.3994  -11.2651  -11.1829  -11.1324  -11.0080  -10.9209  -10.8835
 -10.7831  -10.5592  -10.3788   -9.6237   -9.3531    1.1327    1.3239    3.2286
   3.3357    3.4486    3.4882    3.5272    3.6351    3.6479    3.6757    3.7202
   3.8565    3.9045    3.9739    3.9917    4.0023    4.0952    4.0967    4.1318
   4.1485    4.1628    4.1940    4.2401    4.2483    4.2875    4.3377    4.3438
   4.3599    4.4174    4.4443    4.4733    4.5006    4.5203    4.5229    4.5583
   4.5846    4.5861    4.6141    4.6400    4.6537    4.6735    4.7313    4.7511
   4.7583    4.7787    4.8056    4.8383    4.8599    4.8872    4.8928    4.9166
   4.9240    4.9568    4.9693    4.9991    5.0096    5.0145    5.0234    5.0553
   5.0696    5.0747    5.0918    5.1106    5.1525    5.1606    5.1629    5.2074
   5.2278    5.2576    5.2718    5.2998    5.3229    5.3433    5.3853    5.4431
   5.4835    5.5136    5.5953    5.7668    5.7980    5.9932    6.0188    6.3784


 Heat of formation   =       -117.72126412 kcal/mol  (       -5.10477707 eV)

 Total SCF energy    =    -108336.43917868 kcal/mol  (    -4697.82052724 eV)
 Electronic energy   =   -1094162.87353200 kcal/mol  (   -47446.46257890 eV)
 Core-core repulsion =     985826.43435332 kcal/mol  (    42748.64205166 eV)
 
    Atomic Charges for Step       1 :
  Atom    Element       Mulliken Charge
     1      O                 -0.324
     2      C                 -0.045
     3      C                 -0.104
     4      C                 -0.086
     5      C                 -0.088
     6      C                 -0.091
     7      C                 -0.144
     8      C                 -0.005
     9      C                 -0.153
    10      C                 -0.154
    11      C                 -0.157
    12      C                 -0.126
    13      C                 -0.200
    14      C                 -0.101
    15      C                 -0.070
    16      C                 -0.146
    17      C                 -0.159
    18      C                 -0.200
    19      C                 -0.155
    20      C                 -0.189
    21      C                  0.031
    22      C                 -0.205
    23      C                 -0.165
    24      C                 -0.157
    25      C                 -0.074
    26      C                 -0.098
    27      C                 -0.152
    28      C                 -0.212
    29      C                 -0.207
    30      C                 -0.211
    31      H                  0.085
    32      H                  0.098
    33      H                  0.088
    34      H                  0.086
    35      H                  0.079
    36      H                  0.082
    37      H                  0.080
    38      H                  0.082
    39      H                  0.083
    40      H                  0.077
    41      H                  0.086
    42      H                  0.080
    43      H                  0.088
    44      H                  0.090
    45      H                  0.076
    46      H                  0.076
    47      H                  0.073
    48      H                  0.093
    49      H                  0.085
    50      H                  0.084
    51      H                  0.121
    52      H                  0.073
    53      H                  0.079
    54      H                  0.074
    55      H                  0.096
    56      H                  0.086
    57      H                  0.080
    58      H                  0.093
    59      H                  0.119
    60      H                  0.074
    61      H                  0.076
    62      H                  0.074
    63      H                  0.121
    64      H                  0.121
    65      H                  0.194
    66      H                  0.090
    67      H                  0.084
    68      H                  0.079
    69      H                  0.078
    70      H                  0.070
    71      H                  0.080
    72      H                  0.073
    73      H                  0.076
    74      H                  0.072
    75      H                  0.071
    76      H                  0.072
    77      H                  0.077
    78      H                  0.071
 Total Mulliken Charge =       0.000
 
                  X        Y        Z     TOTAL  
  QM DIPOLE    -1.511    0.621   -0.887    1.859
 
 Final Structure

  QMMM: QM Region Cartesian Coordinates (*=link atom) 
  QMMM: QM_NO.   MM_NO.  ATOM         X         Y         Z
  QMMM:     1        1      O        8.3202   -0.3947    0.0776
  QMMM:     2        2      C       -0.2665    0.6545   -0.0377
  QMMM:     3        3      C        0.4222   -0.6861    0.3220
  QMMM:     4        4      C        1.8134   -0.7969   -0.2649
  QMMM:     5        5      C        2.6699    0.3455    0.3001
  QMMM:     6        6      C       -1.6800    0.4208    0.5474
  QMMM:     7        7      C        0.5560    1.7471    0.6284
  QMMM:     8        8      C        4.0949    0.3337   -0.3005
  QMMM:     9        9      C       -0.6150   -1.7429   -0.0272
  QMMM:    10       10      C        1.9970    1.7052    0.1455
  QMMM:    11       11      C       -1.9540   -1.0762    0.2936
  QMMM:    12       12      C        2.4331   -2.1382    0.0992
  QMMM:    13       13      C       -0.3514    0.8895   -1.5356
  QMMM:    14       14      C        4.6537   -1.0680   -0.2931
  QMMM:    15       15      C       -2.8101    1.2884    0.0002
  QMMM:    16       16      C        4.9790    1.2400    0.5714
  QMMM:    17       17      C        3.8943   -2.1601   -0.1207
  QMMM:    18       18      C        4.0934    0.8565   -1.7345
  QMMM:    19       19      C        6.1188   -1.2113   -0.5307
  QMMM:    20       20      C        6.4481    1.1468    0.2313
  QMMM:    21       21      C        6.9367   -0.2892    0.3695
  QMMM:    22       22      C       -2.6320    2.7508    0.3657
  QMMM:    23       23      C       -4.1156    0.8046    0.5449
  QMMM:    24       24      C       -5.1470    0.4473   -0.2247
  QMMM:    25       25      C       -6.4508   -0.0373    0.3117
  QMMM:    26       26      C       -6.5604   -1.5650    0.2127
  QMMM:    27       27      C       -7.6133    0.6326   -0.4138
  QMMM:    28       28      C       -5.7174   -2.2245    1.2854
  QMMM:    29       29      C       -6.1680   -2.0849   -1.1537
  QMMM:    30       30      C       -7.6654    2.1145   -0.1453
  QMMM:    31       31      H        0.5400   -0.7054    1.4471
  QMMM:    32       32      H        1.7672   -0.7194   -1.3847
  QMMM:    33       33      H        2.7778    0.1491    1.4071
  QMMM:    34       34      H       -1.6213    0.5949    1.6577
  QMMM:    35       35      H        0.5242    1.6139    1.7415
  QMMM:    36       36      H        0.1242    2.7554    0.3987
  QMMM:    37       37      H       -0.4640   -2.6732    0.5720
  QMMM:    38       38      H       -0.5546   -2.0197   -1.1089
  QMMM:    39       39      H        2.0203    2.0214   -0.9305
  QMMM:    40       40      H        2.5841    2.4645    0.7277
  QMMM:    41       41      H       -2.6720   -1.2062   -0.5544
  QMMM:    42       42      H       -2.4188   -1.5346    1.2010
  QMMM:    43       43      H        1.9422   -2.9455   -0.5086
  QMMM:    44       44      H        2.2287   -2.3721    1.1808
  QMMM:    45       45      H        0.6578    0.8641   -2.0120
  QMMM:    46       46      H       -0.9840    0.1033   -2.0151
  QMMM:    47       47      H       -0.8028    1.8911   -1.7404
  QMMM:    48       48      H       -2.8262    1.2010   -1.1240
  QMMM:    49       49      H        4.8350    0.9616    1.6490
  QMMM:    50       50      H        4.6451    2.3037    0.4486
  QMMM:    51       51      H        4.3488   -3.1652   -0.1222
  QMMM:    52       52      H        5.0625    0.6234   -2.2379
  QMMM:    53       53      H        3.2694    0.3881   -2.3238
  QMMM:    54       54      H        3.9579    1.9651   -1.7466
  QMMM:    55       55      H        6.4492   -2.2695   -0.3551
  QMMM:    56       56      H        6.3439   -0.9718   -1.6057
  QMMM:    57       57      H        6.6262    1.5044   -0.8167
  QMMM:    58       58      H        7.0404    1.8065    0.9171
  QMMM:    59       59      H        6.8621   -0.6259    1.4425
  QMMM:    60       60      H       -1.7960    3.1995   -0.2228
  QMMM:    61       61      H       -3.5659    3.3198    0.1387
  QMMM:    62       62      H       -2.4040    2.8629    1.4526
  QMMM:    63       63      H       -4.1750    0.7656    1.6446
  QMMM:    64       64      H       -5.0825    0.4875   -1.3250
  QMMM:    65       65      H        8.4465   -0.1021   -0.8328
  QMMM:    66       66      H       -6.5273    0.2343    1.4049
  QMMM:    67       67      H       -7.6390   -1.8390    0.3969
  QMMM:    68       68      H       -7.5206    0.4527   -1.5172
  QMMM:    69       69      H       -8.5743    0.1596   -0.0788
  QMMM:    70       70      H       -6.0916   -1.9506    2.3010
  QMMM:    71       71      H       -4.6526   -1.8935    1.1985
  QMMM:    72       72      H       -5.7562   -3.3352    1.1801
  QMMM:    73       73      H       -5.0782   -1.9217   -1.3387
  QMMM:    74       74      H       -6.7459   -1.5633   -1.9538
  QMMM:    75       75      H       -6.3761   -3.1802   -1.2216
  QMMM:    76       76      H       -7.8204    2.3144    0.9425
  QMMM:    77       77      H       -6.7105    2.6031   -0.4582
  QMMM:    78       78      H       -8.5062    2.5812   -0.7130

           --------- Calculation Completed ----------

