            --------------------------------------------------------
                             AMBER SQM VERSION 19
 
                                     By
              Ross C. Walker, Michael F. Crowley, Scott Brozell,
                         Tim Giese, Andreas W. Goetz,
                        Tai-Sung Lee and David A. Case
 
            --------------------------------------------------------
 

--------------------------------------------------------------------------------
  QM CALCULATION INFO
--------------------------------------------------------------------------------

| QMMM: Citation for AMBER QMMM Run:
| QMMM: R.C. Walker, M.F. Crowley and D.A. Case, J. COMP. CHEM. 29:1019, 2008

QMMM: SINGLET STATE CALCULATION
QMMM: RHF CALCULATION, NO. OF DOUBLY OCCUPIED LEVELS = 54

| QMMM: *** Selected Hamiltonian *** 
| QMMM: AM1         

| QMMM: *** Parameter sets in use ***
| QMMM: O : M.J.S.DEWAR et al. JACS, 107, 3902, (1985)
| QMMM: C : M.J.S.DEWAR et al. JACS, 107, 3902, (1985)
| QMMM: H : M.J.S.DEWAR et al. JACS, 107, 3902, (1985)

| QMMM: *** SCF convergence criteria ***
| QMMM: Energy change                :  0.1D-09 kcal/mol
| QMMM: Error matrix |FP-PF|         :  0.1D+00 au
| QMMM: Density matrix change        :  0.5D-06
| QMMM: Maximum number of SCF cycles :     1000

| QMMM: *** Diagonalization Routine Information ***
| QMMM: Pseudo diagonalizations are allowed.
| QMMM: Auto diagonalization routine selection is in use.
| QMMM:
| QMMM: Timing diagonalization routines:
| QMMM:                              norbs =      104
| QMMM:    diag iterations used for timing =       10
| QMMM:
| QMMM:              Internal diag routine = 0.028951 seconds
| QMMM:                 Dspev diag routine = 0.028250 seconds
| QMMM:                Dspevd diag routine = 0.015025 seconds
| QMMM:                Dspevx diag routine = 0.070827 seconds
| QMMM:                 Dsyev diag routine = 0.029851 seconds
| QMMM:                Dsyevd diag routine = 0.012983 seconds
| QMMM:                Dsyevr diag routine = 0.017219 seconds
| QMMM:
| QMMM:                Pseudo diag routine = 0.012268 seconds
| QMMM:
| QMMM: Using dsyevd routine (diag_routine=6).

  QMMM: QM Region Cartesian Coordinates (*=link atom) 
  QMMM: QM_NO.   MM_NO.  ATOM         X         Y         Z
  QMMM:     1        1      O        5.0610    1.1500    0.2670
  QMMM:     2        2      O       -5.8570    0.1480    0.4390
  QMMM:     3        3      C        2.6640    0.5840    0.1480
  QMMM:     4        4      C        1.9840   -0.6950   -0.3790
  QMMM:     5        5      C        0.5150   -0.7800    0.0350
  QMMM:     6        6      C       -0.2460    0.4360   -0.5750
  QMMM:     7        7      C        4.0950    0.3350   -0.3670
  QMMM:     8        8      C        1.9550    1.7930   -0.4750
  QMMM:     9        9      C        2.9440   -1.8060    0.0380
  QMMM:    10       10      C        0.4400    1.7760   -0.1950
  QMMM:    11       11      C        4.3370   -1.1610   -0.0880
  QMMM:    12       12      C       -0.1540   -2.0730   -0.4350
  QMMM:    13       13      C        2.6650    0.7310    1.6910
  QMMM:    14       14      C       -1.7400    0.3640   -0.2670
  QMMM:    15       15      C       -1.5690   -2.1590    0.1310
  QMMM:    16       16      C       -2.3530   -0.8740    0.0220
  QMMM:    17       17      C       -2.5550    1.5060   -0.3510
  QMMM:    18       18      C       -3.7370   -0.9300    0.2690
  QMMM:    19       19      C       -3.9290    1.4360   -0.1120
  QMMM:    20       20      C       -4.5200    0.2190    0.2030
  QMMM:    21       21      H        2.0040   -0.6750   -1.4820
  QMMM:    22       22      H        0.4400   -0.7500    1.1300
  QMMM:    23       23      H       -0.1780    0.3540   -1.6710
  QMMM:    24       24      H        4.1530    0.5200   -1.4470
  QMMM:    25       25      H        2.1050    1.7940   -1.5630
  QMMM:    26       26      H        2.3880    2.7300   -0.1050
  QMMM:    27       27      H        2.8550   -2.6880   -0.6040
  QMMM:    28       28      H        2.7630   -2.1270    1.0700
  QMMM:    29       29      H        0.2520    2.0030    0.8610
  QMMM:    30       30      H        0.0010    2.6010   -0.7670
  QMMM:    31       31      H        4.9230   -1.3210    0.8240
  QMMM:    32       32      H        4.9010   -1.6100   -0.9120
  QMMM:    33       33      H        0.4100   -2.9540   -0.1110
  QMMM:    34       34      H       -0.1890   -2.1010   -1.5320
  QMMM:    35       35      H        3.1680    1.6590    1.9900
  QMMM:    36       36      H        1.6580    0.7700    2.1140
  QMMM:    37       37      H        3.1880   -0.0910    2.1900
  QMMM:    38       38      H       -1.5120   -2.4290    1.1930
  QMMM:    39       39      H       -2.1030   -2.9660   -0.3850
  QMMM:    40       40      H        5.9360    0.8680   -0.0520
  QMMM:    41       41      H       -2.1400    2.4750   -0.6120
  QMMM:    42       42      H       -4.2040   -1.8810    0.5140
  QMMM:    43       43      H       -4.5260    2.3420   -0.1800
  QMMM:    44       44      H       -6.2410    1.0380    0.3490

--------------------------------------------------------------------------------
  RESULTS
--------------------------------------------------------------------------------

      iter         sqm energy              rms gradient
      ----    -------------------    -----------------------
xmin    10     -105.2705 kcal/mol        0.2693 kcal/(mol*A)
xmin    20     -105.3081 kcal/mol        0.2166 kcal/(mol*A)
xmin    30     -105.3279 kcal/mol        0.0117 kcal/(mol*A)
xmin    40     -105.3282 kcal/mol        0.0037 kcal/(mol*A)
xmin    50     -105.3282 kcal/mol        0.0009 kcal/(mol*A)
xmin    50     -105.3282 kcal/mol        0.0004 kcal/(mol*A)
  ... geometry converged !
 
 Final MO eigenvalues (eV):
 -41.8888  -40.3392  -38.7583  -37.1435  -35.4038  -35.0339  -32.7623  -30.9983
 -29.9312  -29.1331  -27.1317  -26.7977  -24.4008  -23.5836  -23.2967  -21.6308
 -20.9626  -20.3334  -19.2183  -18.3798  -17.8579  -17.0744  -16.7599  -16.4173
 -16.2229  -15.7018  -15.2089  -15.1153  -14.9962  -14.6731  -14.4376  -14.2983
 -14.1354  -13.9321  -13.6857  -13.4113  -13.3081  -13.1101  -12.8345  -12.6485
 -12.4656  -12.3332  -12.1037  -11.7803  -11.7040  -11.6253  -11.4178  -11.2532
 -10.9469  -10.9007  -10.7988  -10.5695   -9.5021   -8.8077    0.4201    0.5590
   2.7773    3.0663    3.1918    3.2860    3.4400    3.6275    3.7019    3.7851
   3.8214    3.8875    3.9443    4.0363    4.0841    4.1330    4.1786    4.2360
   4.3008    4.3449    4.3847    4.4212    4.4676    4.5481    4.5952    4.6230
   4.6718    4.7868    4.8186    4.8443    4.8744    4.8847    4.9447    4.9946
   5.0132    5.0513    5.1245    5.1412    5.1685    5.2221    5.2373    5.3427
   5.3819    5.4205    5.5731    5.6136    5.8040    5.9326    6.3288    6.4030


 Heat of formation   =       -105.32816850 kcal/mol  (       -4.56737212 eV)

 Total SCF energy    =     -75587.96276088 kcal/mol  (    -3277.74002692 eV)
 Electronic energy   =    -568254.82818944 kcal/mol  (   -24641.37843933 eV)
 Core-core repulsion =     492666.86542856 kcal/mol  (    21363.63841241 eV)
 
    Atomic Charges for Step       1 :
  Atom    Element       Mulliken Charge
     1      O                 -0.319
     2      O                 -0.253
     3      C                 -0.044
     4      C                 -0.105
     5      C                 -0.087
     6      C                 -0.055
     7      C                  0.030
     8      C                 -0.142
     9      C                 -0.147
    10      C                 -0.150
    11      C                 -0.196
    12      C                 -0.152
    13      C                 -0.195
    14      C                 -0.092
    15      C                 -0.123
    16      C                 -0.030
    17      C                 -0.091
    18      C                 -0.162
    19      C                 -0.215
    20      C                  0.077
    21      H                  0.085
    22      H                  0.103
    23      H                  0.093
    24      H                  0.073
    25      H                  0.077
    26      H                  0.092
    27      H                  0.082
    28      H                  0.087
    29      H                  0.089
    30      H                  0.076
    31      H                  0.093
    32      H                  0.080
    33      H                  0.084
    34      H                  0.083
    35      H                  0.093
    36      H                  0.074
    37      H                  0.075
    38      H                  0.092
    39      H                  0.092
    40      H                  0.197
    41      H                  0.134
    42      H                  0.148
    43      H                  0.132
    44      H                  0.217
 Total Mulliken Charge =      -0.000
 
                  X        Y        Z     TOTAL  
  QM DIPOLE     1.015   -0.085   -1.137    1.526
 
 Final Structure

  QMMM: QM Region Cartesian Coordinates (*=link atom) 
  QMMM: QM_NO.   MM_NO.  ATOM         X         Y         Z
  QMMM:     1        1      O        4.9517    1.1411    0.5157
  QMMM:     2        2      O       -5.7754    0.1369    0.5545
  QMMM:     3        3      C        2.6166    0.5963    0.1214
  QMMM:     4        4      C        1.9627   -0.7020   -0.4082
  QMMM:     5        5      C        0.5129   -0.7806    0.0123
  QMMM:     6        6      C       -0.2327    0.3983   -0.6389
  QMMM:     7        7      C        4.0909    0.3591   -0.2916
  QMMM:     8        8      C        1.9254    1.7646   -0.5577
  QMMM:     9        9      C        2.9313   -1.8055   -0.0032
  QMMM:    10       10      C        0.4249    1.7350   -0.3081
  QMMM:    11       11      C        4.3147   -1.1567   -0.0958
  QMMM:    12       12      C       -0.1420   -2.0785   -0.4224
  QMMM:    13       13      C        2.5490    0.7454    1.6319
  QMMM:    14       14      C       -1.6868    0.3517   -0.2834
  QMMM:    15       15      C       -1.5535   -2.1581    0.1165
  QMMM:    16       16      C       -2.3053   -0.8736    0.0318
  QMMM:    17       17      C       -2.4664    1.5140   -0.3153
  QMMM:    18       18      C       -3.6752   -0.9199    0.3080
  QMMM:    19       19      C       -3.8297    1.4826   -0.0397
  QMMM:    20       20      C       -4.4329    0.2576    0.2718
  QMMM:    21       21      H        1.9794   -0.6544   -1.5378
  QMMM:    22       22      H        0.4344   -0.6989    1.1311
  QMMM:    23       23      H       -0.1675    0.2611   -1.7603
  QMMM:    24       24      H        4.2382    0.6417   -1.3702
  QMMM:    25       25      H        2.1227    1.7269   -1.6613
  QMMM:    26       26      H        2.3452    2.7293   -0.1709
  QMMM:    27       27      H        2.8481   -2.6874   -0.6835
  QMMM:    28       28      H        2.7247   -2.1560    1.0382
  QMMM:    29       29      H        0.2151    1.9942    0.7623
  QMMM:    30       30      H       -0.0370    2.5366   -0.9444
  QMMM:    31       31      H        4.8985   -1.3371    0.8403
  QMMM:    32       32      H        4.8944   -1.5748   -0.9534
  QMMM:    33       33      H        0.4553   -2.9488   -0.0434
  QMMM:    34       34      H       -0.1529   -2.1417   -1.5420
  QMMM:    35       35      H        3.1309    1.6487    1.9409
  QMMM:    36       36      H        1.4980    0.8624    1.9861
  QMMM:    37       37      H        2.9989   -0.1484    2.1271
  QMMM:    38       38      H       -1.5203   -2.4686    1.1977
  QMMM:    39       39      H       -2.1178   -2.9563   -0.4376
  QMMM:    40       40      H        5.8516    0.8903    0.2747
  QMMM:    41       41      H       -2.0066    2.4828   -0.5634
  QMMM:    42       42      H       -4.1663   -1.8721    0.5547
  QMMM:    43       43      H       -4.4249    2.4055   -0.0675
  QMMM:    44       44      H       -6.1705    1.0185    0.4943

           --------- Calculation Completed ----------

