            --------------------------------------------------------
                             AMBER SQM VERSION 19
 
                                     By
              Ross C. Walker, Michael F. Crowley, Scott Brozell,
                         Tim Giese, Andreas W. Goetz,
                        Tai-Sung Lee and David A. Case
 
            --------------------------------------------------------
 

--------------------------------------------------------------------------------
  QM CALCULATION INFO
--------------------------------------------------------------------------------

| QMMM: Citation for AMBER QMMM Run:
| QMMM: R.C. Walker, M.F. Crowley and D.A. Case, J. COMP. CHEM. 29:1019, 2008

QMMM: SINGLET STATE CALCULATION
QMMM: RHF CALCULATION, NO. OF DOUBLY OCCUPIED LEVELS = 58

| QMMM: *** Selected Hamiltonian *** 
| QMMM: AM1         

| QMMM: *** Parameter sets in use ***
| QMMM: O : M.J.S.DEWAR et al. JACS, 107, 3902, (1985)
| QMMM: C : M.J.S.DEWAR et al. JACS, 107, 3902, (1985)
| QMMM: H : M.J.S.DEWAR et al. JACS, 107, 3902, (1985)

| QMMM: *** SCF convergence criteria ***
| QMMM: Energy change                :  0.1D-09 kcal/mol
| QMMM: Error matrix |FP-PF|         :  0.1D+00 au
| QMMM: Density matrix change        :  0.5D-06
| QMMM: Maximum number of SCF cycles :     1000

| QMMM: *** Diagonalization Routine Information ***
| QMMM: Pseudo diagonalizations are allowed.
| QMMM: Auto diagonalization routine selection is in use.
| QMMM:
| QMMM: Timing diagonalization routines:
| QMMM:                              norbs =      108
| QMMM:    diag iterations used for timing =       10
| QMMM:
| QMMM:              Internal diag routine = 0.027899 seconds
| QMMM:                 Dspev diag routine = 0.031310 seconds
| QMMM:                Dspevd diag routine = 0.016428 seconds
| QMMM:                Dspevx diag routine = 0.077363 seconds
| QMMM:                 Dsyev diag routine = 0.032483 seconds
| QMMM:                Dsyevd diag routine = 0.013983 seconds
| QMMM:                Dsyevr diag routine = 0.018726 seconds
| QMMM:
| QMMM:                Pseudo diag routine = 0.013484 seconds
| QMMM:
| QMMM: Using dsyevd routine (diag_routine=6).

  QMMM: QM Region Cartesian Coordinates (*=link atom) 
  QMMM: QM_NO.   MM_NO.  ATOM         X         Y         Z
  QMMM:     1        1      O       -2.0920    0.5090    1.6550
  QMMM:     2        2      O       -0.1540   -0.7320   -1.8410
  QMMM:     3        3      O       -0.1590    1.4170    2.4380
  QMMM:     4        4      O        0.6110    3.4380    0.3800
  QMMM:     5        5      C        1.4230    0.7210    0.2670
  QMMM:     6        6      C       -0.0390    0.3680    0.3040
  QMMM:     7        7      C        1.7170    1.6960   -0.8900
  QMMM:     8        8      C        2.2870   -0.5300    0.2140
  QMMM:     9        9      C       -0.7120   -0.2900   -0.6590
  QMMM:    10       10      C       -2.1380   -0.5910   -0.5110
  QMMM:    11       11      C       -0.7420    0.8100    1.5440
  QMMM:    12       12      C        1.2340    3.1170   -0.6310
  QMMM:    13       13      C        2.6370   -1.1870    1.3940
  QMMM:    14       14      C        2.7290   -1.0200   -1.0150
  QMMM:    15       15      C       -2.7880   -0.1810    0.6480
  QMMM:    16       16      C       -2.8890   -1.2750   -1.4770
  QMMM:    17       17      C        3.4290   -2.3340    1.3450
  QMMM:    18       18      C        3.5220   -2.1670   -1.0630
  QMMM:    19       19      C       -4.1430   -0.4280    0.8690
  QMMM:    20       20      C        1.5200    4.1230   -1.7160
  QMMM:    21       21      C        3.8720   -2.8240    0.1170
  QMMM:    22       22      C       -4.2490   -1.5310   -1.2710
  QMMM:    23       23      C       -4.8750   -1.1080   -0.1000
  QMMM:    24       24      H        1.7360    1.2440    1.1790
  QMMM:    25       25      H        1.2790    1.3750   -1.8410
  QMMM:    26       26      H        2.8020    1.7790   -1.0340
  QMMM:    27       27      H        2.2980   -0.8160    2.3570
  QMMM:    28       28      H        2.4820   -0.5410   -1.9560
  QMMM:    29       29      H       -2.4480   -1.6400   -2.4000
  QMMM:    30       30      H        3.7020   -2.8450    2.2640
  QMMM:    31       31      H        3.8660   -2.5500   -2.0200
  QMMM:    32       32      H       -4.6270   -0.0970    1.7830
  QMMM:    33       33      H        2.5960    4.1710   -1.8980
  QMMM:    34       34      H        1.1730    5.1120   -1.4030
  QMMM:    35       35      H        0.9950    3.8340   -2.6300
  QMMM:    36       36      H        4.4890   -3.7170    0.0790
  QMMM:    37       37      H       -4.8190   -2.0650   -2.0270
  QMMM:    38       38      H       -0.7720   -0.5520   -2.5680
  QMMM:    39       39      H       -5.9310   -1.3100    0.0560

--------------------------------------------------------------------------------
  RESULTS
--------------------------------------------------------------------------------

      iter         sqm energy              rms gradient
      ----    -------------------    -----------------------
xmin    10      -88.6484 kcal/mol        1.6845 kcal/(mol*A)
xmin    20      -89.3082 kcal/mol        0.7100 kcal/(mol*A)
xmin    30      -89.5217 kcal/mol        0.1710 kcal/(mol*A)
xmin    40      -89.5635 kcal/mol        0.2418 kcal/(mol*A)
xmin    50      -89.6176 kcal/mol        0.0803 kcal/(mol*A)
xmin    60      -89.6424 kcal/mol        0.2636 kcal/(mol*A)
xmin    70      -89.6757 kcal/mol        0.1507 kcal/(mol*A)
xmin    80      -89.7140 kcal/mol        0.1397 kcal/(mol*A)
xmin    90      -89.7226 kcal/mol        0.0742 kcal/(mol*A)
xmin   100      -89.7304 kcal/mol        0.0263 kcal/(mol*A)
xmin   110      -89.7357 kcal/mol        0.1304 kcal/(mol*A)
xmin   120      -89.7378 kcal/mol        0.0367 kcal/(mol*A)
xmin   130      -89.7401 kcal/mol        0.0274 kcal/(mol*A)
xmin   140      -89.7406 kcal/mol        0.0060 kcal/(mol*A)
xmin   150      -89.7407 kcal/mol        0.0124 kcal/(mol*A)
xmin   160      -89.7407 kcal/mol        0.0028 kcal/(mol*A)
xmin   170      -89.7407 kcal/mol        0.0031 kcal/(mol*A)
xmin   180      -89.7407 kcal/mol        0.0009 kcal/(mol*A)
  ... geometry converged !
 
 Final MO eigenvalues (eV):
 -42.3302  -40.2943  -39.9151  -39.1325  -38.9945  -37.4044  -35.8010  -33.6051
 -31.9810  -31.6140  -31.3516  -30.8408  -29.2499  -26.2566  -24.9012  -24.3600
 -23.7967  -23.1706  -21.7796  -21.0005  -20.1586  -19.3921  -18.8803  -17.8698
 -17.5671  -17.1235  -16.8056  -16.4893  -16.2741  -16.1081  -16.0247  -15.8672
 -15.6225  -15.5277  -15.3012  -14.7858  -14.7722  -14.4182  -14.3465  -14.0193
 -13.8960  -13.3737  -13.2898  -13.0367  -12.9808  -12.9034  -12.7672  -12.5414
 -12.1564  -12.0018  -11.5753  -11.2753  -11.1271  -10.5057  -10.0020   -9.6182
  -9.5367   -9.3198   -1.0364   -0.2425    0.2848    0.4874    0.6034    0.9702
   1.5608    1.6505    2.0900    2.3380    2.5619    2.7376    2.9566    3.0686
   3.2547    3.3017    3.5278    3.6762    3.7622    3.8349    3.9700    4.0091
   4.0310    4.0792    4.1361    4.1403    4.1984    4.2666    4.2742    4.3621
   4.3709    4.5021    4.5767    4.6084    4.6716    4.7009    4.8628    4.8995
   4.9260    5.1339    5.1489    5.2251    5.4469    5.6148    5.6782    5.7855
   5.8331    6.1502    6.6103    6.6575

 Heat of formation   =        -89.74074866 kcal/mol  (       -3.89145088 eV)

 Total SCF energy    =     -90708.33840354 kcal/mol  (    -3933.40871617 eV)
 Electronic energy   =    -638952.90467250 kcal/mol  (   -27707.07708566 eV)
 Core-core repulsion =     548244.56626896 kcal/mol  (    23773.66836950 eV)
 
    Atomic Charges for Step       1 :
  Atom    Element       Mulliken Charge
     1      O                 -0.189
     2      O                 -0.245
     3      O                 -0.280
     4      O                 -0.285
     5      C                 -0.004
     6      C                 -0.203
     7      C                 -0.209
     8      C                 -0.074
     9      C                  0.163
    10      C                 -0.172
    11      C                  0.349
    12      C                  0.224
    13      C                 -0.116
    14      C                 -0.126
    15      C                  0.124
    16      C                 -0.085
    17      C                 -0.131
    18      C                 -0.136
    19      C                 -0.145
    20      C                 -0.270
    21      C                 -0.129
    22      C                 -0.154
    23      C                 -0.080
    24      H                  0.147
    25      H                  0.113
    26      H                  0.119
    27      H                  0.147
    28      H                  0.136
    29      H                  0.130
    30      H                  0.133
    31      H                  0.128
    32      H                  0.165
    33      H                  0.097
    34      H                  0.107
    35      H                  0.102
    36      H                  0.130
    37      H                  0.143
    38      H                  0.230
    39      H                  0.145
 Total Mulliken Charge =      -0.000
 
                  X        Y        Z     TOTAL  
  QM DIPOLE    -2.759   -3.118   -6.354    7.597
 
 Final Structure

  QMMM: QM Region Cartesian Coordinates (*=link atom) 
  QMMM: QM_NO.   MM_NO.  ATOM         X         Y         Z
  QMMM:     1        1      O       -2.0290    0.1551    1.7096
  QMMM:     2        2      O       -0.0991   -0.2762   -2.0015
  QMMM:     3        3      O       -0.2152    0.8362    2.6504
  QMMM:     4        4      O        1.5136    3.6017    0.5332
  QMMM:     5        5      C        1.4405    0.7239    0.2707
  QMMM:     6        6      C       -0.0102    0.3459    0.2742
  QMMM:     7        7      C        1.8168    1.6641   -0.8695
  QMMM:     8        8      C        2.3077   -0.5018    0.2741
  QMMM:     9        9      C       -0.7253   -0.1325   -0.7885
  QMMM:    10       10      C       -2.1378   -0.4509   -0.6529
  QMMM:    11       11      C       -0.6762    0.4788    1.5678
  QMMM:    12       12      C        1.4690    3.1014   -0.5946
  QMMM:    13       13      C        2.8048   -0.9817    1.4928
  QMMM:    14       14      C        2.6379   -1.1692   -0.9104
  QMMM:    15       15      C       -2.7274   -0.2898    0.6154
  QMMM:    16       16      C       -2.9528   -0.8928   -1.7116
  QMMM:    17       17      C        3.6238   -2.1092    1.5217
  QMMM:    18       18      C        3.4587   -2.2954   -0.8785
  QMMM:    19       19      C       -4.0902   -0.5788    0.8358
  QMMM:    20       20      C        1.0979    3.9011   -1.8033
  QMMM:    21       21      C        3.9541   -2.7667    0.3369
  QMMM:    22       22      C       -4.2926   -1.1762   -1.5002
  QMMM:    23       23      C       -4.8600   -1.0227   -0.2263
  QMMM:    24       24      H        1.6422    1.2915    1.2359
  QMMM:    25       25      H        1.3400    1.3400   -1.8306
  QMMM:    26       26      H        2.9315    1.6191   -1.0174
  QMMM:    27       27      H        2.5432   -0.4657    2.4305
  QMMM:    28       28      H        2.2366   -0.8045   -1.8690
  QMMM:    29       29      H       -2.5372   -1.0069   -2.7243
  QMMM:    30       30      H        4.0102   -2.4790    2.4828
  QMMM:    31       31      H        3.7155   -2.8120   -1.8146
  QMMM:    32       32      H       -4.5106   -0.4437    1.8433
  QMMM:    33       33      H        1.8642    3.7616   -2.6036
  QMMM:    34       34      H        1.0232    4.9871   -1.5532
  QMMM:    35       35      H        0.1095    3.5514   -2.1901
  QMMM:    36       36      H        4.6029   -3.6541    0.3611
  QMMM:    37       37      H       -4.9197   -1.5217   -2.3356
  QMMM:    38       38      H       -0.6133   -0.8905   -2.5460
  QMMM:    39       39      H       -5.9254   -1.2540   -0.0725

           --------- Calculation Completed ----------

