            --------------------------------------------------------
                             AMBER SQM VERSION 19
 
                                     By
              Ross C. Walker, Michael F. Crowley, Scott Brozell,
                         Tim Giese, Andreas W. Goetz,
                        Tai-Sung Lee and David A. Case
 
            --------------------------------------------------------
 

--------------------------------------------------------------------------------
  QM CALCULATION INFO
--------------------------------------------------------------------------------

| QMMM: Citation for AMBER QMMM Run:
| QMMM: R.C. Walker, M.F. Crowley and D.A. Case, J. COMP. CHEM. 29:1019, 2008

QMMM: SINGLET STATE CALCULATION
QMMM: RHF CALCULATION, NO. OF DOUBLY OCCUPIED LEVELS = 88

| QMMM: *** Selected Hamiltonian *** 
| QMMM: AM1         

| QMMM: *** Parameter sets in use ***
| QMMM: O : M.J.S.DEWAR et al. JACS, 107, 3902, (1985)
| QMMM: C : M.J.S.DEWAR et al. JACS, 107, 3902, (1985)
| QMMM: H : M.J.S.DEWAR et al. JACS, 107, 3902, (1985)

| QMMM: *** SCF convergence criteria ***
| QMMM: Energy change                :  0.1D-09 kcal/mol
| QMMM: Error matrix |FP-PF|         :  0.1D+00 au
| QMMM: Density matrix change        :  0.5D-06
| QMMM: Maximum number of SCF cycles :     1000

| QMMM: *** Diagonalization Routine Information ***
| QMMM: Pseudo diagonalizations are allowed.
| QMMM: Auto diagonalization routine selection is in use.
| QMMM:
| QMMM: Timing diagonalization routines:
| QMMM:                              norbs =      174
| QMMM:    diag iterations used for timing =        5
| QMMM:
| QMMM:              Internal diag routine = 0.052546 seconds
| QMMM:                 Dspev diag routine = 0.057558 seconds
| QMMM:                Dspevd diag routine = 0.024551 seconds
| QMMM:                Dspevx diag routine = 0.108771 seconds
| QMMM:                 Dsyev diag routine = 0.053602 seconds
| QMMM:                Dsyevd diag routine = 0.015348 seconds
| QMMM:                Dsyevr diag routine = 0.021442 seconds
| QMMM:
| QMMM:                Pseudo diag routine = 0.028948 seconds
| QMMM: Pseudo diagonalization appears to be slower than regular
| QMMM: diagonalization. Setting pseudo_diag=0 for optimum performance.
| QMMM:
| QMMM: Using dsyevd routine (diag_routine=6).

  QMMM: QM Region Cartesian Coordinates (*=link atom) 
  QMMM: QM_NO.   MM_NO.  ATOM         X         Y         Z
  QMMM:     1        1      O       -6.4760    1.4140    0.0130
  QMMM:     2        2      C        1.1120    0.6200    0.4370
  QMMM:     3        3      C        0.4650   -0.7500    0.0350
  QMMM:     4        4      C        2.6220    0.2890    0.3460
  QMMM:     5        5      C       -3.2560    0.5860   -0.0940
  QMMM:     6        6      C       -1.0510   -0.6690    0.1720
  QMMM:     7        7      C       -3.9080   -0.8410   -0.1060
  QMMM:     8        8      C       -1.7030    0.4780   -0.1540
  QMMM:     9        9      C        1.2730   -1.7080    0.9360
  QMMM:    10       10      C        0.6110    1.6900   -0.5330
  QMMM:    11       11      C        2.7100   -1.1410    0.9310
  QMMM:    12       12      C       -0.9310    1.7540   -0.5430
  QMMM:    13       13      C       -5.4890   -0.8810   -0.0730
  QMMM:    14       14      C       -1.7550   -1.9270    0.6160
  QMMM:    15       15      C       -3.2390   -1.7560    0.9270
  QMMM:    16       16      C       -3.8100    1.3710   -1.3230
  QMMM:    17       17      C        3.5830    1.2610    1.0200
  QMMM:    18       18      C        0.7640    1.0750    1.8910
  QMMM:    19       19      C        0.7110   -1.1970   -1.4400
  QMMM:    20       20      C       -6.1050    0.3340   -0.8390
  QMMM:    21       21      C       -5.1500    0.8830   -1.8910
  QMMM:    22       22      C       -3.5520    1.3660    1.2110
  QMMM:    23       23      C       -5.9310   -2.1650   -0.8340
  QMMM:    24       24      C       -6.0740   -1.0090    1.3490
  QMMM:    25       25      C        5.0600    0.8430    0.8560
  QMMM:    26       26      C        3.3870    2.6680    0.4430
  QMMM:    27       27      C        5.5700    0.7900   -0.5910
  QMMM:    28       28      C        7.0280    0.4350   -0.6800
  QMMM:    29       29      C        7.5920   -0.7880   -0.6880
  QMMM:    30       30      C        9.0870   -0.9340   -0.7910
  QMMM:    31       31      C        6.8510   -2.0920   -0.6000
  QMMM:    32       32      H        2.8870    0.2400   -0.7160
  QMMM:    33       33      H       -3.6280   -1.2670   -1.0850
  QMMM:    34       34      H        1.2570   -2.7450    0.5830
  QMMM:    35       35      H        0.8880   -1.7170    1.9620
  QMMM:    36       36      H        0.9720    1.4930   -1.5500
  QMMM:    37       37      H        0.9620    2.6950   -0.2940
  QMMM:    38       38      H        3.1100   -1.1560    1.9510
  QMMM:    39       39      H        3.3660   -1.7620    0.3110
  QMMM:    40       40      H       -1.2300    2.0900   -1.5400
  QMMM:    41       41      H       -1.2240    2.5510    0.1510
  QMMM:    42       42      H       -1.6430   -2.6820   -0.1720
  QMMM:    43       43      H       -1.2790   -2.3350    1.5140
  QMMM:    44       44      H       -3.7000   -2.7500    0.9350
  QMMM:    45       45      H       -3.3560   -1.3530    1.9390
  QMMM:    46       46      H       -3.1060    1.3190   -2.1630
  QMMM:    47       47      H       -3.8970    2.4370   -1.0750
  QMMM:    48       48      H        3.3950    1.3050    2.0990
  QMMM:    49       49      H       -0.3110    1.0670    2.0930
  QMMM:    50       50      H        1.2230    0.4350    2.6510
  QMMM:    51       51      H        1.0990    2.0970    2.0900
  QMMM:    52       52      H        0.2390   -0.5270   -2.1670
  QMMM:    53       53      H        1.7710   -1.2670   -1.7000
  QMMM:    54       54      H        0.2890   -2.1950   -1.6140
  QMMM:    55       55      H       -7.0320    0.0210   -1.3340
  QMMM:    56       56      H       -5.6170    1.7180   -2.4280
  QMMM:    57       57      H       -4.9570    0.1070   -2.6420
  QMMM:    58       58      H       -3.1360    2.3790    1.1810
  QMMM:    59       59      H       -4.6140    1.4950    1.4050
  QMMM:    60       60      H       -3.1190    0.8740    2.0890
  QMMM:    61       61      H       -7.0230   -2.2630   -0.8400
  QMMM:    62       62      H       -5.5280   -3.0720   -0.3710
  QMMM:    63       63      H       -5.5990   -2.1500   -1.8780
  QMMM:    64       64      H       -7.1690   -0.9700    1.3210
  QMMM:    65       65      H       -5.7360   -0.2140    2.0170
  QMMM:    66       66      H       -5.8040   -1.9630    1.8170
  QMMM:    67       67      H        5.2160   -0.1330    1.3320
  QMMM:    68       68      H        5.6840    1.5460    1.4240
  QMMM:    69       69      H        3.2690    2.6660   -0.6450
  QMMM:    70       70      H        2.5450    3.1860    0.9040
  QMMM:    71       71      H        4.2580    3.2970    0.6690
  QMMM:    72       72      H       -6.8860    2.1010   -0.5390
  QMMM:    73       73      H        5.4350    1.7600   -1.0830
  QMMM:    74       74      H        4.9930    0.0720   -1.1820
  QMMM:    75       75      H        7.6890    1.3000   -0.7350
  QMMM:    76       76      H        9.5980    0.0320   -0.8560
  QMMM:    77       77      H        9.4790   -1.4580    0.0870
  QMMM:    78       78      H        9.3510   -1.5090   -1.6850
  QMMM:    79       79      H        7.1880   -2.6600    0.2730
  QMMM:    80       80      H        5.7700   -1.9610   -0.5080
  QMMM:    81       81      H        7.0360   -2.6930   -1.4970

--------------------------------------------------------------------------------
  RESULTS
--------------------------------------------------------------------------------

      iter         sqm energy              rms gradient
      ----    -------------------    -----------------------
xmin    10     -103.1918 kcal/mol        0.2560 kcal/(mol*A)
xmin    20     -103.7040 kcal/mol        0.1289 kcal/(mol*A)
xmin    30     -103.8901 kcal/mol        0.2086 kcal/(mol*A)
xmin    40     -104.5596 kcal/mol        0.2044 kcal/(mol*A)
xmin    50     -105.0763 kcal/mol        0.1368 kcal/(mol*A)
xmin    60     -105.1595 kcal/mol        0.0213 kcal/(mol*A)
xmin    70     -105.1712 kcal/mol        0.0522 kcal/(mol*A)
xmin    80     -105.1794 kcal/mol        0.0172 kcal/(mol*A)
xmin    90     -105.1992 kcal/mol        0.0484 kcal/(mol*A)
xmin   100     -105.2257 kcal/mol        0.0654 kcal/(mol*A)
xmin   110     -105.2884 kcal/mol        0.1803 kcal/(mol*A)
xmin   120     -105.3427 kcal/mol        0.1014 kcal/(mol*A)
xmin   130     -105.3727 kcal/mol        0.0940 kcal/(mol*A)
xmin   140     -105.4201 kcal/mol        0.0568 kcal/(mol*A)
xmin   150     -105.4999 kcal/mol        0.1529 kcal/(mol*A)
xmin   160     -105.5460 kcal/mol        0.0727 kcal/(mol*A)
xmin   170     -105.5785 kcal/mol        0.0851 kcal/(mol*A)
xmin   180     -105.6043 kcal/mol        0.0225 kcal/(mol*A)
xmin   190     -105.6172 kcal/mol        0.0134 kcal/(mol*A)
xmin   200     -105.6185 kcal/mol        0.0084 kcal/(mol*A)
xmin   210     -105.6188 kcal/mol        0.0113 kcal/(mol*A)
xmin   220     -105.6192 kcal/mol        0.0024 kcal/(mol*A)
xmin   230     -105.6196 kcal/mol        0.0112 kcal/(mol*A)
xmin   240     -105.6204 kcal/mol        0.0106 kcal/(mol*A)
xmin   250     -105.6223 kcal/mol        0.0290 kcal/(mol*A)
xmin   260     -105.6236 kcal/mol        0.0255 kcal/(mol*A)
xmin   270     -105.6241 kcal/mol        0.0057 kcal/(mol*A)
xmin   280     -105.6259 kcal/mol        0.0299 kcal/(mol*A)
xmin   290     -105.6267 kcal/mol        0.0198 kcal/(mol*A)
xmin   300     -105.6272 kcal/mol        0.0053 kcal/(mol*A)
xmin   310     -105.6273 kcal/mol        0.0018 kcal/(mol*A)
xmin   320     -105.6274 kcal/mol        0.0021 kcal/(mol*A)
xmin   330     -105.6274 kcal/mol        0.0013 kcal/(mol*A)
xmin   340     -105.6274 kcal/mol        0.0005 kcal/(mol*A)
  ... geometry converged !
 
 Final MO eigenvalues (eV):
 -42.3744  -41.0776  -38.5777  -37.6389  -36.4067  -35.9234  -34.7308  -34.1843
 -32.5689  -31.6407  -30.8349  -29.8403  -29.3012  -28.1819  -27.8430  -27.4798
 -27.1517  -26.9388  -26.6188  -25.4049  -23.9330  -23.8583  -23.2015  -22.5139
 -21.7156  -20.6324  -20.0084  -18.9972  -18.8741  -18.4030  -17.4822  -17.0051
 -16.9250  -16.5609  -16.4477  -16.1421  -15.9214  -15.6362  -15.5046  -15.3772
 -15.3299  -15.1507  -14.9962  -14.7034  -14.5377  -14.3446  -14.2135  -14.1953
 -13.8480  -13.7366  -13.6877  -13.4942  -13.4705  -13.2995  -13.1624  -13.1220
 -13.0451  -13.0362  -12.9547  -12.8799  -12.8065  -12.6973  -12.5692  -12.5214
 -12.5120  -12.4303  -12.3172  -12.2012  -12.1744  -12.0331  -11.8905  -11.8717
 -11.7567  -11.7329  -11.6326  -11.5195  -11.4816  -11.3816  -11.2525  -11.1047
 -11.0037  -10.8458  -10.7963  -10.7205  -10.3641  -10.2236   -9.2403   -8.9873
   1.1432    1.2137    3.1990    3.3188    3.4549    3.5027    3.5267    3.5749
   3.7281    3.7654    3.8209    3.8357    3.9118    3.9458    3.9770    3.9900
   4.0475    4.0720    4.0975    4.1520    4.1722    4.2385    4.2706    4.2868
   4.3207    4.3429    4.3561    4.3839    4.4196    4.4424    4.4620    4.4714
   4.5037    4.5123    4.5407    4.5647    4.5889    4.6079    4.6391    4.6604
   4.6741    4.7044    4.7262    4.7483    4.7652    4.7690    4.7820    4.8095
   4.8427    4.8634    4.8746    4.8784    4.8927    4.9230    4.9305    4.9464
   4.9692    4.9752    4.9867    5.0170    5.0274    5.0539    5.0667    5.0954
   5.1142    5.1223    5.1468    5.1777    5.2250    5.2330    5.2704    5.3068
   5.3148    5.3486    5.3518    5.3874    5.4277    5.4626    5.4695    5.5089
   5.5889    5.8162    5.8801    6.0706    6.1400    6.5718

 Heat of formation   =       -105.62744218 kcal/mol  (       -4.58034960 eV)

 Total SCF energy    =    -111911.19838827 kcal/mol  (    -4852.83371876 eV)
 Electronic energy   =   -1186648.34891961 kcal/mol  (   -51456.93373746 eV)
 Core-core repulsion =    1074737.15053133 kcal/mol  (    46604.10001870 eV)
 
    Atomic Charges for Step       1 :
  Atom    Element       Mulliken Charge
     1      O                 -0.325
     2      C                 -0.036
     3      C                 -0.019
     4      C                 -0.093
     5      C                  0.002
     6      C                 -0.087
     7      C                 -0.084
     8      C                 -0.109
     9      C                 -0.148
    10      C                 -0.141
    11      C                 -0.156
    12      C                 -0.117
    13      C                 -0.070
    14      C                 -0.119
    15      C                 -0.153
    16      C                 -0.156
    17      C                 -0.095
    18      C                 -0.205
    19      C                 -0.199
    20      C                  0.037
    21      C                 -0.189
    22      C                 -0.205
    23      C                 -0.208
    24      C                 -0.200
    25      C                 -0.153
    26      C                 -0.208
    27      C                 -0.130
    28      C                 -0.171
    29      C                 -0.118
    30      C                 -0.178
    31      C                 -0.181
    32      H                  0.088
    33      H                  0.090
    34      H                  0.083
    35      H                  0.083
    36      H                  0.079
    37      H                  0.081
    38      H                  0.082
    39      H                  0.081
    40      H                  0.083
    41      H                  0.083
    42      H                  0.087
    43      H                  0.089
    44      H                  0.081
    45      H                  0.086
    46      H                  0.089
    47      H                  0.077
    48      H                  0.088
    49      H                  0.084
    50      H                  0.074
    51      H                  0.071
    52      H                  0.078
    53      H                  0.075
    54      H                  0.073
    55      H                  0.109
    56      H                  0.091
    57      H                  0.090
    58      H                  0.074
    59      H                  0.071
    60      H                  0.084
    61      H                  0.077
    62      H                  0.076
    63      H                  0.071
    64      H                  0.088
    65      H                  0.076
    66      H                  0.071
    67      H                  0.080
    68      H                  0.080
    69      H                  0.073
    70      H                  0.073
    71      H                  0.074
    72      H                  0.198
    73      H                  0.088
    74      H                  0.087
    75      H                  0.122
    76      H                  0.077
    77      H                  0.080
    78      H                  0.080
    79      H                  0.078
    80      H                  0.080
    81      H                  0.081
 Total Mulliken Charge =      -0.000
 
                  X        Y        Z     TOTAL  
  QM DIPOLE     1.606   -0.611   -0.429    1.771
 
 Final Structure

  QMMM: QM Region Cartesian Coordinates (*=link atom) 
  QMMM: QM_NO.   MM_NO.  ATOM         X         Y         Z
  QMMM:     1        1      O       -6.5498    1.5006   -0.3633
  QMMM:     2        2      C        1.0021    0.4209    0.3779
  QMMM:     3        3      C        0.3295   -0.9776    0.1762
  QMMM:     4        4      C        2.4964    0.0421    0.4830
  QMMM:     5        5      C       -3.1979    0.5635   -0.2294
  QMMM:     6        6      C       -1.1543   -0.8002    0.2808
  QMMM:     7        7      C       -3.9442   -0.7643    0.0129
  QMMM:     8        8      C       -1.7126    0.2657   -0.3354
  QMMM:     9        9      C        1.0553   -1.8391    1.2174
  QMMM:    10       10      C        0.6070    1.3100   -0.7850
  QMMM:    11       11      C        2.4815   -1.2862    1.2647
  QMMM:    12       12      C       -0.8868    1.2549   -1.0955
  QMMM:    13       13      C       -5.4815   -0.6976    0.0653
  QMMM:    14       14      C       -1.9209   -1.8422    1.0066
  QMMM:    15       15      C       -3.3736   -1.4771    1.2289
  QMMM:    16       16      C       -3.7311    1.2177   -1.5137
  QMMM:    17       17      C        3.4274    1.0673    1.1183
  QMMM:    18       18      C        0.5420    1.0692    1.6787
  QMMM:    19       19      C        0.6188   -1.5863   -1.1981
  QMMM:    20       20      C       -6.0417    0.3199   -0.9578
  QMMM:    21       21      C       -5.0186    0.6236   -2.0405
  QMMM:    22       22      C       -3.3283    1.5529    0.9305
  QMMM:    23       23      C       -6.0218   -2.0720   -0.3492
  QMMM:    24       24      C       -6.0179   -0.3981    1.4556
  QMMM:    25       25      C        4.8462    0.5230    1.2604
  QMMM:    26       26      C        3.4411    2.3735    0.3484
  QMMM:    27       27      C        5.5174    0.1978   -0.0582
  QMMM:    28       28      C        6.9333   -0.1996    0.1235
  QMMM:    29       29      C        7.7841   -0.3941   -0.8971
  QMMM:    30       30      C        9.1932   -0.7974   -0.6744
  QMMM:    31       31      C        7.3764   -0.2149   -2.3114
  QMMM:    32       32      H        2.8728   -0.1495   -0.5608
  QMMM:    33       33      H       -3.6917   -1.4031   -0.8883
  QMMM:    34       34      H        1.0436   -2.9189    0.9330
  QMMM:    35       35      H        0.5727   -1.7443    2.2216
  QMMM:    36       36      H        1.1888    1.0076   -1.6961
  QMMM:    37       37      H        0.8910    2.3722   -0.5611
  QMMM:    38       38      H        2.7894   -1.1223    2.3275
  QMMM:    39       39      H        3.2041   -2.0048    0.8058
  QMMM:    40       40      H       -0.9933    1.0227   -2.1927
  QMMM:    41       41      H       -1.3231    2.2787   -0.9352
  QMMM:    42       42      H       -1.8566   -2.7950    0.4105
  QMMM:    43       43      H       -1.4428   -2.0467    2.0024
  QMMM:    44       44      H       -3.9552   -2.4146    1.4319
  QMMM:    45       45      H       -3.4736   -0.8298    2.1387
  QMMM:    46       46      H       -2.9774    1.1319   -2.3399
  QMMM:    47       47      H       -3.8819    2.3156   -1.3299
  QMMM:    48       48      H        3.0602    1.2789    2.1645
  QMMM:    49       49      H       -0.5675    1.2039    1.6834
  QMMM:    50       50      H        0.8301    0.4421    2.5560
  QMMM:    51       51      H        1.0127    2.0761    1.7922
  QMMM:    52       52      H        0.2090   -0.9474   -2.0155
  QMMM:    53       53      H        1.7161   -1.7142   -1.3532
  QMMM:    54       54      H        0.1329   -2.5908   -1.2620
  QMMM:    55       55      H       -6.9666   -0.1210   -1.4398
  QMMM:    56       56      H       -5.4728    1.3402   -2.7754
  QMMM:    57       57      H       -4.7994   -0.3304   -2.5891
  QMMM:    58       58      H       -2.7427    2.4783    0.7050
  QMMM:    59       59      H       -4.3867    1.8479    1.1079
  QMMM:    60       60      H       -2.9223    1.1106    1.8718
  QMMM:    61       61      H       -7.1335   -2.0916   -0.2455
  QMMM:    62       62      H       -5.5959   -2.8762    0.2959
  QMMM:    63       63      H       -5.7571   -2.2910   -1.4116
  QMMM:    64       64      H       -7.1115   -0.1749    1.3951
  QMMM:    65       65      H       -5.5080    0.4828    1.9094
  QMMM:    66       66      H       -5.8680   -1.2768    2.1286
  QMMM:    67       67      H        4.8270   -0.4000    1.8984
  QMMM:    68       68      H        5.4619    1.2880    1.8055
  QMMM:    69       69      H        3.4400    2.1875   -0.7530
  QMMM:    70       70      H        2.5425    2.9871    0.6003
  QMMM:    71       71      H        4.3504    2.9692    0.6060
  QMMM:    72       72      H       -5.8005    2.0379   -0.0841
  QMMM:    73       73      H        5.4600    1.0884   -0.7429
  QMMM:    74       74      H        4.9644   -0.6399   -0.5676
  QMMM:    75       75      H        7.2684   -0.3380    1.1643
  QMMM:    76       76      H        9.4340   -0.8757    0.4138
  QMMM:    77       77      H        9.3874   -1.7909   -1.1513
  QMMM:    78       78      H        9.8841   -0.0486   -1.1365
  QMMM:    79       79      H        8.1724   -0.5669   -3.0117
  QMMM:    80       80      H        6.4382   -0.7867   -2.5244
  QMMM:    81       81      H        7.1748    0.8663   -2.5203

           --------- Calculation Completed ----------

