            --------------------------------------------------------
                             AMBER SQM VERSION 19
 
                                     By
              Ross C. Walker, Michael F. Crowley, Scott Brozell,
                         Tim Giese, Andreas W. Goetz,
                        Tai-Sung Lee and David A. Case
 
            --------------------------------------------------------
 

--------------------------------------------------------------------------------
  QM CALCULATION INFO
--------------------------------------------------------------------------------

| QMMM: Citation for AMBER QMMM Run:
| QMMM: R.C. Walker, M.F. Crowley and D.A. Case, J. COMP. CHEM. 29:1019, 2008

QMMM: SINGLET STATE CALCULATION
QMMM: RHF CALCULATION, NO. OF DOUBLY OCCUPIED LEVELS = 68

| QMMM: *** Selected Hamiltonian *** 
| QMMM: AM1         

| QMMM: *** Parameter sets in use ***
| QMMM: S : M.J.S.DEWAR et al. INORG. CHEM., 29, 3881, (1990)
| QMMM: F : M.J.S.DEWAR et al. THEOCHEM, 180, 1, (1988)
| QMMM: O : M.J.S.DEWAR et al. JACS, 107, 3902, (1985)
| QMMM: N : M.J.S.DEWAR et al. JACS, 107, 3902, (1985)
| QMMM: C : M.J.S.DEWAR et al. JACS, 107, 3902, (1985)
| QMMM: H : M.J.S.DEWAR et al. JACS, 107, 3902, (1985)

| QMMM: *** SCF convergence criteria ***
| QMMM: Energy change                :  0.1D-09 kcal/mol
| QMMM: Error matrix |FP-PF|         :  0.1D+00 au
| QMMM: Density matrix change        :  0.5D-06
| QMMM: Maximum number of SCF cycles :     1000

| QMMM: *** Diagonalization Routine Information ***
| QMMM: Pseudo diagonalizations are allowed.
| QMMM: Auto diagonalization routine selection is in use.
| QMMM:
| QMMM: Timing diagonalization routines:
| QMMM:                              norbs =      118
| QMMM:    diag iterations used for timing =       10
| QMMM:
| QMMM:              Internal diag routine = 0.035464 seconds
| QMMM:                 Dspev diag routine = 0.039744 seconds
| QMMM:                Dspevd diag routine = 0.019984 seconds
| QMMM:                Dspevx diag routine = 0.092215 seconds
| QMMM:                 Dsyev diag routine = 0.041215 seconds
| QMMM:                Dsyevd diag routine = 0.015690 seconds
| QMMM:                Dsyevr diag routine = 0.022800 seconds
| QMMM:
| QMMM:                Pseudo diag routine = 0.016202 seconds
| QMMM: Pseudo diagonalization appears to be slower than regular
| QMMM: diagonalization. Setting pseudo_diag=0 for optimum performance.
| QMMM:
| QMMM: Using dsyevd routine (diag_routine=6).

  QMMM: QM Region Cartesian Coordinates (*=link atom) 
  QMMM: QM_NO.   MM_NO.  ATOM         X         Y         Z
  QMMM:     1        1      S        4.7680   -1.6190   -0.0540
  QMMM:     2        2      F       -5.4770   -1.1410    0.0590
  QMMM:     3        3      F       -4.4400   -2.7200   -1.0180
  QMMM:     4        4      F       -4.3910   -2.6770    1.1610
  QMMM:     5        5      O        5.0700   -2.5060   -1.1690
  QMMM:     6        6      O        5.4590   -0.3430    0.0640
  QMMM:     7        7      N       -1.0640   -0.6090    0.0010
  QMMM:     8        8      N       -1.9150   -1.6490    0.0230
  QMMM:     9        9      N        4.9610   -2.4850    1.4070
  QMMM:    10       10      C       -1.6790    0.6100   -0.0070
  QMMM:    11       11      C        0.3120   -0.8480   -0.0120
  QMMM:    12       12      C       -0.9890    1.8760   -0.0300
  QMMM:    13       13      C       -3.0280    0.3450    0.0110
  QMMM:    14       14      C       -3.1130   -1.0600    0.0290
  QMMM:    15       15      C        1.1710    0.0740    0.5710
  QMMM:    16       16      C        0.8000   -2.0020   -0.6080
  QMMM:    17       17      C        3.0470   -1.3210   -0.0380
  QMMM:    18       18      C       -0.6420    2.5030    1.1670
  QMMM:    19       19      C       -0.6680    2.4740   -1.2490
  QMMM:    20       20      C        2.5460   -0.1640    0.5580
  QMMM:    21       21      C        2.1750   -2.2400   -0.6210
  QMMM:    22       22      C        0.3460    4.3250   -0.0740
  QMMM:    23       23      C        0.0260    3.7280    1.1450
  QMMM:    24       24      C       -0.0010    3.6990   -1.2710
  QMMM:    25       25      C       -4.3330   -1.8840    0.0540
  QMMM:    26       26      C        1.0590    5.6350   -0.0990
  QMMM:    27       27      H       -3.8340    1.0660    0.0120
  QMMM:    28       28      H        0.8820    0.8830    1.2090
  QMMM:    29       29      H        0.1470   -2.7320   -1.0800
  QMMM:    30       30      H       -0.9000    2.0620    2.1270
  QMMM:    31       31      H       -0.9310    1.9980   -2.1910
  QMMM:    32       32      H        3.2050    0.5410    1.0570
  QMMM:    33       33      H        2.5430   -3.1490   -1.0870
  QMMM:    34       34      H        0.2890    4.2070    2.0840
  QMMM:    35       35      H        0.2450    4.1530   -2.2270
  QMMM:    36       36      H        0.7760    6.2220   -0.9790
  QMMM:    37       37      H        0.8100    6.2380    0.7810
  QMMM:    38       38      H        2.1410    5.4730   -0.1180
  QMMM:    39       39      H        5.1720   -3.4880    1.3420
  QMMM:    40       40      H        5.4360   -2.0090    2.1830

--------------------------------------------------------------------------------
  RESULTS
--------------------------------------------------------------------------------

      iter         sqm energy              rms gradient
      ----    -------------------    -----------------------
xmin    10      -99.1956 kcal/mol        0.6371 kcal/(mol*A)
xmin    20      -99.7362 kcal/mol        0.5159 kcal/(mol*A)
xmin    30      -99.7863 kcal/mol        0.2714 kcal/(mol*A)
xmin    40      -99.8223 kcal/mol        0.1719 kcal/(mol*A)
xmin    50      -99.8616 kcal/mol        0.3466 kcal/(mol*A)
xmin    60      -99.8774 kcal/mol        0.0427 kcal/(mol*A)
xmin    70      -99.8850 kcal/mol        0.0386 kcal/(mol*A)
xmin    80      -99.8862 kcal/mol        0.0046 kcal/(mol*A)
xmin    90      -99.8867 kcal/mol        0.0092 kcal/(mol*A)
xmin   100      -99.8869 kcal/mol        0.0090 kcal/(mol*A)
xmin   110      -99.8871 kcal/mol        0.0059 kcal/(mol*A)
xmin   120      -99.8872 kcal/mol        0.0440 kcal/(mol*A)
xmin   130      -99.8878 kcal/mol        0.0182 kcal/(mol*A)
xmin   140      -99.8880 kcal/mol        0.0073 kcal/(mol*A)
xmin   150      -99.8880 kcal/mol        0.0102 kcal/(mol*A)
xmin   160      -99.8885 kcal/mol        0.0166 kcal/(mol*A)
xmin   170      -99.8887 kcal/mol        0.0155 kcal/(mol*A)
xmin   180      -99.8889 kcal/mol        0.0231 kcal/(mol*A)
xmin   190      -99.8890 kcal/mol        0.0118 kcal/(mol*A)
xmin   200      -99.8891 kcal/mol        0.0123 kcal/(mol*A)
xmin   210      -99.8892 kcal/mol        0.0052 kcal/(mol*A)
xmin   220      -99.8895 kcal/mol        0.0092 kcal/(mol*A)
xmin   230      -99.8895 kcal/mol        0.0030 kcal/(mol*A)
xmin   240      -99.8897 kcal/mol        0.0057 kcal/(mol*A)
xmin   250      -99.8898 kcal/mol        0.0026 kcal/(mol*A)
xmin   260      -99.8898 kcal/mol        0.0022 kcal/(mol*A)
xmin   270      -99.8898 kcal/mol        0.0037 kcal/(mol*A)
xmin   280      -99.8898 kcal/mol        0.0017 kcal/(mol*A)
xmin   290      -99.8898 kcal/mol        0.0005 kcal/(mol*A)
xmin   300      -99.8898 kcal/mol        0.0026 kcal/(mol*A)
xmin   310      -99.8898 kcal/mol        0.0027 kcal/(mol*A)
xmin   320      -99.8898 kcal/mol        0.0018 kcal/(mol*A)
  ... geometry converged !
 
 Final MO eigenvalues (eV):
 -51.9278  -48.6150  -48.5501  -42.5036  -40.0866  -39.9256  -38.0825  -37.1569
 -35.0592  -34.9468  -34.6272  -32.3766  -32.0161  -31.4317  -31.1810  -27.8346
 -27.6098  -24.7522  -24.2940  -23.8814  -23.2798  -22.2095  -21.6068  -21.0171
 -19.6776  -19.4419  -19.4199  -19.2076  -18.6439  -18.4926  -18.1726  -17.2224
 -17.0034  -16.6565  -16.4089  -16.1106  -15.8865  -15.5657  -15.3613  -15.2919
 -15.2385  -15.0454  -14.8989  -14.7132  -14.6887  -14.6719  -14.4672  -14.3839
 -14.3800  -14.2880  -13.4612  -13.4448  -13.3997  -13.2938  -13.0047  -12.9919
 -12.8349  -12.7338  -12.5651  -12.5115  -12.3271  -11.9914  -11.5190  -10.5815
 -10.5132  -10.2205  -10.0504   -9.6889   -1.1984   -0.4774   -0.3831   -0.2543
   0.0358    0.1635    0.5912    0.7229    1.6158    1.7861    2.1987    2.2680
   2.8139    2.8696    2.9427    3.1160    3.1465    3.2542    3.3835    3.4237
   3.4877    3.5385    3.5566    3.6219    3.6540    3.7218    3.8293    3.8420
   3.9393    3.9429    4.0941    4.1597    4.2337    4.2568    4.2862    4.3837
   4.4436    4.5585    4.5653    4.6302    4.6387    4.7633    4.8932    5.0224
   5.0514    5.1992    5.2146    5.3888    5.5359    5.9551

 Heat of formation   =        -99.88984164 kcal/mol  (       -4.33154857 eV)

 Total SCF energy    =    -121729.44176855 kcal/mol  (    -5278.58470008 eV)
 Electronic energy   =    -796603.51669869 kcal/mol  (   -34543.32061483 eV)
 Core-core repulsion =     674874.07493014 kcal/mol  (    29264.73591475 eV)
 
    Atomic Charges for Step       1 :
  Atom    Element       Mulliken Charge
     1      S                  2.866
     2      F                 -0.162
     3      F                 -0.156
     4      F                 -0.156
     5      O                 -0.934
     6      O                 -0.936
     7      N                 -0.077
     8      N                 -0.008
     9      N                 -0.953
    10      C                 -0.005
    11      C                  0.119
    12      C                 -0.058
    13      C                 -0.166
    14      C                 -0.207
    15      C                 -0.157
    16      C                 -0.142
    17      C                 -0.824
    18      C                 -0.102
    19      C                 -0.095
    20      C                 -0.010
    21      C                 -0.012
    22      C                 -0.047
    23      C                 -0.136
    24      C                 -0.133
    25      C                  0.513
    26      C                 -0.186
    27      H                  0.188
    28      H                  0.161
    29      H                  0.167
    30      H                  0.142
    31      H                  0.143
    32      H                  0.161
    33      H                  0.160
    34      H                  0.139
    35      H                  0.142
    36      H                  0.089
    37      H                  0.087
    38      H                  0.094
    39      H                  0.245
    40      H                  0.245
 Total Mulliken Charge =       0.000
 
                  X        Y        Z     TOTAL  
  QM DIPOLE     0.995    2.437    2.681    3.757
 
 Final Structure

  QMMM: QM Region Cartesian Coordinates (*=link atom) 
  QMMM: QM_NO.   MM_NO.  ATOM         X         Y         Z
  QMMM:     1        1      S        4.8530   -1.6757   -0.0887
  QMMM:     2        2      F       -5.5297   -1.0764    0.2732
  QMMM:     3        3      F       -4.6173   -2.6756   -0.8776
  QMMM:     4        4      F       -4.5046   -2.6971    1.2906
  QMMM:     5        5      O        5.1576   -2.2896   -1.3209
  QMMM:     6        6      O        5.5078   -0.4670    0.2277
  QMMM:     7        7      N       -0.9945   -0.6525    0.0371
  QMMM:     8        8      N       -1.8889   -1.6512    0.0714
  QMMM:     9        9      N        5.0796   -2.7263    1.0961
  QMMM:    10       10      C       -1.6252    0.6197    0.0884
  QMMM:    11       11      C        0.4111   -0.8980    0.0047
  QMMM:    12       12      C       -0.9533    1.9062    0.0271
  QMMM:    13       13      C       -3.0037    0.3692    0.1622
  QMMM:    14       14      C       -3.1176   -1.0695    0.1477
  QMMM:    15       15      C        1.2906   -0.0812    0.7445
  QMMM:    16       16      C        0.9278   -1.9661   -0.7579
  QMMM:    17       17      C        3.1816   -1.3941   -0.0402
  QMMM:    18       18      C       -1.0170    2.7766    1.1238
  QMMM:    19       19      C       -0.2889    2.3093   -1.1389
  QMMM:    20       20      C        2.6565   -0.3354    0.7077
  QMMM:    21       21      C        2.2992   -2.1961   -0.7705
  QMMM:    22       22      C        0.2491    4.4376   -0.1082
  QMMM:    23       23      C       -0.4194    4.0320    1.0534
  QMMM:    24       24      C        0.3069    3.5660   -1.2027
  QMMM:    25       25      C       -4.4051   -1.8616    0.2065
  QMMM:    26       26      C        0.8983    5.7665   -0.1772
  QMMM:    27       27      H       -3.8183    1.0849    0.2086
  QMMM:    28       28      H        0.9055    0.7616    1.3420
  QMMM:    29       29      H        0.2601   -2.6213   -1.3405
  QMMM:    30       30      H       -1.5445    2.4673    2.0389
  QMMM:    31       31      H       -0.2426    1.6344   -2.0072
  QMMM:    32       32      H        3.3436    0.3223    1.2711
  QMMM:    33       33      H        2.7018   -3.0193   -1.3888
  QMMM:    34       34      H       -0.4751    4.7117    1.9173
  QMMM:    35       35      H        0.8262    3.8779   -2.1217
  QMMM:    36       36      H        0.8248    6.1927   -1.2083
  QMMM:    37       37      H        0.4252    6.4840    0.5374
  QMMM:    38       38      H        1.9828    5.6732    0.0856
  QMMM:    39       39      H        5.0510   -3.7070    0.9719
  QMMM:    40       40      H        5.2867   -2.4662    2.0275

           --------- Calculation Completed ----------

