            --------------------------------------------------------
                             AMBER SQM VERSION 19
 
                                     By
              Ross C. Walker, Michael F. Crowley, Scott Brozell,
                         Tim Giese, Andreas W. Goetz,
                        Tai-Sung Lee and David A. Case
 
            --------------------------------------------------------
 

--------------------------------------------------------------------------------
  QM CALCULATION INFO
--------------------------------------------------------------------------------

| QMMM: Citation for AMBER QMMM Run:
| QMMM: R.C. Walker, M.F. Crowley and D.A. Case, J. COMP. CHEM. 29:1019, 2008

QMMM: SINGLET STATE CALCULATION
QMMM: RHF CALCULATION, NO. OF DOUBLY OCCUPIED LEVELS = 29

| QMMM: *** Selected Hamiltonian *** 
| QMMM: AM1         

| QMMM: *** Parameter sets in use ***
| QMMM: O : M.J.S.DEWAR et al. JACS, 107, 3902, (1985)
| QMMM: N : M.J.S.DEWAR et al. JACS, 107, 3902, (1985)
| QMMM: C : M.J.S.DEWAR et al. JACS, 107, 3902, (1985)
| QMMM: H : M.J.S.DEWAR et al. JACS, 107, 3902, (1985)

| QMMM: *** SCF convergence criteria ***
| QMMM: Energy change                :  0.1D-09 kcal/mol
| QMMM: Error matrix |FP-PF|         :  0.1D+00 au
| QMMM: Density matrix change        :  0.5D-06
| QMMM: Maximum number of SCF cycles :     1000

| QMMM: *** Diagonalization Routine Information ***
| QMMM: Pseudo diagonalizations are allowed.
| QMMM: Auto diagonalization routine selection is in use.
| QMMM:
| QMMM: Timing diagonalization routines:
| QMMM:                              norbs =       53
| QMMM:    diag iterations used for timing =       15
| QMMM:
| QMMM:              Internal diag routine = 0.006346 seconds
| QMMM:                 Dspev diag routine = 0.007662 seconds
| QMMM:                Dspevd diag routine = 0.005924 seconds
| QMMM:                Dspevx diag routine = 0.026000 seconds
| QMMM:                 Dsyev diag routine = 0.007505 seconds
| QMMM:                Dsyevd diag routine = 0.005477 seconds
| QMMM:                Dsyevr diag routine = 0.006815 seconds
| QMMM:
| QMMM:                Pseudo diag routine = 0.002393 seconds
| QMMM:
| QMMM: Using dsyevd routine (diag_routine=6).

  QMMM: QM Region Cartesian Coordinates (*=link atom) 
  QMMM: QM_NO.   MM_NO.  ATOM         X         Y         Z
  QMMM:     1        1      O        3.8510    0.4520    0.0010
  QMMM:     2        2      O       -2.6000    1.4040   -0.0020
  QMMM:     3        3      N       -1.5710   -0.7170    0.0000
  QMMM:     4        4      C       -0.2070   -0.4230   -0.0000
  QMMM:     5        5      C        0.2210    0.9050    0.0000
  QMMM:     6        6      C        0.7300   -1.4570   -0.0010
  QMMM:     7        7      C        1.5840    1.1990    0.0000
  QMMM:     8        8      C        2.0930   -1.1630   -0.0010
  QMMM:     9        9      C        2.5200    0.1650   -0.0000
  QMMM:    10       10      C       -2.6480    0.1780    0.0010
  QMMM:    11       11      C       -3.9740   -0.5420    0.0010
  QMMM:    12       12      H       -0.4440    1.7580    0.0010
  QMMM:    13       13      H        0.4110   -2.4960   -0.0010
  QMMM:    14       14      H       -1.8010   -1.7090    0.0000
  QMMM:    15       15      H        1.9050    2.2370    0.0010
  QMMM:    16       16      H        2.8180   -1.9730   -0.0010
  QMMM:    17       17      H       -4.0660   -1.1460   -0.9060
  QMMM:    18       18      H       -4.7900    0.1840    0.0290
  QMMM:    19       19      H       -4.0450   -1.1890    0.8800
  QMMM:    20       20      H        3.9650    1.4180    0.0020

--------------------------------------------------------------------------------
  RESULTS
--------------------------------------------------------------------------------

      iter         sqm energy              rms gradient
      ----    -------------------    -----------------------
xmin    10      -59.2727 kcal/mol        0.1471 kcal/(mol*A)
xmin    20      -59.2743 kcal/mol        0.0517 kcal/(mol*A)
xmin    30      -59.2745 kcal/mol        0.0173 kcal/(mol*A)
xmin    40      -59.2746 kcal/mol        0.0092 kcal/(mol*A)
xmin    50      -59.2747 kcal/mol        0.0191 kcal/(mol*A)
xmin    60      -59.2747 kcal/mol        0.0128 kcal/(mol*A)
xmin    70      -59.2747 kcal/mol        0.0035 kcal/(mol*A)
xmin    80      -59.2748 kcal/mol        0.0057 kcal/(mol*A)
xmin    90      -59.2748 kcal/mol        0.0017 kcal/(mol*A)
xmin   100      -59.2748 kcal/mol        0.0022 kcal/(mol*A)
  ... geometry converged !
 
 Final MO eigenvalues (eV):
 -40.5368  -39.4391  -37.4730  -34.9658  -31.6814  -31.2572  -28.5235  -23.9990
 -23.5001  -21.1786  -19.0725  -18.5842  -17.8319  -16.4481  -16.1020  -15.4309
 -15.0142  -14.6821  -14.6670  -14.2772  -13.7714  -13.7482  -13.4040  -12.8410
 -12.0507  -11.1167  -10.8712   -9.9114   -8.4590    0.2534    0.4314    1.3800
   1.7210    2.8314    3.0816    3.3430    3.7049    3.8112    3.8671    3.8845
   4.1016    4.2703    4.2785    4.4547    4.8800    4.9831    5.2378    5.3739
   5.4038    5.8551    6.1140    6.3518    6.8841

 Heat of formation   =        -59.27475688 kcal/mol  (       -2.57034634 eV)

 Total SCF energy    =     -46028.67901054 kcal/mol  (    -1995.95329823 eV)
 Electronic energy   =    -211878.97951043 kcal/mol  (    -9187.76200123 eV)
 Core-core repulsion =     165850.30049989 kcal/mol  (     7191.80870300 eV)
 
    Atomic Charges for Step       1 :
  Atom    Element       Mulliken Charge
     1      O                 -0.253
     2      O                 -0.354
     3      N                 -0.326
     4      C                  0.043
     5      C                 -0.117
     6      C                 -0.152
     7      C                 -0.186
     8      C                 -0.130
     9      C                  0.051
    10      C                  0.309
    11      C                 -0.246
    12      H                  0.176
    13      H                  0.130
    14      H                  0.227
    15      H                  0.137
    16      H                  0.150
    17      H                  0.101
    18      H                  0.121
    19      H                  0.101
    20      H                  0.217
 Total Mulliken Charge =      -0.000
 
                  X        Y        Z     TOTAL  
  QM DIPOLE    -1.321   -2.249   -0.014    2.608
 
 Final Structure

  QMMM: QM Region Cartesian Coordinates (*=link atom) 
  QMMM: QM_NO.   MM_NO.  ATOM         X         Y         Z
  QMMM:     1        1      O        3.8951    0.3994   -0.0004
  QMMM:     2        2      O       -2.5772    1.3530    0.0113
  QMMM:     3        3      N       -1.5753   -0.7366   -0.0024
  QMMM:     4        4      C       -0.2144   -0.3853   -0.0015
  QMMM:     5        5      C        0.2386    0.9503    0.0021
  QMMM:     6        6      C        0.7467   -1.4281   -0.0046
  QMMM:     7        7      C        1.6009    1.2316    0.0025
  QMMM:     8        8      C        2.1044   -1.1473   -0.0042
  QMMM:     9        9      C        2.5336    0.1889   -0.0006
  QMMM:    10       10      C       -2.6730    0.1123    0.0042
  QMMM:    11       11      C       -4.0278   -0.5614    0.0021
  QMMM:    12       12      H       -0.4781    1.7888    0.0046
  QMMM:    13       13      H        0.4266   -2.4818   -0.0075
  QMMM:    14       14      H       -1.7622   -1.7144   -0.0070
  QMMM:    15       15      H        1.9393    2.2781    0.0054
  QMMM:    16       16      H        2.8484   -1.9566   -0.0067
  QMMM:    17       17      H       -4.1530   -1.1897   -0.9123
  QMMM:    18       18      H       -4.8165    0.2301    0.0089
  QMMM:    19       19      H       -4.1499   -1.2022    0.9080
  QMMM:    20       20      H        4.0457    1.3556    0.0022

           --------- Calculation Completed ----------

