            --------------------------------------------------------
                             AMBER SQM VERSION 19
 
                                     By
              Ross C. Walker, Michael F. Crowley, Scott Brozell,
                         Tim Giese, Andreas W. Goetz,
                        Tai-Sung Lee and David A. Case
 
            --------------------------------------------------------
 

--------------------------------------------------------------------------------
  QM CALCULATION INFO
--------------------------------------------------------------------------------

| QMMM: Citation for AMBER QMMM Run:
| QMMM: R.C. Walker, M.F. Crowley and D.A. Case, J. COMP. CHEM. 29:1019, 2008

QMMM: SINGLET STATE CALCULATION
QMMM: RHF CALCULATION, NO. OF DOUBLY OCCUPIED LEVELS = 51

| QMMM: *** Selected Hamiltonian *** 
| QMMM: AM1         

| QMMM: *** Parameter sets in use ***
| QMMM: O : M.J.S.DEWAR et al. JACS, 107, 3902, (1985)
| QMMM: N : M.J.S.DEWAR et al. JACS, 107, 3902, (1985)
| QMMM: C : M.J.S.DEWAR et al. JACS, 107, 3902, (1985)
| QMMM: H : M.J.S.DEWAR et al. JACS, 107, 3902, (1985)

| QMMM: *** SCF convergence criteria ***
| QMMM: Energy change                :  0.1D-09 kcal/mol
| QMMM: Error matrix |FP-PF|         :  0.1D+00 au
| QMMM: Density matrix change        :  0.5D-06
| QMMM: Maximum number of SCF cycles :     1000

| QMMM: *** Diagonalization Routine Information ***
| QMMM: Pseudo diagonalizations are allowed.
| QMMM: Auto diagonalization routine selection is in use.
| QMMM:
| QMMM: Timing diagonalization routines:
| QMMM:                              norbs =       89
| QMMM:    diag iterations used for timing =       15
| QMMM:
| QMMM:              Internal diag routine = 0.024749 seconds
| QMMM:                 Dspev diag routine = 0.027951 seconds
| QMMM:                Dspevd diag routine = 0.015736 seconds
| QMMM:                Dspevx diag routine = 0.076115 seconds
| QMMM:                 Dsyev diag routine = 0.029678 seconds
| QMMM:                Dsyevd diag routine = 0.014891 seconds
| QMMM:                Dsyevr diag routine = 0.018026 seconds
| QMMM:
| QMMM:                Pseudo diag routine = 0.010779 seconds
| QMMM:
| QMMM: Using dsyevd routine (diag_routine=6).

  QMMM: QM Region Cartesian Coordinates (*=link atom) 
  QMMM: QM_NO.   MM_NO.  ATOM         X         Y         Z
  QMMM:     1        1      O        2.0000   -0.5200   -0.9520
  QMMM:     2        2      O        1.2080    2.2650    1.1770
  QMMM:     3        3      O        3.4010    2.1350   -0.4230
  QMMM:     4        4      O        3.7890   -2.6030   -0.3840
  QMMM:     5        5      N       -0.2130   -0.2590   -0.1380
  QMMM:     6        6      N       -1.6400   -1.8910    0.3910
  QMMM:     7        7      N       -1.7850    1.5470   -0.5510
  QMMM:     8        8      N       -4.0890    0.8120   -0.2210
  QMMM:     9        9      N       -4.6440   -1.4230    0.4290
  QMMM:    10       10      C        1.7170    0.9880    0.8520
  QMMM:    11       11      C        1.0580    0.4150   -0.3940
  QMMM:    12       12      C        3.1740    1.0170    0.4350
  QMMM:    13       13      C        3.3040   -0.2640   -0.3830
  QMMM:    14       14      C        3.7050   -1.4670    0.4590
  QMMM:    15       15      C       -1.4640    0.2870   -0.2200
  QMMM:    16       16      C       -0.3730   -1.5690    0.2320
  QMMM:    17       17      C       -2.3330   -0.7400    0.1120
  QMMM:    18       18      C       -3.6920   -0.4420    0.1040
  QMMM:    19       19      C       -3.1250    1.7150   -0.5240
  QMMM:    20       20      H        1.5810    0.3260    1.7150
  QMMM:    21       21      H        0.8620    1.1830   -1.1520
  QMMM:    22       22      H        3.8660    1.0960    1.2780
  QMMM:    23       23      H        3.9970   -0.1520   -1.2250
  QMMM:    24       24      H        2.9710   -1.6860    1.2400
  QMMM:    25       25      H        4.6820   -1.3130    0.9270
  QMMM:    26       26      H        1.3810    2.8580    0.4260
  QMMM:    27       27      H        4.3300    2.0980   -0.7090
  QMMM:    28       28      H        0.4630   -2.2410    0.3770
  QMMM:    29       29      H        2.9170   -2.7280   -0.7950
  QMMM:    30       30      H       -3.4790    2.7080   -0.7800
  QMMM:    31       31      H       -4.3500   -2.3600    0.6730
  QMMM:    32       32      H       -5.6250   -1.1820    0.4170

--------------------------------------------------------------------------------
  RESULTS
--------------------------------------------------------------------------------

      iter         sqm energy              rms gradient
      ----    -------------------    -----------------------
xmin    10      -88.9922 kcal/mol        0.8243 kcal/(mol*A)
xmin    20      -89.6717 kcal/mol        0.2842 kcal/(mol*A)
xmin    30      -90.3299 kcal/mol        0.5821 kcal/(mol*A)
xmin    40      -90.3713 kcal/mol        0.0752 kcal/(mol*A)
xmin    50      -90.3780 kcal/mol        0.0623 kcal/(mol*A)
xmin    60      -90.4130 kcal/mol        0.1713 kcal/(mol*A)
xmin    70      -90.4550 kcal/mol        0.0881 kcal/(mol*A)
xmin    80      -90.7284 kcal/mol        0.3171 kcal/(mol*A)
xmin    90      -90.8982 kcal/mol        0.3776 kcal/(mol*A)
xmin   100      -91.0140 kcal/mol        0.1929 kcal/(mol*A)
xmin   110      -91.2128 kcal/mol        0.3235 kcal/(mol*A)
xmin   120      -91.2535 kcal/mol        0.1804 kcal/(mol*A)
xmin   130      -91.2917 kcal/mol        0.0682 kcal/(mol*A)
xmin   140      -91.2934 kcal/mol        0.0588 kcal/(mol*A)
xmin   150      -91.2966 kcal/mol        0.0461 kcal/(mol*A)
xmin   160      -91.2986 kcal/mol        0.0382 kcal/(mol*A)
xmin   170      -91.3016 kcal/mol        0.0185 kcal/(mol*A)
xmin   180      -91.3021 kcal/mol        0.0172 kcal/(mol*A)
xmin   190      -91.3026 kcal/mol        0.0046 kcal/(mol*A)
xmin   200      -91.3026 kcal/mol        0.0016 kcal/(mol*A)
xmin   210      -91.3026 kcal/mol        0.0012 kcal/(mol*A)
xmin   210      -91.3026 kcal/mol        0.0005 kcal/(mol*A)
  ... geometry converged !
 
 Final MO eigenvalues (eV):
 -42.4456  -41.3707  -38.9645  -38.7853  -37.9297  -37.4492  -36.4682  -34.1091
 -32.5024  -31.9427  -29.9908  -29.4214  -26.5698  -24.6970  -24.1401  -23.8794
 -23.1105  -21.5759  -19.9048  -19.5980  -19.4190  -18.9237  -18.5486  -17.9462
 -17.2359  -17.2187  -16.9071  -16.3145  -16.1115  -15.7651  -15.6993  -15.5135
 -15.2242  -14.9654  -14.5382  -14.4110  -14.0587  -13.7980  -13.5603  -12.9266
 -12.9147  -12.7313  -12.1445  -11.9688  -11.8108  -11.5966  -11.0806  -11.0094
 -10.4495  -10.1143   -8.8549   -0.2608    0.2417    0.9310    1.2623    2.0027
   2.0972    2.2334    2.3928    2.5487    2.7066    2.7453    2.7819    3.0545
   3.1188    3.2404    3.2636    3.3025    3.4717    3.5725    3.6077    3.6499
   3.8297    3.9021    4.0502    4.1343    4.4052    4.6277    5.0186    5.1515
   5.3137    5.3469    5.6433    5.8947    5.9145    6.0370    6.2215    6.2545
   7.1009

 Heat of formation   =        -91.30257808 kcal/mol  (       -3.95917688 eV)

 Total SCF energy    =     -87055.57280152 kcal/mol  (    -3775.01291364 eV)
 Electronic energy   =    -540060.79641836 kcal/mol  (   -23418.79347896 eV)
 Core-core repulsion =     453005.22361683 kcal/mol  (    19643.78056532 eV)
 
    Atomic Charges for Step       1 :
  Atom    Element       Mulliken Charge
     1      O                 -0.269
     2      O                 -0.290
     3      O                 -0.314
     4      O                 -0.316
     5      N                 -0.201
     6      N                 -0.105
     7      N                 -0.208
     8      N                 -0.269
     9      N                 -0.358
    10      C                  0.019
    11      C                  0.119
    12      C                 -0.031
    13      C                 -0.064
    14      C                 -0.032
    15      C                  0.086
    16      C                 -0.061
    17      C                 -0.249
    18      C                  0.246
    19      C                  0.029
    20      H                  0.141
    21      H                  0.175
    22      H                  0.100
    23      H                  0.135
    24      H                  0.072
    25      H                  0.107
    26      H                  0.226
    27      H                  0.218
    28      H                  0.196
    29      H                  0.218
    30      H                  0.191
    31      H                  0.250
    32      H                  0.242
 Total Mulliken Charge =       0.000
 
                  X        Y        Z     TOTAL  
  QM DIPOLE     1.905   -1.599    1.991    3.186
 
 Final Structure

  QMMM: QM Region Cartesian Coordinates (*=link atom) 
  QMMM: QM_NO.   MM_NO.  ATOM         X         Y         Z
  QMMM:     1        1      O        1.7391    0.4001   -1.0871
  QMMM:     2        2      O        2.1914    2.8778    1.0406
  QMMM:     3        3      O        4.3186    1.5391    0.6903
  QMMM:     4        4      O        2.7807   -2.2400   -1.6327
  QMMM:     5        5      N       -0.1515    0.3241    0.3509
  QMMM:     6        6      N       -1.3455   -1.3646    1.3859
  QMMM:     7        7      N       -1.9666    1.1230   -1.2075
  QMMM:     8        8      N       -4.0678   -0.1297   -0.9327
  QMMM:     9        9      N       -4.2888   -1.9077    0.6476
  QMMM:    10       10      C        1.9638    1.4940    1.0556
  QMMM:    11       11      C        0.9740    1.1038   -0.0942
  QMMM:    12       12      C        3.2276    0.6440    0.7877
  QMMM:    13       13      C        2.9718   -0.0849   -0.5435
  QMMM:    14       14      C        2.8939   -1.6030   -0.3805
  QMMM:    15       15      C       -1.4304    0.3268   -0.2366
  QMMM:    16       16      C       -0.1678   -0.7351    1.2984
  QMMM:    17       17      C       -2.1691   -0.7328    0.4407
  QMMM:    18       18      C       -3.5355   -0.9347    0.0499
  QMMM:    19       19      C       -3.2598    0.8182   -1.4743
  QMMM:    20       20      H        1.5420    1.2871    2.0766
  QMMM:    21       21      H        0.5798    2.0232   -0.6257
  QMMM:    22       22      H        3.4003   -0.0853    1.6236
  QMMM:    23       23      H        3.7497    0.1774   -1.3145
  QMMM:    24       24      H        2.0247   -1.8772    0.2763
  QMMM:    25       25      H        3.8474   -1.9965    0.0620
  QMMM:    26       26      H        2.7956    3.0812    0.3121
  QMMM:    27       27      H        5.1065    1.0074    0.5216
  QMMM:    28       28      H        0.7160   -0.9655    1.9047
  QMMM:    29       29      H        1.9999   -1.8724   -2.0696
  QMMM:    30       30      H       -3.7390    1.4399   -2.2622
  QMMM:    31       31      H       -3.8762   -2.4735    1.3458
  QMMM:    32       32      H       -5.2306   -2.0544    0.3835

           --------- Calculation Completed ----------

