            --------------------------------------------------------
                             AMBER SQM VERSION 19
 
                                     By
              Ross C. Walker, Michael F. Crowley, Scott Brozell,
                         Tim Giese, Andreas W. Goetz,
                        Tai-Sung Lee and David A. Case
 
            --------------------------------------------------------
 

--------------------------------------------------------------------------------
  QM CALCULATION INFO
--------------------------------------------------------------------------------

| QMMM: Citation for AMBER QMMM Run:
| QMMM: R.C. Walker, M.F. Crowley and D.A. Case, J. COMP. CHEM. 29:1019, 2008

QMMM: SINGLET STATE CALCULATION
QMMM: RHF CALCULATION, NO. OF DOUBLY OCCUPIED LEVELS = 51

| QMMM: *** Selected Hamiltonian *** 
| QMMM: AM1         

| QMMM: *** Parameter sets in use ***
| QMMM: O : M.J.S.DEWAR et al. JACS, 107, 3902, (1985)
| QMMM: N : M.J.S.DEWAR et al. JACS, 107, 3902, (1985)
| QMMM: C : M.J.S.DEWAR et al. JACS, 107, 3902, (1985)
| QMMM: H : M.J.S.DEWAR et al. JACS, 107, 3902, (1985)

| QMMM: *** SCF convergence criteria ***
| QMMM: Energy change                :  0.1D-09 kcal/mol
| QMMM: Error matrix |FP-PF|         :  0.1D+00 au
| QMMM: Density matrix change        :  0.5D-06
| QMMM: Maximum number of SCF cycles :     1000

| QMMM: *** Diagonalization Routine Information ***
| QMMM: Pseudo diagonalizations are allowed.
| QMMM: Auto diagonalization routine selection is in use.
| QMMM:
| QMMM: Timing diagonalization routines:
| QMMM:                              norbs =       97
| QMMM:    diag iterations used for timing =       15
| QMMM:
| QMMM:              Internal diag routine = 0.034611 seconds
| QMMM:                 Dspev diag routine = 0.034812 seconds
| QMMM:                Dspevd diag routine = 0.019226 seconds
| QMMM:                Dspevx diag routine = 0.089262 seconds
| QMMM:                 Dsyev diag routine = 0.034860 seconds
| QMMM:                Dsyevd diag routine = 0.017024 seconds
| QMMM:                Dsyevr diag routine = 0.022220 seconds
| QMMM:
| QMMM:                Pseudo diag routine = 0.014822 seconds
| QMMM:
| QMMM: Using dsyevd routine (diag_routine=6).

  QMMM: QM Region Cartesian Coordinates (*=link atom) 
  QMMM: QM_NO.   MM_NO.  ATOM         X         Y         Z
  QMMM:     1        1      O        0.3580    1.4560    0.6930
  QMMM:     2        2      O        2.7840    2.1030    1.9560
  QMMM:     3        3      N        3.0010   -0.4290   -0.7360
  QMMM:     4        4      C        2.7510    1.6410    0.6030
  QMMM:     5        5      C        2.9580    0.1240    0.6110
  QMMM:     6        6      C        3.2560   -1.8630   -0.7020
  QMMM:     7        7      C        1.4260    2.0650   -0.0260
  QMMM:     8        8      C        3.2870   -2.4290   -2.1190
  QMMM:     9        9      C        2.1840   -2.5500    0.1390
  QMMM:    10       10      C       -0.7850    1.1880   -0.0060
  QMMM:    11       11      C       -1.6140    0.1070    0.3360
  QMMM:    12       12      C       -2.7870   -0.1300   -0.4190
  QMMM:    13       13      C       -1.1080    2.0230   -1.0760
  QMMM:    14       14      C       -1.3040   -0.7440    1.4090
  QMMM:    15       15      C       -3.0970    0.7210   -1.4930
  QMMM:    16       16      C       -2.2620    1.7900   -1.8180
  QMMM:    17       17      C       -3.6160   -1.2110   -0.0780
  QMMM:    18       18      C       -2.1390   -1.8130    1.7340
  QMMM:    19       19      C       -3.2930   -2.0460    0.9910
  QMMM:    20       20      H        3.5800    2.1250    0.0740
  QMMM:    21       21      H        2.1550   -0.3050    1.2180
  QMMM:    22       22      H        3.8940   -0.0930    1.1430
  QMMM:    23       23      H        4.2370   -2.0560   -0.2490
  QMMM:    24       24      H        3.7260    0.0380   -1.2800
  QMMM:    25       25      H        1.4380    1.7760   -1.0850
  QMMM:    26       26      H        1.3150    3.1530    0.0540
  QMMM:    27       27      H        3.5020   -3.5030   -2.1040
  QMMM:    28       28      H        2.3270   -2.2850   -2.6280
  QMMM:    29       29      H        4.0650   -1.9440   -2.7190
  QMMM:    30       30      H        2.3200   -2.3860    1.2130
  QMMM:    31       31      H        2.2290   -3.6360   -0.0050
  QMMM:    32       32      H        1.1740   -2.2320   -0.1450
  QMMM:    33       33      H        2.6880    3.0700    1.9380
  QMMM:    34       34      H       -0.5120    2.8890   -1.3480
  QMMM:    35       35      H       -0.4100   -0.5900    2.0090
  QMMM:    36       36      H       -3.9950    0.5580   -2.0860
  QMMM:    37       37      H       -2.5180    2.4450   -2.6460
  QMMM:    38       38      H       -4.5230   -1.4130   -0.6450
  QMMM:    39       39      H       -1.8880   -2.4640    2.5660
  QMMM:    40       40      H       -3.9430   -2.8790    1.2450

--------------------------------------------------------------------------------
  RESULTS
--------------------------------------------------------------------------------

      iter         sqm energy              rms gradient
      ----    -------------------    -----------------------
xmin    10      -52.5088 kcal/mol        1.2176 kcal/(mol*A)
xmin    20      -53.9104 kcal/mol        1.2933 kcal/(mol*A)
xmin    30      -56.0813 kcal/mol        1.0537 kcal/(mol*A)
xmin    40      -56.5886 kcal/mol        0.1414 kcal/(mol*A)
xmin    50      -56.9926 kcal/mol        0.7585 kcal/(mol*A)
xmin    60      -57.1720 kcal/mol        0.2776 kcal/(mol*A)
xmin    70      -57.2204 kcal/mol        0.1652 kcal/(mol*A)
xmin    80      -57.3119 kcal/mol        0.5059 kcal/(mol*A)
xmin    90      -57.3902 kcal/mol        0.1750 kcal/(mol*A)
xmin   100      -57.4708 kcal/mol        0.1290 kcal/(mol*A)
xmin   110      -57.4970 kcal/mol        0.1641 kcal/(mol*A)
xmin   120      -57.5139 kcal/mol        0.2428 kcal/(mol*A)
xmin   130      -57.5192 kcal/mol        0.1532 kcal/(mol*A)
xmin   140      -57.5445 kcal/mol        0.1347 kcal/(mol*A)
xmin   150      -57.6338 kcal/mol        0.2677 kcal/(mol*A)
xmin   160      -57.6470 kcal/mol        0.0593 kcal/(mol*A)
xmin   170      -57.6548 kcal/mol        0.1561 kcal/(mol*A)
xmin   180      -57.6603 kcal/mol        0.1141 kcal/(mol*A)
xmin   190      -57.6681 kcal/mol        0.0652 kcal/(mol*A)
xmin   200      -57.6698 kcal/mol        0.0478 kcal/(mol*A)
xmin   210      -57.6851 kcal/mol        0.0534 kcal/(mol*A)
xmin   220      -57.6931 kcal/mol        0.0440 kcal/(mol*A)
xmin   230      -57.6962 kcal/mol        0.0256 kcal/(mol*A)
xmin   240      -57.6968 kcal/mol        0.0085 kcal/(mol*A)
xmin   250      -57.6974 kcal/mol        0.0222 kcal/(mol*A)
xmin   260      -57.6982 kcal/mol        0.0249 kcal/(mol*A)
xmin   270      -57.6989 kcal/mol        0.0387 kcal/(mol*A)
xmin   280      -57.6993 kcal/mol        0.0094 kcal/(mol*A)
xmin   290      -57.6994 kcal/mol        0.0088 kcal/(mol*A)
xmin   300      -57.6995 kcal/mol        0.0061 kcal/(mol*A)
xmin   310      -57.6996 kcal/mol        0.0059 kcal/(mol*A)
xmin   320      -57.6996 kcal/mol        0.0082 kcal/(mol*A)
xmin   330      -57.6997 kcal/mol        0.0077 kcal/(mol*A)
xmin   340      -57.7000 kcal/mol        0.0105 kcal/(mol*A)
xmin   350      -57.7000 kcal/mol        0.0031 kcal/(mol*A)
xmin   360      -57.7001 kcal/mol        0.0082 kcal/(mol*A)
xmin   370      -57.7001 kcal/mol        0.0038 kcal/(mol*A)
xmin   380      -57.7002 kcal/mol        0.0070 kcal/(mol*A)
xmin   390      -57.7002 kcal/mol        0.0053 kcal/(mol*A)
xmin   400      -57.7002 kcal/mol        0.0028 kcal/(mol*A)
xmin   410      -57.7003 kcal/mol        0.0030 kcal/(mol*A)
xmin   420      -57.7003 kcal/mol        0.0021 kcal/(mol*A)
xmin   430      -57.7003 kcal/mol        0.0019 kcal/(mol*A)
xmin   440      -57.6997 kcal/mol        0.0190 kcal/(mol*A)
xmin   450      -57.7001 kcal/mol        0.0103 kcal/(mol*A)
xmin   460      -57.7003 kcal/mol        0.0048 kcal/(mol*A)
xmin   470      -57.7003 kcal/mol        0.0034 kcal/(mol*A)
xmin   480      -57.7003 kcal/mol        0.0012 kcal/(mol*A)
xmin   490      -57.7003 kcal/mol        0.0019 kcal/(mol*A)
xmin   500      -57.7003 kcal/mol        0.0018 kcal/(mol*A)
xmin   510      -57.7004 kcal/mol        0.0018 kcal/(mol*A)
xmin   520      -57.7004 kcal/mol        0.0020 kcal/(mol*A)
  ... geometry converged !
 
 Final MO eigenvalues (eV):
 -41.0671  -39.7812  -38.3262  -37.4370  -36.3734  -33.1428  -32.4622  -31.0720
 -29.9853  -29.1196  -27.8669  -26.1424  -24.1051  -23.7151  -22.6709  -21.8918
 -21.3780  -18.9843  -18.5015  -17.7521  -17.4139  -17.0153  -16.7666  -16.6575
 -16.2892  -15.5374  -15.3376  -15.0268  -14.7803  -14.5645  -14.3769  -14.0866
 -13.9355  -13.7167  -13.4074  -13.1990  -12.9751  -12.8569  -12.7982  -12.4738
 -12.1462  -12.0506  -11.8354  -11.7625  -11.7034  -11.5986  -11.0819  -10.2265
  -9.5112   -9.4332   -8.4387   -0.2291    0.1193    1.1897    2.0967    2.1648
   2.8528    3.2236    3.3740    3.6075    3.6420    3.7256    3.7941    3.8537
   3.8886    3.9493    3.9844    4.0329    4.1017    4.1705    4.2120    4.3056
   4.3762    4.4094    4.4361    4.4595    4.5143    4.5742    4.6624    4.7382
   4.7984    4.8966    4.9603    4.9734    5.0789    5.1568    5.1682    5.2867
   5.4985    5.5779    5.6618    5.8129    6.0172    6.0517    6.1875    6.2928
   6.4073

 Heat of formation   =        -57.70036356 kcal/mol  (       -2.50207552 eV)

 Total SCF energy    =     -73462.26885726 kcal/mol  (    -3185.56302230 eV)
 Electronic energy   =    -496460.22409137 kcal/mol  (   -21528.13078754 eV)
 Core-core repulsion =     422997.95523411 kcal/mol  (    18342.56776524 eV)
 
    Atomic Charges for Step       1 :
  Atom    Element       Mulliken Charge
     1      O                 -0.230
     2      O                 -0.321
     3      N                 -0.302
     4      C                  0.033
     5      C                 -0.111
     6      C                 -0.021
     7      C                 -0.054
     8      C                 -0.220
     9      C                 -0.206
    10      C                  0.104
    11      C                 -0.054
    12      C                 -0.011
    13      C                 -0.216
    14      C                 -0.095
    15      C                 -0.153
    16      C                 -0.091
    17      C                 -0.128
    18      C                 -0.140
    19      C                 -0.117
    20      H                  0.119
    21      H                  0.106
    22      H                  0.064
    23      H                  0.059
    24      H                  0.153
    25      H                  0.109
    26      H                  0.090
    27      H                  0.082
    28      H                  0.086
    29      H                  0.071
    30      H                  0.079
    31      H                  0.071
    32      H                  0.085
    33      H                  0.213
    34      H                  0.140
    35      H                  0.141
    36      H                  0.134
    37      H                  0.133
    38      H                  0.134
    39      H                  0.133
    40      H                  0.132
 Total Mulliken Charge =       0.000
 
                  X        Y        Z     TOTAL  
  QM DIPOLE     0.590   -0.984   -0.915    1.468
 
 Final Structure

  QMMM: QM Region Cartesian Coordinates (*=link atom) 
  QMMM: QM_NO.   MM_NO.  ATOM         X         Y         Z
  QMMM:     1        1      O        0.2128    0.8532    0.3802
  QMMM:     2        2      O        2.3515    1.7523    1.8323
  QMMM:     3        3      N        3.6017   -0.4751   -0.8144
  QMMM:     4        4      C        2.5252    1.3469    0.4884
  QMMM:     5        5      C        2.9879   -0.1231    0.4473
  QMMM:     6        6      C        3.9504   -1.8929   -0.9158
  QMMM:     7        7      C        1.2458    1.5535   -0.3265
  QMMM:     8        8      C        5.1049   -2.1306   -1.8904
  QMMM:     9        9      C        2.7553   -2.7396   -1.3572
  QMMM:    10       10      C       -1.0519    0.9256   -0.1698
  QMMM:    11       11      C       -2.0644    0.2503    0.5910
  QMMM:    12       12      C       -3.3938    0.2674    0.0991
  QMMM:    13       13      C       -1.3579    1.5764   -1.3481
  QMMM:    14       14      C       -1.7778   -0.4254    1.8061
  QMMM:    15       15      C       -3.6867    0.9440   -1.1173
  QMMM:    16       16      C       -2.6923    1.5790   -1.8166
  QMMM:    17       17      C       -4.4078   -0.3975    0.8415
  QMMM:    18       18      C       -2.7782   -1.0594    2.5029
  QMMM:    19       19      C       -4.1060   -1.0450    2.0149
  QMMM:    20       20      H        3.3205    2.0388    0.0898
  QMMM:    21       21      H        2.0862   -0.7821    0.5994
  QMMM:    22       22      H        3.6778   -0.2850    1.3284
  QMMM:    23       23      H        4.2828   -2.2857    0.0976
  QMMM:    24       24      H        4.4155    0.0900   -0.9733
  QMMM:    25       25      H        1.3605    1.1269   -1.3558
  QMMM:    26       26      H        0.9860    2.6432   -0.3746
  QMMM:    27       27      H        5.3307   -3.2229   -1.9283
  QMMM:    28       28      H        4.8356   -1.7872   -2.9177
  QMMM:    29       29      H        6.0249   -1.5904   -1.5616
  QMMM:    30       30      H        1.9051   -2.6358   -0.6418
  QMMM:    31       31      H        3.0632   -3.8119   -1.3925
  QMMM:    32       32      H        2.4051   -2.4322   -2.3711
  QMMM:    33       33      H        1.6063    1.2523    2.1907
  QMMM:    34       34      H       -0.5899    2.0945   -1.9379
  QMMM:    35       35      H       -0.7394   -0.4273    2.1723
  QMMM:    36       36      H       -4.7243    0.9460   -1.4817
  QMMM:    37       37      H       -2.9160    2.1031   -2.7581
  QMMM:    38       38      H       -5.4377   -0.3811    0.4547
  QMMM:    39       39      H       -2.5594   -1.5833    3.4447
  QMMM:    40       40      H       -4.8916   -1.5590    2.5885

           --------- Calculation Completed ----------

