            --------------------------------------------------------
                             AMBER SQM VERSION 19
 
                                     By
              Ross C. Walker, Michael F. Crowley, Scott Brozell,
                         Tim Giese, Andreas W. Goetz,
                        Tai-Sung Lee and David A. Case
 
            --------------------------------------------------------
 

--------------------------------------------------------------------------------
  QM CALCULATION INFO
--------------------------------------------------------------------------------

| QMMM: Citation for AMBER QMMM Run:
| QMMM: R.C. Walker, M.F. Crowley and D.A. Case, J. COMP. CHEM. 29:1019, 2008

QMMM: SINGLET STATE CALCULATION
QMMM: RHF CALCULATION, NO. OF DOUBLY OCCUPIED LEVELS = 68

| QMMM: *** Selected Hamiltonian *** 
| QMMM: AM1         

| QMMM: *** Parameter sets in use ***
| QMMM: O : M.J.S.DEWAR et al. JACS, 107, 3902, (1985)
| QMMM: C : M.J.S.DEWAR et al. JACS, 107, 3902, (1985)
| QMMM: H : M.J.S.DEWAR et al. JACS, 107, 3902, (1985)

| QMMM: *** SCF convergence criteria ***
| QMMM: Energy change                :  0.1D-09 kcal/mol
| QMMM: Error matrix |FP-PF|         :  0.1D+00 au
| QMMM: Density matrix change        :  0.5D-06
| QMMM: Maximum number of SCF cycles :     1000

| QMMM: *** Diagonalization Routine Information ***
| QMMM: Pseudo diagonalizations are allowed.
| QMMM: Auto diagonalization routine selection is in use.
| QMMM:
| QMMM: Timing diagonalization routines:
| QMMM:                              norbs =      114
| QMMM:    diag iterations used for timing =       10
| QMMM:
| QMMM:              Internal diag routine = 0.032296 seconds
| QMMM:                 Dspev diag routine = 0.036087 seconds
| QMMM:                Dspevd diag routine = 0.018369 seconds
| QMMM:                Dspevx diag routine = 0.084437 seconds
| QMMM:                 Dsyev diag routine = 0.036085 seconds
| QMMM:                Dsyevd diag routine = 0.014450 seconds
| QMMM:                Dsyevr diag routine = 0.021115 seconds
| QMMM:
| QMMM:                Pseudo diag routine = 0.013959 seconds
| QMMM:
| QMMM: Using dsyevd routine (diag_routine=6).

  QMMM: QM Region Cartesian Coordinates (*=link atom) 
  QMMM: QM_NO.   MM_NO.  ATOM         X         Y         Z
  QMMM:     1        1      O       -1.4680    0.4390   -0.9180
  QMMM:     2        2      O       -0.6030   -0.8920    0.8120
  QMMM:     3        3      O        0.9280    0.4830   -0.3050
  QMMM:     4        4      O       -3.0700   -2.0050    1.1930
  QMMM:     5        5      O       -4.6200    0.6320    0.7330
  QMMM:     6        6      O        1.2230    0.2160    2.5660
  QMMM:     7        7      O        3.6110   -1.7290    0.6380
  QMMM:     8        8      O        3.1500    1.8350    1.1540
  QMMM:     9        9      O       -1.9580   -1.8480   -2.4300
  QMMM:    10       10      O       -1.3850    3.2450   -0.8930
  QMMM:    11       11      O        3.8370    0.2060   -2.5040
  QMMM:    12       12      C       -1.4950   -0.8630   -0.3040
  QMMM:    13       13      C       -2.9300   -1.0230    0.1870
  QMMM:    14       14      C       -3.2290    0.3740    0.6890
  QMMM:    15       15      C       -2.5500    1.2240   -0.3790
  QMMM:    16       16      C        0.7530   -0.7450    0.3970
  QMMM:    17       17      C        1.6460   -0.7850    1.6390
  QMMM:    18       18      C        3.1150   -0.5550    1.2750
  QMMM:    19       19      C        3.2920    0.6580    0.3520
  QMMM:    20       20      C        2.2580    0.7200   -0.7860
  QMMM:    21       21      C       -1.0900   -1.9270   -1.3120
  QMMM:    22       22      C       -2.0030    2.5320    0.1650
  QMMM:    23       23      C        2.5890   -0.1900   -1.9670
  QMMM:    24       24      H       -3.6220   -1.2730   -0.6270
  QMMM:    25       25      H       -2.8150    0.5300    1.6920
  QMMM:    26       26      H       -3.2290    1.4360   -1.2150
  QMMM:    27       27      H        1.0590   -1.5990   -0.2110
  QMMM:    28       28      H        1.5260   -1.7530    2.1410
  QMMM:    29       29      H        3.6910   -0.4030    2.1960
  QMMM:    30       30      H        4.3100    0.6750   -0.0510
  QMMM:    31       31      H        2.2440    1.7500   -1.1640
  QMMM:    32       32      H       -1.1310   -2.9320   -0.8800
  QMMM:    33       33      H       -0.1000   -1.7690   -1.7400
  QMMM:    34       34      H       -1.2450    2.3610    0.9370
  QMMM:    35       35      H       -2.7990    3.1540    0.5840
  QMMM:    36       36      H        1.8210   -0.1130   -2.7440
  QMMM:    37       37      H        2.6530   -1.2450   -1.6890
  QMMM:    38       38      H       -3.9800   -1.9480    1.5320
  QMMM:    39       39      H       -4.7360    1.5660    0.9750
  QMMM:    40       40      H        0.2790    0.0670    2.7430
  QMMM:    41       41      H        4.5490   -1.5770    0.4330
  QMMM:    42       42      H        3.3430    2.6010    0.5870
  QMMM:    43       43      H       -1.6960   -2.5510   -3.0490
  QMMM:    44       44      H       -0.6790    2.6810   -1.2540
  QMMM:    45       45      H        3.7490    1.1230   -2.8130

--------------------------------------------------------------------------------
  RESULTS
--------------------------------------------------------------------------------

      iter         sqm energy              rms gradient
      ----    -------------------    -----------------------
xmin    10     -515.3733 kcal/mol        0.5617 kcal/(mol*A)
xmin    20     -515.8766 kcal/mol        0.4791 kcal/(mol*A)
xmin    30     -525.3560 kcal/mol        2.0587 kcal/(mol*A)
xmin    40     -526.2557 kcal/mol        0.1368 kcal/(mol*A)
xmin    50     -526.2927 kcal/mol        0.0652 kcal/(mol*A)
xmin    60     -526.3296 kcal/mol        0.1306 kcal/(mol*A)
xmin    70     -526.3556 kcal/mol        0.0164 kcal/(mol*A)
xmin    80     -526.3563 kcal/mol        0.0153 kcal/(mol*A)
xmin    90     -526.3564 kcal/mol        0.0013 kcal/(mol*A)
  ... geometry converged !
 
 Final MO eigenvalues (eV):
 -42.5115  -41.6565  -39.2970  -38.7181  -38.5132  -38.3971  -37.7367  -37.6245
 -37.4783  -37.2322  -36.4828  -31.5297  -31.4293  -31.3496  -30.3393  -27.9779
 -27.5027  -25.4934  -24.4311  -24.1746  -22.9476  -22.2488  -21.0681  -19.8535
 -19.4569  -19.3225  -19.2050  -18.7523  -18.6844  -18.3546  -17.8472  -17.7717
 -17.5121  -17.2988  -16.9715  -16.8087  -16.5181  -16.2227  -15.9446  -15.7759
 -15.5890  -15.4648  -15.1335  -15.0243  -14.8569  -14.7024  -14.4571  -14.2737
 -14.1401  -14.0646  -13.9257  -13.6814  -13.4881  -13.2666  -12.8346  -12.6992
 -12.4041  -12.1829  -12.0790  -11.9328  -11.7090  -11.6124  -11.4433  -11.3482
 -11.1316  -10.9812  -10.6783  -10.3143    1.6415    2.1254    2.3475    2.3925
   2.5592    2.6598    2.8842    2.9199    2.9642    3.0639    3.1404    3.2112
   3.3622    3.3952    3.4235    3.4493    3.5118    3.6089    3.6750    3.6870
   3.7296    3.8308    3.8520    3.8671    3.9316    3.9994    4.0434    4.1260
   4.1713    4.1763    4.2725    4.3970    4.4588    4.5178    4.5389    5.3957
   5.4667    5.6381    5.7123    5.7729    5.8726    5.9143    5.9700    6.1307
   6.3577    6.5665

 Heat of formation   =       -526.35640002 kcal/mol  (      -22.82452626 eV)

 Total SCF energy    =    -123779.19311018 kcal/mol  (    -5367.46858810 eV)
 Electronic energy   =    -906212.42813339 kcal/mol  (   -39296.31967969 eV)
 Core-core repulsion =     782433.23502321 kcal/mol  (    33928.85109159 eV)
 
    Atomic Charges for Step       1 :
  Atom    Element       Mulliken Charge
     1      O                 -0.281
     2      O                 -0.277
     3      O                 -0.291
     4      O                 -0.297
     5      O                 -0.320
     6      O                 -0.330
     7      O                 -0.329
     8      O                 -0.316
     9      O                 -0.315
    10      O                 -0.328
    11      O                 -0.319
    12      C                  0.168
    13      C                  0.021
    14      C                 -0.031
    15      C                 -0.042
    16      C                  0.122
    17      C                  0.021
    18      C                 -0.006
    19      C                 -0.017
    20      C                 -0.031
    21      C                 -0.026
    22      C                 -0.024
    23      C                 -0.058
    24      H                  0.135
    25      H                  0.106
    26      H                  0.126
    27      H                  0.103
    28      H                  0.115
    29      H                  0.116
    30      H                  0.133
    31      H                  0.131
    32      H                  0.127
    33      H                  0.089
    34      H                  0.076
    35      H                  0.101
    36      H                  0.079
    37      H                  0.125
    38      H                  0.211
    39      H                  0.209
    40      H                  0.232
    41      H                  0.216
    42      H                  0.227
    43      H                  0.217
    44      H                  0.228
    45      H                  0.202
 Total Mulliken Charge =      -0.000
 
                  X        Y        Z     TOTAL  
  QM DIPOLE    -1.847   -0.948    0.264    2.093
 
 Final Structure

  QMMM: QM Region Cartesian Coordinates (*=link atom) 
  QMMM: QM_NO.   MM_NO.  ATOM         X         Y         Z
  QMMM:     1        1      O       -1.6064    0.4591   -1.0290
  QMMM:     2        2      O       -0.5411   -0.6428    0.6316
  QMMM:     3        3      O        0.9967    0.4098   -0.5644
  QMMM:     4        4      O       -2.6618   -1.6569    1.5725
  QMMM:     5        5      O       -4.7983    0.3235   -0.0312
  QMMM:     6        6      O        1.2099    0.4820    2.3752
  QMMM:     7        7      O        3.6050   -1.6311    0.7903
  QMMM:     8        8      O        3.2112    1.9942    0.8669
  QMMM:     9        9      O       -2.2403   -2.0169   -2.3589
  QMMM:    10       10      O       -0.8155    2.9658   -0.2326
  QMMM:    11       11      O        3.9663    0.0333   -2.6563
  QMMM:    12       12      C       -1.5137   -0.8070   -0.3832
  QMMM:    13       13      C       -2.8797   -1.0440    0.3240
  QMMM:    14       14      C       -3.4791    0.3768    0.4774
  QMMM:    15       15      C       -2.5642    1.2949   -0.3554
  QMMM:    16       16      C        0.8218   -0.7260    0.2724
  QMMM:    17       17      C        1.6218   -0.6205    1.5865
  QMMM:    18       18      C        3.1088   -0.3901    1.2682
  QMMM:    19       19      C        3.3107    0.7344    0.2370
  QMMM:    20       20      C        2.3446    0.6500   -0.9538
  QMMM:    21       21      C       -1.1752   -1.8554   -1.4515
  QMMM:    22       22      C       -1.8020    2.2946    0.5169
  QMMM:    23       23      C        2.8059   -0.3946   -1.9762
  QMMM:    24       24      H       -3.5303   -1.6773   -0.3408
  QMMM:    25       25      H       -3.4942    0.6863    1.5571
  QMMM:    26       26      H       -3.1206    1.8195   -1.1775
  QMMM:    27       27      H        1.0802   -1.6732   -0.2734
  QMMM:    28       28      H        1.4914   -1.5755    2.1663
  QMMM:    29       29      H        3.6376   -0.0972    2.2199
  QMMM:    30       30      H        4.3647    0.6981   -0.1659
  QMMM:    31       31      H        2.2856    1.6688   -1.4402
  QMMM:    32       32      H       -1.0385   -2.8569   -0.9647
  QMMM:    33       33      H       -0.2427   -1.5412   -1.9938
  QMMM:    34       34      H       -1.3276    1.7529    1.3809
  QMMM:    35       35      H       -2.4918    3.0955    0.8904
  QMMM:    36       36      H        1.9715   -0.6026   -2.6979
  QMMM:    37       37      H        3.1111   -1.3485   -1.4642
  QMMM:    38       38      H       -3.5306   -1.9388    1.8889
  QMMM:    39       39      H       -5.1541    1.2196    0.0107
  QMMM:    40       40      H        0.2448    0.4415    2.4317
  QMMM:    41       41      H        4.5579   -1.5236    0.6780
  QMMM:    42       42      H        2.3328    2.0453    1.2742
  QMMM:    43       43      H       -2.3907   -1.1580   -2.7775
  QMMM:    44       44      H       -0.2250    2.2853   -0.5929
  QMMM:    45       45      H        3.7357    0.8297   -3.1507

           --------- Calculation Completed ----------

