            --------------------------------------------------------
                             AMBER SQM VERSION 19
 
                                     By
              Ross C. Walker, Michael F. Crowley, Scott Brozell,
                         Tim Giese, Andreas W. Goetz,
                        Tai-Sung Lee and David A. Case
 
            --------------------------------------------------------
 

--------------------------------------------------------------------------------
  QM CALCULATION INFO
--------------------------------------------------------------------------------

| QMMM: Citation for AMBER QMMM Run:
| QMMM: R.C. Walker, M.F. Crowley and D.A. Case, J. COMP. CHEM. 29:1019, 2008

QMMM: SINGLET STATE CALCULATION
QMMM: RHF CALCULATION, NO. OF DOUBLY OCCUPIED LEVELS = 21

| QMMM: *** Selected Hamiltonian *** 
| QMMM: AM1         

| QMMM: *** Parameter sets in use ***
| QMMM: O : M.J.S.DEWAR et al. JACS, 107, 3902, (1985)
| QMMM: N : M.J.S.DEWAR et al. JACS, 107, 3902, (1985)
| QMMM: C : M.J.S.DEWAR et al. JACS, 107, 3902, (1985)
| QMMM: H : M.J.S.DEWAR et al. JACS, 107, 3902, (1985)

| QMMM: *** SCF convergence criteria ***
| QMMM: Energy change                :  0.1D-09 kcal/mol
| QMMM: Error matrix |FP-PF|         :  0.1D+00 au
| QMMM: Density matrix change        :  0.5D-06
| QMMM: Maximum number of SCF cycles :     1000

| QMMM: *** Diagonalization Routine Information ***
| QMMM: Pseudo diagonalizations are allowed.
| QMMM: Auto diagonalization routine selection is in use.
| QMMM:
| QMMM: Timing diagonalization routines:
| QMMM:                              norbs =       37
| QMMM:    diag iterations used for timing =       20
| QMMM:
| QMMM:              Internal diag routine = 0.003473 seconds
| QMMM:                 Dspev diag routine = 0.004590 seconds
| QMMM:                Dspevd diag routine = 0.003788 seconds
| QMMM:                Dspevx diag routine = 0.016490 seconds
| QMMM:                 Dsyev diag routine = 0.004763 seconds
| QMMM:                Dsyevd diag routine = 0.004045 seconds
| QMMM:                Dsyevr diag routine = 0.005053 seconds
| QMMM:
| QMMM:                Pseudo diag routine = 0.001043 seconds
| QMMM:
| QMMM: Using internal diagonalization routine (diag_routine=1).

  QMMM: QM Region Cartesian Coordinates (*=link atom) 
  QMMM: QM_NO.   MM_NO.  ATOM         X         Y         Z
  QMMM:     1        1      O        2.2130    1.1190    0.0000
  QMMM:     2        2      N       -0.0590    0.9820    0.0000
  QMMM:     3        3      N       -2.4420    0.9210    0.0000
  QMMM:     4        4      N        1.2940   -0.9740    0.0000
  QMMM:     5        5      C       -1.2410    0.2680   -0.0000
  QMMM:     6        6      C       -1.1640   -1.0730   -0.0000
  QMMM:     7        7      C        1.2090    0.4060   -0.0000
  QMMM:     8        8      C        0.1910   -1.6480    0.0000
  QMMM:     9        9      H       -0.1330    1.9950    0.0000
  QMMM:    10       10      H       -2.0220   -1.7320   -0.0000
  QMMM:    11       11      H        0.2350   -2.7490    0.0010
  QMMM:    12       12      H       -3.3090    0.3980    0.0000
  QMMM:    13       13      H       -2.4530    1.9330    0.0010

--------------------------------------------------------------------------------
  RESULTS
--------------------------------------------------------------------------------

      iter         sqm energy              rms gradient
      ----    -------------------    -----------------------
xmin    10        3.2324 kcal/mol        0.2101 kcal/(mol*A)
xmin    20        3.1897 kcal/mol        0.1653 kcal/(mol*A)
xmin    30        3.1258 kcal/mol        0.4357 kcal/(mol*A)
xmin    40        3.1202 kcal/mol        0.0417 kcal/(mol*A)
xmin    50        3.1199 kcal/mol        0.0139 kcal/(mol*A)
xmin    60        3.1199 kcal/mol        0.0014 kcal/(mol*A)
  ... geometry converged !
 
 Final MO eigenvalues (eV):
 -40.8351  -37.8367  -36.2559  -33.6769  -30.4170  -25.1509  -23.8945  -19.6914
 -19.1307  -18.6084  -17.0286  -16.2010  -15.9411  -15.5236  -13.9823  -13.7003
 -12.3208  -11.9403  -11.2880  -10.6266   -9.0327   -0.2190    0.6725    1.0319
   2.0244    2.6390    3.1498    3.3986    3.9744    4.2545    4.4868    4.6508
   4.9743    5.5293    5.5395    6.7754    6.9735

 Heat of formation   =          3.11986077 kcal/mol  (        0.13528731 eV)

 Total SCF energy    =     -35090.85217089 kcal/mol  (    -1521.65353501 eV)
 Electronic energy   =    -135740.97779444 kcal/mol  (    -5886.17049540 eV)
 Core-core repulsion =     100650.12562355 kcal/mol  (     4364.51696039 eV)
 
    Atomic Charges for Step       1 :
  Atom    Element       Mulliken Charge
     1      O                 -0.332
     2      N                 -0.340
     3      N                 -0.373
     4      N                 -0.224
     5      C                  0.250
     6      C                 -0.403
     7      C                  0.340
     8      C                  0.065
     9      H                  0.246
    10      H                  0.155
    11      H                  0.165
    12      H                  0.231
    13      H                  0.219
 Total Mulliken Charge =      -0.000
 
                  X        Y        Z     TOTAL  
  QM DIPOLE    -6.907    0.751    0.745    6.988
 
 Final Structure

  QMMM: QM Region Cartesian Coordinates (*=link atom) 
  QMMM: QM_NO.   MM_NO.  ATOM         X         Y         Z
  QMMM:     1        1      O        2.2098    1.1505   -0.0015
  QMMM:     2        2      N       -0.0576    1.0466   -0.0028
  QMMM:     3        3      N       -2.4639    0.9446   -0.1138
  QMMM:     4        4      N        1.2890   -1.0200    0.0079
  QMMM:     5        5      C       -1.2326    0.3068   -0.0247
  QMMM:     6        6      C       -1.1435   -1.0973   -0.0050
  QMMM:     7        7      C        1.2245    0.3899   -0.0013
  QMMM:     8        8      C        0.1539   -1.6848    0.0042
  QMMM:     9        9      H       -0.0677    2.0414   -0.0453
  QMMM:    10       10      H       -2.0366   -1.7279   -0.0112
  QMMM:    11       11      H        0.2394   -2.7901    0.0106
  QMMM:    12       12      H       -3.2604    0.3809    0.0659
  QMMM:    13       13      H       -2.5353    1.9055    0.1192

           --------- Calculation Completed ----------

