            --------------------------------------------------------
                             AMBER SQM VERSION 19
 
                                     By
              Ross C. Walker, Michael F. Crowley, Scott Brozell,
                         Tim Giese, Andreas W. Goetz,
                        Tai-Sung Lee and David A. Case
 
            --------------------------------------------------------
 

--------------------------------------------------------------------------------
  QM CALCULATION INFO
--------------------------------------------------------------------------------

| QMMM: Citation for AMBER QMMM Run:
| QMMM: R.C. Walker, M.F. Crowley and D.A. Case, J. COMP. CHEM. 29:1019, 2008

QMMM: SINGLET STATE CALCULATION
QMMM: RHF CALCULATION, NO. OF DOUBLY OCCUPIED LEVELS = 79

| QMMM: *** Selected Hamiltonian *** 
| QMMM: AM1         

| QMMM: *** Parameter sets in use ***
| QMMM: O : M.J.S.DEWAR et al. JACS, 107, 3902, (1985)
| QMMM: C : M.J.S.DEWAR et al. JACS, 107, 3902, (1985)
| QMMM: H : M.J.S.DEWAR et al. JACS, 107, 3902, (1985)

| QMMM: *** SCF convergence criteria ***
| QMMM: Energy change                :  0.1D-09 kcal/mol
| QMMM: Error matrix |FP-PF|         :  0.1D+00 au
| QMMM: Density matrix change        :  0.5D-06
| QMMM: Maximum number of SCF cycles :     1000

| QMMM: *** Diagonalization Routine Information ***
| QMMM: Pseudo diagonalizations are allowed.
| QMMM: Auto diagonalization routine selection is in use.
| QMMM:
| QMMM: Timing diagonalization routines:
| QMMM:                              norbs =      156
| QMMM:    diag iterations used for timing =        5
| QMMM:
| QMMM:              Internal diag routine = 0.038517 seconds
| QMMM:                 Dspev diag routine = 0.074405 seconds
| QMMM:                Dspevd diag routine = 0.020736 seconds
| QMMM:                Dspevx diag routine = 0.086263 seconds
| QMMM:                 Dsyev diag routine = 0.044109 seconds
| QMMM:                Dsyevd diag routine = 0.012651 seconds
| QMMM:                Dsyevr diag routine = 0.017697 seconds
| QMMM:
| QMMM:                Pseudo diag routine = 0.020877 seconds
| QMMM: Pseudo diagonalization appears to be slower than regular
| QMMM: diagonalization. Setting pseudo_diag=0 for optimum performance.
| QMMM:
| QMMM: Using dsyevd routine (diag_routine=6).

  QMMM: QM Region Cartesian Coordinates (*=link atom) 
  QMMM: QM_NO.   MM_NO.  ATOM         X         Y         Z
  QMMM:     1        1      O        7.5890   -1.2920   -0.6310
  QMMM:     2        2      C       -0.8020    0.7120    0.6300
  QMMM:     3        3      C       -0.1270    0.7320   -0.7560
  QMMM:     4        4      C       -2.2880    0.7610    0.1990
  QMMM:     5        5      C        1.9480   -0.4420    0.1900
  QMMM:     6        6      C       -0.3950   -0.5990    1.3230
  QMMM:     7        7      C       -0.8630    1.8560   -1.4910
  QMMM:     8        8      C        1.3760    0.6820   -0.6810
  QMMM:     9        9      C       -2.3050    1.7800   -0.9620
  QMMM:    10       10      C        3.5180   -0.3320    0.4560
  QMMM:    11       11      C        1.1290   -0.6860    1.4940
  QMMM:    12       12      C       -3.2990    1.0870    1.2890
  QMMM:    13       13      C       -0.4250    1.9300    1.5090
  QMMM:    14       14      C        4.2450    0.3970   -0.6820
  QMMM:    15       15      C        4.0710   -1.7810    0.6010
  QMMM:    16       16      C        2.1760    1.4490   -1.4360
  QMMM:    17       17      C        3.8290    0.4680    1.7460
  QMMM:    18       18      C       -4.7540    1.0880    0.7750
  QMMM:    19       19      C        3.5930    1.2180   -1.5210
  QMMM:    20       20      C        5.7410    0.2220   -0.7940
  QMMM:    21       21      C        5.5950   -1.8760    0.5880
  QMMM:    22       22      C       -3.1710    0.0820    2.4410
  QMMM:    23       23      C        6.1670   -1.2380   -0.6750
  QMMM:    24       24      C       -5.2370   -0.2130    0.1210
  QMMM:    25       25      C       -6.6620   -0.1250   -0.4350
  QMMM:    26       26      C       -7.1730   -1.4530   -1.0270
  QMMM:    27       27      C       -7.1360   -2.5990   -0.0160
  QMMM:    28       28      C       -6.3390   -1.8250   -2.2560
  QMMM:    29       29      H       -0.4050   -0.1960   -1.2860
  QMMM:    30       30      H       -2.5260   -0.2240   -0.2280
  QMMM:    31       31      H        1.7840   -1.3420   -0.4250
  QMMM:    32       32      H       -0.7360   -1.4640    0.7390
  QMMM:    33       33      H       -0.8160   -0.7110    2.3210
  QMMM:    34       34      H       -0.8290    1.7230   -2.5780
  QMMM:    35       35      H       -0.4340    2.8400   -1.2650
  QMMM:    36       36      H       -2.6290    2.7750   -0.6370
  QMMM:    37       37      H       -2.9920    1.4530   -1.7510
  QMMM:    38       38      H        1.4050    0.0360    2.2680
  QMMM:    39       39      H        1.3810   -1.6750    1.8970
  QMMM:    40       40      H       -3.1130    2.0890    1.6950
  QMMM:    41       41      H        0.6580    2.0730    1.5760
  QMMM:    42       42      H       -0.8360    2.8670    1.1180
  QMMM:    43       43      H       -0.7930    1.8190    2.5330
  QMMM:    44       44      H        3.6960   -2.4020   -0.2230
  QMMM:    45       45      H        3.6970   -2.2380    1.5250
  QMMM:    46       46      H        1.7750    2.2080   -2.0990
  QMMM:    47       47      H        4.8980    0.6760    1.8630
  QMMM:    48       48      H        3.3130    1.4350    1.7480
  QMMM:    49       49      H        3.5310   -0.0820    2.6460
  QMMM:    50       50      H       -5.4260    1.3350    1.6070
  QMMM:    51       51      H       -4.8720    1.9050    0.0520
  QMMM:    52       52      H        4.1230    1.7510   -2.3040
  QMMM:    53       53      H        6.1210    0.6240   -1.7420
  QMMM:    54       54      H        6.2360    0.8150   -0.0150
  QMMM:    55       55      H        6.0230   -1.4050    1.4810
  QMMM:    56       56      H        5.9000   -2.9290    0.6390
  QMMM:    57       57      H       -3.0690   -0.9500    2.0900
  QMMM:    58       58      H       -4.0670    0.1130    3.0740
  QMMM:    59       59      H       -2.3500    0.3370    3.1130
  QMMM:    60       60      H        5.8380   -1.7940   -1.5610
  QMMM:    61       61      H       -4.5640   -0.4750   -0.6990
  QMMM:    62       62      H       -5.1750   -1.0130    0.8650
  QMMM:    63       63      H       -6.7100    0.6620   -1.1980
  QMMM:    64       64      H       -7.3400    0.1820    0.3720
  QMMM:    65       65      H        7.8440   -2.2280   -0.5600
  QMMM:    66       66      H       -8.2110   -1.3000   -1.3450
  QMMM:    67       67      H       -6.1160   -2.9110    0.2270
  QMMM:    68       68      H       -7.6530   -3.4760   -0.4220
  QMMM:    69       69      H       -7.6430   -2.3160    0.9120
  QMMM:    70       70      H       -5.3150   -2.1120   -1.9970
  QMMM:    71       71      H       -6.7920   -2.6790   -2.7720
  QMMM:    72       72      H       -6.2960   -0.9960   -2.9700

--------------------------------------------------------------------------------
  RESULTS
--------------------------------------------------------------------------------

      iter         sqm energy              rms gradient
      ----    -------------------    -----------------------
xmin    10     -106.8164 kcal/mol        0.1840 kcal/(mol*A)
xmin    20     -106.9161 kcal/mol        0.0465 kcal/(mol*A)
xmin    30     -106.9285 kcal/mol        0.0883 kcal/(mol*A)
xmin    40     -106.9472 kcal/mol        0.0143 kcal/(mol*A)
xmin    50     -106.9481 kcal/mol        0.0075 kcal/(mol*A)
xmin    60     -106.9486 kcal/mol        0.0019 kcal/(mol*A)
  ... geometry converged !
 
 Final MO eigenvalues (eV):
 -41.9635  -40.4904  -38.5786  -37.8817  -36.3306  -35.3882  -34.6952  -33.0489
 -31.8287  -31.3078  -29.9709  -29.1786  -27.8337  -27.7633  -27.2021  -26.9896
 -26.7883  -24.3722  -24.1300  -23.3002  -22.8643  -21.8578  -20.8540  -20.4411
 -19.9776  -19.0294  -18.7590  -18.2172  -17.0034  -16.7677  -16.6037  -16.1509
 -16.1117  -15.9490  -15.8830  -15.5833  -15.3890  -15.2474  -14.9340  -14.7716
 -14.6357  -14.4646  -14.1414  -14.0131  -13.9456  -13.7585  -13.6420  -13.4703
 -13.2678  -13.2133  -13.1296  -13.0625  -12.8556  -12.7950  -12.7450  -12.6820
 -12.5151  -12.4538  -12.3730  -12.1836  -12.1332  -12.0595  -11.8903  -11.7991
 -11.6759  -11.5858  -11.4827  -11.4094  -11.3588  -11.2648  -11.0364  -10.9997
 -10.9910  -10.9353  -10.8181  -10.7352  -10.6217  -10.5238   -8.4687    0.3815
   2.2005    3.2263    3.3596    3.4482    3.5041    3.5384    3.5909    3.7198
   3.7511    3.8033    3.8257    3.8438    3.9090    3.9611    4.0193    4.0318
   4.1067    4.1221    4.1713    4.2207    4.2330    4.2599    4.3136    4.3435
   4.3756    4.4313    4.4398    4.4764    4.5386    4.5490    4.5820    4.6039
   4.6195    4.6319    4.6623    4.6823    4.6947    4.7218    4.7584    4.7640
   4.7993    4.8230    4.8342    4.8659    4.8810    4.9040    4.9253    4.9360
   4.9398    4.9609    4.9855    4.9973    5.0189    5.0415    5.0813    5.0976
   5.1087    5.1319    5.1816    5.2294    5.2421    5.2742    5.2878    5.3104
   5.3378    5.3496    5.3937    5.3979    5.4326    5.4645    5.5176    5.5680
   5.9048    5.9260    6.2126    6.3230

 Heat of formation   =       -106.94861349 kcal/mol  (       -4.63763989 eV)

 Total SCF energy    =    -101151.96046500 kcal/mol  (    -4386.27815207 eV)
 Electronic energy   =    -979595.42603400 kcal/mol  (   -42478.44525537 eV)
 Core-core repulsion =     878443.46556900 kcal/mol  (    38092.16710329 eV)
 
    Atomic Charges for Step       1 :
  Atom    Element       Mulliken Charge
     1      O                 -0.329
     2      C                 -0.042
     3      C                 -0.077
     4      C                 -0.093
     5      C                 -0.059
     6      C                 -0.146
     7      C                 -0.151
     8      C                 -0.072
     9      C                 -0.157
    10      C                 -0.001
    11      C                 -0.152
    12      C                 -0.094
    13      C                 -0.200
    14      C                 -0.097
    15      C                 -0.146
    16      C                 -0.146
    17      C                 -0.204
    18      C                 -0.155
    19      C                 -0.132
    20      C                 -0.121
    21      C                 -0.192
    22      C                 -0.208
    23      C                  0.034
    24      C                 -0.159
    25      C                 -0.152
    26      C                 -0.105
    27      C                 -0.207
    28      C                 -0.207
    29      H                  0.094
    30      H                  0.088
    31      H                  0.092
    32      H                  0.078
    33      H                  0.085
    34      H                  0.082
    35      H                  0.086
    36      H                  0.083
    37      H                  0.081
    38      H                  0.089
    39      H                  0.077
    40      H                  0.087
    41      H                  0.083
    42      H                  0.076
    43      H                  0.072
    44      H                  0.083
    45      H                  0.083
    46      H                  0.131
    47      H                  0.079
    48      H                  0.084
    49      H                  0.073
    50      H                  0.077
    51      H                  0.079
    52      H                  0.128
    53      H                  0.098
    54      H                  0.105
    55      H                  0.097
    56      H                  0.077
    57      H                  0.074
    58      H                  0.073
    59      H                  0.073
    60      H                  0.076
    61      H                  0.082
    62      H                  0.083
    63      H                  0.077
    64      H                  0.077
    65      H                  0.198
    66      H                  0.081
    67      H                  0.073
    68      H                  0.071
    69      H                  0.073
    70      H                  0.073
    71      H                  0.071
    72      H                  0.072
 Total Mulliken Charge =       0.000
 
                  X        Y        Z     TOTAL  
  QM DIPOLE    -1.307   -1.422    0.580    2.017
 
 Final Structure

  QMMM: QM Region Cartesian Coordinates (*=link atom) 
  QMMM: QM_NO.   MM_NO.  ATOM         X         Y         Z
  QMMM:     1        1      O        7.6706   -0.9481   -0.3950
  QMMM:     2        2      C       -0.7496    0.4859    0.5616
  QMMM:     3        3      C       -0.0585    0.5512   -0.8246
  QMMM:     4        4      C       -2.2399    0.5444    0.1546
  QMMM:     5        5      C        2.0227   -0.4812    0.1127
  QMMM:     6        6      C       -0.2809   -0.8119    1.2003
  QMMM:     7        7      C       -0.8272    1.6332   -1.5704
  QMMM:     8        8      C        1.4180    0.6118   -0.7213
  QMMM:     9        9      C       -2.2578    1.5235   -1.0373
  QMMM:    10       10      C        3.5312   -0.2916    0.4307
  QMMM:    11       11      C        1.2270   -0.7880    1.3822
  QMMM:    12       12      C       -3.2310    0.9479    1.2379
  QMMM:    13       13      C       -0.3797    1.6819    1.4216
  QMMM:    14       14      C        4.2589    0.4659   -0.6527
  QMMM:    15       15      C        4.1298   -1.6989    0.5864
  QMMM:    16       16      C        2.1762    1.4296   -1.4746
  QMMM:    17       17      C        3.7390    0.4926    1.7275
  QMMM:    18       18      C       -4.6448    1.0893    0.6812
  QMMM:    19       19      C        3.6120    1.2975   -1.4934
  QMMM:    20       20      C        5.7450    0.3816   -0.6913
  QMMM:    21       21      C        5.6351   -1.6953    0.7078
  QMMM:    22       22      C       -3.2215   -0.0179    2.4064
  QMMM:    23       23      C        6.2561   -1.0452   -0.5218
  QMMM:    24       24      C       -5.2207   -0.1942    0.1208
  QMMM:    25       25      C       -6.6673   -0.0034   -0.2837
  QMMM:    26       26      C       -7.3093   -1.2392   -0.8954
  QMMM:    27       27      C       -7.3194   -2.4065    0.0681
  QMMM:    28       28      C       -6.6508   -1.6312   -2.2009
  QMMM:    29       29      H       -0.2804   -0.4277   -1.3534
  QMMM:    30       30      H       -2.5281   -0.4800   -0.2127
  QMMM:    31       31      H        1.9405   -1.4018   -0.5465
  QMMM:    32       32      H       -0.5809   -1.6795    0.5565
  QMMM:    33       33      H       -0.7652   -0.9546    2.2008
  QMMM:    34       34      H       -0.7873    1.4729   -2.6747
  QMMM:    35       35      H       -0.4028    2.6452   -1.3544
  QMMM:    36       36      H       -2.6206    2.5306   -0.7130
  QMMM:    37       37      H       -2.9527    1.1478   -1.8276
  QMMM:    38       38      H        1.4514   -0.0297    2.1780
  QMMM:    39       39      H        1.5612   -1.7865    1.7711
  QMMM:    40       40      H       -2.9338    1.9657    1.6258
  QMMM:    41       41      H        0.7273    1.8359    1.4272
  QMMM:    42       42      H       -0.8541    2.6106    1.0202
  QMMM:    43       43      H       -0.7254    1.5269    2.4719
  QMMM:    44       44      H        3.8427   -2.3208   -0.3034
  QMMM:    45       45      H        3.6851   -2.1830    1.4951
  QMMM:    46       46      H        1.7276    2.1959   -2.1249
  QMMM:    47       47      H        4.8060    0.8099    1.8233
  QMMM:    48       48      H        3.0981    1.4069    1.7307
  QMMM:    49       49      H        3.4894   -0.1367    2.6153
  QMMM:    50       50      H       -5.3106    1.4601    1.5065
  QMMM:    51       51      H       -4.6493    1.8736   -0.1216
  QMMM:    52       52      H        4.1583    1.8920   -2.2426
  QMMM:    53       53      H        6.1385    0.7893   -1.6603
  QMMM:    54       54      H        6.1754    1.0176    0.1306
  QMMM:    55       55      H        5.9549   -1.1366    1.6255
  QMMM:    56       56      H        6.0080   -2.7480    0.8067
  QMMM:    57       57      H       -3.1928   -1.0761    2.0506
  QMMM:    58       58      H       -4.1368    0.1195    3.0321
  QMMM:    59       59      H       -2.3290    0.1615    3.0536
  QMMM:    60       60      H        6.0110   -1.6537   -1.4383
  QMMM:    61       61      H       -4.6209   -0.5180   -0.7705
  QMMM:    62       62      H       -5.1474   -1.0081    0.8893
  QMMM:    63       63      H       -6.7335    0.8384   -1.0237
  QMMM:    64       64      H       -7.2630    0.2991    0.6188
  QMMM:    65       65      H        7.9946   -1.8401   -0.2257
  QMMM:    66       66      H       -8.3829   -0.9689   -1.1201
  QMMM:    67       67      H       -6.2837   -2.7855    0.2438
  QMMM:    68       68      H       -7.9318   -3.2428   -0.3477
  QMMM:    69       69      H       -7.7550   -2.0989    1.0489
  QMMM:    70       70      H       -5.6116   -2.0013   -2.0274
  QMMM:    71       71      H       -7.2335   -2.4455   -2.6954
  QMMM:    72       72      H       -6.6041   -0.7561   -2.8925

           --------- Calculation Completed ----------

