            --------------------------------------------------------
                             AMBER SQM VERSION 19
 
                                     By
              Ross C. Walker, Michael F. Crowley, Scott Brozell,
                         Tim Giese, Andreas W. Goetz,
                        Tai-Sung Lee and David A. Case
 
            --------------------------------------------------------
 

--------------------------------------------------------------------------------
  QM CALCULATION INFO
--------------------------------------------------------------------------------

| QMMM: Citation for AMBER QMMM Run:
| QMMM: R.C. Walker, M.F. Crowley and D.A. Case, J. COMP. CHEM. 29:1019, 2008

QMMM: SINGLET STATE CALCULATION
QMMM: RHF CALCULATION, NO. OF DOUBLY OCCUPIED LEVELS = 28

| QMMM: *** Selected Hamiltonian *** 
| QMMM: AM1         

| QMMM: *** Parameter sets in use ***
| QMMM: O : M.J.S.DEWAR et al. JACS, 107, 3902, (1985)
| QMMM: N : M.J.S.DEWAR et al. JACS, 107, 3902, (1985)
| QMMM: C : M.J.S.DEWAR et al. JACS, 107, 3902, (1985)
| QMMM: H : M.J.S.DEWAR et al. JACS, 107, 3902, (1985)

| QMMM: *** SCF convergence criteria ***
| QMMM: Energy change                :  0.1D-09 kcal/mol
| QMMM: Error matrix |FP-PF|         :  0.1D+00 au
| QMMM: Density matrix change        :  0.5D-06
| QMMM: Maximum number of SCF cycles :     1000

| QMMM: *** Diagonalization Routine Information ***
| QMMM: Pseudo diagonalizations are allowed.
| QMMM: Auto diagonalization routine selection is in use.
| QMMM:
| QMMM: Timing diagonalization routines:
| QMMM:                              norbs =       49
| QMMM:    diag iterations used for timing =       20
| QMMM:
| QMMM:              Internal diag routine = 0.008365 seconds
| QMMM:                 Dspev diag routine = 0.010352 seconds
| QMMM:                Dspevd diag routine = 0.007449 seconds
| QMMM:                Dspevx diag routine = 0.029108 seconds
| QMMM:                 Dsyev diag routine = 0.008467 seconds
| QMMM:                Dsyevd diag routine = 0.006722 seconds
| QMMM:                Dsyevr diag routine = 0.006855 seconds
| QMMM:
| QMMM:                Pseudo diag routine = 0.001714 seconds
| QMMM:
| QMMM: Using dsyevd routine (diag_routine=6).

  QMMM: QM Region Cartesian Coordinates (*=link atom) 
  QMMM: QM_NO.   MM_NO.  ATOM         X         Y         Z
  QMMM:     1        1      O        0.1920    2.6660   -0.0000
  QMMM:     2        2      N       -2.0710    0.6590    0.0010
  QMMM:     3        3      N        1.5740    0.8030    0.0000
  QMMM:     4        4      N        0.7570   -1.4540   -0.0000
  QMMM:     5        5      N       -1.7190   -1.5430   -0.0010
  QMMM:     6        6      N        3.0550   -1.0100    0.0010
  QMMM:     7        7      C       -0.7180    0.4880   -0.0000
  QMMM:     8        8      C       -0.5240   -0.8730   -0.0000
  QMMM:     9        9      C        0.3380    1.4490   -0.0000
  QMMM:    10       10      C        1.7480   -0.5920    0.0000
  QMMM:    11       11      C       -2.6310   -0.5930    0.0010
  QMMM:    12       12      H       -2.5710    1.5390    0.0010
  QMMM:    13       13      H        2.4080    1.3830    0.0000
  QMMM:    14       14      H       -3.7010   -0.7390    0.0010
  QMMM:    15       15      H        3.2910   -1.9960    0.0010
  QMMM:    16       16      H        3.8220   -0.3470    0.0010

--------------------------------------------------------------------------------
  RESULTS
--------------------------------------------------------------------------------

      iter         sqm energy              rms gradient
      ----    -------------------    -----------------------
xmin    10       51.1924 kcal/mol        0.0206 kcal/(mol*A)
xmin    20       50.9229 kcal/mol        3.2033 kcal/(mol*A)
xmin    30       50.2772 kcal/mol        0.6227 kcal/(mol*A)
xmin    40       50.2247 kcal/mol        0.1407 kcal/(mol*A)
xmin    50       50.2219 kcal/mol        0.0281 kcal/(mol*A)
xmin    60       50.2218 kcal/mol        0.0040 kcal/(mol*A)
xmin    70       50.2218 kcal/mol        0.0015 kcal/(mol*A)
  ... geometry converged !
 
 Final MO eigenvalues (eV):
 -41.9196  -39.7631  -38.1693  -34.5588  -33.9316  -32.7518  -29.2901  -24.8395
 -24.0037  -22.4423  -20.4510  -19.3527  -18.6413  -17.7826  -16.8248  -16.6036
 -16.0535  -15.7496  -15.0037  -14.8373  -14.0637  -12.4246  -11.7911  -11.6051
 -11.3172  -10.9972  -10.4808   -8.8460   -0.3339    0.2458    0.7891    1.4147
   1.5967    2.1278    2.3957    2.9137    3.1694    3.5067    3.8215    4.1620
   4.4789    4.7570    4.9824    5.2401    5.5770    5.8250    6.0710    6.6008
   6.6632

 Heat of formation   =         50.22179262 kcal/mol  (        2.17778035 eV)

 Total SCF energy    =     -47562.22318712 kcal/mol  (    -2062.45276385 eV)
 Electronic energy   =    -214142.45884523 kcal/mol  (    -9285.91383050 eV)
 Core-core repulsion =     166580.23565810 kcal/mol  (     7223.46106665 eV)
 
    Atomic Charges for Step       1 :
  Atom    Element       Mulliken Charge
     1      O                 -0.361
     2      N                 -0.166
     3      N                 -0.332
     4      N                 -0.186
     5      N                 -0.119
     6      N                 -0.319
     7      C                 -0.241
     8      C                  0.041
     9      C                  0.384
    10      C                  0.199
    11      C                 -0.047
    12      H                  0.273
    13      H                  0.252
    14      H                  0.205
    15      H                  0.221
    16      H                  0.195
 Total Mulliken Charge =       0.000
 
                  X        Y        Z     TOTAL  
  QM DIPOLE     0.809    1.047    1.008    1.663
 
 Final Structure

  QMMM: QM Region Cartesian Coordinates (*=link atom) 
  QMMM: QM_NO.   MM_NO.  ATOM         X         Y         Z
  QMMM:     1        1      O        0.2398    2.7085   -0.0448
  QMMM:     2        2      N       -2.1205    0.6756    0.0046
  QMMM:     3        3      N        1.6180    0.8723   -0.0218
  QMMM:     4        4      N        0.7938   -1.4369    0.0174
  QMMM:     5        5      N       -1.7212   -1.5921    0.0298
  QMMM:     6        6      N        3.1299   -0.9986   -0.1666
  QMMM:     7        7      C       -0.7391    0.5090   -0.0008
  QMMM:     8        8      C       -0.4887   -0.9118    0.0129
  QMMM:     9        9      C        0.3416    1.4683   -0.0280
  QMMM:    10       10      C        1.7932   -0.5344   -0.0329
  QMMM:    11       11      C       -2.6589   -0.6114    0.0234
  QMMM:    12       12      H       -2.5959    1.5398   -0.0061
  QMMM:    13       13      H        2.4062    1.4762   -0.1091
  QMMM:    14       14      H       -3.7411   -0.7935    0.0320
  QMMM:    15       15      H        3.2102   -1.9948   -0.1332
  QMMM:    16       16      H        3.7829   -0.5364    0.4293

           --------- Calculation Completed ----------

