            --------------------------------------------------------
                             AMBER SQM VERSION 19
 
                                     By
              Ross C. Walker, Michael F. Crowley, Scott Brozell,
                         Tim Giese, Andreas W. Goetz,
                        Tai-Sung Lee and David A. Case
 
            --------------------------------------------------------
 

--------------------------------------------------------------------------------
  QM CALCULATION INFO
--------------------------------------------------------------------------------

| QMMM: Citation for AMBER QMMM Run:
| QMMM: R.C. Walker, M.F. Crowley and D.A. Case, J. COMP. CHEM. 29:1019, 2008

QMMM: SINGLET STATE CALCULATION
QMMM: RHF CALCULATION, NO. OF DOUBLY OCCUPIED LEVELS = 49

| QMMM: *** Selected Hamiltonian *** 
| QMMM: AM1         

| QMMM: *** Parameter sets in use ***
| QMMM: Cl: M.J.S.DEWAR et al. THEOCHEM, 180, 1, (1988)
| QMMM: O : M.J.S.DEWAR et al. JACS, 107, 3902, (1985)
| QMMM: N : M.J.S.DEWAR et al. JACS, 107, 3902, (1985)
| QMMM: C : M.J.S.DEWAR et al. JACS, 107, 3902, (1985)
| QMMM: H : M.J.S.DEWAR et al. JACS, 107, 3902, (1985)

| QMMM: *** SCF convergence criteria ***
| QMMM: Energy change                :  0.1D-09 kcal/mol
| QMMM: Error matrix |FP-PF|         :  0.1D+00 au
| QMMM: Density matrix change        :  0.5D-06
| QMMM: Maximum number of SCF cycles :     1000

| QMMM: *** Diagonalization Routine Information ***
| QMMM: Pseudo diagonalizations are allowed.
| QMMM: Auto diagonalization routine selection is in use.
| QMMM:
| QMMM: Timing diagonalization routines:
| QMMM:                              norbs =       87
| QMMM:    diag iterations used for timing =       15
| QMMM:
| QMMM:              Internal diag routine = 0.023418 seconds
| QMMM:                 Dspev diag routine = 0.026310 seconds
| QMMM:                Dspevd diag routine = 0.015177 seconds
| QMMM:                Dspevx diag routine = 0.071820 seconds
| QMMM:                 Dsyev diag routine = 0.026973 seconds
| QMMM:                Dsyevd diag routine = 0.014828 seconds
| QMMM:                Dsyevr diag routine = 0.017268 seconds
| QMMM:
| QMMM:                Pseudo diag routine = 0.010224 seconds
| QMMM:
| QMMM: Using dsyevd routine (diag_routine=6).

  QMMM: QM Region Cartesian Coordinates (*=link atom) 
  QMMM: QM_NO.   MM_NO.  ATOM         X         Y         Z
  QMMM:     1        1      Cl       1.9540    1.1500   -2.5080
  QMMM:     2        2      Cl       1.1380   -1.6390    2.1140
  QMMM:     3        3      O       -3.2620   -2.9280   -1.0650
  QMMM:     4        4      O       -2.7910   -1.9110    0.9090
  QMMM:     5        5      N        0.2680   -0.2050   -0.3990
  QMMM:     6        6      C       -2.0640    0.5140   -0.3770
  QMMM:     7        7      C       -0.7310    0.7180   -0.0190
  QMMM:     8        8      C       -2.4760   -0.6830   -1.1700
  QMMM:     9        9      C        1.6570   -0.2480   -0.1790
  QMMM:    10       10      C       -3.0380    1.4350    0.0080
  QMMM:    11       11      C       -0.3730    1.8430    0.7230
  QMMM:    12       12      C       -2.6800    2.5600    0.7510
  QMMM:    13       13      C       -1.3470    2.7640    1.1080
  QMMM:    14       14      C        2.5350    0.3480   -1.0920
  QMMM:    15       15      C        2.1740   -0.8860    0.9530
  QMMM:    16       16      C       -2.8480   -1.8750   -0.3120
  QMMM:    17       17      C        3.9120    0.3060   -0.8740
  QMMM:    18       18      C        3.5510   -0.9280    1.1710
  QMMM:    19       19      C        4.4200   -0.3320    0.2580
  QMMM:    20       20      H       -1.7090   -0.9790   -1.8930
  QMMM:    21       21      H       -3.3610   -0.4270   -1.7680
  QMMM:    22       22      H       -0.0860   -1.1150   -0.6780
  QMMM:    23       23      H       -4.0810    1.2880   -0.2600
  QMMM:    24       24      H        0.6570    2.0280    1.0170
  QMMM:    25       25      H       -3.4380    3.2770    1.0510
  QMMM:    26       26      H       -1.0680    3.6400    1.6870
  QMMM:    27       27      H        4.6040    0.7650   -1.5760
  QMMM:    28       28      H        3.9630   -1.4210    2.0480
  QMMM:    29       29      H        5.4920   -0.3650    0.4270
  QMMM:    30       30      H       -3.5020   -3.7010   -0.5100

--------------------------------------------------------------------------------
  RESULTS
--------------------------------------------------------------------------------

      iter         sqm energy              rms gradient
      ----    -------------------    -----------------------
xmin    10      -49.9653 kcal/mol        1.5592 kcal/(mol*A)
xmin    20      -52.0407 kcal/mol        0.7024 kcal/(mol*A)
xmin    30      -52.4571 kcal/mol        1.7339 kcal/(mol*A)
xmin    40      -52.8237 kcal/mol        1.1147 kcal/(mol*A)
xmin    50      -47.1450 kcal/mol       13.3289 kcal/(mol*A)
xmin    60      -52.9002 kcal/mol        0.8843 kcal/(mol*A)
xmin    70      -53.1564 kcal/mol        0.8587 kcal/(mol*A)
xmin    80      -53.4277 kcal/mol        0.3528 kcal/(mol*A)
xmin    90      -53.5372 kcal/mol        0.4585 kcal/(mol*A)
xmin   100      -53.6201 kcal/mol        0.1992 kcal/(mol*A)
xmin   110      -53.6838 kcal/mol        0.4058 kcal/(mol*A)
xmin   120      -53.7015 kcal/mol        0.0771 kcal/(mol*A)
xmin   130      -53.7042 kcal/mol        0.0393 kcal/(mol*A)
xmin   140      -53.7049 kcal/mol        0.0491 kcal/(mol*A)
xmin   150      -53.7055 kcal/mol        0.0147 kcal/(mol*A)
xmin   160      -53.7057 kcal/mol        0.0108 kcal/(mol*A)
xmin   170      -53.7059 kcal/mol        0.0365 kcal/(mol*A)
xmin   180      -53.7060 kcal/mol        0.0022 kcal/(mol*A)
xmin   190      -53.7060 kcal/mol        0.0020 kcal/(mol*A)
xmin   200      -53.7060 kcal/mol        0.0028 kcal/(mol*A)
xmin   210      -53.7060 kcal/mol        0.0006 kcal/(mol*A)
xmin   220      -53.7060 kcal/mol        0.0267 kcal/(mol*A)
xmin   230      -53.7060 kcal/mol        0.0009 kcal/(mol*A)
  ... geometry converged !
 
 Final MO eigenvalues (eV):
 -41.1687  -40.4251  -39.3950  -37.9012  -37.2270  -36.6895  -36.1714  -34.0411
 -31.4611  -31.2556  -29.6537  -28.3256  -24.1951  -23.9450  -23.4830  -22.2829
 -21.4429  -19.0997  -18.7458  -18.5029  -17.7717  -17.2015  -17.1149  -16.6212
 -16.2011  -15.7249  -15.3602  -15.2485  -15.2020  -14.6966  -14.4483  -14.1154
 -13.6507  -13.5544  -13.4104  -13.3496  -12.8870  -12.5777  -12.3160  -12.1553
 -12.0369  -11.9698  -11.8103  -11.7214  -11.5465   -9.7935   -9.7310   -9.6368
  -8.5900   -0.2208   -0.1161    0.2282    0.4709    0.9399    1.0545    1.5099
   2.1489    2.2229    2.3112    2.7795    3.3922    3.5505    3.6031    3.6208
   3.8392    3.8631    3.9641    4.0086    4.1078    4.1729    4.2649    4.3104
   4.4129    4.6100    4.7063    4.8051    4.8969    5.1007    5.1300    5.2133
   5.3114    5.3664    5.5693    5.7208    6.1631    6.2104    6.5547

 Heat of formation   =        -53.70604344 kcal/mol  (       -2.32886880 eV)

 Total SCF energy    =     -81619.59449037 kcal/mol  (    -3539.29120551 eV)
 Electronic energy   =    -487891.60953503 kcal/mol  (   -21156.56777829 eV)
 Core-core repulsion =     406272.01504466 kcal/mol  (    17617.27657277 eV)
 
    Atomic Charges for Step       1 :
  Atom    Element       Mulliken Charge
     1      Cl                 0.008
     2      Cl                 0.006
     3      O                 -0.312
     4      O                 -0.377
     5      N                 -0.257
     6      C                 -0.127
     7      C                  0.090
     8      C                 -0.111
     9      C                  0.054
    10      C                 -0.089
    11      C                 -0.175
    12      C                 -0.163
    13      C                 -0.090
    14      C                 -0.064
    15      C                 -0.095
    16      C                  0.312
    17      C                 -0.116
    18      C                 -0.111
    19      C                 -0.128
    20      H                  0.136
    21      H                  0.124
    22      H                  0.246
    23      H                  0.134
    24      H                  0.143
    25      H                  0.135
    26      H                  0.134
    27      H                  0.151
    28      H                  0.152
    29      H                  0.144
    30      H                  0.244
 Total Mulliken Charge =       0.000
 
                  X        Y        Z     TOTAL  
  QM DIPOLE     0.292    0.913    0.086    0.962
 
 Final Structure

  QMMM: QM Region Cartesian Coordinates (*=link atom) 
  QMMM: QM_NO.   MM_NO.  ATOM         X         Y         Z
  QMMM:     1        1      Cl       1.7216    1.5042   -2.0499
  QMMM:     2        2      Cl       1.3422   -2.1910    1.8949
  QMMM:     3        3      O       -3.9977   -2.3809   -0.3782
  QMMM:     4        4      O       -1.8720   -2.6377    0.1680
  QMMM:     5        5      N        0.2214   -0.4913   -0.3476
  QMMM:     6        6      C       -2.0363    0.4232   -0.5165
  QMMM:     7        7      C       -0.6953    0.5407   -0.0628
  QMMM:     8        8      C       -2.4984   -0.7509   -1.3068
  QMMM:     9        9      C        1.5904   -0.3276   -0.0523
  QMMM:    10       10      C       -2.9439    1.4545   -0.2560
  QMMM:    11       11      C       -0.3186    1.7126    0.6326
  QMMM:    12       12      C       -2.5557    2.6011    0.4289
  QMMM:    13       13      C       -1.2379    2.7267    0.8670
  QMMM:    14       14      C        2.3975    0.5538   -0.8143
  QMMM:    15       15      C        2.2379   -1.1049    0.9421
  QMMM:    16       16      C       -2.7036   -1.9631   -0.4492
  QMMM:    17       17      C        3.7704    0.6574   -0.5795
  QMMM:    18       18      C        3.6130   -1.0065    1.1583
  QMMM:    19       19      C        4.3761   -0.1214    0.4020
  QMMM:    20       20      H       -1.7410   -1.0186   -2.0954
  QMMM:    21       21      H       -3.4647   -0.5094   -1.8293
  QMMM:    22       22      H       -0.1320   -1.4115   -0.1427
  QMMM:    23       23      H       -3.9842    1.3554   -0.6047
  QMMM:    24       24      H        0.7166    1.8274    0.9902
  QMMM:    25       25      H       -3.2832    3.4019    0.6221
  QMMM:    26       26      H       -0.9217    3.6314    1.4082
  QMMM:    27       27      H        4.3762    1.3533   -1.1814
  QMMM:    28       28      H        4.0922   -1.6266    1.9322
  QMMM:    29       29      H        5.4589   -0.0397    0.5783
  QMMM:    30       30      H       -4.0585   -3.1692    0.1867

           --------- Calculation Completed ----------

