            --------------------------------------------------------
                             AMBER SQM VERSION 19
 
                                     By
              Ross C. Walker, Michael F. Crowley, Scott Brozell,
                         Tim Giese, Andreas W. Goetz,
                        Tai-Sung Lee and David A. Case
 
            --------------------------------------------------------
 

--------------------------------------------------------------------------------
  QM CALCULATION INFO
--------------------------------------------------------------------------------

| QMMM: Citation for AMBER QMMM Run:
| QMMM: R.C. Walker, M.F. Crowley and D.A. Case, J. COMP. CHEM. 29:1019, 2008

QMMM: SINGLET STATE CALCULATION
QMMM: RHF CALCULATION, NO. OF DOUBLY OCCUPIED LEVELS = 26

| QMMM: *** Selected Hamiltonian *** 
| QMMM: AM1         

| QMMM: *** Parameter sets in use ***
| QMMM: N : M.J.S.DEWAR et al. JACS, 107, 3902, (1985)
| QMMM: C : M.J.S.DEWAR et al. JACS, 107, 3902, (1985)
| QMMM: H : M.J.S.DEWAR et al. JACS, 107, 3902, (1985)

| QMMM: *** SCF convergence criteria ***
| QMMM: Energy change                :  0.1D-09 kcal/mol
| QMMM: Error matrix |FP-PF|         :  0.1D+00 au
| QMMM: Density matrix change        :  0.5D-06
| QMMM: Maximum number of SCF cycles :     1000

| QMMM: *** Diagonalization Routine Information ***
| QMMM: Pseudo diagonalizations are allowed.
| QMMM: Auto diagonalization routine selection is in use.
| QMMM:
| QMMM: Timing diagonalization routines:
| QMMM:                              norbs =       47
| QMMM:    diag iterations used for timing =       20
| QMMM:
| QMMM:              Internal diag routine = 0.008399 seconds
| QMMM:                 Dspev diag routine = 0.010500 seconds
| QMMM:                Dspevd diag routine = 0.007738 seconds
| QMMM:                Dspevx diag routine = 0.027599 seconds
| QMMM:                 Dsyev diag routine = 0.007800 seconds
| QMMM:                Dsyevd diag routine = 0.006256 seconds
| QMMM:                Dsyevr diag routine = 0.006979 seconds
| QMMM:
| QMMM:                Pseudo diag routine = 0.001556 seconds
| QMMM:
| QMMM: Using dsyevd routine (diag_routine=6).

  QMMM: QM Region Cartesian Coordinates (*=link atom) 
  QMMM: QM_NO.   MM_NO.  ATOM         X         Y         Z
  QMMM:     1        1      N       -1.5160   -0.3600   -0.0790
  QMMM:     2        2      N        0.7170    0.2150   -0.8190
  QMMM:     3        3      N       -0.6600    1.8740   -0.1620
  QMMM:     4        4      N        2.9010   -0.4480   -0.3360
  QMMM:     5        5      N        1.5200   -0.0300    1.4350
  QMMM:     6        6      C       -1.2980   -1.7840   -0.3080
  QMMM:     7        7      C       -2.7800    0.0050    0.5510
  QMMM:     8        8      C       -0.5260    0.5930   -0.3450
  QMMM:     9        9      C        1.6420   -0.0660    0.0630
  QMMM:    10       10      H       -0.6870   -1.9540   -1.2010
  QMMM:    11       11      H       -2.2430   -2.3140   -0.4670
  QMMM:    12       12      H       -0.7920   -2.2290    0.5540
  QMMM:    13       13      H       -3.4060   -0.8700    0.7570
  QMMM:    14       14      H       -3.3490    0.6740   -0.1020
  QMMM:    15       15      H       -2.5980    0.5080    1.5070
  QMMM:    16       16      H       -1.5950    2.0900    0.1920
  QMMM:    17       17      H        3.6260   -0.6690    0.3370
  QMMM:    18       18      H        3.1390   -0.5190   -1.3190
  QMMM:    19       19      H        0.6520    0.2310    1.8890
  QMMM:    20       20      H        2.3010   -0.2680    2.0370

--------------------------------------------------------------------------------
  RESULTS
--------------------------------------------------------------------------------

      iter         sqm energy              rms gradient
      ----    -------------------    -----------------------
xmin    10       58.6813 kcal/mol        3.2659 kcal/(mol*A)
xmin    20       56.7162 kcal/mol        2.4387 kcal/(mol*A)
xmin    30       55.7005 kcal/mol        2.7514 kcal/(mol*A)
xmin    40       55.1007 kcal/mol        0.6165 kcal/(mol*A)
xmin    50       54.5341 kcal/mol        0.7066 kcal/(mol*A)
xmin    60       54.3909 kcal/mol        0.6470 kcal/(mol*A)
xmin    70       54.2877 kcal/mol        0.1179 kcal/(mol*A)
xmin    80       54.1988 kcal/mol        0.2711 kcal/(mol*A)
xmin    90       54.1528 kcal/mol        0.0846 kcal/(mol*A)
xmin   100       54.0871 kcal/mol        0.3473 kcal/(mol*A)
xmin   110       53.9864 kcal/mol        0.1736 kcal/(mol*A)
xmin   120       53.9460 kcal/mol        0.1702 kcal/(mol*A)
xmin   130       53.9070 kcal/mol        0.7148 kcal/(mol*A)
xmin   140       53.8106 kcal/mol        0.3435 kcal/(mol*A)
xmin   150       53.7432 kcal/mol        0.2919 kcal/(mol*A)
xmin   160       53.6960 kcal/mol        0.3309 kcal/(mol*A)
xmin   170       53.6376 kcal/mol        0.4933 kcal/(mol*A)
xmin   180       53.3736 kcal/mol        1.1684 kcal/(mol*A)
xmin   190       53.1078 kcal/mol        0.8642 kcal/(mol*A)
xmin   200       52.9230 kcal/mol        0.4039 kcal/(mol*A)
xmin   210       52.7939 kcal/mol        0.9095 kcal/(mol*A)
xmin   220       52.6856 kcal/mol        0.2751 kcal/(mol*A)
xmin   230       52.6110 kcal/mol        0.1173 kcal/(mol*A)
xmin   240       52.5363 kcal/mol        0.1694 kcal/(mol*A)
xmin   250       52.4991 kcal/mol        0.0893 kcal/(mol*A)
xmin   260       52.4240 kcal/mol        0.1228 kcal/(mol*A)
xmin   270       52.3888 kcal/mol        0.1358 kcal/(mol*A)
xmin   280       52.3645 kcal/mol        0.1527 kcal/(mol*A)
xmin   290       52.3326 kcal/mol        0.2014 kcal/(mol*A)
xmin   300       52.3056 kcal/mol        0.2861 kcal/(mol*A)
xmin   310       52.2680 kcal/mol        0.0822 kcal/(mol*A)
xmin   320       52.2600 kcal/mol        0.2001 kcal/(mol*A)
xmin   330       52.2482 kcal/mol        0.0643 kcal/(mol*A)
xmin   340       52.2358 kcal/mol        0.0671 kcal/(mol*A)
xmin   350       52.2261 kcal/mol        0.1939 kcal/(mol*A)
xmin   360       52.2190 kcal/mol        0.1418 kcal/(mol*A)
xmin   370       52.2127 kcal/mol        0.0723 kcal/(mol*A)
xmin   380       52.2069 kcal/mol        0.2354 kcal/(mol*A)
xmin   390       52.2037 kcal/mol        0.1374 kcal/(mol*A)
xmin   400       52.2011 kcal/mol        0.0379 kcal/(mol*A)
xmin   410       52.2003 kcal/mol        0.0866 kcal/(mol*A)
xmin   420       52.1989 kcal/mol        0.0400 kcal/(mol*A)
xmin   430       52.1983 kcal/mol        0.0761 kcal/(mol*A)
xmin   440       52.1976 kcal/mol        0.0335 kcal/(mol*A)
xmin   450       52.1972 kcal/mol        0.0480 kcal/(mol*A)
xmin   460       52.1969 kcal/mol        0.0103 kcal/(mol*A)
xmin   470       52.1966 kcal/mol        0.0094 kcal/(mol*A)
xmin   480       52.1964 kcal/mol        0.0157 kcal/(mol*A)
xmin   490       52.1963 kcal/mol        0.0081 kcal/(mol*A)
xmin   500       52.1962 kcal/mol        0.0093 kcal/(mol*A)
xmin   510       52.1962 kcal/mol        0.0127 kcal/(mol*A)
xmin   520       52.1961 kcal/mol        0.0119 kcal/(mol*A)
xmin   530       52.1961 kcal/mol        0.0044 kcal/(mol*A)
xmin   540       52.1961 kcal/mol        0.0118 kcal/(mol*A)
xmin   550       52.1961 kcal/mol        0.0031 kcal/(mol*A)
xmin   560       52.1961 kcal/mol        0.0038 kcal/(mol*A)
xmin   570       52.1961 kcal/mol        0.0012 kcal/(mol*A)
xmin   580       52.1961 kcal/mol        0.0033 kcal/(mol*A)
xmin   590       52.1960 kcal/mol        0.0029 kcal/(mol*A)
xmin   600       52.1960 kcal/mol        0.0032 kcal/(mol*A)
xmin   610       52.1960 kcal/mol        0.0019 kcal/(mol*A)
xmin   620       52.1960 kcal/mol        0.0010 kcal/(mol*A)
  ... geometry converged !
 
 Final MO eigenvalues (eV):
 -39.0060  -37.5558  -34.1427  -32.8845  -31.5441  -28.0544  -24.9518  -22.7997
 -20.1938  -18.2983  -17.8759  -17.1968  -16.1574  -15.7535  -15.6794  -14.7463
 -14.1712  -13.0975  -12.8867  -12.3285  -11.9195  -11.1096  -10.8324  -10.5304
  -9.3549   -9.2775    0.5033    1.9080    2.3629    2.8187    3.1575    3.9587
   4.2570    4.4676    4.6017    4.6278    4.8278    4.9270    4.9398    5.0790
   5.4749    5.8210    6.0771    6.2556    6.4263    7.1211    7.4703

 Heat of formation   =         52.19604072 kcal/mol  (        2.26339017 eV)

 Total SCF energy    =     -39143.58590114 kcal/mol  (    -1697.39325706 eV)
 Electronic energy   =    -181094.42836241 kcal/mol  (    -7852.84369118 eV)
 Core-core repulsion =     141950.84246127 kcal/mol  (     6155.45043412 eV)
 
    Atomic Charges for Step       1 :
  Atom    Element       Mulliken Charge
     1      N                 -0.251
     2      N                 -0.349
     3      N                 -0.339
     4      N                 -0.335
     5      N                 -0.380
     6      C                 -0.115
     7      C                 -0.114
     8      C                  0.161
     9      C                  0.254
    10      H                  0.085
    11      H                  0.079
    12      H                  0.064
    13      H                  0.079
    14      H                  0.084
    15      H                  0.062
    16      H                  0.164
    17      H                  0.190
    18      H                  0.209
    19      H                  0.248
    20      H                  0.203
 Total Mulliken Charge =      -0.000
 
                  X        Y        Z     TOTAL  
  QM DIPOLE     1.961   -0.969    1.227    2.508
 
 Final Structure

  QMMM: QM Region Cartesian Coordinates (*=link atom) 
  QMMM: QM_NO.   MM_NO.  ATOM         X         Y         Z
  QMMM:     1        1      N       -1.8822   -0.2739   -0.3169
  QMMM:     2        2      N        0.4442   -0.4564    0.3656
  QMMM:     3        3      N       -0.5206    1.7127   -0.0653
  QMMM:     4        4      N        2.6515   -1.0609    0.8862
  QMMM:     5        5      N        2.0116    1.2226    1.2449
  QMMM:     6        6      C       -1.7884   -1.0517   -1.5327
  QMMM:     7        7      C       -2.4165   -1.0190    0.8011
  QMMM:     8        8      C       -0.6171    0.4137    0.0083
  QMMM:     9        9      C        1.6360   -0.0585    0.8071
  QMMM:    10       10      H       -1.3335   -0.4196   -2.3389
  QMMM:    11       11      H       -2.8293   -1.3392   -1.8385
  QMMM:    12       12      H       -1.1773   -1.9882   -1.4236
  QMMM:    13       13      H       -3.4798   -1.2844    0.5586
  QMMM:    14       14      H       -2.4028   -0.3714    1.7159
  QMMM:    15       15      H       -1.8556   -1.9666    1.0240
  QMMM:    16       16      H       -1.3361    2.2015   -0.3628
  QMMM:    17       17      H        3.2133   -1.0083    1.7086
  QMMM:    18       18      H        2.3192   -1.9862    0.7092
  QMMM:    19       19      H        1.4286    1.9825    0.9682
  QMMM:    20       20      H        2.9830    1.4305    1.2649

           --------- Calculation Completed ----------

