            --------------------------------------------------------
                             AMBER SQM VERSION 19
 
                                     By
              Ross C. Walker, Michael F. Crowley, Scott Brozell,
                         Tim Giese, Andreas W. Goetz,
                        Tai-Sung Lee and David A. Case
 
            --------------------------------------------------------
 

--------------------------------------------------------------------------------
  QM CALCULATION INFO
--------------------------------------------------------------------------------

| QMMM: Citation for AMBER QMMM Run:
| QMMM: R.C. Walker, M.F. Crowley and D.A. Case, J. COMP. CHEM. 29:1019, 2008

QMMM: SINGLET STATE CALCULATION
QMMM: RHF CALCULATION, NO. OF DOUBLY OCCUPIED LEVELS = 18

| QMMM: *** Selected Hamiltonian *** 
| QMMM: AM1         

| QMMM: *** Parameter sets in use ***
| QMMM: O : M.J.S.DEWAR et al. JACS, 107, 3902, (1985)
| QMMM: N : M.J.S.DEWAR et al. JACS, 107, 3902, (1985)
| QMMM: C : M.J.S.DEWAR et al. JACS, 107, 3902, (1985)
| QMMM: H : M.J.S.DEWAR et al. JACS, 107, 3902, (1985)

| QMMM: *** SCF convergence criteria ***
| QMMM: Energy change                :  0.1D-09 kcal/mol
| QMMM: Error matrix |FP-PF|         :  0.1D+00 au
| QMMM: Density matrix change        :  0.5D-06
| QMMM: Maximum number of SCF cycles :     1000

| QMMM: *** Diagonalization Routine Information ***
| QMMM: Pseudo diagonalizations are allowed.
| QMMM: Auto diagonalization routine selection is in use.
| QMMM:
| QMMM: Timing diagonalization routines:
| QMMM:                              norbs =       31
| QMMM:    diag iterations used for timing =       20
| QMMM:
| QMMM:              Internal diag routine = 0.003028 seconds
| QMMM:                 Dspev diag routine = 0.004122 seconds
| QMMM:                Dspevd diag routine = 0.003726 seconds
| QMMM:                Dspevx diag routine = 0.015082 seconds
| QMMM:                 Dsyev diag routine = 0.003206 seconds
| QMMM:                Dsyevd diag routine = 0.002562 seconds
| QMMM:                Dsyevr diag routine = 0.003370 seconds
| QMMM:
| QMMM:                Pseudo diag routine = 0.000581 seconds
| QMMM:
| QMMM: Using dsyevd routine (diag_routine=6).

  QMMM: QM Region Cartesian Coordinates (*=link atom) 
  QMMM: QM_NO.   MM_NO.  ATOM         X         Y         Z
  QMMM:     1        1      O        1.4570   -1.0440    0.2680
  QMMM:     2        2      O        1.2490    1.1170   -0.4050
  QMMM:     3        3      N       -1.4110    1.1510    0.1820
  QMMM:     4        4      C       -0.7090   -0.1140    0.3940
  QMMM:     5        5      C       -1.3350   -1.2000   -0.4700
  QMMM:     6        6      C        0.7470    0.0900    0.0310
  QMMM:     7        7      H       -0.7670   -0.3740    1.4560
  QMMM:     8        8      H       -0.8580   -2.1700   -0.2880
  QMMM:     9        9      H       -2.4020   -1.3130   -0.2520
  QMMM:    10       10      H       -1.2250   -0.9800   -1.5380
  QMMM:    11       11      H       -2.3920    1.0420    0.4380
  QMMM:    12       12      H       -1.4070    1.3870   -0.8100
  QMMM:    13       13      H        2.4060   -0.9340    0.0450

--------------------------------------------------------------------------------
  RESULTS
--------------------------------------------------------------------------------

      iter         sqm energy              rms gradient
      ----    -------------------    -----------------------
xmin    10     -102.5628 kcal/mol        1.6786 kcal/(mol*A)
xmin    20     -103.0747 kcal/mol        0.7057 kcal/(mol*A)
xmin    30     -103.2325 kcal/mol        0.5446 kcal/(mol*A)
xmin    40     -103.2532 kcal/mol        0.4811 kcal/(mol*A)
xmin    50     -103.2722 kcal/mol        0.1179 kcal/(mol*A)
xmin    60     -103.2837 kcal/mol        0.1133 kcal/(mol*A)
xmin    70     -103.2947 kcal/mol        0.1747 kcal/(mol*A)
xmin    80     -103.3070 kcal/mol        0.0529 kcal/(mol*A)
xmin    90     -103.3115 kcal/mol        0.0426 kcal/(mol*A)
xmin   100     -103.3145 kcal/mol        0.0223 kcal/(mol*A)
xmin   110     -103.3155 kcal/mol        0.0520 kcal/(mol*A)
xmin   120     -103.3163 kcal/mol        0.0254 kcal/(mol*A)
xmin   130     -103.3166 kcal/mol        0.0145 kcal/(mol*A)
xmin   140     -103.3169 kcal/mol        0.0169 kcal/(mol*A)
xmin   150     -103.3170 kcal/mol        0.0178 kcal/(mol*A)
xmin   160     -103.3171 kcal/mol        0.0090 kcal/(mol*A)
xmin   170     -103.3173 kcal/mol        0.0060 kcal/(mol*A)
xmin   180     -103.3173 kcal/mol        0.0051 kcal/(mol*A)
xmin   190     -103.3173 kcal/mol        0.0159 kcal/(mol*A)
xmin   200     -103.3174 kcal/mol        0.0045 kcal/(mol*A)
xmin   210     -103.3174 kcal/mol        0.0035 kcal/(mol*A)
xmin   220     -103.3174 kcal/mol        0.0118 kcal/(mol*A)
xmin   230     -103.3174 kcal/mol        0.0052 kcal/(mol*A)
xmin   240     -103.3174 kcal/mol        0.0017 kcal/(mol*A)
xmin   250     -103.3174 kcal/mol        0.0017 kcal/(mol*A)
xmin   260     -103.3174 kcal/mol        0.0018 kcal/(mol*A)
  ... geometry converged !
 
 Final MO eigenvalues (eV):
 -40.9095  -37.0201  -36.3757  -30.4105  -25.9129  -21.4630  -19.2465  -18.1976
 -16.6919  -15.8564  -15.5723  -14.7438  -14.4313  -13.4783  -12.7769  -12.4420
 -11.4638  -10.3375    0.9895    1.9924    3.2057    3.5268    3.5683    3.9240
   4.0717    4.3039    4.4555    5.1576    5.6253    5.8981    6.5951

 Heat of formation   =       -103.31738970 kcal/mol  (       -4.48017821 eV)

 Total SCF energy    =     -30657.77651009 kcal/mol  (    -1329.42094923 eV)
 Electronic energy   =    -106973.50647704 kcal/mol  (    -4638.71933034 eV)
 Core-core repulsion =      76315.72996695 kcal/mol  (     3309.29838112 eV)
 
    Atomic Charges for Step       1 :
  Atom    Element       Mulliken Charge
     1      O                 -0.311
     2      O                 -0.360
     3      N                 -0.335
     4      C                 -0.019
     5      C                 -0.254
     6      C                  0.308
     7      H                  0.134
     8      H                  0.097
     9      H                  0.087
    10      H                  0.090
    11      H                  0.156
    12      H                  0.162
    13      H                  0.245
 Total Mulliken Charge =      -0.000
 
                  X        Y        Z     TOTAL  
  QM DIPOLE    -1.610   -1.715   -0.239    2.365
 
 Final Structure

  QMMM: QM Region Cartesian Coordinates (*=link atom) 
  QMMM: QM_NO.   MM_NO.  ATOM         X         Y         Z
  QMMM:     1        1      O        1.5489   -0.8198    0.6323
  QMMM:     2        2      O        1.1873    0.7066   -0.9344
  QMMM:     3        3      N       -1.4036    1.1185    0.4202
  QMMM:     4        4      C       -0.7560   -0.1759    0.3435
  QMMM:     5        5      C       -1.3865   -1.1902   -0.6140
  QMMM:     6        6      C        0.6992   -0.0177   -0.0643
  QMMM:     7        7      H       -0.7775   -0.6125    1.3893
  QMMM:     8        8      H       -0.8220   -2.1520   -0.5650
  QMMM:     9        9      H       -2.4463   -1.3840   -0.3220
  QMMM:    10       10      H       -1.3652   -0.8147   -1.6651
  QMMM:    11       11      H       -2.3950    0.9989    0.4905
  QMMM:    12       12      H       -1.1897    1.6773   -0.3840
  QMMM:    13       13      H        2.4592   -0.6764    0.3238

           --------- Calculation Completed ----------

