            --------------------------------------------------------
                             AMBER SQM VERSION 19
 
                                     By
              Ross C. Walker, Michael F. Crowley, Scott Brozell,
                         Tim Giese, Andreas W. Goetz,
                        Tai-Sung Lee and David A. Case
 
            --------------------------------------------------------
 

--------------------------------------------------------------------------------
  QM CALCULATION INFO
--------------------------------------------------------------------------------

| QMMM: Citation for AMBER QMMM Run:
| QMMM: R.C. Walker, M.F. Crowley and D.A. Case, J. COMP. CHEM. 29:1019, 2008

QMMM: SINGLET STATE CALCULATION
QMMM: RHF CALCULATION, NO. OF DOUBLY OCCUPIED LEVELS = 42

| QMMM: *** Selected Hamiltonian *** 
| QMMM: AM1         

| QMMM: *** Parameter sets in use ***
| QMMM: O : M.J.S.DEWAR et al. JACS, 107, 3902, (1985)
| QMMM: C : M.J.S.DEWAR et al. JACS, 107, 3902, (1985)
| QMMM: H : M.J.S.DEWAR et al. JACS, 107, 3902, (1985)

| QMMM: *** SCF convergence criteria ***
| QMMM: Energy change                :  0.1D-09 kcal/mol
| QMMM: Error matrix |FP-PF|         :  0.1D+00 au
| QMMM: Density matrix change        :  0.5D-06
| QMMM: Maximum number of SCF cycles :     1000

| QMMM: *** Diagonalization Routine Information ***
| QMMM: Pseudo diagonalizations are allowed.
| QMMM: Auto diagonalization routine selection is in use.
| QMMM:
| QMMM: Timing diagonalization routines:
| QMMM:                              norbs =       82
| QMMM:    diag iterations used for timing =       15
| QMMM:
| QMMM:              Internal diag routine = 0.033404 seconds
| QMMM:                 Dspev diag routine = 0.022784 seconds
| QMMM:                Dspevd diag routine = 0.013183 seconds
| QMMM:                Dspevx diag routine = 0.062661 seconds
| QMMM:                 Dsyev diag routine = 0.022381 seconds
| QMMM:                Dsyevd diag routine = 0.012644 seconds
| QMMM:                Dsyevr diag routine = 0.015437 seconds
| QMMM:
| QMMM:                Pseudo diag routine = 0.009127 seconds
| QMMM:
| QMMM: Using dsyevd routine (diag_routine=6).

  QMMM: QM Region Cartesian Coordinates (*=link atom) 
  QMMM: QM_NO.   MM_NO.  ATOM         X         Y         Z
  QMMM:     1        1      O       -2.6960   -2.2210   -0.0480
  QMMM:     2        2      C        2.5170    0.1720    0.2000
  QMMM:     3        3      C        1.3240    0.0190   -0.7490
  QMMM:     4        4      C        3.8720    0.0140   -0.4930
  QMMM:     5        5      C       -0.0600    0.0840   -0.0960
  QMMM:     6        6      C        5.0210    0.0870    0.5140
  QMMM:     7        7      C       -1.2110   -0.0180   -1.1000
  QMMM:     8        8      C        6.3780   -0.0380   -0.1790
  QMMM:     9        9      C       -2.5510    0.1420   -0.4260
  QMMM:    10       10      C        7.5230    0.0680    0.8150
  QMMM:    11       11      C       -3.2220   -0.9690    0.0650
  QMMM:    12       12      C       -3.0910    1.4140   -0.3090
  QMMM:    13       13      C       -4.4600   -0.8040    0.6860
  QMMM:    14       14      C       -4.3290    1.5790    0.3120
  QMMM:    15       15      C       -5.0140    0.4700    0.8090
  QMMM:    16       16      H        2.4660    1.1550    0.6840
  QMMM:    17       17      H        2.4300   -0.5770    0.9960
  QMMM:    18       18      H        1.4130   -0.9400   -1.2750
  QMMM:    19       19      H        1.3890    0.8000   -1.5180
  QMMM:    20       20      H        3.9060   -0.9490   -1.0180
  QMMM:    21       21      H        3.9880    0.7990   -1.2500
  QMMM:    22       22      H       -0.1410   -0.7180    0.6480
  QMMM:    23       23      H       -0.1400    1.0270    0.4600
  QMMM:    24       24      H        4.9120   -0.7130    1.2570
  QMMM:    25       25      H        4.9730    1.0400    1.0560
  QMMM:    26       26      H       -1.1000    0.7740   -1.8540
  QMMM:    27       27      H       -1.1560   -0.9490   -1.6760
  QMMM:    28       28      H        6.4410   -1.0000   -0.7020
  QMMM:    29       29      H        6.4840    0.7490   -0.9340
  QMMM:    30       30      H        7.4640   -0.7240    1.5670
  QMMM:    31       31      H        8.4830   -0.0250    0.2980
  QMMM:    32       32      H        7.5070    1.0340    1.3300
  QMMM:    33       33      H       -2.5670    2.2860   -0.6900
  QMMM:    34       34      H       -4.9980   -1.6630    1.0760
  QMMM:    35       35      H       -4.7600    2.5720    0.4090
  QMMM:    36       36      H       -5.9770    0.5990    1.2930
  QMMM:    37       37      H       -1.7430   -2.1820   -0.2240

--------------------------------------------------------------------------------
  RESULTS
--------------------------------------------------------------------------------

      iter         sqm energy              rms gradient
      ----    -------------------    -----------------------
xmin    10      -76.3215 kcal/mol        0.2001 kcal/(mol*A)
xmin    20      -76.4242 kcal/mol        0.3596 kcal/(mol*A)
xmin    30      -76.4640 kcal/mol        0.2152 kcal/(mol*A)
xmin    40      -76.5072 kcal/mol        0.0911 kcal/(mol*A)
xmin    50      -76.5195 kcal/mol        0.0362 kcal/(mol*A)
xmin    60      -76.5275 kcal/mol        0.1220 kcal/(mol*A)
xmin    70      -76.5336 kcal/mol        0.1185 kcal/(mol*A)
xmin    80      -76.5378 kcal/mol        0.0350 kcal/(mol*A)
xmin    90      -76.5441 kcal/mol        0.0270 kcal/(mol*A)
xmin   100      -76.5464 kcal/mol        0.0616 kcal/(mol*A)
xmin   110      -76.5482 kcal/mol        0.0102 kcal/(mol*A)
xmin   120      -76.5490 kcal/mol        0.0175 kcal/(mol*A)
xmin   130      -76.5491 kcal/mol        0.0107 kcal/(mol*A)
xmin   140      -76.5492 kcal/mol        0.0156 kcal/(mol*A)
xmin   150      -76.5494 kcal/mol        0.0130 kcal/(mol*A)
xmin   160      -76.5495 kcal/mol        0.0021 kcal/(mol*A)
xmin   170      -76.5495 kcal/mol        0.0023 kcal/(mol*A)
xmin   180      -76.5495 kcal/mol        0.0017 kcal/(mol*A)
xmin   190      -76.5495 kcal/mol        0.0025 kcal/(mol*A)
xmin   200      -76.5495 kcal/mol        0.0006 kcal/(mol*A)
  ... geometry converged !
 
 Final MO eigenvalues (eV):
 -40.5183  -37.8028  -37.3460  -36.0234  -33.6928  -31.2734  -30.3759  -28.3408
 -25.5397  -23.1601  -23.0888  -21.9462  -21.6422  -21.3925  -18.9298  -17.3545
 -16.8927  -16.4490  -15.8970  -15.3890  -15.1822  -14.9726  -14.6860  -14.5830
 -14.3323  -14.2510  -13.7000  -13.3534  -13.2503  -12.7951  -12.5035  -12.3870
 -12.2391  -12.0765  -11.8680  -11.7939  -11.5993  -11.3949  -11.3270  -11.1801
  -9.6225   -8.9913    0.3823    0.5680    2.8105    3.0936    3.4298    3.4705
   3.6360    3.7814    3.8085    3.9346    4.0150    4.0950    4.1472    4.1980
   4.2789    4.3423    4.3736    4.4505    4.5049    4.5658    4.5883    4.6282
   4.7096    4.7968    4.8509    4.8919    4.9565    5.0235    5.0424    5.1007
   5.1092    5.1366    5.1876    5.2451    5.2852    5.2988    5.5046    5.6691
   5.8994    6.4057

 Heat of formation   =        -76.54951330 kcal/mol  (       -3.31943599 eV)

 Total SCF energy    =     -55752.13196713 kcal/mol  (    -2417.59385834 eV)
 Electronic energy   =    -339208.95238299 kcal/mol  (   -14709.20395399 eV)
 Core-core repulsion =     283456.82041585 kcal/mol  (    12291.61009565 eV)
 
    Atomic Charges for Step       1 :
  Atom    Element       Mulliken Charge
     1      O                 -0.256
     2      C                 -0.158
     3      C                 -0.159
     4      C                 -0.158
     5      C                 -0.161
     6      C                 -0.158
     7      C                 -0.123
     8      C                 -0.159
     9      C                 -0.152
    10      C                 -0.211
    11      C                  0.084
    12      C                 -0.091
    13      C                 -0.157
    14      C                 -0.165
    15      C                 -0.099
    16      H                  0.081
    17      H                  0.080
    18      H                  0.077
    19      H                  0.081
    20      H                  0.079
    21      H                  0.079
    22      H                  0.080
    23      H                  0.091
    24      H                  0.079
    25      H                  0.079
    26      H                  0.094
    27      H                  0.080
    28      H                  0.078
    29      H                  0.078
    30      H                  0.072
    31      H                  0.072
    32      H                  0.072
    33      H                  0.131
    34      H                  0.149
    35      H                  0.133
    36      H                  0.134
    37      H                  0.221
 Total Mulliken Charge =       0.000
 
                  X        Y        Z     TOTAL  
  QM DIPOLE     1.021    0.941   -0.579    1.504
 
 Final Structure

  QMMM: QM Region Cartesian Coordinates (*=link atom) 
  QMMM: QM_NO.   MM_NO.  ATOM         X         Y         Z
  QMMM:     1        1      O       -2.4196   -2.1280    0.2425
  QMMM:     2        2      C        2.4824    0.1127    0.2115
  QMMM:     3        3      C        1.3437    0.0891   -0.7856
  QMMM:     4        4      C        3.8226    0.0016   -0.4831
  QMMM:     5        5      C        0.0041    0.1979   -0.0894
  QMMM:     6        6      C        4.9614    0.0271    0.5136
  QMMM:     7        7      C       -1.1350    0.1828   -1.0923
  QMMM:     8        8      C        6.3028   -0.0848   -0.1795
  QMMM:     9        9      C       -2.4659    0.2331   -0.4295
  QMMM:    10       10      C        7.4397   -0.0589    0.8090
  QMMM:    11       11      C       -3.0343   -0.8975    0.1864
  QMMM:    12       12      C       -3.1948    1.4286   -0.4181
  QMMM:    13       13      C       -4.3011   -0.8328    0.7941
  QMMM:    14       14      C       -4.4476    1.5001    0.1836
  QMMM:    15       15      C       -4.9990    0.3687    0.7882
  QMMM:    16       16      H        2.4434    1.0646    0.8041
  QMMM:    17       17      H        2.3640   -0.7338    0.9383
  QMMM:    18       18      H        1.3845   -0.8615   -1.3803
  QMMM:    19       19      H        1.4608    0.9372   -1.5106
  QMMM:    20       20      H        3.8620   -0.9508   -1.0749
  QMMM:    21       21      H        3.9406    0.8476   -1.2107
  QMMM:    22       22      H       -0.1157   -0.6493    0.6367
  QMMM:    23       23      H       -0.0365    1.1476    0.5061
  QMMM:    24       24      H        4.8434   -0.8184    1.2416
  QMMM:    25       25      H        4.9228    0.9798    1.1049
  QMMM:    26       26      H       -1.0245    1.0611   -1.7842
  QMMM:    27       27      H       -1.0626   -0.7387   -1.7328
  QMMM:    28       28      H        6.3392   -1.0378   -0.7710
  QMMM:    29       29      H        6.4180    0.7602   -0.9088
  QMMM:    30       30      H        7.3555   -0.9083    1.5294
  QMMM:    31       31      H        8.4182   -0.1428    0.2777
  QMMM:    32       32      H        7.4349    0.8944    1.3909
  QMMM:    33       33      H       -2.7663    2.3237   -0.8948
  QMMM:    34       34      H       -4.7173   -1.7350    1.2639
  QMMM:    35       35      H       -5.0040    2.4482    0.1821
  QMMM:    36       36      H       -5.9899    0.4259    1.2626
  QMMM:    37       37      H       -1.5550   -2.0598   -0.1876

           --------- Calculation Completed ----------

